[     553ms] [INFO] %cDownload the React DevTools for a better development experience: https://react.dev/link/react-devtools font-weight:bold @ http://localhost:4200/_next/static/chunks/0aus_next_dist_0dxyg_i._.js:2431
[     599ms] [LOG] [HMR] connected @ http://localhost:4200/_next/static/chunks/0aus_next_dist_0dxyg_i._.js:2431
[     721ms] [LOG] [Fast Refresh] rebuilding @ http://localhost:4200/_next/static/chunks/0aus_next_dist_0dxyg_i._.js:2431
[    3240ms] [LOG] [Fast Refresh] done in 2619ms @ http://localhost:4200/_next/static/chunks/0aus_next_dist_0dxyg_i._.js:2431
[   38359ms] [LOG] [Fast Refresh] rebuilding @ http://localhost:4200/_next/static/chunks/0aus_next_dist_0dxyg_i._.js:2431
[   38775ms] [LOG] [Fast Refresh] done in 517ms @ http://localhost:4200/_next/static/chunks/0aus_next_dist_0dxyg_i._.js:2431
[   86014ms] [LOG] [Fast Refresh] rebuilding @ http://localhost:4200/_next/static/chunks/0aus_next_dist_0dxyg_i._.js:2431
[   86035ms] [LOG] [Fast Refresh] done in 121ms @ http://localhost:4200/_next/static/chunks/0aus_next_dist_0dxyg_i._.js:2431
[  122476ms] [LOG] [Fast Refresh] rebuilding @ http://localhost:4200/_next/static/chunks/0aus_next_dist_0dxyg_i._.js:2431
[  124132ms] [ERROR] ./app/bento-2/bento-2.tsx:26:13
Expression expected
  24 |                 </g>
  25 |             </g>
> 26 |             <defs>
     |             ^
  27 |                 <filter id="msg_inner" x="-1" y="0" width="41" height="41" filterUnits="userSpaceOnUse" colorInterpolationFilters="sRGB">
  28 |                     <feFlood floodOpacity="0" result="BackgroundImageFix" />
  29 |                     <feBlend mode="normal" in="SourceGraphic" in2="BackgroundImageFix" result="shape" />

Parsing ecmascript source code failed

Import trace:
  Server Component:
    ./app/bento-2/bento-2.tsx
    ./app/bento-2/page.tsx @ http://localhost:4200/_next/static/chunks/0aus_next_dist_0dxyg_i._.js:3272
[  124216ms] [ERROR] ./app/bento-2/bento-2.tsx:26:13
Expression expected
  24 |                 </g>
  25 |             </g>
> 26 |             <defs>
     |             ^
  27 |                 <filter id="msg_inner" x="-1" y="0" width="41" height="41" filterUnits="userSpaceOnUse" colorInterpolationFilters="sRGB">
  28 |                     <feFlood floodOpacity="0" result="BackgroundImageFix" />
  29 |                     <feBlend mode="normal" in="SourceGraphic" in2="BackgroundImageFix" result="shape" />

Parsing ecmascript source code failed

Import trace:
  Server Component:
    ./app/bento-2/bento-2.tsx
    ./app/bento-2/page.tsx @ http://localhost:4200/_next/static/chunks/0aus_next_dist_0dxyg_i._.js:3272
[  124277ms] [LOG] [Fast Refresh] rebuilding @ http://localhost:4200/_next/static/chunks/0aus_next_dist_0dxyg_i._.js:2431
[  141773ms] [ERROR] ./app/bento-2/bento-2.tsx:26:13
Expression expected
  24 |                 </g>
  25 |             </g>
> 26 |             <defs>
     |             ^
  27 |                 <filter id="msg_inner" x="-1" y="0" width="41" height="41" filterUnits="userSpaceOnUse" colorInterpolationFilters="sRGB">
  28 |                     <feFlood floodOpacity="0" result="BackgroundImageFix" />
  29 |                     <feBlend mode="normal" in="SourceGraphic" in2="BackgroundImageFix" result="shape" />

Parsing ecmascript source code failed

Import trace:
  Server Component:
    ./app/bento-2/bento-2.tsx
    ./app/bento-2/page.tsx @ http://localhost:4200/_next/static/chunks/0aus_next_dist_0dxyg_i._.js:3272
[  141875ms] [LOG] [Fast Refresh] rebuilding @ http://localhost:4200/_next/static/chunks/0aus_next_dist_0dxyg_i._.js:2431
[  142112ms] [LOG] [Fast Refresh] done in 323ms @ http://localhost:4200/_next/static/chunks/0aus_next_dist_0dxyg_i._.js:2431
[  147318ms] [LOG] [Fast Refresh] rebuilding @ http://localhost:4200/_next/static/chunks/0aus_next_dist_0dxyg_i._.js:2431
[  147570ms] [ERROR] ./app/bento-2/bento-2.tsx:56:13
Expression expected
  54 |                 </g>
  55 |             </g>
> 56 |             <defs>
     |             ^
  57 |                 <filter id="face_inner" x="-1.1" y="0" width="41.1" height="41" filterUnits="userSpaceOnUse" colorInterpolationFilters="sRGB">
  58 |                     <feFlood floodOpacity="0" result="BackgroundImageFix" />
  59 |                     <feBlend mode="normal" in="SourceGraphic" in2="BackgroundImageFix" result="shape" />

Parsing ecmascript source code failed

Import trace:
  Server Component:
    ./app/bento-2/bento-2.tsx
    ./app/bento-2/page.tsx @ http://localhost:4200/_next/static/chunks/0aus_next_dist_0dxyg_i._.js:3272
[  161962ms] [LOG] [Fast Refresh] rebuilding @ http://localhost:4200/_next/static/chunks/0aus_next_dist_0dxyg_i._.js:2431
[  162282ms] [LOG] [Fast Refresh] done in 337ms @ http://localhost:4200/_next/static/chunks/0aus_next_dist_0dxyg_i._.js:2431
[  171088ms] [LOG] [Fast Refresh] rebuilding @ http://localhost:4200/_next/static/chunks/0aus_next_dist_0dxyg_i._.js:2431
[  171285ms] [LOG] [Fast Refresh] done in 275ms @ http://localhost:4200/_next/static/chunks/0aus_next_dist_0dxyg_i._.js:2431
[  210999ms] [LOG] [Fast Refresh] rebuilding @ http://localhost:4200/_next/static/chunks/0aus_next_dist_0dxyg_i._.js:2431
[  211236ms] [LOG] [Fast Refresh] done in 322ms @ http://localhost:4200/_next/static/chunks/0aus_next_dist_0dxyg_i._.js:2431
[  231564ms] [LOG] [Fast Refresh] rebuilding @ http://localhost:4200/_next/static/chunks/0aus_next_dist_0dxyg_i._.js:2431
[  231776ms] [LOG] [Fast Refresh] done in 292ms @ http://localhost:4200/_next/static/chunks/0aus_next_dist_0dxyg_i._.js:2431
[  260818ms] [LOG] [Fast Refresh] rebuilding @ http://localhost:4200/_next/static/chunks/0aus_next_dist_0dxyg_i._.js:2431
[  261074ms] [LOG] [Fast Refresh] done in 330ms @ http://localhost:4200/_next/static/chunks/0aus_next_dist_0dxyg_i._.js:2431
[  286492ms] [LOG] [Fast Refresh] rebuilding @ http://localhost:4200/_next/static/chunks/0aus_next_dist_0dxyg_i._.js:2431
[  286859ms] [LOG] [Fast Refresh] done in 454ms @ http://localhost:4200/_next/static/chunks/0aus_next_dist_0dxyg_i._.js:2431
[  296090ms] [LOG] [Fast Refresh] rebuilding @ http://localhost:4200/_next/static/chunks/0aus_next_dist_0dxyg_i._.js:2431
[  296395ms] [LOG] [Fast Refresh] done in 382ms @ http://localhost:4200/_next/static/chunks/0aus_next_dist_0dxyg_i._.js:2431
