[     802ms] [INFO] %cDownload the React DevTools for a better development experience: https://react.dev/link/react-devtools font-weight:bold @ http://localhost:4000/_next/static/chunks/0aus_next_dist_0dxyg_i._.js:2431
[     896ms] [LOG] [HMR] connected @ http://localhost:4000/_next/static/chunks/0aus_next_dist_0dxyg_i._.js:2431
[    2642ms] [LOG] [Fast Refresh] rebuilding @ http://localhost:4000/_next/static/chunks/0aus_next_dist_0dxyg_i._.js:2431
[    2990ms] [LOG] [Fast Refresh] done in 449ms @ http://localhost:4000/_next/static/chunks/0aus_next_dist_0dxyg_i._.js:2431
[   18759ms] [LOG] [Fast Refresh] rebuilding @ http://localhost:4000/_next/static/chunks/0aus_next_dist_0dxyg_i._.js:2431
[   19142ms] [LOG] [Fast Refresh] done in 492ms @ http://localhost:4000/_next/static/chunks/0aus_next_dist_0dxyg_i._.js:2431
[   45901ms] [LOG] [Fast Refresh] rebuilding @ http://localhost:4000/_next/static/chunks/0aus_next_dist_0dxyg_i._.js:2431
[   46333ms] [LOG] [Fast Refresh] done in 552ms @ http://localhost:4000/_next/static/chunks/0aus_next_dist_0dxyg_i._.js:2431
[   72606ms] [INFO] %cDownload the React DevTools for a better development experience: https://react.dev/link/react-devtools font-weight:bold @ http://localhost:4000/_next/static/chunks/0aus_next_dist_0dxyg_i._.js:2431
[   72646ms] [LOG] [HMR] connected @ http://localhost:4000/_next/static/chunks/0aus_next_dist_0dxyg_i._.js:2431
[   72868ms] [LOG] [Fast Refresh] rebuilding @ http://localhost:4000/_next/static/chunks/0aus_next_dist_0dxyg_i._.js:2431
[   72927ms] [LOG] [Fast Refresh] done in 238ms @ http://localhost:4000/_next/static/chunks/0aus_next_dist_0dxyg_i._.js:2431
[   91948ms] [LOG] [Fast Refresh] rebuilding @ http://localhost:4000/_next/static/chunks/0aus_next_dist_0dxyg_i._.js:2431
[   92111ms] [LOG] [Fast Refresh] done in 264ms @ http://localhost:4000/_next/static/chunks/0aus_next_dist_0dxyg_i._.js:2431
[  106935ms] [LOG] [Fast Refresh] rebuilding @ http://localhost:4000/_next/static/chunks/0aus_next_dist_0dxyg_i._.js:2431
[  108085ms] [LOG] [Fast Refresh] done in 1253ms @ http://localhost:4000/_next/static/chunks/0aus_next_dist_0dxyg_i._.js:2431
[  130678ms] [LOG] [Fast Refresh] rebuilding @ http://localhost:4000/_next/static/chunks/0aus_next_dist_0dxyg_i._.js:2431
[  130694ms] [LOG] [Fast Refresh] done in 117ms @ http://localhost:4000/_next/static/chunks/0aus_next_dist_0dxyg_i._.js:2431
[  151462ms] [LOG] [Fast Refresh] rebuilding @ http://localhost:4000/_next/static/chunks/0aus_next_dist_0dxyg_i._.js:2431
[  176796ms] [INFO] %cDownload the React DevTools for a better development experience: https://react.dev/link/react-devtools font-weight:bold @ http://localhost:4000/_next/static/chunks/0aus_next_dist_0dxyg_i._.js:2431
[  176856ms] [LOG] [HMR] connected @ http://localhost:4000/_next/static/chunks/0aus_next_dist_0dxyg_i._.js:2431
[  213547ms] [LOG] [Fast Refresh] rebuilding @ http://localhost:4000/_next/static/chunks/0aus_next_dist_0dxyg_i._.js:2431
[  213658ms] [LOG] [Fast Refresh] done in 233ms @ http://localhost:4000/_next/static/chunks/0aus_next_dist_0dxyg_i._.js:2431
[  213990ms] [INFO] %cDownload the React DevTools for a better development experience: https://react.dev/link/react-devtools font-weight:bold @ http://localhost:4000/_next/static/chunks/0aus_next_dist_0dxyg_i._.js:2431
[  214013ms] [LOG] [HMR] connected @ http://localhost:4000/_next/static/chunks/0aus_next_dist_0dxyg_i._.js:2431
[  214416ms] [LOG] [Fast Refresh] rebuilding @ http://localhost:4000/_next/static/chunks/0aus_next_dist_0dxyg_i._.js:2431
[  214672ms] [LOG] [Fast Refresh] done in 358ms @ http://localhost:4000/_next/static/chunks/0aus_next_dist_0dxyg_i._.js:2431
[  277109ms] [LOG] [Fast Refresh] rebuilding @ http://localhost:4000/_next/static/chunks/0aus_next_dist_0dxyg_i._.js:2431
[  277460ms] [LOG] [Fast Refresh] done in 451ms @ http://localhost:4000/_next/static/chunks/0aus_next_dist_0dxyg_i._.js:2431
