[     273ms] [LOG] [Fast Refresh] rebuilding @ http://localhost:4000/_next/static/chunks/0aus_next_dist_0dxyg_i._.js:2431
[     291ms] [LOG] [Fast Refresh] done in 132ms @ http://localhost:4000/_next/static/chunks/0aus_next_dist_0dxyg_i._.js:2431
[     914ms] [INFO] %cDownload the React DevTools for a better development experience: https://react.dev/link/react-devtools font-weight:bold @ http://localhost:4000/_next/static/chunks/0aus_next_dist_0dxyg_i._.js:2431
[     974ms] [LOG] [HMR] connected @ http://localhost:4000/_next/static/chunks/0aus_next_dist_0dxyg_i._.js:2431
[    2281ms] [ERROR] Failed to load resource: the server responded with a status of 404 (Not Found) @ http://localhost:4000/api/component-code/dashboard-01:0
[    2324ms] [ERROR] Failed to load resource: the server responded with a status of 404 (Not Found) @ http://localhost:4000/api/component-code/dashboard-01:0
[   59895ms] [LOG] [Fast Refresh] rebuilding @ http://localhost:4000/_next/static/chunks/0aus_next_dist_0dxyg_i._.js:2431
[   61030ms] [LOG] [Fast Refresh] done in 1093ms @ http://localhost:4000/_next/static/chunks/0aus_next_dist_0dxyg_i._.js:2431
[   68696ms] [LOG] [Fast Refresh] rebuilding @ http://localhost:4000/_next/static/chunks/0aus_next_dist_0dxyg_i._.js:2431
[   69660ms] [LOG] [Fast Refresh] done in 537ms @ http://localhost:4000/_next/static/chunks/0aus_next_dist_0dxyg_i._.js:2431
[  125857ms] [LOG] [Fast Refresh] rebuilding @ http://localhost:4000/_next/static/chunks/0aus_next_dist_0dxyg_i._.js:2431
[  126460ms] [LOG] [Fast Refresh] done in 579ms @ http://localhost:4000/_next/static/chunks/0aus_next_dist_0dxyg_i._.js:2431
[  129434ms] [LOG] [Fast Refresh] rebuilding @ http://localhost:4000/_next/static/chunks/0aus_next_dist_0dxyg_i._.js:2431
[  129935ms] [LOG] [Fast Refresh] done in 528ms @ http://localhost:4000/_next/static/chunks/0aus_next_dist_0dxyg_i._.js:2431
[  276114ms] [LOG] [Fast Refresh] rebuilding @ http://localhost:4000/_next/static/chunks/0aus_next_dist_0dxyg_i._.js:2431
[  276627ms] [LOG] [Fast Refresh] done in 591ms @ http://localhost:4000/_next/static/chunks/0aus_next_dist_0dxyg_i._.js:2431
[  292751ms] [LOG] [Fast Refresh] rebuilding @ http://localhost:4000/_next/static/chunks/0aus_next_dist_0dxyg_i._.js:2431
[  293245ms] [LOG] [Fast Refresh] done in 569ms @ http://localhost:4000/_next/static/chunks/0aus_next_dist_0dxyg_i._.js:2431
[  314571ms] [LOG] [Fast Refresh] rebuilding @ http://localhost:4000/_next/static/chunks/0aus_next_dist_0dxyg_i._.js:2431
[  314953ms] [LOG] [Fast Refresh] done in 394ms @ http://localhost:4000/_next/static/chunks/0aus_next_dist_0dxyg_i._.js:2431
[  360382ms] [LOG] [Fast Refresh] rebuilding @ http://localhost:4000/_next/static/chunks/0aus_next_dist_0dxyg_i._.js:2431
[  361054ms] [LOG] [Fast Refresh] done in 686ms @ http://localhost:4000/_next/static/chunks/0aus_next_dist_0dxyg_i._.js:2431
[  395272ms] [LOG] [Fast Refresh] rebuilding @ http://localhost:4000/_next/static/chunks/0aus_next_dist_0dxyg_i._.js:2431
[  395909ms] [LOG] [Fast Refresh] done in 617ms @ http://localhost:4000/_next/static/chunks/0aus_next_dist_0dxyg_i._.js:2431
[  612093ms] [LOG] [Fast Refresh] rebuilding @ http://localhost:4000/_next/static/chunks/0aus_next_dist_0dxyg_i._.js:2431
[  612598ms] [LOG] [Fast Refresh] done in 460ms @ http://localhost:4000/_next/static/chunks/0aus_next_dist_0dxyg_i._.js:2431
[  621611ms] [LOG] [Fast Refresh] rebuilding @ http://localhost:4000/_next/static/chunks/0aus_next_dist_0dxyg_i._.js:2431
[  622044ms] [LOG] [Fast Refresh] done in 392ms @ http://localhost:4000/_next/static/chunks/0aus_next_dist_0dxyg_i._.js:2431
[  626124ms] [LOG] [Fast Refresh] rebuilding @ http://localhost:4000/_next/static/chunks/0aus_next_dist_0dxyg_i._.js:2431
[  626300ms] [LOG] [Fast Refresh] done in 190ms @ http://localhost:4000/_next/static/chunks/0aus_next_dist_0dxyg_i._.js:2431
[  646176ms] [LOG] [Fast Refresh] rebuilding @ http://localhost:4000/_next/static/chunks/0aus_next_dist_0dxyg_i._.js:2431
[  646759ms] [LOG] [Fast Refresh] done in 508ms @ http://localhost:4000/_next/static/chunks/0aus_next_dist_0dxyg_i._.js:2431
[  651543ms] [LOG] [Fast Refresh] rebuilding @ http://localhost:4000/_next/static/chunks/0aus_next_dist_0dxyg_i._.js:2431
[  651849ms] [LOG] [Fast Refresh] done in 310ms @ http://localhost:4000/_next/static/chunks/0aus_next_dist_0dxyg_i._.js:2431
[  663766ms] [ERROR] WebSocket connection to 'ws://localhost:4000/_next/webpack-hmr?id=i_BEKTNJxaGK4eeGP8sTW' failed: Error in connection establishment: net::ERR_CONNECTION_REFUSED @ http://localhost:4000/_next/static/chunks/0aus_next_dist_client_02k4~6y._.js:13299
[  664775ms] [ERROR] WebSocket connection to 'ws://localhost:4000/_next/webpack-hmr?id=i_BEKTNJxaGK4eeGP8sTW' failed: Error in connection establishment: net::ERR_CONNECTION_REFUSED @ http://localhost:4000/_next/static/chunks/0aus_next_dist_client_02k4~6y._.js:13299
[  665778ms] [ERROR] WebSocket connection to 'ws://localhost:4000/_next/webpack-hmr?id=i_BEKTNJxaGK4eeGP8sTW' failed: Error in connection establishment: net::ERR_CONNECTION_REFUSED @ http://localhost:4000/_next/static/chunks/0aus_next_dist_client_02k4~6y._.js:13299
[  666783ms] [ERROR] WebSocket connection to 'ws://localhost:4000/_next/webpack-hmr?id=i_BEKTNJxaGK4eeGP8sTW' failed: Error in connection establishment: net::ERR_CONNECTION_REFUSED @ http://localhost:4000/_next/static/chunks/0aus_next_dist_client_02k4~6y._.js:13299
[  667799ms] [ERROR] WebSocket connection to 'ws://localhost:4000/_next/webpack-hmr?id=i_BEKTNJxaGK4eeGP8sTW' failed: Error in connection establishment: net::ERR_CONNECTION_REFUSED @ http://localhost:4000/_next/static/chunks/0aus_next_dist_client_02k4~6y._.js:13299
[  672818ms] [LOG] [HMR] connected @ http://localhost:4000/_next/static/chunks/0aus_next_dist_0dxyg_i._.js:2431
[  674738ms] [INFO] %cDownload the React DevTools for a better development experience: https://react.dev/link/react-devtools font-weight:bold @ http://localhost:4000/_next/static/chunks/0aus_next_dist_0dxyg_i._.js:2431
[  674850ms] [LOG] [HMR] connected @ http://localhost:4000/_next/static/chunks/0aus_next_dist_0dxyg_i._.js:2431
[  677273ms] [ERROR] Failed to load resource: the server responded with a status of 404 (Not Found) @ http://localhost:4000/api/component-code/dashboard-01:0
[  677320ms] [ERROR] Failed to load resource: the server responded with a status of 404 (Not Found) @ http://localhost:4000/api/component-code/dashboard-01:0
[  680376ms] [WARNING] The resource http://localhost:4000/_next/static/media/c0ce6eeecb7babc9-s.p.0m20a48t5o~j5.woff2 was preloaded using link preload but not used within a few seconds from the window's load event. Please make sure it has an appropriate `as` value and it is preloaded intentionally. @ http://localhost:4000/:0
[  704290ms] [LOG] [Fast Refresh] rebuilding @ http://localhost:4000/_next/static/chunks/0aus_next_dist_0dxyg_i._.js:2431
[  705674ms] [LOG] [Fast Refresh] done in 1326ms @ http://localhost:4000/_next/static/chunks/0aus_next_dist_0dxyg_i._.js:2431
[  712406ms] [LOG] [Fast Refresh] rebuilding @ http://localhost:4000/_next/static/chunks/0aus_next_dist_0dxyg_i._.js:2431
[  712818ms] [LOG] [Fast Refresh] done in 384ms @ http://localhost:4000/_next/static/chunks/0aus_next_dist_0dxyg_i._.js:2431
[  717405ms] [LOG] [Fast Refresh] rebuilding @ http://localhost:4000/_next/static/chunks/0aus_next_dist_0dxyg_i._.js:2431
[  717586ms] [LOG] [Fast Refresh] done in 185ms @ http://localhost:4000/_next/static/chunks/0aus_next_dist_0dxyg_i._.js:2431
[  728683ms] [LOG] [Fast Refresh] rebuilding @ http://localhost:4000/_next/static/chunks/0aus_next_dist_0dxyg_i._.js:2431
[  729030ms] [LOG] [Fast Refresh] done in 294ms @ http://localhost:4000/_next/static/chunks/0aus_next_dist_0dxyg_i._.js:2431
[  732630ms] [LOG] [Fast Refresh] rebuilding @ http://localhost:4000/_next/static/chunks/0aus_next_dist_0dxyg_i._.js:2431
[  732815ms] [LOG] [Fast Refresh] done in 191ms @ http://localhost:4000/_next/static/chunks/0aus_next_dist_0dxyg_i._.js:2431
[  795397ms] [LOG] [Fast Refresh] rebuilding @ http://localhost:4000/_next/static/chunks/0aus_next_dist_0dxyg_i._.js:2431
[  796602ms] [LOG] [Fast Refresh] done in 1157ms @ http://localhost:4000/_next/static/chunks/0aus_next_dist_0dxyg_i._.js:2431
[  800989ms] [LOG] [Fast Refresh] rebuilding @ http://localhost:4000/_next/static/chunks/0aus_next_dist_0dxyg_i._.js:2431
[  801205ms] [LOG] [Fast Refresh] done in 200ms @ http://localhost:4000/_next/static/chunks/0aus_next_dist_0dxyg_i._.js:2431
[  805661ms] [LOG] [Fast Refresh] rebuilding @ http://localhost:4000/_next/static/chunks/0aus_next_dist_0dxyg_i._.js:2431
[  805829ms] [LOG] [Fast Refresh] done in 239ms @ http://localhost:4000/_next/static/chunks/0aus_next_dist_0dxyg_i._.js:2431
[  871243ms] [LOG] [Fast Refresh] rebuilding @ http://localhost:4000/_next/static/chunks/0aus_next_dist_0dxyg_i._.js:2431
[  872010ms] [LOG] [Fast Refresh] done in 781ms @ http://localhost:4000/_next/static/chunks/0aus_next_dist_0dxyg_i._.js:2431
[  926318ms] [LOG] [Fast Refresh] rebuilding @ http://localhost:4000/_next/static/chunks/0aus_next_dist_0dxyg_i._.js:2431
[  926484ms] [LOG] [Fast Refresh] done in 238ms @ http://localhost:4000/_next/static/chunks/0aus_next_dist_0dxyg_i._.js:2431
[  941327ms] [LOG] [Fast Refresh] rebuilding @ http://localhost:4000/_next/static/chunks/0aus_next_dist_0dxyg_i._.js:2431
[  941672ms] [LOG] [Fast Refresh] done in 441ms @ http://localhost:4000/_next/static/chunks/0aus_next_dist_0dxyg_i._.js:2431
[  946356ms] [LOG] [Fast Refresh] rebuilding @ http://localhost:4000/_next/static/chunks/0aus_next_dist_0dxyg_i._.js:2431
[  946456ms] [LOG] [Fast Refresh] done in 171ms @ http://localhost:4000/_next/static/chunks/0aus_next_dist_0dxyg_i._.js:2431
[  956986ms] [LOG] [Fast Refresh] rebuilding @ http://localhost:4000/_next/static/chunks/0aus_next_dist_0dxyg_i._.js:2431
[  957504ms] [LOG] [Fast Refresh] done in 595ms @ http://localhost:4000/_next/static/chunks/0aus_next_dist_0dxyg_i._.js:2431
[  968371ms] [LOG] [Fast Refresh] rebuilding @ http://localhost:4000/_next/static/chunks/0aus_next_dist_0dxyg_i._.js:2431
[  968598ms] [LOG] [Fast Refresh] done in 270ms @ http://localhost:4000/_next/static/chunks/0aus_next_dist_0dxyg_i._.js:2431
[  983372ms] [LOG] [Fast Refresh] rebuilding @ http://localhost:4000/_next/static/chunks/0aus_next_dist_0dxyg_i._.js:2431
[  983658ms] [LOG] [Fast Refresh] done in 372ms @ http://localhost:4000/_next/static/chunks/0aus_next_dist_0dxyg_i._.js:2431
[  987438ms] [LOG] [Fast Refresh] rebuilding @ http://localhost:4000/_next/static/chunks/0aus_next_dist_0dxyg_i._.js:2431
[  987682ms] [LOG] [Fast Refresh] done in 325ms @ http://localhost:4000/_next/static/chunks/0aus_next_dist_0dxyg_i._.js:2431
[  999354ms] [LOG] [Fast Refresh] rebuilding @ http://localhost:4000/_next/static/chunks/0aus_next_dist_0dxyg_i._.js:2431
[  999501ms] [LOG] [Fast Refresh] done in 226ms @ http://localhost:4000/_next/static/chunks/0aus_next_dist_0dxyg_i._.js:2431
[ 1111377ms] [LOG] [Fast Refresh] rebuilding @ http://localhost:4000/_next/static/chunks/0aus_next_dist_0dxyg_i._.js:2431
[ 1111681ms] [LOG] [Fast Refresh] done in 293ms @ http://localhost:4000/_next/static/chunks/0aus_next_dist_0dxyg_i._.js:2431
[ 1128848ms] [LOG] [Fast Refresh] rebuilding @ http://localhost:4000/_next/static/chunks/0aus_next_dist_0dxyg_i._.js:2431
[ 1129047ms] [LOG] [Fast Refresh] done in 203ms @ http://localhost:4000/_next/static/chunks/0aus_next_dist_0dxyg_i._.js:2431
[ 1238510ms] [LOG] [Fast Refresh] rebuilding @ http://localhost:4000/_next/static/chunks/0aus_next_dist_0dxyg_i._.js:2431
[ 1239690ms] [LOG] [Fast Refresh] done in 1123ms @ http://localhost:4000/_next/static/chunks/0aus_next_dist_0dxyg_i._.js:2431
[ 1328954ms] [LOG] [Fast Refresh] rebuilding @ http://localhost:4000/_next/static/chunks/0aus_next_dist_0dxyg_i._.js:2431
[ 1329311ms] [LOG] [Fast Refresh] done in 314ms @ http://localhost:4000/_next/static/chunks/0aus_next_dist_0dxyg_i._.js:2431
[ 1373135ms] [LOG] [Fast Refresh] rebuilding @ http://localhost:4000/_next/static/chunks/0aus_next_dist_0dxyg_i._.js:2431
[ 1374367ms] [LOG] [Fast Refresh] done in 1074ms @ http://localhost:4000/_next/static/chunks/0aus_next_dist_0dxyg_i._.js:2431
[ 1428404ms] [LOG] [Fast Refresh] rebuilding @ http://localhost:4000/_next/static/chunks/0aus_next_dist_0dxyg_i._.js:2431
[ 1429534ms] [LOG] [Fast Refresh] done in 1071ms @ http://localhost:4000/_next/static/chunks/0aus_next_dist_0dxyg_i._.js:2431
[ 1541470ms] [LOG] [Fast Refresh] rebuilding @ http://localhost:4000/_next/static/chunks/0aus_next_dist_0dxyg_i._.js:2431
[ 1541808ms] [LOG] [Fast Refresh] done in 324ms @ http://localhost:4000/_next/static/chunks/0aus_next_dist_0dxyg_i._.js:2431
[ 1572309ms] [LOG] [Fast Refresh] rebuilding @ http://localhost:4000/_next/static/chunks/0aus_next_dist_0dxyg_i._.js:2431
[ 1572610ms] [LOG] [Fast Refresh] done in 300ms @ http://localhost:4000/_next/static/chunks/0aus_next_dist_0dxyg_i._.js:2431
[ 1594156ms] [LOG] [Fast Refresh] rebuilding @ http://localhost:4000/_next/static/chunks/0aus_next_dist_0dxyg_i._.js:2431
[ 1594519ms] [LOG] [Fast Refresh] done in 317ms @ http://localhost:4000/_next/static/chunks/0aus_next_dist_0dxyg_i._.js:2431
[ 1623634ms] [LOG] [Fast Refresh] rebuilding @ http://localhost:4000/_next/static/chunks/0aus_next_dist_0dxyg_i._.js:2431
[ 1624400ms] [LOG] [Fast Refresh] done in 691ms @ http://localhost:4000/_next/static/chunks/0aus_next_dist_0dxyg_i._.js:2431
[ 1676325ms] [LOG] [Fast Refresh] rebuilding @ http://localhost:4000/_next/static/chunks/0aus_next_dist_0dxyg_i._.js:2431
[ 1676616ms] [LOG] [Fast Refresh] done in 276ms @ http://localhost:4000/_next/static/chunks/0aus_next_dist_0dxyg_i._.js:2431
[ 1712128ms] [LOG] [Fast Refresh] rebuilding @ http://localhost:4000/_next/static/chunks/0aus_next_dist_0dxyg_i._.js:2431
[ 1712456ms] [LOG] [Fast Refresh] done in 309ms @ http://localhost:4000/_next/static/chunks/0aus_next_dist_0dxyg_i._.js:2431
[ 1834849ms] [LOG] [Fast Refresh] rebuilding @ http://localhost:4000/_next/static/chunks/0aus_next_dist_0dxyg_i._.js:2431
[ 1835173ms] [LOG] [Fast Refresh] done in 316ms @ http://localhost:4000/_next/static/chunks/0aus_next_dist_0dxyg_i._.js:2431
[ 2172657ms] [LOG] [Fast Refresh] rebuilding @ http://localhost:4000/_next/static/chunks/0aus_next_dist_0dxyg_i._.js:2431
[ 2172661ms] [LOG] [Fast Refresh] done in 105ms @ http://localhost:4000/_next/static/chunks/0aus_next_dist_0dxyg_i._.js:2431
[ 2176883ms] [LOG] [Fast Refresh] rebuilding @ http://localhost:4000/_next/static/chunks/0aus_next_dist_0dxyg_i._.js:2431
[ 2177458ms] [LOG] [Fast Refresh] done in 552ms @ http://localhost:4000/_next/static/chunks/0aus_next_dist_0dxyg_i._.js:2431
[ 2221694ms] [LOG] [Fast Refresh] rebuilding @ http://localhost:4000/_next/static/chunks/0aus_next_dist_0dxyg_i._.js:2431
[ 2222029ms] [LOG] [Fast Refresh] done in 322ms @ http://localhost:4000/_next/static/chunks/0aus_next_dist_0dxyg_i._.js:2431
[ 2283391ms] [LOG] [Fast Refresh] rebuilding @ http://localhost:4000/_next/static/chunks/0aus_next_dist_0dxyg_i._.js:2431
[ 2283733ms] [LOG] [Fast Refresh] done in 346ms @ http://localhost:4000/_next/static/chunks/0aus_next_dist_0dxyg_i._.js:2431
[ 2309843ms] [LOG] [Fast Refresh] rebuilding @ http://localhost:4000/_next/static/chunks/0aus_next_dist_0dxyg_i._.js:2431
[ 2310233ms] [LOG] [Fast Refresh] done in 352ms @ http://localhost:4000/_next/static/chunks/0aus_next_dist_0dxyg_i._.js:2431
[ 2355640ms] [LOG] [Fast Refresh] rebuilding @ http://localhost:4000/_next/static/chunks/0aus_next_dist_0dxyg_i._.js:2431
[ 2356529ms] [LOG] [Fast Refresh] done in 875ms @ http://localhost:4000/_next/static/chunks/0aus_next_dist_0dxyg_i._.js:2431
[ 2409149ms] [LOG] [Fast Refresh] rebuilding @ http://localhost:4000/_next/static/chunks/0aus_next_dist_0dxyg_i._.js:2431
[ 2409458ms] [LOG] [Fast Refresh] done in 284ms @ http://localhost:4000/_next/static/chunks/0aus_next_dist_0dxyg_i._.js:2431
[ 2479348ms] [LOG] [Fast Refresh] rebuilding @ http://localhost:4000/_next/static/chunks/0aus_next_dist_0dxyg_i._.js:2431
[ 2479658ms] [LOG] [Fast Refresh] done in 276ms @ http://localhost:4000/_next/static/chunks/0aus_next_dist_0dxyg_i._.js:2431
[ 2513568ms] [LOG] [Fast Refresh] rebuilding @ http://localhost:4000/_next/static/chunks/0aus_next_dist_0dxyg_i._.js:2431
[ 2513803ms] [LOG] [Fast Refresh] done in 245ms @ http://localhost:4000/_next/static/chunks/0aus_next_dist_0dxyg_i._.js:2431
[ 2583127ms] [LOG] [Fast Refresh] rebuilding @ http://localhost:4000/_next/static/chunks/0aus_next_dist_0dxyg_i._.js:2431
[ 2584509ms] [LOG] [Fast Refresh] done in 1344ms @ http://localhost:4000/_next/static/chunks/0aus_next_dist_0dxyg_i._.js:2431
[ 2655795ms] [LOG] [Fast Refresh] rebuilding @ http://localhost:4000/_next/static/chunks/0aus_next_dist_0dxyg_i._.js:2431
[ 2655804ms] [LOG] [Fast Refresh] done in 110ms @ http://localhost:4000/_next/static/chunks/0aus_next_dist_0dxyg_i._.js:2431
[ 2922369ms] [LOG] [Fast Refresh] rebuilding @ http://localhost:4000/_next/static/chunks/0aus_next_dist_0dxyg_i._.js:2431
[ 2922661ms] [LOG] [Fast Refresh] done in 382ms @ http://localhost:4000/_next/static/chunks/0aus_next_dist_0dxyg_i._.js:2431
[ 2939170ms] [LOG] [Fast Refresh] rebuilding @ http://localhost:4000/_next/static/chunks/0aus_next_dist_0dxyg_i._.js:2431
[ 2939329ms] [LOG] [Fast Refresh] done in 230ms @ http://localhost:4000/_next/static/chunks/0aus_next_dist_0dxyg_i._.js:2431
[ 3034755ms] [LOG] [Fast Refresh] rebuilding @ http://localhost:4000/_next/static/chunks/0aus_next_dist_0dxyg_i._.js:2431
[ 3035406ms] [LOG] [Fast Refresh] done in 550ms @ http://localhost:4000/_next/static/chunks/0aus_next_dist_0dxyg_i._.js:2431
[ 3067419ms] [LOG] [Fast Refresh] rebuilding @ http://localhost:4000/_next/static/chunks/0aus_next_dist_0dxyg_i._.js:2431
[ 3067766ms] [LOG] [Fast Refresh] done in 315ms @ http://localhost:4000/_next/static/chunks/0aus_next_dist_0dxyg_i._.js:2431
[ 3104219ms] [LOG] [Fast Refresh] rebuilding @ http://localhost:4000/_next/static/chunks/0aus_next_dist_0dxyg_i._.js:2431
[ 3105072ms] [LOG] [Fast Refresh] done in 799ms @ http://localhost:4000/_next/static/chunks/0aus_next_dist_0dxyg_i._.js:2431
[ 3169912ms] [LOG] [Fast Refresh] rebuilding @ http://localhost:4000/_next/static/chunks/0aus_next_dist_0dxyg_i._.js:2431
[ 3170167ms] [LOG] [Fast Refresh] done in 245ms @ http://localhost:4000/_next/static/chunks/0aus_next_dist_0dxyg_i._.js:2431
[ 3178845ms] [LOG] [Fast Refresh] rebuilding @ http://localhost:4000/_next/static/chunks/0aus_next_dist_0dxyg_i._.js:2431
[ 3179095ms] [LOG] [Fast Refresh] done in 226ms @ http://localhost:4000/_next/static/chunks/0aus_next_dist_0dxyg_i._.js:2431
[ 3199464ms] [LOG] [Fast Refresh] rebuilding @ http://localhost:4000/_next/static/chunks/0aus_next_dist_0dxyg_i._.js:2431
[ 3199818ms] [LOG] [Fast Refresh] done in 313ms @ http://localhost:4000/_next/static/chunks/0aus_next_dist_0dxyg_i._.js:2431
[ 3274235ms] [LOG] [Fast Refresh] rebuilding @ http://localhost:4000/_next/static/chunks/0aus_next_dist_0dxyg_i._.js:2431
[ 3275071ms] [LOG] [Fast Refresh] done in 824ms @ http://localhost:4000/_next/static/chunks/0aus_next_dist_0dxyg_i._.js:2431
[ 3350621ms] [LOG] [Fast Refresh] rebuilding @ http://localhost:4000/_next/static/chunks/0aus_next_dist_0dxyg_i._.js:2431
[ 3351382ms] [LOG] [Fast Refresh] done in 882ms @ http://localhost:4000/_next/static/chunks/0aus_next_dist_0dxyg_i._.js:2431
[ 3361288ms] [LOG] [Fast Refresh] rebuilding @ http://localhost:4000/_next/static/chunks/0aus_next_dist_0dxyg_i._.js:2431
[ 3364227ms] [LOG] [Fast Refresh] done in 3041ms @ http://localhost:4000/_next/static/chunks/0aus_next_dist_0dxyg_i._.js:2431
[ 3383816ms] [LOG] [Fast Refresh] rebuilding @ http://localhost:4000/_next/static/chunks/0aus_next_dist_0dxyg_i._.js:2431
[ 3390871ms] [LOG] [Fast Refresh] done in 7147ms @ http://localhost:4000/_next/static/chunks/0aus_next_dist_0dxyg_i._.js:2431
[ 3395609ms] [LOG] [Fast Refresh] rebuilding @ http://localhost:4000/_next/static/chunks/0aus_next_dist_0dxyg_i._.js:2431
[ 3396621ms] [LOG] [Fast Refresh] done in 1124ms @ http://localhost:4000/_next/static/chunks/0aus_next_dist_0dxyg_i._.js:2431
[ 3397128ms] [LOG] [Fast Refresh] rebuilding @ http://localhost:4000/_next/static/chunks/0aus_next_dist_0dxyg_i._.js:2431
[ 3397194ms] [LOG] [Fast Refresh] done in 168ms @ http://localhost:4000/_next/static/chunks/0aus_next_dist_0dxyg_i._.js:2431
[ 3397710ms] [INFO] %cDownload the React DevTools for a better development experience: https://react.dev/link/react-devtools font-weight:bold @ http://localhost:4000/_next/static/chunks/0aus_next_dist_0dxyg_i._.js:2431
[ 3397877ms] [LOG] [HMR] connected @ http://localhost:4000/_next/static/chunks/0aus_next_dist_0dxyg_i._.js:2431
[ 3398031ms] [LOG] [Fast Refresh] rebuilding @ http://localhost:4000/_next/static/chunks/0aus_next_dist_0dxyg_i._.js:2431
[ 3398788ms] [LOG] [Fast Refresh] done in 858ms @ http://localhost:4000/_next/static/chunks/0aus_next_dist_0dxyg_i._.js:2431
[ 3399651ms] [ERROR] Failed to load resource: the server responded with a status of 404 (Not Found) @ http://localhost:4000/api/component-code/dashboard-01:0
[ 3399696ms] [ERROR] Failed to load resource: the server responded with a status of 404 (Not Found) @ http://localhost:4000/api/component-code/dashboard-01:0
[ 3404304ms] [LOG] [Fast Refresh] rebuilding @ http://localhost:4000/_next/static/chunks/0aus_next_dist_0dxyg_i._.js:2431
[ 3405875ms] [LOG] [Fast Refresh] done in 1672ms @ http://localhost:4000/_next/static/chunks/0aus_next_dist_0dxyg_i._.js:2431
[ 3419883ms] [LOG] [Fast Refresh] rebuilding @ http://localhost:4000/_next/static/chunks/0aus_next_dist_0dxyg_i._.js:2431
[ 3420130ms] [LOG] [Fast Refresh] done in 349ms @ http://localhost:4000/_next/static/chunks/0aus_next_dist_0dxyg_i._.js:2431
[ 3548506ms] [LOG] [Fast Refresh] rebuilding @ http://localhost:4000/_next/static/chunks/0aus_next_dist_0dxyg_i._.js:2431
[ 3548514ms] [LOG] [Fast Refresh] done in 109ms @ http://localhost:4000/_next/static/chunks/0aus_next_dist_0dxyg_i._.js:2431
[ 3558521ms] [ERROR] WebSocket connection to 'ws://localhost:4000/_next/webpack-hmr?id=9pb-NoPYEvOTo-PZlLKtG' failed: Error in connection establishment: net::ERR_CONNECTION_REFUSED @ http://localhost:4000/_next/static/chunks/0aus_next_dist_client_02k4~6y._.js:13299
[ 3559531ms] [ERROR] WebSocket connection to 'ws://localhost:4000/_next/webpack-hmr?id=9pb-NoPYEvOTo-PZlLKtG' failed: Error in connection establishment: net::ERR_CONNECTION_REFUSED @ http://localhost:4000/_next/static/chunks/0aus_next_dist_client_02k4~6y._.js:13299
[ 3560533ms] [ERROR] WebSocket connection to 'ws://localhost:4000/_next/webpack-hmr?id=9pb-NoPYEvOTo-PZlLKtG' failed: Error in connection establishment: net::ERR_CONNECTION_REFUSED @ http://localhost:4000/_next/static/chunks/0aus_next_dist_client_02k4~6y._.js:13299
[ 3561535ms] [ERROR] WebSocket connection to 'ws://localhost:4000/_next/webpack-hmr?id=9pb-NoPYEvOTo-PZlLKtG' failed: Error in connection establishment: net::ERR_CONNECTION_REFUSED @ http://localhost:4000/_next/static/chunks/0aus_next_dist_client_02k4~6y._.js:13299
[ 3562550ms] [ERROR] WebSocket connection to 'ws://localhost:4000/_next/webpack-hmr?id=9pb-NoPYEvOTo-PZlLKtG' failed: Error in connection establishment: net::ERR_CONNECTION_REFUSED @ http://localhost:4000/_next/static/chunks/0aus_next_dist_client_02k4~6y._.js:13299
[ 3568156ms] [LOG] [HMR] connected @ http://localhost:4000/_next/static/chunks/0aus_next_dist_0dxyg_i._.js:2431
[ 3568737ms] [INFO] %cDownload the React DevTools for a better development experience: https://react.dev/link/react-devtools font-weight:bold @ http://localhost:4000/_next/static/chunks/0aus_next_dist_0dxyg_i._.js:2431
[ 3568796ms] [LOG] [HMR] connected @ http://localhost:4000/_next/static/chunks/0aus_next_dist_0dxyg_i._.js:2431
[ 3570827ms] [ERROR] Failed to load resource: the server responded with a status of 404 (Not Found) @ http://localhost:4000/api/component-code/dashboard-01:0
[ 3570882ms] [ERROR] Failed to load resource: the server responded with a status of 404 (Not Found) @ http://localhost:4000/api/component-code/dashboard-01:0
[ 3617465ms] [LOG] [Fast Refresh] rebuilding @ http://localhost:4000/_next/static/chunks/0aus_next_dist_0dxyg_i._.js:2431
[ 3623662ms] [LOG] [Fast Refresh] done in 6316ms @ http://localhost:4000/_next/static/chunks/0aus_next_dist_0dxyg_i._.js:2431
[ 3624437ms] [LOG] [Fast Refresh] rebuilding @ http://localhost:4000/_next/static/chunks/0aus_next_dist_0dxyg_i._.js:2431
[ 3625065ms] [LOG] [Fast Refresh] done in 749ms @ http://localhost:4000/_next/static/chunks/0aus_next_dist_0dxyg_i._.js:2431
[ 3625703ms] [LOG] [Fast Refresh] rebuilding @ http://localhost:4000/_next/static/chunks/0aus_next_dist_0dxyg_i._.js:2431
[ 3625726ms] [LOG] [Fast Refresh] done in 125ms @ http://localhost:4000/_next/static/chunks/0aus_next_dist_0dxyg_i._.js:2431
[ 3626143ms] [INFO] %cDownload the React DevTools for a better development experience: https://react.dev/link/react-devtools font-weight:bold @ http://localhost:4000/_next/static/chunks/0aus_next_dist_0dxyg_i._.js:2431
[ 3626198ms] [LOG] [HMR] connected @ http://localhost:4000/_next/static/chunks/0aus_next_dist_0dxyg_i._.js:2431
[ 3626328ms] [LOG] [Fast Refresh] rebuilding @ http://localhost:4000/_next/static/chunks/0aus_next_dist_0dxyg_i._.js:2431
[ 3626902ms] [LOG] [Fast Refresh] done in 694ms @ http://localhost:4000/_next/static/chunks/0aus_next_dist_0dxyg_i._.js:2431
[ 3627708ms] [ERROR] Failed to load resource: the server responded with a status of 404 (Not Found) @ http://localhost:4000/api/component-code/dashboard-01:0
[ 3627770ms] [ERROR] Failed to load resource: the server responded with a status of 404 (Not Found) @ http://localhost:4000/api/component-code/dashboard-01:0
[ 3631240ms] [LOG] [Fast Refresh] rebuilding @ http://localhost:4000/_next/static/chunks/0aus_next_dist_0dxyg_i._.js:2431
[ 3632294ms] [LOG] [Fast Refresh] done in 838ms @ http://localhost:4000/_next/static/chunks/0aus_next_dist_0dxyg_i._.js:2431
[ 3638162ms] [LOG] [Fast Refresh] rebuilding @ http://localhost:4000/_next/static/chunks/0aus_next_dist_0dxyg_i._.js:2431
[ 3638212ms] [LOG] [Fast Refresh] done in 152ms @ http://localhost:4000/_next/static/chunks/0aus_next_dist_0dxyg_i._.js:2431
[ 3638390ms] [LOG] [Fast Refresh] rebuilding @ http://localhost:4000/_next/static/chunks/0aus_next_dist_0dxyg_i._.js:2431
[ 3638589ms] [LOG] [Fast Refresh] done in 299ms @ http://localhost:4000/_next/static/chunks/0aus_next_dist_0dxyg_i._.js:2431
[ 3836225ms] [LOG] [Fast Refresh] rebuilding @ http://localhost:4000/_next/static/chunks/0aus_next_dist_0dxyg_i._.js:2431
[ 3836643ms] [LOG] [Fast Refresh] done in 367ms @ http://localhost:4000/_next/static/chunks/0aus_next_dist_0dxyg_i._.js:2431
[ 3901440ms] [LOG] [Fast Refresh] rebuilding @ http://localhost:4000/_next/static/chunks/0aus_next_dist_0dxyg_i._.js:2431
[ 3901858ms] [LOG] [Fast Refresh] done in 363ms @ http://localhost:4000/_next/static/chunks/0aus_next_dist_0dxyg_i._.js:2431
[ 3906693ms] [LOG] [Fast Refresh] rebuilding @ http://localhost:4000/_next/static/chunks/0aus_next_dist_0dxyg_i._.js:2431
[ 3906952ms] [LOG] [Fast Refresh] done in 239ms @ http://localhost:4000/_next/static/chunks/0aus_next_dist_0dxyg_i._.js:2431
[ 4004417ms] [LOG] [Fast Refresh] rebuilding @ http://localhost:4000/_next/static/chunks/0aus_next_dist_0dxyg_i._.js:2431
[ 4004444ms] [LOG] [Fast Refresh] done in 137ms @ http://localhost:4000/_next/static/chunks/0aus_next_dist_0dxyg_i._.js:2431
[ 4177679ms] [LOG] [Fast Refresh] rebuilding @ http://localhost:4000/_next/static/chunks/0aus_next_dist_0dxyg_i._.js:2431
[ 4179106ms] [LOG] [Fast Refresh] done in 1541ms @ http://localhost:4000/_next/static/chunks/0aus_next_dist_0dxyg_i._.js:2431
[ 4182540ms] [LOG] [Fast Refresh] rebuilding @ http://localhost:4000/_next/static/chunks/0aus_next_dist_0dxyg_i._.js:2431
[ 4184437ms] [LOG] [Fast Refresh] done in 1818ms @ http://localhost:4000/_next/static/chunks/0aus_next_dist_0dxyg_i._.js:2431
[ 4187607ms] [LOG] [Fast Refresh] rebuilding @ http://localhost:4000/_next/static/chunks/0aus_next_dist_0dxyg_i._.js:2431
[ 4187903ms] [LOG] [Fast Refresh] done in 364ms @ http://localhost:4000/_next/static/chunks/0aus_next_dist_0dxyg_i._.js:2431
[ 4292046ms] [LOG] [Fast Refresh] rebuilding @ http://localhost:4000/_next/static/chunks/0aus_next_dist_0dxyg_i._.js:2431
[ 4292146ms] [LOG] [Fast Refresh] done in 212ms @ http://localhost:4000/_next/static/chunks/0aus_next_dist_0dxyg_i._.js:2431
[ 4297532ms] [LOG] [Fast Refresh] rebuilding @ http://localhost:4000/_next/static/chunks/0aus_next_dist_0dxyg_i._.js:2431
[ 4300422ms] [LOG] [Fast Refresh] done in 2305ms @ http://localhost:4000/_next/static/chunks/0aus_next_dist_0dxyg_i._.js:2431
[ 4366659ms] [LOG] [Fast Refresh] rebuilding @ http://localhost:4000/_next/static/chunks/0aus_next_dist_0dxyg_i._.js:2431
[ 4366687ms] [LOG] [Fast Refresh] done in 127ms @ http://localhost:4000/_next/static/chunks/0aus_next_dist_0dxyg_i._.js:2431
[ 4464404ms] [LOG] [Fast Refresh] rebuilding @ http://localhost:4000/_next/static/chunks/0aus_next_dist_0dxyg_i._.js:2431
[ 4466388ms] [LOG] [Fast Refresh] done in 1793ms @ http://localhost:4000/_next/static/chunks/0aus_next_dist_0dxyg_i._.js:2431
[ 4470383ms] [LOG] [Fast Refresh] rebuilding @ http://localhost:4000/_next/static/chunks/0aus_next_dist_0dxyg_i._.js:2431
[ 4470768ms] [LOG] [Fast Refresh] done in 305ms @ http://localhost:4000/_next/static/chunks/0aus_next_dist_0dxyg_i._.js:2431
[ 4638550ms] [LOG] [Fast Refresh] rebuilding @ http://localhost:4000/_next/static/chunks/0aus_next_dist_0dxyg_i._.js:2431
[ 4639463ms] [LOG] [Fast Refresh] done in 809ms @ http://localhost:4000/_next/static/chunks/0aus_next_dist_0dxyg_i._.js:2431
[ 4712133ms] [LOG] [Fast Refresh] rebuilding @ http://localhost:4000/_next/static/chunks/0aus_next_dist_0dxyg_i._.js:2431
[ 4713184ms] [LOG] [Fast Refresh] done in 951ms @ http://localhost:4000/_next/static/chunks/0aus_next_dist_0dxyg_i._.js:2431
[ 4769113ms] [LOG] [Fast Refresh] rebuilding @ http://localhost:4000/_next/static/chunks/0aus_next_dist_0dxyg_i._.js:2431
[ 4769149ms] [LOG] [Fast Refresh] done in 148ms @ http://localhost:4000/_next/static/chunks/0aus_next_dist_0dxyg_i._.js:2431
[ 5107618ms] [LOG] [Fast Refresh] rebuilding @ http://localhost:4000/_next/static/chunks/0aus_next_dist_0dxyg_i._.js:2431
[ 5107968ms] [LOG] [Fast Refresh] done in 309ms @ http://localhost:4000/_next/static/chunks/0aus_next_dist_0dxyg_i._.js:2431
[ 5211020ms] [LOG] [Fast Refresh] rebuilding @ http://localhost:4000/_next/static/chunks/0aus_next_dist_0dxyg_i._.js:2431
[ 5211974ms] [LOG] [Fast Refresh] done in 873ms @ http://localhost:4000/_next/static/chunks/0aus_next_dist_0dxyg_i._.js:2431
[ 5237059ms] [LOG] [Fast Refresh] rebuilding @ http://localhost:4000/_next/static/chunks/0aus_next_dist_0dxyg_i._.js:2431
[ 5237085ms] [LOG] [Fast Refresh] done in 125ms @ http://localhost:4000/_next/static/chunks/0aus_next_dist_0dxyg_i._.js:2431
[ 5303042ms] [LOG] [Fast Refresh] rebuilding @ http://localhost:4000/_next/static/chunks/0aus_next_dist_0dxyg_i._.js:2431
[ 5303369ms] [LOG] [Fast Refresh] done in 306ms @ http://localhost:4000/_next/static/chunks/0aus_next_dist_0dxyg_i._.js:2431
[ 5319682ms] [LOG] [Fast Refresh] rebuilding @ http://localhost:4000/_next/static/chunks/0aus_next_dist_0dxyg_i._.js:2431
[ 5320419ms] [LOG] [Fast Refresh] done in 674ms @ http://localhost:4000/_next/static/chunks/0aus_next_dist_0dxyg_i._.js:2431
[ 5326720ms] [LOG] [Fast Refresh] rebuilding @ http://localhost:4000/_next/static/chunks/0aus_next_dist_0dxyg_i._.js:2431
[ 5326733ms] [LOG] [Fast Refresh] done in 115ms @ http://localhost:4000/_next/static/chunks/0aus_next_dist_0dxyg_i._.js:2431
[ 5379475ms] [LOG] WebSocket closed with code 1006 @ http://localhost:4000/_next/static/chunks/0aus_next_dist_0dxyg_i._.js:2431
[ 5379476ms] [LOG] Attempting reconnect in 674ms @ http://localhost:4000/_next/static/chunks/0aus_next_dist_0dxyg_i._.js:2431
[ 5379490ms] [ERROR] WebSocket is already in CLOSING or CLOSED state. @ http://localhost:4000/_next/static/chunks/0aus_next_dist_0dxyg_i._.js:2790
[ 5380420ms] [LOG] [HMR] connected @ http://localhost:4000/_next/static/chunks/0aus_next_dist_0dxyg_i._.js:2431
[ 5380871ms] [LOG] WebSocket reconnected at t=1757.8s after disconnect due to closed with code 1006 @ http://localhost:4000/_next/static/chunks/0aus_next_dist_0dxyg_i._.js:2431
[ 6537722ms] [LOG] Attempting reconnect in 89ms @ http://localhost:4000/_next/static/chunks/0aus_next_dist_0dxyg_i._.js:2431
[ 6538627ms] [LOG] WebSocket reconnected at t=2010.9s after disconnect due to InactiveServer @ http://localhost:4000/_next/static/chunks/0aus_next_dist_0dxyg_i._.js:2431
[ 7719152ms] [LOG] Attempting reconnect in 116ms @ http://localhost:4000/_next/static/chunks/0aus_next_dist_0dxyg_i._.js:2431
[ 7720177ms] [LOG] WebSocket reconnected at t=2297.1s after disconnect due to InactiveServer @ http://localhost:4000/_next/static/chunks/0aus_next_dist_0dxyg_i._.js:2431
[ 8220854ms] [LOG] [Fast Refresh] rebuilding @ http://localhost:4000/_next/static/chunks/0aus_next_dist_0dxyg_i._.js:2431
[ 8221933ms] [LOG] [Fast Refresh] done in 1021ms @ http://localhost:4000/_next/static/chunks/0aus_next_dist_0dxyg_i._.js:2431
[ 8394609ms] [LOG] [Fast Refresh] rebuilding @ http://localhost:4000/_next/static/chunks/0aus_next_dist_0dxyg_i._.js:2431
[ 8394947ms] [LOG] [Fast Refresh] done in 310ms @ http://localhost:4000/_next/static/chunks/0aus_next_dist_0dxyg_i._.js:2431
[ 8474663ms] [LOG] [Fast Refresh] rebuilding @ http://localhost:4000/_next/static/chunks/0aus_next_dist_0dxyg_i._.js:2431
[ 8474879ms] [LOG] [Fast Refresh] done in 215ms @ http://localhost:4000/_next/static/chunks/0aus_next_dist_0dxyg_i._.js:2431
[ 8507778ms] [LOG] [Fast Refresh] rebuilding @ http://localhost:4000/_next/static/chunks/0aus_next_dist_0dxyg_i._.js:2431
[ 8508048ms] [LOG] [Fast Refresh] done in 257ms @ http://localhost:4000/_next/static/chunks/0aus_next_dist_0dxyg_i._.js:2431
[ 8547049ms] [LOG] [Fast Refresh] rebuilding @ http://localhost:4000/_next/static/chunks/0aus_next_dist_0dxyg_i._.js:2431
[ 8548850ms] [LOG] [Fast Refresh] done in 1777ms @ http://localhost:4000/_next/static/chunks/0aus_next_dist_0dxyg_i._.js:2431
[ 8684543ms] [LOG] [Fast Refresh] rebuilding @ http://localhost:4000/_next/static/chunks/0aus_next_dist_0dxyg_i._.js:2431
[ 8684916ms] [LOG] [Fast Refresh] done in 352ms @ http://localhost:4000/_next/static/chunks/0aus_next_dist_0dxyg_i._.js:2431
[ 8781878ms] [LOG] [Fast Refresh] rebuilding @ http://localhost:4000/_next/static/chunks/0aus_next_dist_0dxyg_i._.js:2431
[ 8782808ms] [LOG] [Fast Refresh] done in 782ms @ http://localhost:4000/_next/static/chunks/0aus_next_dist_0dxyg_i._.js:2431
[ 8907505ms] [LOG] [Fast Refresh] rebuilding @ http://localhost:4000/_next/static/chunks/0aus_next_dist_0dxyg_i._.js:2431
[ 8908881ms] [LOG] [Fast Refresh] done in 1318ms @ http://localhost:4000/_next/static/chunks/0aus_next_dist_0dxyg_i._.js:2431
[ 8911466ms] [LOG] WebSocket closed with code 1006 @ http://localhost:4000/_next/static/chunks/0aus_next_dist_0dxyg_i._.js:2431
[ 8911466ms] [LOG] Attempting reconnect in 709ms @ http://localhost:4000/_next/static/chunks/0aus_next_dist_0dxyg_i._.js:2431
[ 8915005ms] [LOG] WebSocket reconnected at t=3491.9s after disconnect due to closed with code 1006 @ http://localhost:4000/_next/static/chunks/0aus_next_dist_0dxyg_i._.js:2431
[ 8952627ms] [LOG] [Fast Refresh] rebuilding @ http://localhost:4000/_next/static/chunks/0aus_next_dist_0dxyg_i._.js:2431
[ 8953613ms] [LOG] [Fast Refresh] done in 850ms @ http://localhost:4000/_next/static/chunks/0aus_next_dist_0dxyg_i._.js:2431
[ 8969876ms] [LOG] [Fast Refresh] rebuilding @ http://localhost:4000/_next/static/chunks/0aus_next_dist_0dxyg_i._.js:2431
[ 8970441ms] [LOG] [Fast Refresh] done in 388ms @ http://localhost:4000/_next/static/chunks/0aus_next_dist_0dxyg_i._.js:2431
[ 9065437ms] [LOG] [Fast Refresh] rebuilding @ http://localhost:4000/_next/static/chunks/0aus_next_dist_0dxyg_i._.js:2431
[ 9065864ms] [LOG] [Fast Refresh] done in 499ms @ http://localhost:4000/_next/static/chunks/0aus_next_dist_0dxyg_i._.js:2431
[ 9157375ms] [LOG] [Fast Refresh] rebuilding @ http://localhost:4000/_next/static/chunks/0aus_next_dist_0dxyg_i._.js:2431
[ 9158333ms] [LOG] [Fast Refresh] done in 1039ms @ http://localhost:4000/_next/static/chunks/0aus_next_dist_0dxyg_i._.js:2431
[ 9163636ms] [LOG] [Fast Refresh] rebuilding @ http://localhost:4000/_next/static/chunks/0aus_next_dist_0dxyg_i._.js:2431
[ 9163826ms] [LOG] [Fast Refresh] done in 267ms @ http://localhost:4000/_next/static/chunks/0aus_next_dist_0dxyg_i._.js:2431
[ 9311145ms] [LOG] [Fast Refresh] rebuilding @ http://localhost:4000/_next/static/chunks/0aus_next_dist_0dxyg_i._.js:2431
[ 9311334ms] [LOG] [Fast Refresh] done in 271ms @ http://localhost:4000/_next/static/chunks/0aus_next_dist_0dxyg_i._.js:2431
[ 9315263ms] [LOG] [Fast Refresh] rebuilding @ http://localhost:4000/_next/static/chunks/0aus_next_dist_0dxyg_i._.js:2431
[ 9315416ms] [LOG] [Fast Refresh] done in 208ms @ http://localhost:4000/_next/static/chunks/0aus_next_dist_0dxyg_i._.js:2431
[ 9725294ms] [LOG] Attempting reconnect in 75ms @ http://localhost:4000/_next/static/chunks/0aus_next_dist_0dxyg_i._.js:2431
[ 9726223ms] [LOG] WebSocket reconnected at t=4303.1s after disconnect due to InactiveServer @ http://localhost:4000/_next/static/chunks/0aus_next_dist_0dxyg_i._.js:2431
[ 9939808ms] [WARNING] Failed to execute 'postMessage' on 'DOMWindow': The target origin provided ('https://www.youtube.com') does not match the recipient window's origin ('https://www.google.com'). @ https://www.youtube.com/s/player/8fb635c2/www-widgetapi.vflset/www-widgetapi.js:209
[ 9940318ms] [ERROR] Loading the font 'https://k2mkucxia43oc7fa.public.blob.vercel-storage.com/front/fonts/space-mono/space-mono-v11-latin-regular.woff2' violates the following Content Security Policy directive: "font-src 'self' vercel.com assets.vercel.com vercel.live fonts.gstatic.com *.vercel.sh". The action has been blocked. @ https://vercel.com/:1177
[ 9940320ms] [ERROR] Loading the font 'https://lishhsx6kmthaacj.public.blob.vercel-storage.com/fonts/dseg7classic-bold.counter.woff2' violates the following Content Security Policy directive: "font-src 'self' vercel.com assets.vercel.com vercel.live fonts.gstatic.com *.vercel.sh". The action has been blocked. @ https://vercel.com/:1177
[ 9940624ms] [ERROR] Loading the image 'https://py8fhxnkzwtsqdo9.public.blob.vercel-storage.com/front/favicon/vercel/android-chrome-192x192.png' violates the following Content Security Policy directive: "img-src 'self' blob: data: *.github.io avatars.githubusercontent.com user-images.githubusercontent.com vercel.com vercel.live *.vercel.sh assets.vercel.com cdn.raster.app https://images.ctfassets.net https://www.google.com https://i.ytimg.com https://s3.amazonaws.com pbs.twimg.com https://www.gravatar.com https://lishhsx6kmthaacj.public.blob.vercel-storage.com". The action has been blocked. @ https://vercel.com/:0
[ 9940640ms] [WARNING] Error while trying to use the following icon from the Manifest: https://py8fhxnkzwtsqdo9.public.blob.vercel-storage.com/front/favicon/vercel/android-chrome-192x192.png (Download error or resource isn't a valid image) @ https://vercel.com/:0
[ 9941137ms] [ERROR] Failed to load resource: the server responded with a status of 403 () @ https://vercel.com/api/jwt:0
[ 9941498ms] [WARNING] Deprecated API for given entry type. @ https://vercel.com/vc-ap-vercel-marketing/_next/static/immutable/chunks/1jzv8nh4kvk-b.js:18
[ 9951045ms] [WARNING] The resource https://vercel.com/vc-ap-vercel-marketing/_next/static/immutable/chunks/29cyt9z4z7a4z.css was preloaded using link preload but not used within a few seconds from the window's load event. Please make sure it has an appropriate `as` value and it is preloaded intentionally. @ https://vercel.com/:0
[ 9951045ms] [WARNING] The resource https://vercel.com/vc-ap-vercel-marketing/_next/static/immutable/chunks/0zcaor1jxq59j.css was preloaded using link preload but not used within a few seconds from the window's load event. Please make sure it has an appropriate `as` value and it is preloaded intentionally. @ https://vercel.com/:0
[ 9951045ms] [WARNING] The resource https://vercel.com/vc-ap-vercel-marketing/_next/static/immutable/chunks/2c90_3rxc_r-i.css was preloaded using link preload but not used within a few seconds from the window's load event. Please make sure it has an appropriate `as` value and it is preloaded intentionally. @ https://vercel.com/:0
[ 9951045ms] [WARNING] The resource https://vercel.com/vc-ap-vercel-marketing/_next/static/immutable/chunks/0g2go0qk2o1yq.css was preloaded using link preload but not used within a few seconds from the window's load event. Please make sure it has an appropriate `as` value and it is preloaded intentionally. @ https://vercel.com/:0
[ 9951045ms] [WARNING] The resource https://vercel.com/vc-ap-vercel-marketing/_next/static/immutable/chunks/126jjsspi9ohu.css was preloaded using link preload but not used within a few seconds from the window's load event. Please make sure it has an appropriate `as` value and it is preloaded intentionally. @ https://vercel.com/:0
[ 9951045ms] [WARNING] The resource https://vercel.com/vc-ap-vercel-marketing/_next/static/immutable/chunks/1he75mbpoog1o.css was preloaded using link preload but not used within a few seconds from the window's load event. Please make sure it has an appropriate `as` value and it is preloaded intentionally. @ https://vercel.com/:0
[ 9951045ms] [WARNING] The resource https://vercel.com/vc-ap-vercel-marketing/_next/static/immutable/chunks/3pkl_l28grjzi.css was preloaded using link preload but not used within a few seconds from the window's load event. Please make sure it has an appropriate `as` value and it is preloaded intentionally. @ https://vercel.com/:0
[ 9951045ms] [WARNING] The resource https://vercel.com/vc-ap-vercel-marketing/_next/static/immutable/chunks/0tpq3jj-kza_f.css was preloaded using link preload but not used within a few seconds from the window's load event. Please make sure it has an appropriate `as` value and it is preloaded intentionally. @ https://vercel.com/:0
[ 9951045ms] [WARNING] The resource https://vercel.com/vc-ap-vercel-marketing/_next/static/immutable/chunks/2rkroezqbepf5.css was preloaded using link preload but not used within a few seconds from the window's load event. Please make sure it has an appropriate `as` value and it is preloaded intentionally. @ https://vercel.com/:0
[ 9951045ms] [WARNING] The resource https://vercel.com/vc-ap-vercel-marketing/_next/static/immutable/chunks/2sakikq4w2udh.css was preloaded using link preload but not used within a few seconds from the window's load event. Please make sure it has an appropriate `as` value and it is preloaded intentionally. @ https://vercel.com/:0
[ 9951045ms] [WARNING] The resource https://vercel.com/vc-ap-vercel-marketing/_next/static/immutable/chunks/1ywsc4s9dv8qv.css was preloaded using link preload but not used within a few seconds from the window's load event. Please make sure it has an appropriate `as` value and it is preloaded intentionally. @ https://vercel.com/:0
[ 9951045ms] [WARNING] The resource https://vercel.com/vc-ap-vercel-marketing/_next/static/immutable/chunks/1dpkq06qn0olb.css was preloaded using link preload but not used within a few seconds from the window's load event. Please make sure it has an appropriate `as` value and it is preloaded intentionally. @ https://vercel.com/:0
[ 9951045ms] [WARNING] The resource https://vercel.com/vc-ap-vercel-marketing/_next/static/immutable/chunks/10ewwt-g6pqwd.css was preloaded using link preload but not used within a few seconds from the window's load event. Please make sure it has an appropriate `as` value and it is preloaded intentionally. @ https://vercel.com/:0
[ 9951045ms] [WARNING] The resource https://vercel.com/vc-ap-vercel-marketing/_next/static/immutable/chunks/2up-u4tw2oc37.css was preloaded using link preload but not used within a few seconds from the window's load event. Please make sure it has an appropriate `as` value and it is preloaded intentionally. @ https://vercel.com/:0
[ 9951045ms] [WARNING] The resource https://vercel.com/vc-ap-vercel-marketing/_next/static/immutable/chunks/3go6x9-m9rxv4.css was preloaded using link preload but not used within a few seconds from the window's load event. Please make sure it has an appropriate `as` value and it is preloaded intentionally. @ https://vercel.com/:0
[ 9951045ms] [WARNING] The resource https://vercel.com/vc-ap-vercel-marketing/_next/static/immutable/chunks/318uv08jk_7t2.css was preloaded using link preload but not used within a few seconds from the window's load event. Please make sure it has an appropriate `as` value and it is preloaded intentionally. @ https://vercel.com/:0
[ 9951045ms] [WARNING] The resource https://vercel.com/vc-ap-vercel-marketing/_next/static/immutable/chunks/2zd3_ztfs8vsh.css was preloaded using link preload but not used within a few seconds from the window's load event. Please make sure it has an appropriate `as` value and it is preloaded intentionally. @ https://vercel.com/:0
[ 9951045ms] [WARNING] The resource https://vercel.com/vc-ap-vercel-marketing/_next/static/immutable/chunks/0o_6z2y_x0szf.css was preloaded using link preload but not used within a few seconds from the window's load event. Please make sure it has an appropriate `as` value and it is preloaded intentionally. @ https://vercel.com/:0
[ 9951045ms] [WARNING] The resource https://vercel.com/vc-ap-vercel-marketing/_next/static/immutable/chunks/17nqqpvalcclu.css was preloaded using link preload but not used within a few seconds from the window's load event. Please make sure it has an appropriate `as` value and it is preloaded intentionally. @ https://vercel.com/:0
[ 9954737ms] [WARNING] The resource https://vercel.com/vc-ap-vercel-marketing/_next/static/immutable/chunks/29cyt9z4z7a4z.css was preloaded using link preload but not used within a few seconds from the window's load event. Please make sure it has an appropriate `as` value and it is preloaded intentionally. @ https://vercel.com/:0
[ 9954737ms] [WARNING] The resource https://vercel.com/vc-ap-vercel-marketing/_next/static/immutable/chunks/0zcaor1jxq59j.css was preloaded using link preload but not used within a few seconds from the window's load event. Please make sure it has an appropriate `as` value and it is preloaded intentionally. @ https://vercel.com/:0
[ 9954737ms] [WARNING] The resource https://vercel.com/vc-ap-vercel-marketing/_next/static/immutable/chunks/2c90_3rxc_r-i.css was preloaded using link preload but not used within a few seconds from the window's load event. Please make sure it has an appropriate `as` value and it is preloaded intentionally. @ https://vercel.com/:0
[ 9954737ms] [WARNING] The resource https://vercel.com/vc-ap-vercel-marketing/_next/static/immutable/chunks/0g2go0qk2o1yq.css was preloaded using link preload but not used within a few seconds from the window's load event. Please make sure it has an appropriate `as` value and it is preloaded intentionally. @ https://vercel.com/:0
[ 9954737ms] [WARNING] The resource https://vercel.com/vc-ap-vercel-marketing/_next/static/immutable/chunks/126jjsspi9ohu.css was preloaded using link preload but not used within a few seconds from the window's load event. Please make sure it has an appropriate `as` value and it is preloaded intentionally. @ https://vercel.com/:0
[ 9954737ms] [WARNING] The resource https://vercel.com/vc-ap-vercel-marketing/_next/static/immutable/chunks/1he75mbpoog1o.css was preloaded using link preload but not used within a few seconds from the window's load event. Please make sure it has an appropriate `as` value and it is preloaded intentionally. @ https://vercel.com/:0
[ 9954737ms] [WARNING] The resource https://vercel.com/vc-ap-vercel-marketing/_next/static/immutable/chunks/3pkl_l28grjzi.css was preloaded using link preload but not used within a few seconds from the window's load event. Please make sure it has an appropriate `as` value and it is preloaded intentionally. @ https://vercel.com/:0
[ 9954737ms] [WARNING] The resource https://vercel.com/vc-ap-vercel-marketing/_next/static/immutable/chunks/0tpq3jj-kza_f.css was preloaded using link preload but not used within a few seconds from the window's load event. Please make sure it has an appropriate `as` value and it is preloaded intentionally. @ https://vercel.com/:0
[ 9954737ms] [WARNING] The resource https://vercel.com/vc-ap-vercel-marketing/_next/static/immutable/chunks/2rkroezqbepf5.css was preloaded using link preload but not used within a few seconds from the window's load event. Please make sure it has an appropriate `as` value and it is preloaded intentionally. @ https://vercel.com/:0
[ 9954737ms] [WARNING] The resource https://vercel.com/vc-ap-vercel-marketing/_next/static/immutable/chunks/2sakikq4w2udh.css was preloaded using link preload but not used within a few seconds from the window's load event. Please make sure it has an appropriate `as` value and it is preloaded intentionally. @ https://vercel.com/:0
[ 9954737ms] [WARNING] The resource https://vercel.com/vc-ap-vercel-marketing/_next/static/immutable/chunks/1ywsc4s9dv8qv.css was preloaded using link preload but not used within a few seconds from the window's load event. Please make sure it has an appropriate `as` value and it is preloaded intentionally. @ https://vercel.com/:0
[ 9954737ms] [WARNING] The resource https://vercel.com/vc-ap-vercel-marketing/_next/static/immutable/chunks/1dpkq06qn0olb.css was preloaded using link preload but not used within a few seconds from the window's load event. Please make sure it has an appropriate `as` value and it is preloaded intentionally. @ https://vercel.com/:0
[ 9954737ms] [WARNING] The resource https://vercel.com/vc-ap-vercel-marketing/_next/static/immutable/chunks/10ewwt-g6pqwd.css was preloaded using link preload but not used within a few seconds from the window's load event. Please make sure it has an appropriate `as` value and it is preloaded intentionally. @ https://vercel.com/:0
[ 9954737ms] [WARNING] The resource https://vercel.com/vc-ap-vercel-marketing/_next/static/immutable/chunks/2up-u4tw2oc37.css was preloaded using link preload but not used within a few seconds from the window's load event. Please make sure it has an appropriate `as` value and it is preloaded intentionally. @ https://vercel.com/:0
[ 9954737ms] [WARNING] The resource https://vercel.com/vc-ap-vercel-marketing/_next/static/immutable/chunks/3go6x9-m9rxv4.css was preloaded using link preload but not used within a few seconds from the window's load event. Please make sure it has an appropriate `as` value and it is preloaded intentionally. @ https://vercel.com/:0
[ 9954737ms] [WARNING] The resource https://vercel.com/vc-ap-vercel-marketing/_next/static/immutable/chunks/318uv08jk_7t2.css was preloaded using link preload but not used within a few seconds from the window's load event. Please make sure it has an appropriate `as` value and it is preloaded intentionally. @ https://vercel.com/:0
[ 9954737ms] [WARNING] The resource https://vercel.com/vc-ap-vercel-marketing/_next/static/immutable/chunks/2zd3_ztfs8vsh.css was preloaded using link preload but not used within a few seconds from the window's load event. Please make sure it has an appropriate `as` value and it is preloaded intentionally. @ https://vercel.com/:0
[ 9954737ms] [WARNING] The resource https://vercel.com/vc-ap-vercel-marketing/_next/static/immutable/chunks/0o_6z2y_x0szf.css was preloaded using link preload but not used within a few seconds from the window's load event. Please make sure it has an appropriate `as` value and it is preloaded intentionally. @ https://vercel.com/:0
[ 9954737ms] [WARNING] The resource https://vercel.com/vc-ap-vercel-marketing/_next/static/immutable/chunks/17nqqpvalcclu.css was preloaded using link preload but not used within a few seconds from the window's load event. Please make sure it has an appropriate `as` value and it is preloaded intentionally. @ https://vercel.com/:0
[ 9960786ms] [WARNING] The resource https://vercel.com/vc-ap-vercel-marketing/_next/static/immutable/chunks/29cyt9z4z7a4z.css was preloaded using link preload but not used within a few seconds from the window's load event. Please make sure it has an appropriate `as` value and it is preloaded intentionally. @ https://vercel.com/:0
[ 9960786ms] [WARNING] The resource https://vercel.com/vc-ap-vercel-marketing/_next/static/immutable/chunks/0zcaor1jxq59j.css was preloaded using link preload but not used within a few seconds from the window's load event. Please make sure it has an appropriate `as` value and it is preloaded intentionally. @ https://vercel.com/:0
[ 9960786ms] [WARNING] The resource https://vercel.com/vc-ap-vercel-marketing/_next/static/immutable/chunks/2c90_3rxc_r-i.css was preloaded using link preload but not used within a few seconds from the window's load event. Please make sure it has an appropriate `as` value and it is preloaded intentionally. @ https://vercel.com/:0
[ 9960786ms] [WARNING] The resource https://vercel.com/vc-ap-vercel-marketing/_next/static/immutable/chunks/0g2go0qk2o1yq.css was preloaded using link preload but not used within a few seconds from the window's load event. Please make sure it has an appropriate `as` value and it is preloaded intentionally. @ https://vercel.com/:0
[ 9960786ms] [WARNING] The resource https://vercel.com/vc-ap-vercel-marketing/_next/static/immutable/chunks/126jjsspi9ohu.css was preloaded using link preload but not used within a few seconds from the window's load event. Please make sure it has an appropriate `as` value and it is preloaded intentionally. @ https://vercel.com/:0
[ 9960786ms] [WARNING] The resource https://vercel.com/vc-ap-vercel-marketing/_next/static/immutable/chunks/1he75mbpoog1o.css was preloaded using link preload but not used within a few seconds from the window's load event. Please make sure it has an appropriate `as` value and it is preloaded intentionally. @ https://vercel.com/:0
[ 9960786ms] [WARNING] The resource https://vercel.com/vc-ap-vercel-marketing/_next/static/immutable/chunks/3pkl_l28grjzi.css was preloaded using link preload but not used within a few seconds from the window's load event. Please make sure it has an appropriate `as` value and it is preloaded intentionally. @ https://vercel.com/:0
[ 9960786ms] [WARNING] The resource https://vercel.com/vc-ap-vercel-marketing/_next/static/immutable/chunks/0tpq3jj-kza_f.css was preloaded using link preload but not used within a few seconds from the window's load event. Please make sure it has an appropriate `as` value and it is preloaded intentionally. @ https://vercel.com/:0
[ 9960786ms] [WARNING] The resource https://vercel.com/vc-ap-vercel-marketing/_next/static/immutable/chunks/2rkroezqbepf5.css was preloaded using link preload but not used within a few seconds from the window's load event. Please make sure it has an appropriate `as` value and it is preloaded intentionally. @ https://vercel.com/:0
[ 9960786ms] [WARNING] The resource https://vercel.com/vc-ap-vercel-marketing/_next/static/immutable/chunks/2sakikq4w2udh.css was preloaded using link preload but not used within a few seconds from the window's load event. Please make sure it has an appropriate `as` value and it is preloaded intentionally. @ https://vercel.com/:0
[ 9960786ms] [WARNING] The resource https://vercel.com/vc-ap-vercel-marketing/_next/static/immutable/chunks/1ywsc4s9dv8qv.css was preloaded using link preload but not used within a few seconds from the window's load event. Please make sure it has an appropriate `as` value and it is preloaded intentionally. @ https://vercel.com/:0
[ 9960786ms] [WARNING] The resource https://vercel.com/vc-ap-vercel-marketing/_next/static/immutable/chunks/1dpkq06qn0olb.css was preloaded using link preload but not used within a few seconds from the window's load event. Please make sure it has an appropriate `as` value and it is preloaded intentionally. @ https://vercel.com/:0
[ 9960786ms] [WARNING] The resource https://vercel.com/vc-ap-vercel-marketing/_next/static/immutable/chunks/10ewwt-g6pqwd.css was preloaded using link preload but not used within a few seconds from the window's load event. Please make sure it has an appropriate `as` value and it is preloaded intentionally. @ https://vercel.com/:0
[ 9960786ms] [WARNING] The resource https://vercel.com/vc-ap-vercel-marketing/_next/static/immutable/chunks/2up-u4tw2oc37.css was preloaded using link preload but not used within a few seconds from the window's load event. Please make sure it has an appropriate `as` value and it is preloaded intentionally. @ https://vercel.com/:0
[ 9960786ms] [WARNING] The resource https://vercel.com/vc-ap-vercel-marketing/_next/static/immutable/chunks/3go6x9-m9rxv4.css was preloaded using link preload but not used within a few seconds from the window's load event. Please make sure it has an appropriate `as` value and it is preloaded intentionally. @ https://vercel.com/:0
[ 9960786ms] [WARNING] The resource https://vercel.com/vc-ap-vercel-marketing/_next/static/immutable/chunks/318uv08jk_7t2.css was preloaded using link preload but not used within a few seconds from the window's load event. Please make sure it has an appropriate `as` value and it is preloaded intentionally. @ https://vercel.com/:0
[ 9960786ms] [WARNING] The resource https://vercel.com/vc-ap-vercel-marketing/_next/static/immutable/chunks/2zd3_ztfs8vsh.css was preloaded using link preload but not used within a few seconds from the window's load event. Please make sure it has an appropriate `as` value and it is preloaded intentionally. @ https://vercel.com/:0
[ 9960786ms] [WARNING] The resource https://vercel.com/vc-ap-vercel-marketing/_next/static/immutable/chunks/0o_6z2y_x0szf.css was preloaded using link preload but not used within a few seconds from the window's load event. Please make sure it has an appropriate `as` value and it is preloaded intentionally. @ https://vercel.com/:0
[ 9960786ms] [WARNING] The resource https://vercel.com/vc-ap-vercel-marketing/_next/static/immutable/chunks/17nqqpvalcclu.css was preloaded using link preload but not used within a few seconds from the window's load event. Please make sure it has an appropriate `as` value and it is preloaded intentionally. @ https://vercel.com/:0
[ 9969286ms] [WARNING] The resource https://vercel.com/vc-ap-vercel-marketing/_next/static/immutable/chunks/29cyt9z4z7a4z.css was preloaded using link preload but not used within a few seconds from the window's load event. Please make sure it has an appropriate `as` value and it is preloaded intentionally. @ https://vercel.com/:0
[ 9969286ms] [WARNING] The resource https://vercel.com/vc-ap-vercel-marketing/_next/static/immutable/chunks/0zcaor1jxq59j.css was preloaded using link preload but not used within a few seconds from the window's load event. Please make sure it has an appropriate `as` value and it is preloaded intentionally. @ https://vercel.com/:0
[ 9969286ms] [WARNING] The resource https://vercel.com/vc-ap-vercel-marketing/_next/static/immutable/chunks/2c90_3rxc_r-i.css was preloaded using link preload but not used within a few seconds from the window's load event. Please make sure it has an appropriate `as` value and it is preloaded intentionally. @ https://vercel.com/:0
[ 9969286ms] [WARNING] The resource https://vercel.com/vc-ap-vercel-marketing/_next/static/immutable/chunks/0g2go0qk2o1yq.css was preloaded using link preload but not used within a few seconds from the window's load event. Please make sure it has an appropriate `as` value and it is preloaded intentionally. @ https://vercel.com/:0
[ 9969286ms] [WARNING] The resource https://vercel.com/vc-ap-vercel-marketing/_next/static/immutable/chunks/126jjsspi9ohu.css was preloaded using link preload but not used within a few seconds from the window's load event. Please make sure it has an appropriate `as` value and it is preloaded intentionally. @ https://vercel.com/:0
[ 9969286ms] [WARNING] The resource https://vercel.com/vc-ap-vercel-marketing/_next/static/immutable/chunks/1he75mbpoog1o.css was preloaded using link preload but not used within a few seconds from the window's load event. Please make sure it has an appropriate `as` value and it is preloaded intentionally. @ https://vercel.com/:0
[ 9969286ms] [WARNING] The resource https://vercel.com/vc-ap-vercel-marketing/_next/static/immutable/chunks/3pkl_l28grjzi.css was preloaded using link preload but not used within a few seconds from the window's load event. Please make sure it has an appropriate `as` value and it is preloaded intentionally. @ https://vercel.com/:0
[ 9969286ms] [WARNING] The resource https://vercel.com/vc-ap-vercel-marketing/_next/static/immutable/chunks/0tpq3jj-kza_f.css was preloaded using link preload but not used within a few seconds from the window's load event. Please make sure it has an appropriate `as` value and it is preloaded intentionally. @ https://vercel.com/:0
[ 9969286ms] [WARNING] The resource https://vercel.com/vc-ap-vercel-marketing/_next/static/immutable/chunks/2rkroezqbepf5.css was preloaded using link preload but not used within a few seconds from the window's load event. Please make sure it has an appropriate `as` value and it is preloaded intentionally. @ https://vercel.com/:0
[ 9969286ms] [WARNING] The resource https://vercel.com/vc-ap-vercel-marketing/_next/static/immutable/chunks/2sakikq4w2udh.css was preloaded using link preload but not used within a few seconds from the window's load event. Please make sure it has an appropriate `as` value and it is preloaded intentionally. @ https://vercel.com/:0
[ 9969286ms] [WARNING] The resource https://vercel.com/vc-ap-vercel-marketing/_next/static/immutable/chunks/1ywsc4s9dv8qv.css was preloaded using link preload but not used within a few seconds from the window's load event. Please make sure it has an appropriate `as` value and it is preloaded intentionally. @ https://vercel.com/:0
[ 9969286ms] [WARNING] The resource https://vercel.com/vc-ap-vercel-marketing/_next/static/immutable/chunks/1dpkq06qn0olb.css was preloaded using link preload but not used within a few seconds from the window's load event. Please make sure it has an appropriate `as` value and it is preloaded intentionally. @ https://vercel.com/:0
[ 9969286ms] [WARNING] The resource https://vercel.com/vc-ap-vercel-marketing/_next/static/immutable/chunks/10ewwt-g6pqwd.css was preloaded using link preload but not used within a few seconds from the window's load event. Please make sure it has an appropriate `as` value and it is preloaded intentionally. @ https://vercel.com/:0
[ 9969286ms] [WARNING] The resource https://vercel.com/vc-ap-vercel-marketing/_next/static/immutable/chunks/2up-u4tw2oc37.css was preloaded using link preload but not used within a few seconds from the window's load event. Please make sure it has an appropriate `as` value and it is preloaded intentionally. @ https://vercel.com/:0
[ 9969286ms] [WARNING] The resource https://vercel.com/vc-ap-vercel-marketing/_next/static/immutable/chunks/3go6x9-m9rxv4.css was preloaded using link preload but not used within a few seconds from the window's load event. Please make sure it has an appropriate `as` value and it is preloaded intentionally. @ https://vercel.com/:0
[ 9969286ms] [WARNING] The resource https://vercel.com/vc-ap-vercel-marketing/_next/static/immutable/chunks/318uv08jk_7t2.css was preloaded using link preload but not used within a few seconds from the window's load event. Please make sure it has an appropriate `as` value and it is preloaded intentionally. @ https://vercel.com/:0
[ 9969286ms] [WARNING] The resource https://vercel.com/vc-ap-vercel-marketing/_next/static/immutable/chunks/2zd3_ztfs8vsh.css was preloaded using link preload but not used within a few seconds from the window's load event. Please make sure it has an appropriate `as` value and it is preloaded intentionally. @ https://vercel.com/:0
[ 9969286ms] [WARNING] The resource https://vercel.com/vc-ap-vercel-marketing/_next/static/immutable/chunks/0o_6z2y_x0szf.css was preloaded using link preload but not used within a few seconds from the window's load event. Please make sure it has an appropriate `as` value and it is preloaded intentionally. @ https://vercel.com/:0
[ 9969286ms] [WARNING] The resource https://vercel.com/vc-ap-vercel-marketing/_next/static/immutable/chunks/17nqqpvalcclu.css was preloaded using link preload but not used within a few seconds from the window's load event. Please make sure it has an appropriate `as` value and it is preloaded intentionally. @ https://vercel.com/:0
