[    1655ms] [INFO] %cDownload the React DevTools for a better development experience: https://react.dev/link/react-devtools font-weight:bold @ http://localhost:4300/_next/static/chunks/0aus_next_dist_0dxyg_i._.js:2431
[    1770ms] [LOG] [HMR] connected @ http://localhost:4300/_next/static/chunks/0aus_next_dist_0dxyg_i._.js:2431
[    2453ms] [LOG] [Fast Refresh] rebuilding @ http://localhost:4300/_next/static/chunks/0aus_next_dist_0dxyg_i._.js:2431
[    9161ms] [LOG] [Fast Refresh] done in 6855ms @ http://localhost:4300/_next/static/chunks/0aus_next_dist_0dxyg_i._.js:2431
[   10833ms] [LOG] [Fast Refresh] rebuilding @ http://localhost:4300/_next/static/chunks/0aus_next_dist_0dxyg_i._.js:2431
[   15171ms] [LOG] [Fast Refresh] done in 4534ms @ http://localhost:4300/_next/static/chunks/0aus_next_dist_0dxyg_i._.js:2431
[   58833ms] [LOG] [Fast Refresh] rebuilding @ http://localhost:4300/_next/static/chunks/0aus_next_dist_0dxyg_i._.js:2431
[   67862ms] [LOG] [Fast Refresh] done in 9253ms @ http://localhost:4300/_next/static/chunks/0aus_next_dist_0dxyg_i._.js:2431
[   88989ms] [LOG] [Fast Refresh] rebuilding @ http://localhost:4300/_next/static/chunks/0aus_next_dist_0dxyg_i._.js:2431
[   89278ms] [LOG] [Fast Refresh] done in 390ms @ http://localhost:4300/_next/static/chunks/0aus_next_dist_0dxyg_i._.js:2431
[  178562ms] [LOG] [Fast Refresh] rebuilding @ http://localhost:4300/_next/static/chunks/0aus_next_dist_0dxyg_i._.js:2431
[  183002ms] [LOG] [Fast Refresh] done in 4337ms @ http://localhost:4300/_next/static/chunks/0aus_next_dist_0dxyg_i._.js:2431
[  188011ms] [LOG] [Fast Refresh] rebuilding @ http://localhost:4300/_next/static/chunks/0aus_next_dist_0dxyg_i._.js:2431
[  188587ms] [LOG] [Fast Refresh] done in 682ms @ http://localhost:4300/_next/static/chunks/0aus_next_dist_0dxyg_i._.js:2431
[  188779ms] [LOG] [Fast Refresh] rebuilding @ http://localhost:4300/_next/static/chunks/0aus_next_dist_0dxyg_i._.js:2431
[  195326ms] [LOG] [Fast Refresh] done in 6511ms @ http://localhost:4300/_next/static/chunks/0aus_next_dist_0dxyg_i._.js:2431
[  248448ms] [LOG] [Fast Refresh] rebuilding @ http://localhost:4300/_next/static/chunks/0aus_next_dist_0dxyg_i._.js:2431
[  258491ms] [LOG] [Fast Refresh] done in 10009ms @ http://localhost:4300/_next/static/chunks/0aus_next_dist_0dxyg_i._.js:2431
[  272984ms] [LOG] [Fast Refresh] rebuilding @ http://localhost:4300/_next/static/chunks/0aus_next_dist_0dxyg_i._.js:2431
[  273905ms] [LOG] [Fast Refresh] done in 1097ms @ http://localhost:4300/_next/static/chunks/0aus_next_dist_0dxyg_i._.js:2431
[  399011ms] [LOG] [Fast Refresh] rebuilding @ http://localhost:4300/_next/static/chunks/0aus_next_dist_0dxyg_i._.js:2431
[  409562ms] [LOG] [Fast Refresh] done in 10107ms @ http://localhost:4300/_next/static/chunks/0aus_next_dist_0dxyg_i._.js:2431
[  472627ms] [LOG] [Fast Refresh] rebuilding @ http://localhost:4300/_next/static/chunks/0aus_next_dist_0dxyg_i._.js:2431
[  472762ms] [LOG] [Fast Refresh] done in 296ms @ http://localhost:4300/_next/static/chunks/0aus_next_dist_0dxyg_i._.js:2431
[ 1015915ms] [LOG] [Fast Refresh] rebuilding @ http://localhost:4300/_next/static/chunks/0aus_next_dist_0dxyg_i._.js:2431
[ 1017209ms] [LOG] [Fast Refresh] done in 1105ms @ http://localhost:4300/_next/static/chunks/0aus_next_dist_0dxyg_i._.js:2431
[ 1034944ms] [LOG] [Fast Refresh] rebuilding @ http://localhost:4300/_next/static/chunks/0aus_next_dist_0dxyg_i._.js:2431
[ 1035500ms] [LOG] [Fast Refresh] done in 681ms @ http://localhost:4300/_next/static/chunks/0aus_next_dist_0dxyg_i._.js:2431
[ 1036988ms] [LOG] [Fast Refresh] rebuilding @ http://localhost:4300/_next/static/chunks/0aus_next_dist_0dxyg_i._.js:2431
[ 1037069ms] [LOG] [Fast Refresh] done in 180ms @ http://localhost:4300/_next/static/chunks/0aus_next_dist_0dxyg_i._.js:2431
[ 1330587ms] [LOG] [Fast Refresh] rebuilding @ http://localhost:4300/_next/static/chunks/0aus_next_dist_0dxyg_i._.js:2431
[ 1332067ms] [LOG] [Fast Refresh] done in 1343ms @ http://localhost:4300/_next/static/chunks/0aus_next_dist_0dxyg_i._.js:2431
[ 1345597ms] [LOG] [Fast Refresh] rebuilding @ http://localhost:4300/_next/static/chunks/0aus_next_dist_0dxyg_i._.js:2431
[ 1345597ms] [LOG] [Fast Refresh] done in 179ms @ http://localhost:4300/_next/static/chunks/0aus_next_dist_0dxyg_i._.js:2431
[ 1466700ms] [LOG] [Fast Refresh] rebuilding @ http://localhost:4300/_next/static/chunks/0aus_next_dist_0dxyg_i._.js:2431
[ 1473949ms] [LOG] [Fast Refresh] done in 6685ms @ http://localhost:4300/_next/static/chunks/0aus_next_dist_0dxyg_i._.js:2431
[ 2094279ms] [LOG] [Fast Refresh] rebuilding @ http://localhost:4300/_next/static/chunks/0aus_next_dist_0dxyg_i._.js:2431
[ 2094350ms] [LOG] [Fast Refresh] done in 172ms @ http://localhost:4300/_next/static/chunks/0aus_next_dist_0dxyg_i._.js:2431
[ 2205849ms] [LOG] [Fast Refresh] rebuilding @ http://localhost:4300/_next/static/chunks/0aus_next_dist_0dxyg_i._.js:2431
[ 2205967ms] [LOG] [Fast Refresh] done in 246ms @ http://localhost:4300/_next/static/chunks/0aus_next_dist_0dxyg_i._.js:2431
