[     622ms] [LOG] [Fast Refresh] rebuilding @ http://localhost:4500/_next/static/chunks/0aus_next_dist_0dxyg_i._.js:2431
[     665ms] [LOG] [Fast Refresh] done in 146ms @ http://localhost:4500/_next/static/chunks/0aus_next_dist_0dxyg_i._.js:2431
[    1409ms] [INFO] %cDownload the React DevTools for a better development experience: https://react.dev/link/react-devtools font-weight:bold @ http://localhost:4500/_next/static/chunks/0aus_next_dist_0dxyg_i._.js:2431
[    1459ms] [LOG] [HMR] connected @ http://localhost:4500/_next/static/chunks/0aus_next_dist_0dxyg_i._.js:2431
[   96437ms] [LOG] [Fast Refresh] rebuilding @ http://localhost:4500/_next/static/chunks/0aus_next_dist_0dxyg_i._.js:2431
[   96892ms] [LOG] [Fast Refresh] done in 559ms @ http://localhost:4500/_next/static/chunks/0aus_next_dist_0dxyg_i._.js:2431
[  109460ms] [LOG] [Fast Refresh] rebuilding @ http://localhost:4500/_next/static/chunks/0aus_next_dist_0dxyg_i._.js:2431
[  109842ms] [LOG] [Fast Refresh] done in 526ms @ http://localhost:4500/_next/static/chunks/0aus_next_dist_0dxyg_i._.js:2431
[  111975ms] [LOG] [Fast Refresh] rebuilding @ http://localhost:4500/_next/static/chunks/0aus_next_dist_0dxyg_i._.js:2431
[  111981ms] [LOG] [Fast Refresh] done in 191ms @ http://localhost:4500/_next/static/chunks/0aus_next_dist_0dxyg_i._.js:2431
[  121954ms] [LOG] [Fast Refresh] rebuilding @ http://localhost:4500/_next/static/chunks/0aus_next_dist_0dxyg_i._.js:2431
[  122358ms] [LOG] [Fast Refresh] done in 531ms @ http://localhost:4500/_next/static/chunks/0aus_next_dist_0dxyg_i._.js:2431
[ 1863948ms] [ERROR] WebSocket connection to 'ws://localhost:4500/_next/webpack-hmr?id=LEXfNlC7PyEhVlL0PuVqF' failed: Error in connection establishment: net::ERR_CONNECTION_REFUSED @ http://localhost:4500/_next/static/chunks/0aus_next_dist_client_02k4~6y._.js:13299
[ 1864971ms] [ERROR] WebSocket connection to 'ws://localhost:4500/_next/webpack-hmr?id=LEXfNlC7PyEhVlL0PuVqF' failed: Error in connection establishment: net::ERR_CONNECTION_REFUSED @ http://localhost:4500/_next/static/chunks/0aus_next_dist_client_02k4~6y._.js:13299
[ 1865975ms] [ERROR] WebSocket connection to 'ws://localhost:4500/_next/webpack-hmr?id=LEXfNlC7PyEhVlL0PuVqF' failed: Error in connection establishment: net::ERR_CONNECTION_REFUSED @ http://localhost:4500/_next/static/chunks/0aus_next_dist_client_02k4~6y._.js:13299
[ 1866992ms] [ERROR] WebSocket connection to 'ws://localhost:4500/_next/webpack-hmr?id=LEXfNlC7PyEhVlL0PuVqF' failed: Error in connection establishment: net::ERR_CONNECTION_REFUSED @ http://localhost:4500/_next/static/chunks/0aus_next_dist_client_02k4~6y._.js:13299
[ 1868035ms] [ERROR] WebSocket connection to 'ws://localhost:4500/_next/webpack-hmr?id=LEXfNlC7PyEhVlL0PuVqF' failed: Error in connection establishment: net::ERR_CONNECTION_REFUSED @ http://localhost:4500/_next/static/chunks/0aus_next_dist_client_02k4~6y._.js:13299
[ 1873087ms] [ERROR] WebSocket connection to 'ws://localhost:4500/_next/webpack-hmr?id=LEXfNlC7PyEhVlL0PuVqF' failed: Error in connection establishment: net::ERR_CONNECTION_REFUSED @ http://localhost:4500/_next/static/chunks/0aus_next_dist_client_02k4~6y._.js:13299
[ 1878118ms] [ERROR] WebSocket connection to 'ws://localhost:4500/_next/webpack-hmr?id=LEXfNlC7PyEhVlL0PuVqF' failed: Error in connection establishment: net::ERR_CONNECTION_REFUSED @ http://localhost:4500/_next/static/chunks/0aus_next_dist_client_02k4~6y._.js:13299
[ 1883130ms] [ERROR] WebSocket connection to 'ws://localhost:4500/_next/webpack-hmr?id=LEXfNlC7PyEhVlL0PuVqF' failed: Error in connection establishment: net::ERR_CONNECTION_REFUSED @ http://localhost:4500/_next/static/chunks/0aus_next_dist_client_02k4~6y._.js:13299
