[    2590ms] [INFO] %cDownload the React DevTools for a better development experience: https://react.dev/link/react-devtools font-weight:bold @ http://localhost:4200/_next/static/chunks/0aus_next_dist_0dxyg_i._.js:2431
[    2632ms] [LOG] [HMR] connected @ http://localhost:4200/_next/static/chunks/0aus_next_dist_0dxyg_i._.js:2431
[    2796ms] [LOG] [Fast Refresh] rebuilding @ http://localhost:4200/_next/static/chunks/0aus_next_dist_0dxyg_i._.js:2431
[    3693ms] [LOG] [Fast Refresh] done in 1017ms @ http://localhost:4200/_next/static/chunks/0aus_next_dist_0dxyg_i._.js:2431
[   33431ms] [LOG] [Fast Refresh] rebuilding @ http://localhost:4200/_next/static/chunks/0aus_next_dist_0dxyg_i._.js:2431
[   33878ms] [LOG] [Fast Refresh] done in 548ms @ http://localhost:4200/_next/static/chunks/0aus_next_dist_0dxyg_i._.js:2431
[   43538ms] [LOG] [Fast Refresh] rebuilding @ http://localhost:4200/_next/static/chunks/0aus_next_dist_0dxyg_i._.js:2431
[   43571ms] [LOG] [Fast Refresh] done in 133ms @ http://localhost:4200/_next/static/chunks/0aus_next_dist_0dxyg_i._.js:2431
[   53231ms] [LOG] [Fast Refresh] rebuilding @ http://localhost:4200/_next/static/chunks/0aus_next_dist_0dxyg_i._.js:2431
[   53276ms] [LOG] [Fast Refresh] done in 147ms @ http://localhost:4200/_next/static/chunks/0aus_next_dist_0dxyg_i._.js:2431
[  480647ms] [LOG] [Fast Refresh] rebuilding @ http://localhost:4200/_next/static/chunks/0aus_next_dist_0dxyg_i._.js:2431
[  480757ms] [LOG] [Fast Refresh] done in 211ms @ http://localhost:4200/_next/static/chunks/0aus_next_dist_0dxyg_i._.js:2431
[  491224ms] [LOG] [Fast Refresh] rebuilding @ http://localhost:4200/_next/static/chunks/0aus_next_dist_0dxyg_i._.js:2431
[  491249ms] [LOG] [Fast Refresh] done in 126ms @ http://localhost:4200/_next/static/chunks/0aus_next_dist_0dxyg_i._.js:2431
[  592813ms] [LOG] [Fast Refresh] rebuilding @ http://localhost:4200/_next/static/chunks/0aus_next_dist_0dxyg_i._.js:2431
[  598385ms] [LOG] [Fast Refresh] done in 4781ms @ http://localhost:4200/_next/static/chunks/0aus_next_dist_0dxyg_i._.js:2431
[ 1240309ms] [LOG] [Fast Refresh] rebuilding @ http://localhost:4200/_next/static/chunks/0aus_next_dist_0dxyg_i._.js:2431
[ 1240745ms] [LOG] [Fast Refresh] done in 538ms @ http://localhost:4200/_next/static/chunks/0aus_next_dist_0dxyg_i._.js:2431
[ 1240847ms] [LOG] [Fast Refresh] rebuilding @ http://localhost:4200/_next/static/chunks/0aus_next_dist_0dxyg_i._.js:2431
[ 1241407ms] [LOG] [Fast Refresh] done in 661ms @ http://localhost:4200/_next/static/chunks/0aus_next_dist_0dxyg_i._.js:2431
[ 1255503ms] [LOG] [Fast Refresh] rebuilding @ http://localhost:4200/_next/static/chunks/0aus_next_dist_0dxyg_i._.js:2431
[ 1255611ms] [LOG] [Fast Refresh] done in 208ms @ http://localhost:4200/_next/static/chunks/0aus_next_dist_0dxyg_i._.js:2431
[ 1338731ms] [ERROR] WebSocket connection to 'ws://localhost:4200/_next/webpack-hmr?id=B8g0O7qrpvtu_GThPeHW0' failed: Error in connection establishment: net::ERR_CONNECTION_REFUSED @ http://localhost:4200/_next/static/chunks/0aus_next_dist_client_02k4~6y._.js:13299
[ 1339734ms] [ERROR] WebSocket connection to 'ws://localhost:4200/_next/webpack-hmr?id=B8g0O7qrpvtu_GThPeHW0' failed: Error in connection establishment: net::ERR_CONNECTION_REFUSED @ http://localhost:4200/_next/static/chunks/0aus_next_dist_client_02k4~6y._.js:13299
[ 1340736ms] [ERROR] WebSocket connection to 'ws://localhost:4200/_next/webpack-hmr?id=B8g0O7qrpvtu_GThPeHW0' failed: Error in connection establishment: net::ERR_CONNECTION_REFUSED @ http://localhost:4200/_next/static/chunks/0aus_next_dist_client_02k4~6y._.js:13299
[ 1341741ms] [ERROR] WebSocket connection to 'ws://localhost:4200/_next/webpack-hmr?id=B8g0O7qrpvtu_GThPeHW0' failed: Error in connection establishment: net::ERR_CONNECTION_REFUSED @ http://localhost:4200/_next/static/chunks/0aus_next_dist_client_02k4~6y._.js:13299
[ 1342744ms] [ERROR] WebSocket connection to 'ws://localhost:4200/_next/webpack-hmr?id=B8g0O7qrpvtu_GThPeHW0' failed: Error in connection establishment: net::ERR_CONNECTION_REFUSED @ http://localhost:4200/_next/static/chunks/0aus_next_dist_client_02k4~6y._.js:13299
[ 1355966ms] [LOG] [HMR] connected @ http://localhost:4200/_next/static/chunks/0aus_next_dist_0dxyg_i._.js:2431
[ 1371232ms] [INFO] %cDownload the React DevTools for a better development experience: https://react.dev/link/react-devtools font-weight:bold @ http://localhost:4200/_next/static/chunks/0aus_next_dist_0dxyg_i._.js:2431
[ 1371338ms] [LOG] [HMR] connected @ http://localhost:4200/_next/static/chunks/0aus_next_dist_0dxyg_i._.js:2431
[ 1371642ms] [LOG] [Fast Refresh] rebuilding @ http://localhost:4200/_next/static/chunks/0aus_next_dist_0dxyg_i._.js:2431
[ 1377648ms] [LOG] [Fast Refresh] done in 6108ms @ http://localhost:4200/_next/static/chunks/0aus_next_dist_0dxyg_i._.js:2431
[ 1378635ms] [LOG] [Fast Refresh] rebuilding @ http://localhost:4200/_next/static/chunks/0aus_next_dist_0dxyg_i._.js:2431
[ 1379289ms] [LOG] [Fast Refresh] done in 756ms @ http://localhost:4200/_next/static/chunks/0aus_next_dist_0dxyg_i._.js:2431
