[  121757ms] [LOG] [Fast Refresh] rebuilding @ http://localhost:4200/_next/static/chunks/0aus_next_dist_0dxyg_i._.js:2431
[  122493ms] [LOG] [Fast Refresh] done in 881ms @ http://localhost:4200/_next/static/chunks/0aus_next_dist_0dxyg_i._.js:2431
[  166813ms] [LOG] [Fast Refresh] rebuilding @ http://localhost:4200/_next/static/chunks/0aus_next_dist_0dxyg_i._.js:2431
[  167589ms] [LOG] [Fast Refresh] done in 830ms @ http://localhost:4200/_next/static/chunks/0aus_next_dist_0dxyg_i._.js:2431
[  174591ms] [LOG] [Fast Refresh] rebuilding @ http://localhost:4200/_next/static/chunks/0aus_next_dist_0dxyg_i._.js:2431
[  175142ms] [LOG] [Fast Refresh] done in 602ms @ http://localhost:4200/_next/static/chunks/0aus_next_dist_0dxyg_i._.js:2431
[  184387ms] [LOG] [Fast Refresh] rebuilding @ http://localhost:4200/_next/static/chunks/0aus_next_dist_0dxyg_i._.js:2431
[  185024ms] [LOG] [Fast Refresh] done in 694ms @ http://localhost:4200/_next/static/chunks/0aus_next_dist_0dxyg_i._.js:2431
[  865270ms] [LOG] [Fast Refresh] rebuilding @ http://localhost:4200/_next/static/chunks/0aus_next_dist_0dxyg_i._.js:2431
[  866463ms] [LOG] [Fast Refresh] done in 1223ms @ http://localhost:4200/_next/static/chunks/0aus_next_dist_0dxyg_i._.js:2431
[  991244ms] [LOG] [Fast Refresh] rebuilding @ http://localhost:4200/_next/static/chunks/0aus_next_dist_0dxyg_i._.js:2431
[  992520ms] [LOG] [Fast Refresh] done in 1299ms @ http://localhost:4200/_next/static/chunks/0aus_next_dist_0dxyg_i._.js:2431
[ 1047763ms] [LOG] [Fast Refresh] rebuilding @ http://localhost:4200/_next/static/chunks/0aus_next_dist_0dxyg_i._.js:2431
[ 1048824ms] [LOG] [Fast Refresh] done in 1179ms @ http://localhost:4200/_next/static/chunks/0aus_next_dist_0dxyg_i._.js:2431
[ 1065086ms] [LOG] [Fast Refresh] rebuilding @ http://localhost:4200/_next/static/chunks/0aus_next_dist_0dxyg_i._.js:2431
[ 1066063ms] [LOG] [Fast Refresh] done in 1079ms @ http://localhost:4200/_next/static/chunks/0aus_next_dist_0dxyg_i._.js:2431
[ 1083535ms] [LOG] [Fast Refresh] rebuilding @ http://localhost:4200/_next/static/chunks/0aus_next_dist_0dxyg_i._.js:2431
[ 1086628ms] [LOG] [Fast Refresh] done in 3173ms @ http://localhost:4200/_next/static/chunks/0aus_next_dist_0dxyg_i._.js:2431
[ 1086902ms] [LOG] [Fast Refresh] rebuilding @ http://localhost:4200/_next/static/chunks/0aus_next_dist_0dxyg_i._.js:2431
[ 1087112ms] [LOG] [Fast Refresh] done in 335ms @ http://localhost:4200/_next/static/chunks/0aus_next_dist_0dxyg_i._.js:2431
[ 1659917ms] [LOG] [Fast Refresh] rebuilding @ http://localhost:4200/_next/static/chunks/0aus_next_dist_0dxyg_i._.js:2431
[ 1660607ms] [LOG] [Fast Refresh] done in 760ms @ http://localhost:4200/_next/static/chunks/0aus_next_dist_0dxyg_i._.js:2431
[ 3175144ms] [LOG] [Fast Refresh] rebuilding @ http://localhost:4200/_next/static/chunks/0aus_next_dist_0dxyg_i._.js:2431
[ 3175150ms] [LOG] [Fast Refresh] done in 163ms @ http://localhost:4200/_next/static/chunks/0aus_next_dist_0dxyg_i._.js:2431
[ 3175362ms] [LOG] [Fast Refresh] rebuilding @ http://localhost:4200/_next/static/chunks/0aus_next_dist_0dxyg_i._.js:2431
[ 3176566ms] [LOG] [Fast Refresh] done in 1271ms @ http://localhost:4200/_next/static/chunks/0aus_next_dist_0dxyg_i._.js:2431
[ 3194452ms] [LOG] [Fast Refresh] rebuilding @ http://localhost:4200/_next/static/chunks/0aus_next_dist_0dxyg_i._.js:2431
[ 3194495ms] [LOG] [Fast Refresh] done in 202ms @ http://localhost:4200/_next/static/chunks/0aus_next_dist_0dxyg_i._.js:2431
[ 3533575ms] [LOG] [Fast Refresh] rebuilding @ http://localhost:4200/_next/static/chunks/0aus_next_dist_0dxyg_i._.js:2431
[ 3533581ms] [LOG] [Fast Refresh] done in 180ms @ http://localhost:4200/_next/static/chunks/0aus_next_dist_0dxyg_i._.js:2431
[ 3533786ms] [LOG] [Fast Refresh] rebuilding @ http://localhost:4200/_next/static/chunks/0aus_next_dist_0dxyg_i._.js:2431
[ 3535756ms] [LOG] [Fast Refresh] done in 1994ms @ http://localhost:4200/_next/static/chunks/0aus_next_dist_0dxyg_i._.js:2431
[ 4030674ms] [LOG] [Fast Refresh] rebuilding @ http://localhost:4200/_next/static/chunks/0aus_next_dist_0dxyg_i._.js:2431
[ 4030968ms] [LOG] [Fast Refresh] done in 451ms @ http://localhost:4200/_next/static/chunks/0aus_next_dist_0dxyg_i._.js:2431
[ 4098385ms] [LOG] [Fast Refresh] rebuilding @ http://localhost:4200/_next/static/chunks/0aus_next_dist_0dxyg_i._.js:2431
[ 4098548ms] [LOG] [Fast Refresh] done in 348ms @ http://localhost:4200/_next/static/chunks/0aus_next_dist_0dxyg_i._.js:2431
[ 4098788ms] [LOG] [Fast Refresh] rebuilding @ http://localhost:4200/_next/static/chunks/0aus_next_dist_0dxyg_i._.js:2431
[ 4103541ms] [LOG] [Fast Refresh] done in 4827ms @ http://localhost:4200/_next/static/chunks/0aus_next_dist_0dxyg_i._.js:2431
[ 4405029ms] [LOG] [Fast Refresh] rebuilding @ http://localhost:4200/_next/static/chunks/0aus_next_dist_0dxyg_i._.js:2431
[ 4406494ms] [LOG] [Fast Refresh] done in 1501ms @ http://localhost:4200/_next/static/chunks/0aus_next_dist_0dxyg_i._.js:2431
[ 4410899ms] [LOG] [Fast Refresh] rebuilding @ http://localhost:4200/_next/static/chunks/0aus_next_dist_0dxyg_i._.js:2431
[ 4412181ms] [LOG] [Fast Refresh] done in 1364ms @ http://localhost:4200/_next/static/chunks/0aus_next_dist_0dxyg_i._.js:2431
[ 4420242ms] [LOG] [Fast Refresh] rebuilding @ http://localhost:4200/_next/static/chunks/0aus_next_dist_0dxyg_i._.js:2431
[ 4421325ms] [LOG] [Fast Refresh] done in 1167ms @ http://localhost:4200/_next/static/chunks/0aus_next_dist_0dxyg_i._.js:2431
[ 4430447ms] [LOG] [Fast Refresh] rebuilding @ http://localhost:4200/_next/static/chunks/0aus_next_dist_0dxyg_i._.js:2431
[ 4431695ms] [LOG] [Fast Refresh] done in 1322ms @ http://localhost:4200/_next/static/chunks/0aus_next_dist_0dxyg_i._.js:2431
[ 4436597ms] [LOG] [Fast Refresh] rebuilding @ http://localhost:4200/_next/static/chunks/0aus_next_dist_0dxyg_i._.js:2431
[ 4438622ms] [LOG] [Fast Refresh] done in 2020ms @ http://localhost:4200/_next/static/chunks/0aus_next_dist_0dxyg_i._.js:2431
[ 4441472ms] [LOG] [Fast Refresh] rebuilding @ http://localhost:4200/_next/static/chunks/0aus_next_dist_0dxyg_i._.js:2431
[ 4442724ms] [LOG] [Fast Refresh] done in 1321ms @ http://localhost:4200/_next/static/chunks/0aus_next_dist_0dxyg_i._.js:2431
[ 4990355ms] [LOG] [Fast Refresh] rebuilding @ http://localhost:4200/_next/static/chunks/0aus_next_dist_0dxyg_i._.js:2431
[ 4991803ms] [LOG] [Fast Refresh] done in 1556ms @ http://localhost:4200/_next/static/chunks/0aus_next_dist_0dxyg_i._.js:2431
[ 5076520ms] [LOG] [Fast Refresh] rebuilding @ http://localhost:4200/_next/static/chunks/0aus_next_dist_0dxyg_i._.js:2431
[ 5076536ms] [LOG] [Fast Refresh] done in 217ms @ http://localhost:4200/_next/static/chunks/0aus_next_dist_0dxyg_i._.js:2431
[ 5076728ms] [LOG] [Fast Refresh] rebuilding @ http://localhost:4200/_next/static/chunks/0aus_next_dist_0dxyg_i._.js:2431
[ 5079964ms] [LOG] [Fast Refresh] done in 3225ms @ http://localhost:4200/_next/static/chunks/0aus_next_dist_0dxyg_i._.js:2431
[ 7040180ms] [LOG] [Fast Refresh] rebuilding @ http://localhost:4200/_next/static/chunks/0aus_next_dist_0dxyg_i._.js:2431
[ 7040803ms] [LOG] [Fast Refresh] done in 696ms @ http://localhost:4200/_next/static/chunks/0aus_next_dist_0dxyg_i._.js:2431
[ 7160264ms] [LOG] [Fast Refresh] rebuilding @ http://localhost:4200/_next/static/chunks/0aus_next_dist_0dxyg_i._.js:2431
[ 7160518ms] [LOG] [Fast Refresh] done in 418ms @ http://localhost:4200/_next/static/chunks/0aus_next_dist_0dxyg_i._.js:2431
[ 7242708ms] [LOG] [Fast Refresh] rebuilding @ http://localhost:4200/_next/static/chunks/0aus_next_dist_0dxyg_i._.js:2431
[ 7244011ms] [LOG] [Fast Refresh] done in 1393ms @ http://localhost:4200/_next/static/chunks/0aus_next_dist_0dxyg_i._.js:2431
[ 7309724ms] [LOG] [Fast Refresh] rebuilding @ http://localhost:4200/_next/static/chunks/0aus_next_dist_0dxyg_i._.js:2431
[ 7311347ms] [LOG] [Fast Refresh] done in 1823ms @ http://localhost:4200/_next/static/chunks/0aus_next_dist_0dxyg_i._.js:2431
[ 7317434ms] [LOG] [Fast Refresh] rebuilding @ http://localhost:4200/_next/static/chunks/0aus_next_dist_0dxyg_i._.js:2431
[ 7317441ms] [LOG] [Fast Refresh] done in 172ms @ http://localhost:4200/_next/static/chunks/0aus_next_dist_0dxyg_i._.js:2431
[ 7363088ms] [LOG] [Fast Refresh] rebuilding @ http://localhost:4200/_next/static/chunks/0aus_next_dist_0dxyg_i._.js:2431
[ 7363089ms] [LOG] [Fast Refresh] done in 197ms @ http://localhost:4200/_next/static/chunks/0aus_next_dist_0dxyg_i._.js:2431
[ 7363308ms] [LOG] [Fast Refresh] rebuilding @ http://localhost:4200/_next/static/chunks/0aus_next_dist_0dxyg_i._.js:2431
[ 7364582ms] [LOG] [Fast Refresh] done in 1291ms @ http://localhost:4200/_next/static/chunks/0aus_next_dist_0dxyg_i._.js:2431
[ 7367271ms] [LOG] [Fast Refresh] rebuilding @ http://localhost:4200/_next/static/chunks/0aus_next_dist_0dxyg_i._.js:2431
[ 7368812ms] [LOG] [Fast Refresh] done in 1498ms @ http://localhost:4200/_next/static/chunks/0aus_next_dist_0dxyg_i._.js:2431
[ 7371327ms] [LOG] [Fast Refresh] rebuilding @ http://localhost:4200/_next/static/chunks/0aus_next_dist_0dxyg_i._.js:2431
[ 7371517ms] [LOG] [Fast Refresh] done in 330ms @ http://localhost:4200/_next/static/chunks/0aus_next_dist_0dxyg_i._.js:2431
[ 7417904ms] [LOG] [Fast Refresh] rebuilding @ http://localhost:4200/_next/static/chunks/0aus_next_dist_0dxyg_i._.js:2431
[ 7419560ms] [LOG] [Fast Refresh] done in 1714ms @ http://localhost:4200/_next/static/chunks/0aus_next_dist_0dxyg_i._.js:2431
[ 7429457ms] [LOG] [Fast Refresh] rebuilding @ http://localhost:4200/_next/static/chunks/0aus_next_dist_0dxyg_i._.js:2431
[ 7429457ms] [LOG] [Fast Refresh] done in 140ms @ http://localhost:4200/_next/static/chunks/0aus_next_dist_0dxyg_i._.js:2431
[ 7488481ms] [LOG] [Fast Refresh] rebuilding @ http://localhost:4200/_next/static/chunks/0aus_next_dist_0dxyg_i._.js:2431
[ 7491730ms] [LOG] [Fast Refresh] done in 3255ms @ http://localhost:4200/_next/static/chunks/0aus_next_dist_0dxyg_i._.js:2431
[ 7550911ms] [LOG] [Fast Refresh] rebuilding @ http://localhost:4200/_next/static/chunks/0aus_next_dist_0dxyg_i._.js:2431
[ 7553269ms] [LOG] [Fast Refresh] done in 2435ms @ http://localhost:4200/_next/static/chunks/0aus_next_dist_0dxyg_i._.js:2431
[ 7565909ms] [LOG] [Fast Refresh] rebuilding @ http://localhost:4200/_next/static/chunks/0aus_next_dist_0dxyg_i._.js:2431
[ 7567352ms] [LOG] [Fast Refresh] done in 1453ms @ http://localhost:4200/_next/static/chunks/0aus_next_dist_0dxyg_i._.js:2431
[ 7573033ms] [LOG] [Fast Refresh] rebuilding @ http://localhost:4200/_next/static/chunks/0aus_next_dist_0dxyg_i._.js:2431
[ 7573193ms] [LOG] [Fast Refresh] done in 313ms @ http://localhost:4200/_next/static/chunks/0aus_next_dist_0dxyg_i._.js:2431
[ 7589044ms] [LOG] [Fast Refresh] rebuilding @ http://localhost:4200/_next/static/chunks/0aus_next_dist_0dxyg_i._.js:2431
[ 7592129ms] [LOG] [Fast Refresh] done in 3112ms @ http://localhost:4200/_next/static/chunks/0aus_next_dist_0dxyg_i._.js:2431
[ 7680660ms] [LOG] [Fast Refresh] rebuilding @ http://localhost:4200/_next/static/chunks/0aus_next_dist_0dxyg_i._.js:2431
[ 7681918ms] [LOG] [Fast Refresh] done in 1289ms @ http://localhost:4200/_next/static/chunks/0aus_next_dist_0dxyg_i._.js:2431
[ 8269618ms] [LOG] [Fast Refresh] rebuilding @ http://localhost:4200/_next/static/chunks/0aus_next_dist_0dxyg_i._.js:2431
[ 8272627ms] [LOG] [Fast Refresh] done in 3138ms @ http://localhost:4200/_next/static/chunks/0aus_next_dist_0dxyg_i._.js:2431
[ 8289153ms] [LOG] [Fast Refresh] rebuilding @ http://localhost:4200/_next/static/chunks/0aus_next_dist_0dxyg_i._.js:2431
[ 8289248ms] [LOG] [Fast Refresh] done in 263ms @ http://localhost:4200/_next/static/chunks/0aus_next_dist_0dxyg_i._.js:2431
[ 8289452ms] [LOG] [Fast Refresh] rebuilding @ http://localhost:4200/_next/static/chunks/0aus_next_dist_0dxyg_i._.js:2431
[ 8291965ms] [LOG] [Fast Refresh] done in 2539ms @ http://localhost:4200/_next/static/chunks/0aus_next_dist_0dxyg_i._.js:2431
[ 8411453ms] [LOG] [Fast Refresh] rebuilding @ http://localhost:4200/_next/static/chunks/0aus_next_dist_0dxyg_i._.js:2431
[ 8411653ms] [LOG] [Fast Refresh] done in 392ms @ http://localhost:4200/_next/static/chunks/0aus_next_dist_0dxyg_i._.js:2431
[ 8411878ms] [LOG] [Fast Refresh] rebuilding @ http://localhost:4200/_next/static/chunks/0aus_next_dist_0dxyg_i._.js:2431
[ 8414256ms] [LOG] [Fast Refresh] done in 2467ms @ http://localhost:4200/_next/static/chunks/0aus_next_dist_0dxyg_i._.js:2431
[ 8484248ms] [LOG] [Fast Refresh] rebuilding @ http://localhost:4200/_next/static/chunks/0aus_next_dist_0dxyg_i._.js:2431
[ 8486364ms] [LOG] [Fast Refresh] done in 2190ms @ http://localhost:4200/_next/static/chunks/0aus_next_dist_0dxyg_i._.js:2431
[ 8600877ms] [LOG] [Fast Refresh] rebuilding @ http://localhost:4200/_next/static/chunks/0aus_next_dist_0dxyg_i._.js:2431
[ 8602784ms] [LOG] [Fast Refresh] done in 1943ms @ http://localhost:4200/_next/static/chunks/0aus_next_dist_0dxyg_i._.js:2431
[ 8882046ms] [LOG] [Fast Refresh] rebuilding @ http://localhost:4200/_next/static/chunks/0aus_next_dist_0dxyg_i._.js:2431
[ 8884736ms] [LOG] [Fast Refresh] done in 2771ms @ http://localhost:4200/_next/static/chunks/0aus_next_dist_0dxyg_i._.js:2431
[ 8892424ms] [LOG] [Fast Refresh] rebuilding @ http://localhost:4200/_next/static/chunks/0aus_next_dist_0dxyg_i._.js:2431
[ 8892985ms] [LOG] [Fast Refresh] done in 738ms @ http://localhost:4200/_next/static/chunks/0aus_next_dist_0dxyg_i._.js:2431
[11426901ms] [LOG] [Fast Refresh] rebuilding @ http://localhost:4200/_next/static/chunks/0aus_next_dist_0dxyg_i._.js:2431
[11428574ms] [LOG] [Fast Refresh] done in 1706ms @ http://localhost:4200/_next/static/chunks/0aus_next_dist_0dxyg_i._.js:2431
[11433357ms] [LOG] [Fast Refresh] rebuilding @ http://localhost:4200/_next/static/chunks/0aus_next_dist_0dxyg_i._.js:2431
[11437295ms] ReferenceError: tag is not defined
    at Cell (http://localhost:4200/_next/static/chunks/_0djie5-._.js?id=%255Bproject%255D%252Fapp%252Fspinners-standalone%252Fpage.tsx+%255Bapp-client%255D+%2528ecmascript%2529:1673:21)
    at Object.react_stack_bottom_frame (http://localhost:4200/_next/static/chunks/0aus_next_dist_compiled_react-dom_0v6ubys._.js:15037:24)
    at renderWithHooks (http://localhost:4200/_next/static/chunks/0aus_next_dist_compiled_react-dom_0v6ubys._.js:4620:24)
    at updateFunctionComponent (http://localhost:4200/_next/static/chunks/0aus_next_dist_compiled_react-dom_0v6ubys._.js:6081:21)
    at beginWork (http://localhost:4200/_next/static/chunks/0aus_next_dist_compiled_react-dom_0v6ubys._.js:6691:24)
    at runWithFiberInDEV (http://localhost:4200/_next/static/chunks/0aus_next_dist_compiled_react-dom_0v6ubys._.js:965:74)
    at performUnitOfWork (http://localhost:4200/_next/static/chunks/0aus_next_dist_compiled_react-dom_0v6ubys._.js:9555:97)
    at workLoopSync (http://localhost:4200/_next/static/chunks/0aus_next_dist_compiled_react-dom_0v6ubys._.js:9449:40)
    at renderRootSync (http://localhost:4200/_next/static/chunks/0aus_next_dist_compiled_react-dom_0v6ubys._.js:9433:13)
    at performWorkOnRoot (http://localhost:4200/_next/static/chunks/0aus_next_dist_compiled_react-dom_0v6ubys._.js:9098:47)
    at performSyncWorkOnRoot (http://localhost:4200/_next/static/chunks/0aus_next_dist_compiled_react-dom_0v6ubys._.js:10263:9)
    at flushSyncWorkAcrossRoots_impl (http://localhost:4200/_next/static/chunks/0aus_next_dist_compiled_react-dom_0v6ubys._.js:10179:316)
    at flushSyncWork$1 (http://localhost:4200/_next/static/chunks/0aus_next_dist_compiled_react-dom_0v6ubys._.js:9230:86)
    at Object.scheduleRefresh (http://localhost:4200/_next/static/chunks/0aus_next_dist_compiled_react-dom_0v6ubys._.js:299:13)
    at http://localhost:4200/_next/static/chunks/0aus_next_dist_compiled_0da0l5i._.js:391:33
    at Set.forEach (<anonymous>)
    at Object.performReactRefresh (http://localhost:4200/_next/static/chunks/0aus_next_dist_compiled_0da0l5i._.js:384:38)
    at applyUpdate (http://localhost:4200/_next/static/chunks/0aus_next_dist_compiled_0da0l5i._.js:878:31)
    at http://localhost:4200/_next/static/chunks/0aus_next_dist_compiled_0da0l5i._.js:886:13
[11437726ms] [LOG] [Fast Refresh] done in 4496ms @ http://localhost:4200/_next/static/chunks/0aus_next_dist_0dxyg_i._.js:2431
[11437831ms] [LOG] [Fast Refresh] rebuilding @ http://localhost:4200/_next/static/chunks/0aus_next_dist_0dxyg_i._.js:2431
[11439956ms] [WARNING] [Fast Refresh] performing full reload because your application had an unrecoverable error @ http://localhost:4200/_next/static/chunks/0aus_next_dist_0dxyg_i._.js:2431
[11439964ms] [ERROR] Encountered a script tag while rendering React component. Scripts inside React components are never executed when rendering on the client. Consider using template tag instead (https://developer.mozilla.org/en-US/docs/Web/HTML/Element/template). @ http://localhost:4200/_next/static/chunks/0aus_next_dist_0dxyg_i._.js:3272
[11440485ms] [INFO] %cDownload the React DevTools for a better development experience: https://react.dev/link/react-devtools font-weight:bold @ http://localhost:4200/_next/static/chunks/0aus_next_dist_0dxyg_i._.js:2431
[11440536ms] [LOG] [HMR] connected @ http://localhost:4200/_next/static/chunks/0aus_next_dist_0dxyg_i._.js:2431
[11442625ms] [LOG] [Fast Refresh] rebuilding @ http://localhost:4200/_next/static/chunks/0aus_next_dist_0dxyg_i._.js:2431
[11443424ms] [LOG] [Fast Refresh] done in 889ms @ http://localhost:4200/_next/static/chunks/0aus_next_dist_0dxyg_i._.js:2431
[11451807ms] [LOG] [Fast Refresh] rebuilding @ http://localhost:4200/_next/static/chunks/0aus_next_dist_0dxyg_i._.js:2431
[11452631ms] [LOG] [Fast Refresh] done in 905ms @ http://localhost:4200/_next/static/chunks/0aus_next_dist_0dxyg_i._.js:2431
[11456156ms] [LOG] [Fast Refresh] rebuilding @ http://localhost:4200/_next/static/chunks/0aus_next_dist_0dxyg_i._.js:2431
[11457720ms] [LOG] [Fast Refresh] done in 1653ms @ http://localhost:4200/_next/static/chunks/0aus_next_dist_0dxyg_i._.js:2431
[11461045ms] [LOG] [Fast Refresh] rebuilding @ http://localhost:4200/_next/static/chunks/0aus_next_dist_0dxyg_i._.js:2431
[11462583ms] [LOG] [Fast Refresh] done in 1590ms @ http://localhost:4200/_next/static/chunks/0aus_next_dist_0dxyg_i._.js:2431
[11465188ms] [LOG] [Fast Refresh] rebuilding @ http://localhost:4200/_next/static/chunks/0aus_next_dist_0dxyg_i._.js:2431
[11466626ms] [LOG] [Fast Refresh] done in 1573ms @ http://localhost:4200/_next/static/chunks/0aus_next_dist_0dxyg_i._.js:2431
[11468919ms] [LOG] [Fast Refresh] rebuilding @ http://localhost:4200/_next/static/chunks/0aus_next_dist_0dxyg_i._.js:2431
[11470117ms] [LOG] [Fast Refresh] done in 1372ms @ http://localhost:4200/_next/static/chunks/0aus_next_dist_0dxyg_i._.js:2431
[11603282ms] [LOG] [Fast Refresh] rebuilding @ http://localhost:4200/_next/static/chunks/0aus_next_dist_0dxyg_i._.js:2431
[11605727ms] [LOG] [Fast Refresh] done in 2559ms @ http://localhost:4200/_next/static/chunks/0aus_next_dist_0dxyg_i._.js:2431
[11606118ms] [LOG] [Fast Refresh] rebuilding @ http://localhost:4200/_next/static/chunks/0aus_next_dist_0dxyg_i._.js:2431
[11606184ms] [LOG] [Fast Refresh] done in 232ms @ http://localhost:4200/_next/static/chunks/0aus_next_dist_0dxyg_i._.js:2431
[11729344ms] [LOG] [Fast Refresh] rebuilding @ http://localhost:4200/_next/static/chunks/0aus_next_dist_0dxyg_i._.js:2431
[11729344ms] [LOG] [Fast Refresh] done in 161ms @ http://localhost:4200/_next/static/chunks/0aus_next_dist_0dxyg_i._.js:2431
[11730465ms] [LOG] [Fast Refresh] rebuilding @ http://localhost:4200/_next/static/chunks/0aus_next_dist_0dxyg_i._.js:2431
[11731334ms] [LOG] [Fast Refresh] done in 1024ms @ http://localhost:4200/_next/static/chunks/0aus_next_dist_0dxyg_i._.js:2431
[11732009ms] [LOG] [Fast Refresh] rebuilding @ http://localhost:4200/_next/static/chunks/0aus_next_dist_0dxyg_i._.js:2431
[11732802ms] [LOG] [Fast Refresh] done in 960ms @ http://localhost:4200/_next/static/chunks/0aus_next_dist_0dxyg_i._.js:2431
[11761124ms] [LOG] [Fast Refresh] rebuilding @ http://localhost:4200/_next/static/chunks/0aus_next_dist_0dxyg_i._.js:2431
[11762433ms] [LOG] [Fast Refresh] done in 1309ms @ http://localhost:4200/_next/static/chunks/0aus_next_dist_0dxyg_i._.js:2431
[11836043ms] [LOG] [Fast Refresh] rebuilding @ http://localhost:4200/_next/static/chunks/0aus_next_dist_0dxyg_i._.js:2431
[11837477ms] ReferenceError: LOGO_GRADIENT is not defined
    at Cell (http://localhost:4200/_next/static/chunks/_0djie5-._.js?id=%255Bproject%255D%252Fapp%252Fspinners-standalone%252Fpage.tsx+%255Bapp-client%255D+%2528ecmascript%2529:1685:50)
    at Object.react_stack_bottom_frame (http://localhost:4200/_next/static/chunks/0aus_next_dist_compiled_react-dom_0v6ubys._.js:15037:24)
    at renderWithHooks (http://localhost:4200/_next/static/chunks/0aus_next_dist_compiled_react-dom_0v6ubys._.js:4620:24)
    at updateFunctionComponent (http://localhost:4200/_next/static/chunks/0aus_next_dist_compiled_react-dom_0v6ubys._.js:6081:21)
    at beginWork (http://localhost:4200/_next/static/chunks/0aus_next_dist_compiled_react-dom_0v6ubys._.js:6691:24)
    at runWithFiberInDEV (http://localhost:4200/_next/static/chunks/0aus_next_dist_compiled_react-dom_0v6ubys._.js:965:74)
    at performUnitOfWork (http://localhost:4200/_next/static/chunks/0aus_next_dist_compiled_react-dom_0v6ubys._.js:9555:97)
    at workLoopSync (http://localhost:4200/_next/static/chunks/0aus_next_dist_compiled_react-dom_0v6ubys._.js:9449:40)
    at renderRootSync (http://localhost:4200/_next/static/chunks/0aus_next_dist_compiled_react-dom_0v6ubys._.js:9433:13)
    at performWorkOnRoot (http://localhost:4200/_next/static/chunks/0aus_next_dist_compiled_react-dom_0v6ubys._.js:9098:47)
    at performSyncWorkOnRoot (http://localhost:4200/_next/static/chunks/0aus_next_dist_compiled_react-dom_0v6ubys._.js:10263:9)
    at flushSyncWorkAcrossRoots_impl (http://localhost:4200/_next/static/chunks/0aus_next_dist_compiled_react-dom_0v6ubys._.js:10179:316)
    at flushSyncWork$1 (http://localhost:4200/_next/static/chunks/0aus_next_dist_compiled_react-dom_0v6ubys._.js:9230:86)
    at Object.scheduleRefresh (http://localhost:4200/_next/static/chunks/0aus_next_dist_compiled_react-dom_0v6ubys._.js:299:13)
    at http://localhost:4200/_next/static/chunks/0aus_next_dist_compiled_0da0l5i._.js:391:33
    at Set.forEach (<anonymous>)
    at Object.performReactRefresh (http://localhost:4200/_next/static/chunks/0aus_next_dist_compiled_0da0l5i._.js:384:38)
    at applyUpdate (http://localhost:4200/_next/static/chunks/0aus_next_dist_compiled_0da0l5i._.js:878:31)
    at http://localhost:4200/_next/static/chunks/0aus_next_dist_compiled_0da0l5i._.js:886:13
[11837397ms] [LOG] [Fast Refresh] done in 1514ms @ http://localhost:4200/_next/static/chunks/0aus_next_dist_0dxyg_i._.js:2431
[11837554ms] [LOG] [Fast Refresh] rebuilding @ http://localhost:4200/_next/static/chunks/0aus_next_dist_0dxyg_i._.js:2431
[11837737ms] [LOG] [Fast Refresh] done in 284ms @ http://localhost:4200/_next/static/chunks/0aus_next_dist_0dxyg_i._.js:2431
[11840660ms] [LOG] [Fast Refresh] rebuilding @ http://localhost:4200/_next/static/chunks/0aus_next_dist_0dxyg_i._.js:2431
[11840863ms] [WARNING] [Fast Refresh] performing full reload because your application had an unrecoverable error @ http://localhost:4200/_next/static/chunks/0aus_next_dist_0dxyg_i._.js:2431
[11840872ms] [ERROR] Encountered a script tag while rendering React component. Scripts inside React components are never executed when rendering on the client. Consider using template tag instead (https://developer.mozilla.org/en-US/docs/Web/HTML/Element/template). @ http://localhost:4200/_next/static/chunks/0aus_next_dist_0dxyg_i._.js:3272
[11841165ms] [LOG] [Fast Refresh] done in 302ms @ http://localhost:4200/_next/static/chunks/0aus_next_dist_0dxyg_i._.js:2431
[11841968ms] [INFO] %cDownload the React DevTools for a better development experience: https://react.dev/link/react-devtools font-weight:bold @ http://localhost:4200/_next/static/chunks/0aus_next_dist_0dxyg_i._.js:2431
[11842012ms] [LOG] [HMR] connected @ http://localhost:4200/_next/static/chunks/0aus_next_dist_0dxyg_i._.js:2431
[11923658ms] [LOG] [Fast Refresh] rebuilding @ http://localhost:4200/_next/static/chunks/0aus_next_dist_0dxyg_i._.js:2431
[11924810ms] [LOG] [Fast Refresh] done in 1278ms @ http://localhost:4200/_next/static/chunks/0aus_next_dist_0dxyg_i._.js:2431
[11927827ms] [LOG] [Fast Refresh] rebuilding @ http://localhost:4200/_next/static/chunks/0aus_next_dist_0dxyg_i._.js:2431
[11928651ms] [LOG] [Fast Refresh] done in 808ms @ http://localhost:4200/_next/static/chunks/0aus_next_dist_0dxyg_i._.js:2431
[12020431ms] [LOG] [Fast Refresh] rebuilding @ http://localhost:4200/_next/static/chunks/0aus_next_dist_0dxyg_i._.js:2431
[12021494ms] [LOG] [Fast Refresh] done in 1113ms @ http://localhost:4200/_next/static/chunks/0aus_next_dist_0dxyg_i._.js:2431
[12173804ms] [LOG] [Fast Refresh] rebuilding @ http://localhost:4200/_next/static/chunks/0aus_next_dist_0dxyg_i._.js:2431
[12175314ms] [LOG] [Fast Refresh] done in 1638ms @ http://localhost:4200/_next/static/chunks/0aus_next_dist_0dxyg_i._.js:2431
[12180781ms] [LOG] [Fast Refresh] rebuilding @ http://localhost:4200/_next/static/chunks/0aus_next_dist_0dxyg_i._.js:2431
[12182119ms] [LOG] [Fast Refresh] done in 1438ms @ http://localhost:4200/_next/static/chunks/0aus_next_dist_0dxyg_i._.js:2431
[12194116ms] [LOG] [Fast Refresh] rebuilding @ http://localhost:4200/_next/static/chunks/0aus_next_dist_0dxyg_i._.js:2431
[12194810ms] [LOG] [Fast Refresh] done in 810ms @ http://localhost:4200/_next/static/chunks/0aus_next_dist_0dxyg_i._.js:2431
[12223130ms] [LOG] [Fast Refresh] rebuilding @ http://localhost:4200/_next/static/chunks/0aus_next_dist_0dxyg_i._.js:2431
[12224080ms] [LOG] [Fast Refresh] done in 1021ms @ http://localhost:4200/_next/static/chunks/0aus_next_dist_0dxyg_i._.js:2431
[12370175ms] [LOG] [Fast Refresh] rebuilding @ http://localhost:4200/_next/static/chunks/0aus_next_dist_0dxyg_i._.js:2431
[12371712ms] [LOG] [Fast Refresh] done in 1597ms @ http://localhost:4200/_next/static/chunks/0aus_next_dist_0dxyg_i._.js:2431
[12383926ms] [LOG] [Fast Refresh] rebuilding @ http://localhost:4200/_next/static/chunks/0aus_next_dist_0dxyg_i._.js:2431
[12384722ms] [LOG] [Fast Refresh] done in 843ms @ http://localhost:4200/_next/static/chunks/0aus_next_dist_0dxyg_i._.js:2431
[12640631ms] [LOG] [Fast Refresh] rebuilding @ http://localhost:4200/_next/static/chunks/0aus_next_dist_0dxyg_i._.js:2431
[12642248ms] [LOG] [Fast Refresh] done in 1657ms @ http://localhost:4200/_next/static/chunks/0aus_next_dist_0dxyg_i._.js:2431
[12702077ms] [LOG] [Fast Refresh] rebuilding @ http://localhost:4200/_next/static/chunks/0aus_next_dist_0dxyg_i._.js:2431
[12703497ms] [LOG] [Fast Refresh] done in 1502ms @ http://localhost:4200/_next/static/chunks/0aus_next_dist_0dxyg_i._.js:2431
[12713687ms] [LOG] [Fast Refresh] rebuilding @ http://localhost:4200/_next/static/chunks/0aus_next_dist_0dxyg_i._.js:2431
[12715324ms] [LOG] [Fast Refresh] done in 1629ms @ http://localhost:4200/_next/static/chunks/0aus_next_dist_0dxyg_i._.js:2431
[12722288ms] [LOG] [Fast Refresh] rebuilding @ http://localhost:4200/_next/static/chunks/0aus_next_dist_0dxyg_i._.js:2431
[12722288ms] [LOG] [Fast Refresh] done in 168ms @ http://localhost:4200/_next/static/chunks/0aus_next_dist_0dxyg_i._.js:2431
[12901070ms] [LOG] [Fast Refresh] rebuilding @ http://localhost:4200/_next/static/chunks/0aus_next_dist_0dxyg_i._.js:2431
[12901855ms] [LOG] [Fast Refresh] done in 870ms @ http://localhost:4200/_next/static/chunks/0aus_next_dist_0dxyg_i._.js:2431
[12905970ms] [LOG] [Fast Refresh] rebuilding @ http://localhost:4200/_next/static/chunks/0aus_next_dist_0dxyg_i._.js:2431
[12906542ms] [LOG] [Fast Refresh] done in 674ms @ http://localhost:4200/_next/static/chunks/0aus_next_dist_0dxyg_i._.js:2431
[13506410ms] [LOG] [Fast Refresh] rebuilding @ http://localhost:4200/_next/static/chunks/0aus_next_dist_0dxyg_i._.js:2431
[13507857ms] [LOG] [Fast Refresh] done in 1499ms @ http://localhost:4200/_next/static/chunks/0aus_next_dist_0dxyg_i._.js:2431
[13510847ms] [LOG] [Fast Refresh] rebuilding @ http://localhost:4200/_next/static/chunks/0aus_next_dist_0dxyg_i._.js:2431
[13511710ms] [LOG] [Fast Refresh] done in 923ms @ http://localhost:4200/_next/static/chunks/0aus_next_dist_0dxyg_i._.js:2431
[13634282ms] [LOG] [Fast Refresh] rebuilding @ http://localhost:4200/_next/static/chunks/0aus_next_dist_0dxyg_i._.js:2431
[13635166ms] [LOG] [Fast Refresh] done in 897ms @ http://localhost:4200/_next/static/chunks/0aus_next_dist_0dxyg_i._.js:2431
[13714621ms] [LOG] [Fast Refresh] rebuilding @ http://localhost:4200/_next/static/chunks/0aus_next_dist_0dxyg_i._.js:2431
[13715675ms] [LOG] [Fast Refresh] done in 1188ms @ http://localhost:4200/_next/static/chunks/0aus_next_dist_0dxyg_i._.js:2431
[13723976ms] [LOG] [Fast Refresh] rebuilding @ http://localhost:4200/_next/static/chunks/0aus_next_dist_0dxyg_i._.js:2431
[13725358ms] [LOG] [Fast Refresh] done in 1531ms @ http://localhost:4200/_next/static/chunks/0aus_next_dist_0dxyg_i._.js:2431
[13728375ms] [LOG] [Fast Refresh] rebuilding @ http://localhost:4200/_next/static/chunks/0aus_next_dist_0dxyg_i._.js:2431
[13729324ms] [LOG] [Fast Refresh] done in 1039ms @ http://localhost:4200/_next/static/chunks/0aus_next_dist_0dxyg_i._.js:2431
[13844421ms] [LOG] [Fast Refresh] rebuilding @ http://localhost:4200/_next/static/chunks/0aus_next_dist_0dxyg_i._.js:2431
[13845629ms] [LOG] [Fast Refresh] done in 1294ms @ http://localhost:4200/_next/static/chunks/0aus_next_dist_0dxyg_i._.js:2431
[13850060ms] [LOG] [Fast Refresh] rebuilding @ http://localhost:4200/_next/static/chunks/0aus_next_dist_0dxyg_i._.js:2431
[13853099ms] [ERROR] ./app/spinners-standalone/page.tsx:262:7
the name `FREE_PRO` is defined multiple times
  260 |
  261 | // Pro patterns that ship free — same set, free tag.
> 262 | const FREE_PRO = new Set(["Pro-27", "Pro-28", "Pro-29"]);
      |       ^^^^^^^^
  263 |
  264 | const BUILTIN_SAVED: SavedPattern[] = PRO_LIBRARY.map((d) => ({
  265 |   id: PRO_ID[d.name] ?? `ms4${d.name.replace("-", "")}`,

Ecmascript file had an error

Import traces:
  Client Component Browser:
    ./app/spinners-standalone/page.tsx [Client Component Browser]
    ./app/spinners-standalone/page.tsx [Server Component]

  Client Component SSR:
    ./app/spinners-standalone/page.tsx [Client Component SSR]
    ./app/spinners-standalone/page.tsx [Server Component] @ http://localhost:4200/_next/static/chunks/0aus_next_dist_0dxyg_i._.js:3272
[13853100ms] [ERROR] ./app/spinners-standalone/page.tsx:262:7
the name `FREE_PRO` is defined multiple times
  260 |
  261 | // Pro patterns that ship free — same set, free tag.
> 262 | const FREE_PRO = new Set(["Pro-27", "Pro-28", "Pro-29"]);
      |       ^^^^^^^^
  263 |
  264 | const BUILTIN_SAVED: SavedPattern[] = PRO_LIBRARY.map((d) => ({
  265 |   id: PRO_ID[d.name] ?? `ms4${d.name.replace("-", "")}`,

Ecmascript file had an error

Import traces:
  Client Component Browser:
    ./app/spinners-standalone/page.tsx [Client Component Browser]
    ./app/spinners-standalone/page.tsx [Server Component]

  Client Component SSR:
    ./app/spinners-standalone/page.tsx [Client Component SSR]
    ./app/spinners-standalone/page.tsx [Server Component] @ http://localhost:4200/_next/static/chunks/0aus_next_dist_0dxyg_i._.js:3272
[13853100ms] [ERROR] ./app/spinners-standalone/page.tsx:262:7
the name `FREE_PRO` is defined multiple times
  260 |
  261 | // Pro patterns that ship free — same set, free tag.
> 262 | const FREE_PRO = new Set(["Pro-27", "Pro-28", "Pro-29"]);
      |       ^^^^^^^^
  263 |
  264 | const BUILTIN_SAVED: SavedPattern[] = PRO_LIBRARY.map((d) => ({
  265 |   id: PRO_ID[d.name] ?? `ms4${d.name.replace("-", "")}`,

Ecmascript file had an error

Import traces:
  Client Component Browser:
    ./app/spinners-standalone/page.tsx [Client Component Browser]
    ./app/spinners-standalone/page.tsx [Server Component]

  Client Component SSR:
    ./app/spinners-standalone/page.tsx [Client Component SSR]
    ./app/spinners-standalone/page.tsx [Server Component] @ http://localhost:4200/_next/static/chunks/0aus_next_dist_0dxyg_i._.js:3272
[13853384ms] [ERROR] ./app/spinners-standalone/page.tsx:262:7
the name `FREE_PRO` is defined multiple times
  260 |
  261 | // Pro patterns that ship free — same set, free tag.
> 262 | const FREE_PRO = new Set(["Pro-27", "Pro-28", "Pro-29"]);
      |       ^^^^^^^^
  263 |
  264 | const BUILTIN_SAVED: SavedPattern[] = PRO_LIBRARY.map((d) => ({
  265 |   id: PRO_ID[d.name] ?? `ms4${d.name.replace("-", "")}`,

Ecmascript file had an error

Import traces:
  Client Component Browser:
    ./app/spinners-standalone/page.tsx [Client Component Browser]
    ./app/spinners-standalone/page.tsx [Server Component]

  Client Component SSR:
    ./app/spinners-standalone/page.tsx [Client Component SSR]
    ./app/spinners-standalone/page.tsx [Server Component] @ http://localhost:4200/_next/static/chunks/0aus_next_dist_0dxyg_i._.js:3272
[13853453ms] [ERROR] ./app/spinners-standalone/page.tsx:262:7
the name `FREE_PRO` is defined multiple times
  260 |
  261 | // Pro patterns that ship free — same set, free tag.
> 262 | const FREE_PRO = new Set(["Pro-27", "Pro-28", "Pro-29"]);
      |       ^^^^^^^^
  263 |
  264 | const BUILTIN_SAVED: SavedPattern[] = PRO_LIBRARY.map((d) => ({
  265 |   id: PRO_ID[d.name] ?? `ms4${d.name.replace("-", "")}`,

Ecmascript file had an error

Import traces:
  Client Component Browser:
    ./app/spinners-standalone/page.tsx [Client Component Browser]
    ./app/spinners-standalone/page.tsx [Server Component]

  Client Component SSR:
    ./app/spinners-standalone/page.tsx [Client Component SSR]
    ./app/spinners-standalone/page.tsx [Server Component] @ http://localhost:4200/_next/static/chunks/0aus_next_dist_0dxyg_i._.js:3272
[13853604ms] [ERROR] ./app/spinners-standalone/page.tsx:262:7
the name `FREE_PRO` is defined multiple times
  260 |
  261 | // Pro patterns that ship free — same set, free tag.
> 262 | const FREE_PRO = new Set(["Pro-27", "Pro-28", "Pro-29"]);
      |       ^^^^^^^^
  263 |
  264 | const BUILTIN_SAVED: SavedPattern[] = PRO_LIBRARY.map((d) => ({
  265 |   id: PRO_ID[d.name] ?? `ms4${d.name.replace("-", "")}`,

Ecmascript file had an error

Import traces:
  Client Component Browser:
    ./app/spinners-standalone/page.tsx [Client Component Browser]
    ./app/spinners-standalone/page.tsx [Server Component]

  Client Component SSR:
    ./app/spinners-standalone/page.tsx [Client Component SSR]
    ./app/spinners-standalone/page.tsx [Server Component] @ http://localhost:4200/_next/static/chunks/0aus_next_dist_0dxyg_i._.js:3272
[13853604ms] [LOG] [Fast Refresh] rebuilding @ http://localhost:4200/_next/static/chunks/0aus_next_dist_0dxyg_i._.js:2431
[13853765ms] [LOG] [Fast Refresh] rebuilding @ http://localhost:4200/_next/static/chunks/0aus_next_dist_0dxyg_i._.js:2431
[13854451ms] [ERROR] ./app/spinners-standalone/page.tsx:262:7
the name `FREE_PRO` is defined multiple times
  260 |
  261 | // Pro patterns that ship free — same set, free tag.
> 262 | const FREE_PRO = new Set(["Pro-27", "Pro-28", "Pro-29"]);
      |       ^^^^^^^^
  263 |
  264 | const BUILTIN_SAVED: SavedPattern[] = PRO_LIBRARY.map((d) => ({
  265 |   id: PRO_ID[d.name] ?? `ms4${d.name.replace("-", "")}`,

Ecmascript file had an error

Import traces:
  Client Component Browser:
    ./app/spinners-standalone/page.tsx [Client Component Browser]
    ./app/spinners-standalone/page.tsx [Server Component]

  Client Component SSR:
    ./app/spinners-standalone/page.tsx [Client Component SSR]
    ./app/spinners-standalone/page.tsx [Server Component] @ http://localhost:4200/_next/static/chunks/0aus_next_dist_0dxyg_i._.js:3272
[13854451ms] [ERROR] ./app/spinners-standalone/page.tsx:262:7
the name `FREE_PRO` is defined multiple times
  260 |
  261 | // Pro patterns that ship free — same set, free tag.
> 262 | const FREE_PRO = new Set(["Pro-27", "Pro-28", "Pro-29"]);
      |       ^^^^^^^^
  263 |
  264 | const BUILTIN_SAVED: SavedPattern[] = PRO_LIBRARY.map((d) => ({
  265 |   id: PRO_ID[d.name] ?? `ms4${d.name.replace("-", "")}`,

Ecmascript file had an error

Import traces:
  Client Component Browser:
    ./app/spinners-standalone/page.tsx [Client Component Browser]
    ./app/spinners-standalone/page.tsx [Server Component]

  Client Component SSR:
    ./app/spinners-standalone/page.tsx [Client Component SSR]
    ./app/spinners-standalone/page.tsx [Server Component] @ http://localhost:4200/_next/static/chunks/0aus_next_dist_0dxyg_i._.js:3272
[13854522ms] [ERROR] ./app/spinners-standalone/page.tsx:262:7
the name `FREE_PRO` is defined multiple times
  260 |
  261 | // Pro patterns that ship free — same set, free tag.
> 262 | const FREE_PRO = new Set(["Pro-27", "Pro-28", "Pro-29"]);
      |       ^^^^^^^^
  263 |
  264 | const BUILTIN_SAVED: SavedPattern[] = PRO_LIBRARY.map((d) => ({
  265 |   id: PRO_ID[d.name] ?? `ms4${d.name.replace("-", "")}`,

Ecmascript file had an error

Import traces:
  Client Component Browser:
    ./app/spinners-standalone/page.tsx [Client Component Browser]
    ./app/spinners-standalone/page.tsx [Server Component]

  Client Component SSR:
    ./app/spinners-standalone/page.tsx [Client Component SSR]
    ./app/spinners-standalone/page.tsx [Server Component] @ http://localhost:4200/_next/static/chunks/0aus_next_dist_0dxyg_i._.js:3272
[13854569ms] [ERROR] Failed to load resource: the server responded with a status of 500 (Internal Server Error) @ http://localhost:4200/spinners-standalone?_rsc=1agee#docs:0
[13854599ms] [ERROR] ./app/spinners-standalone/page.tsx:262:7
the name `FREE_PRO` is defined multiple times
  260 |
  261 | // Pro patterns that ship free — same set, free tag.
> 262 | const FREE_PRO = new Set(["Pro-27", "Pro-28", "Pro-29"]);
      |       ^^^^^^^^
  263 |
  264 | const BUILTIN_SAVED: SavedPattern[] = PRO_LIBRARY.map((d) => ({
  265 |   id: PRO_ID[d.name] ?? `ms4${d.name.replace("-", "")}`,

Ecmascript file had an error

Import traces:
  Client Component Browser:
    ./app/spinners-standalone/page.tsx [Client Component Browser]
    ./app/spinners-standalone/page.tsx [Server Component]

  Client Component SSR:
    ./app/spinners-standalone/page.tsx [Client Component SSR]
    ./app/spinners-standalone/page.tsx [Server Component] @ http://localhost:4200/_next/static/chunks/0aus_next_dist_0dxyg_i._.js:3272
[13854670ms] [ERROR] ./app/spinners-standalone/page.tsx:262:7
the name `FREE_PRO` is defined multiple times
  260 |
  261 | // Pro patterns that ship free — same set, free tag.
> 262 | const FREE_PRO = new Set(["Pro-27", "Pro-28", "Pro-29"]);
      |       ^^^^^^^^
  263 |
  264 | const BUILTIN_SAVED: SavedPattern[] = PRO_LIBRARY.map((d) => ({
  265 |   id: PRO_ID[d.name] ?? `ms4${d.name.replace("-", "")}`,

Ecmascript file had an error

Import traces:
  Client Component Browser:
    ./app/spinners-standalone/page.tsx [Client Component Browser]
    ./app/spinners-standalone/page.tsx [Server Component]

  Client Component SSR:
    ./app/spinners-standalone/page.tsx [Client Component SSR]
    ./app/spinners-standalone/page.tsx [Server Component] @ http://localhost:4200/_next/static/chunks/0aus_next_dist_0dxyg_i._.js:3272
[13854737ms] [LOG] [Fast Refresh] rebuilding @ http://localhost:4200/_next/static/chunks/0aus_next_dist_0dxyg_i._.js:2431
[13855138ms] [LOG] [Fast Refresh] rebuilding @ http://localhost:4200/_next/static/chunks/0aus_next_dist_0dxyg_i._.js:2431
[13855305ms] [ERROR] ./app/spinners-standalone/page.tsx:262:7
the name `FREE_PRO` is defined multiple times
  260 |
  261 | // Pro patterns that ship free — same set, free tag.
> 262 | const FREE_PRO = new Set(["Pro-27", "Pro-28", "Pro-29"]);
      |       ^^^^^^^^
  263 |
  264 | const BUILTIN_SAVED: SavedPattern[] = PRO_LIBRARY.map((d) => ({
  265 |   id: PRO_ID[d.name] ?? `ms4${d.name.replace("-", "")}`,

Ecmascript file had an error

Import traces:
  Client Component Browser:
    ./app/spinners-standalone/page.tsx [Client Component Browser]
    ./app/spinners-standalone/page.tsx [Server Component]

  Client Component SSR:
    ./app/spinners-standalone/page.tsx [Client Component SSR]
    ./app/spinners-standalone/page.tsx [Server Component] @ http://localhost:4200/_next/static/chunks/0aus_next_dist_0dxyg_i._.js:3272
[13857901ms] [LOG] [Fast Refresh] rebuilding @ http://localhost:4200/_next/static/chunks/0aus_next_dist_0dxyg_i._.js:2431
[13859593ms] [LOG] [Fast Refresh] done in 1726ms @ http://localhost:4200/_next/static/chunks/0aus_next_dist_0dxyg_i._.js:2431
[13859850ms] [LOG] [Fast Refresh] rebuilding @ http://localhost:4200/_next/static/chunks/0aus_next_dist_0dxyg_i._.js:2431
[13860258ms] [LOG] [Fast Refresh] done in 585ms @ http://localhost:4200/_next/static/chunks/0aus_next_dist_0dxyg_i._.js:2431
[13862908ms] [LOG] [Fast Refresh] rebuilding @ http://localhost:4200/_next/static/chunks/0aus_next_dist_0dxyg_i._.js:2431
[13864487ms] [LOG] [Fast Refresh] done in 1641ms @ http://localhost:4200/_next/static/chunks/0aus_next_dist_0dxyg_i._.js:2431
[13868216ms] [LOG] [Fast Refresh] rebuilding @ http://localhost:4200/_next/static/chunks/0aus_next_dist_0dxyg_i._.js:2431
[13869143ms] [LOG] [Fast Refresh] done in 1042ms @ http://localhost:4200/_next/static/chunks/0aus_next_dist_0dxyg_i._.js:2431
[13872158ms] [LOG] [Fast Refresh] rebuilding @ http://localhost:4200/_next/static/chunks/0aus_next_dist_0dxyg_i._.js:2431
[13873056ms] [LOG] [Fast Refresh] done in 991ms @ http://localhost:4200/_next/static/chunks/0aus_next_dist_0dxyg_i._.js:2431
[13883784ms] [LOG] [Fast Refresh] rebuilding @ http://localhost:4200/_next/static/chunks/0aus_next_dist_0dxyg_i._.js:2431
[13884443ms] [LOG] [Fast Refresh] done in 731ms @ http://localhost:4200/_next/static/chunks/0aus_next_dist_0dxyg_i._.js:2431
[14069838ms] [LOG] [Fast Refresh] rebuilding @ http://localhost:4200/_next/static/chunks/0aus_next_dist_0dxyg_i._.js:2431
[14070880ms] [LOG] [Fast Refresh] done in 1198ms @ http://localhost:4200/_next/static/chunks/0aus_next_dist_0dxyg_i._.js:2431
[14074230ms] [LOG] [Fast Refresh] rebuilding @ http://localhost:4200/_next/static/chunks/0aus_next_dist_0dxyg_i._.js:2431
[14075012ms] [LOG] [Fast Refresh] done in 897ms @ http://localhost:4200/_next/static/chunks/0aus_next_dist_0dxyg_i._.js:2431
[14086250ms] [LOG] [Fast Refresh] rebuilding @ http://localhost:4200/_next/static/chunks/0aus_next_dist_0dxyg_i._.js:2431
[14087092ms] [LOG] [Fast Refresh] done in 1017ms @ http://localhost:4200/_next/static/chunks/0aus_next_dist_0dxyg_i._.js:2431
[14195084ms] [LOG] [Fast Refresh] rebuilding @ http://localhost:4200/_next/static/chunks/0aus_next_dist_0dxyg_i._.js:2431
[14196326ms] [LOG] [Fast Refresh] done in 1319ms @ http://localhost:4200/_next/static/chunks/0aus_next_dist_0dxyg_i._.js:2431
[14199096ms] [LOG] [Fast Refresh] rebuilding @ http://localhost:4200/_next/static/chunks/0aus_next_dist_0dxyg_i._.js:2431
[14199600ms] [LOG] [Fast Refresh] done in 595ms @ http://localhost:4200/_next/static/chunks/0aus_next_dist_0dxyg_i._.js:2431
[14203489ms] [LOG] [Fast Refresh] rebuilding @ http://localhost:4200/_next/static/chunks/0aus_next_dist_0dxyg_i._.js:2431
[14204198ms] [LOG] [Fast Refresh] done in 736ms @ http://localhost:4200/_next/static/chunks/0aus_next_dist_0dxyg_i._.js:2431
[14437816ms] [LOG] [Fast Refresh] rebuilding @ http://localhost:4200/_next/static/chunks/0aus_next_dist_0dxyg_i._.js:2431
[14438627ms] [LOG] [Fast Refresh] done in 888ms @ http://localhost:4200/_next/static/chunks/0aus_next_dist_0dxyg_i._.js:2431
[14441788ms] [LOG] [Fast Refresh] rebuilding @ http://localhost:4200/_next/static/chunks/0aus_next_dist_0dxyg_i._.js:2431
[14442257ms] [LOG] [Fast Refresh] done in 594ms @ http://localhost:4200/_next/static/chunks/0aus_next_dist_0dxyg_i._.js:2431
[14446244ms] [LOG] [Fast Refresh] rebuilding @ http://localhost:4200/_next/static/chunks/0aus_next_dist_0dxyg_i._.js:2431
[14446970ms] [LOG] [Fast Refresh] done in 837ms @ http://localhost:4200/_next/static/chunks/0aus_next_dist_0dxyg_i._.js:2431
[14542889ms] [LOG] [Fast Refresh] rebuilding @ http://localhost:4200/_next/static/chunks/0aus_next_dist_0dxyg_i._.js:2431
[14543853ms] [LOG] [Fast Refresh] done in 1036ms @ http://localhost:4200/_next/static/chunks/0aus_next_dist_0dxyg_i._.js:2431
[14548141ms] [LOG] [Fast Refresh] rebuilding @ http://localhost:4200/_next/static/chunks/0aus_next_dist_0dxyg_i._.js:2431
[14548613ms] [LOG] [Fast Refresh] done in 568ms @ http://localhost:4200/_next/static/chunks/0aus_next_dist_0dxyg_i._.js:2431
[14553314ms] [LOG] [Fast Refresh] rebuilding @ http://localhost:4200/_next/static/chunks/0aus_next_dist_0dxyg_i._.js:2431
[14554072ms] [LOG] [Fast Refresh] done in 761ms @ http://localhost:4200/_next/static/chunks/0aus_next_dist_0dxyg_i._.js:2431
[14854491ms] [LOG] [Fast Refresh] rebuilding @ http://localhost:4200/_next/static/chunks/0aus_next_dist_0dxyg_i._.js:2431
[14855258ms] [LOG] [Fast Refresh] done in 848ms @ http://localhost:4200/_next/static/chunks/0aus_next_dist_0dxyg_i._.js:2431
[14858960ms] [LOG] [Fast Refresh] rebuilding @ http://localhost:4200/_next/static/chunks/0aus_next_dist_0dxyg_i._.js:2431
[14859572ms] [LOG] [Fast Refresh] done in 699ms @ http://localhost:4200/_next/static/chunks/0aus_next_dist_0dxyg_i._.js:2431
[14863434ms] [LOG] [Fast Refresh] rebuilding @ http://localhost:4200/_next/static/chunks/0aus_next_dist_0dxyg_i._.js:2431
[14864156ms] [LOG] [Fast Refresh] done in 752ms @ http://localhost:4200/_next/static/chunks/0aus_next_dist_0dxyg_i._.js:2431
[14890383ms] [LOG] [Fast Refresh] rebuilding @ http://localhost:4200/_next/static/chunks/0aus_next_dist_0dxyg_i._.js:2431
[14890906ms] [LOG] [Fast Refresh] done in 733ms @ http://localhost:4200/_next/static/chunks/0aus_next_dist_0dxyg_i._.js:2431
[16207940ms] [LOG] [Fast Refresh] rebuilding @ http://localhost:4200/_next/static/chunks/0aus_next_dist_0dxyg_i._.js:2431
[16211154ms] [LOG] [Fast Refresh] done in 3184ms @ http://localhost:4200/_next/static/chunks/0aus_next_dist_0dxyg_i._.js:2431
[16211846ms] [LOG] [Fast Refresh] rebuilding @ http://localhost:4200/_next/static/chunks/0aus_next_dist_0dxyg_i._.js:2431
[16214769ms] [LOG] [Fast Refresh] done in 2873ms @ http://localhost:4200/_next/static/chunks/0aus_next_dist_0dxyg_i._.js:2431
[16218366ms] [LOG] [Fast Refresh] rebuilding @ http://localhost:4200/_next/static/chunks/0aus_next_dist_0dxyg_i._.js:2431
[16218367ms] [LOG] [Fast Refresh] done in 260ms @ http://localhost:4200/_next/static/chunks/0aus_next_dist_0dxyg_i._.js:2431
[16218834ms] [LOG] [Fast Refresh] rebuilding @ http://localhost:4200/_next/static/chunks/0aus_next_dist_0dxyg_i._.js:2431
[16222516ms] [LOG] [Fast Refresh] done in 3620ms @ http://localhost:4200/_next/static/chunks/0aus_next_dist_0dxyg_i._.js:2431
[17423249ms] [ERROR] WebSocket connection to 'ws://localhost:4200/_next/webpack-hmr?id=4DWziLr6KhSx3DJ2AcHMi' failed: Error in connection establishment: net::ERR_CONNECTION_REFUSED @ http://localhost:4200/_next/static/chunks/0aus_next_dist_client_02k4~6y._.js:13299
[17424886ms] [ERROR] WebSocket connection to 'ws://localhost:4200/_next/webpack-hmr?id=4DWziLr6KhSx3DJ2AcHMi' failed: Error in connection establishment: net::ERR_CONNECTION_REFUSED @ http://localhost:4200/_next/static/chunks/0aus_next_dist_client_02k4~6y._.js:13299
[17426394ms] [ERROR] WebSocket connection to 'ws://localhost:4200/_next/webpack-hmr?id=4DWziLr6KhSx3DJ2AcHMi' failed: Error in connection establishment: net::ERR_CONNECTION_REFUSED @ http://localhost:4200/_next/static/chunks/0aus_next_dist_client_02k4~6y._.js:13299
[17427940ms] [ERROR] WebSocket connection to 'ws://localhost:4200/_next/webpack-hmr?id=4DWziLr6KhSx3DJ2AcHMi' failed: Error in connection establishment: net::ERR_CONNECTION_REFUSED @ http://localhost:4200/_next/static/chunks/0aus_next_dist_client_02k4~6y._.js:13299
[17429500ms] [ERROR] WebSocket connection to 'ws://localhost:4200/_next/webpack-hmr?id=4DWziLr6KhSx3DJ2AcHMi' failed: Error in connection establishment: net::ERR_CONNECTION_REFUSED @ http://localhost:4200/_next/static/chunks/0aus_next_dist_client_02k4~6y._.js:13299
[17435060ms] [ERROR] WebSocket connection to 'ws://localhost:4200/_next/webpack-hmr?id=4DWziLr6KhSx3DJ2AcHMi' failed: Error in connection establishment: net::ERR_CONNECTION_REFUSED @ http://localhost:4200/_next/static/chunks/0aus_next_dist_client_02k4~6y._.js:13299
[17440762ms] [ERROR] WebSocket connection to 'ws://localhost:4200/_next/webpack-hmr?id=4DWziLr6KhSx3DJ2AcHMi' failed: Error in connection establishment: net::ERR_CONNECTION_REFUSED @ http://localhost:4200/_next/static/chunks/0aus_next_dist_client_02k4~6y._.js:13299
[17446321ms] [ERROR] WebSocket connection to 'ws://localhost:4200/_next/webpack-hmr?id=4DWziLr6KhSx3DJ2AcHMi' failed: Error in connection establishment: net::ERR_CONNECTION_REFUSED @ http://localhost:4200/_next/static/chunks/0aus_next_dist_client_02k4~6y._.js:13299
[17481165ms] [LOG] [HMR] connected @ http://localhost:4200/_next/static/chunks/0aus_next_dist_0dxyg_i._.js:2431
[17516426ms] [INFO] %cDownload the React DevTools for a better development experience: https://react.dev/link/react-devtools font-weight:bold @ http://localhost:4200/_next/static/chunks/0aus_next_dist_0dxyg_i._.js:2431
[17516471ms] [LOG] [HMR] connected @ http://localhost:4200/_next/static/chunks/0aus_next_dist_0dxyg_i._.js:2431
[17518143ms] [LOG] [Fast Refresh] rebuilding @ http://localhost:4200/_next/static/chunks/0aus_next_dist_0dxyg_i._.js:2431
[17518150ms] [LOG] [Fast Refresh] done in 195ms @ http://localhost:4200/_next/static/chunks/0aus_next_dist_0dxyg_i._.js:2431
