[     467ms] [INFO] %cDownload the React DevTools for a better development experience: https://react.dev/link/react-devtools font-weight:bold @ http://localhost:4500/_next/static/chunks/0aus_next_dist_0dxyg_i._.js:2431
[     489ms] [LOG] [HMR] connected @ http://localhost:4500/_next/static/chunks/0aus_next_dist_0dxyg_i._.js:2431
[     662ms] [LOG] [Fast Refresh] rebuilding @ http://localhost:4500/_next/static/chunks/0aus_next_dist_0dxyg_i._.js:2431
[    1518ms] [LOG] [Fast Refresh] done in 980ms @ http://localhost:4500/_next/static/chunks/0aus_next_dist_0dxyg_i._.js:2431
[    5025ms] [LOG] [Fast Refresh] rebuilding @ http://localhost:4500/_next/static/chunks/0aus_next_dist_0dxyg_i._.js:2431
[    5619ms] [LOG] [Fast Refresh] done in 697ms @ http://localhost:4500/_next/static/chunks/0aus_next_dist_0dxyg_i._.js:2431
[   59475ms] [LOG] [Fast Refresh] rebuilding @ http://localhost:4500/_next/static/chunks/0aus_next_dist_0dxyg_i._.js:2431
[   59491ms] [LOG] [Fast Refresh] done in 119ms @ http://localhost:4500/_next/static/chunks/0aus_next_dist_0dxyg_i._.js:2431
[   59656ms] [LOG] [Fast Refresh] rebuilding @ http://localhost:4500/_next/static/chunks/0aus_next_dist_0dxyg_i._.js:2431
[   59732ms] [LOG] [Fast Refresh] done in 177ms @ http://localhost:4500/_next/static/chunks/0aus_next_dist_0dxyg_i._.js:2431
[  529135ms] [LOG] [Fast Refresh] rebuilding @ http://localhost:4500/_next/static/chunks/0aus_next_dist_0dxyg_i._.js:2431
[  531311ms] [LOG] [Fast Refresh] done in 2066ms @ http://localhost:4500/_next/static/chunks/0aus_next_dist_0dxyg_i._.js:2431
[  531777ms] [LOG] [Fast Refresh] rebuilding @ http://localhost:4500/_next/static/chunks/0aus_next_dist_0dxyg_i._.js:2431
[  532135ms] [LOG] [Fast Refresh] done in 466ms @ http://localhost:4500/_next/static/chunks/0aus_next_dist_0dxyg_i._.js:2431
[  548295ms] [LOG] [Fast Refresh] rebuilding @ http://localhost:4500/_next/static/chunks/0aus_next_dist_0dxyg_i._.js:2431
[  549116ms] [LOG] [Fast Refresh] done in 767ms @ http://localhost:4500/_next/static/chunks/0aus_next_dist_0dxyg_i._.js:2431
[  622317ms] [LOG] [Fast Refresh] rebuilding @ http://localhost:4500/_next/static/chunks/0aus_next_dist_0dxyg_i._.js:2431
[  623331ms] [LOG] [Fast Refresh] done in 1098ms @ http://localhost:4500/_next/static/chunks/0aus_next_dist_0dxyg_i._.js:2431
[  628911ms] [LOG] [Fast Refresh] rebuilding @ http://localhost:4500/_next/static/chunks/0aus_next_dist_0dxyg_i._.js:2431
[  629605ms] [LOG] [Fast Refresh] done in 728ms @ http://localhost:4500/_next/static/chunks/0aus_next_dist_0dxyg_i._.js:2431
[  629838ms] [LOG] [Fast Refresh] rebuilding @ http://localhost:4500/_next/static/chunks/0aus_next_dist_0dxyg_i._.js:2431
[  629931ms] [LOG] [Fast Refresh] done in 194ms @ http://localhost:4500/_next/static/chunks/0aus_next_dist_0dxyg_i._.js:2431
[  630056ms] [LOG] [Fast Refresh] rebuilding @ http://localhost:4500/_next/static/chunks/0aus_next_dist_0dxyg_i._.js:2431
[  630069ms] [LOG] [Fast Refresh] done in 114ms @ http://localhost:4500/_next/static/chunks/0aus_next_dist_0dxyg_i._.js:2431
[  637769ms] [LOG] [Fast Refresh] rebuilding @ http://localhost:4500/_next/static/chunks/0aus_next_dist_0dxyg_i._.js:2431
[  643506ms] [LOG] [Fast Refresh] done in 5640ms @ http://localhost:4500/_next/static/chunks/0aus_next_dist_0dxyg_i._.js:2431
[  644381ms] [LOG] [Fast Refresh] rebuilding @ http://localhost:4500/_next/static/chunks/0aus_next_dist_0dxyg_i._.js:2431
[  647327ms] [LOG] [Fast Refresh] done in 3052ms @ http://localhost:4500/_next/static/chunks/0aus_next_dist_0dxyg_i._.js:2431
[  648125ms] [LOG] [Fast Refresh] rebuilding @ http://localhost:4500/_next/static/chunks/0aus_next_dist_0dxyg_i._.js:2431
[  648543ms] [LOG] [Fast Refresh] done in 522ms @ http://localhost:4500/_next/static/chunks/0aus_next_dist_0dxyg_i._.js:2431
[  648686ms] [LOG] [Fast Refresh] rebuilding @ http://localhost:4500/_next/static/chunks/0aus_next_dist_0dxyg_i._.js:2431
[  648803ms] [LOG] [Fast Refresh] done in 218ms @ http://localhost:4500/_next/static/chunks/0aus_next_dist_0dxyg_i._.js:2431
[  665454ms] [LOG] [Fast Refresh] rebuilding @ http://localhost:4500/_next/static/chunks/0aus_next_dist_0dxyg_i._.js:2431
[  666942ms] [LOG] [Fast Refresh] done in 1590ms @ http://localhost:4500/_next/static/chunks/0aus_next_dist_0dxyg_i._.js:2431
[  667385ms] [LOG] [Fast Refresh] rebuilding @ http://localhost:4500/_next/static/chunks/0aus_next_dist_0dxyg_i._.js:2431
[  667674ms] [LOG] [Fast Refresh] done in 390ms @ http://localhost:4500/_next/static/chunks/0aus_next_dist_0dxyg_i._.js:2431
[  669884ms] [LOG] [Fast Refresh] rebuilding @ http://localhost:4500/_next/static/chunks/0aus_next_dist_0dxyg_i._.js:2431
[  670190ms] [LOG] [Fast Refresh] done in 420ms @ http://localhost:4500/_next/static/chunks/0aus_next_dist_0dxyg_i._.js:2431
