[     283ms] [LOG] [Fast Refresh] rebuilding @ http://localhost:4200/_next/static/chunks/0aus_next_dist_0dxyg_i._.js:2431
[     555ms] [LOG] [Fast Refresh] done in 372ms @ http://localhost:4200/_next/static/chunks/0aus_next_dist_0dxyg_i._.js:2431
[     656ms] [LOG] [Fast Refresh] rebuilding @ http://localhost:4200/_next/static/chunks/0aus_next_dist_0dxyg_i._.js:2431
[    2449ms] [INFO] %cDownload the React DevTools for a better development experience: https://react.dev/link/react-devtools font-weight:bold @ http://localhost:4200/_next/static/chunks/0aus_next_dist_0dxyg_i._.js:2431
[    2481ms] [LOG] [HMR] connected @ http://localhost:4200/_next/static/chunks/0aus_next_dist_0dxyg_i._.js:2431
[    2640ms] [LOG] [Fast Refresh] rebuilding @ http://localhost:4200/_next/static/chunks/0aus_next_dist_0dxyg_i._.js:2431
[    2990ms] [LOG] [Fast Refresh] done in 450ms @ http://localhost:4200/_next/static/chunks/0aus_next_dist_0dxyg_i._.js:2431
[    3572ms] [LOG] [Fast Refresh] rebuilding @ http://localhost:4200/_next/static/chunks/0aus_next_dist_0dxyg_i._.js:2431
[    3916ms] [LOG] [Fast Refresh] done in 446ms @ http://localhost:4200/_next/static/chunks/0aus_next_dist_0dxyg_i._.js:2431
[   10230ms] [LOG] [Fast Refresh] rebuilding @ http://localhost:4200/_next/static/chunks/0aus_next_dist_0dxyg_i._.js:2431
[   10632ms] [LOG] [Fast Refresh] done in 502ms @ http://localhost:4200/_next/static/chunks/0aus_next_dist_0dxyg_i._.js:2431
[   19788ms] [LOG] [Fast Refresh] rebuilding @ http://localhost:4200/_next/static/chunks/0aus_next_dist_0dxyg_i._.js:2431
[   19872ms] [LOG] [Fast Refresh] done in 186ms @ http://localhost:4200/_next/static/chunks/0aus_next_dist_0dxyg_i._.js:2431
[   47015ms] [LOG] [Fast Refresh] rebuilding @ http://localhost:4200/_next/static/chunks/0aus_next_dist_0dxyg_i._.js:2431
[   47495ms] [LOG] [Fast Refresh] done in 526ms @ http://localhost:4200/_next/static/chunks/0aus_next_dist_0dxyg_i._.js:2431
[   49154ms] [LOG] [Fast Refresh] rebuilding @ http://localhost:4200/_next/static/chunks/0aus_next_dist_0dxyg_i._.js:2431
[   49223ms] [LOG] [Fast Refresh] done in 172ms @ http://localhost:4200/_next/static/chunks/0aus_next_dist_0dxyg_i._.js:2431
[   51359ms] [LOG] [Fast Refresh] rebuilding @ http://localhost:4200/_next/static/chunks/0aus_next_dist_0dxyg_i._.js:2431
[   51937ms] [LOG] [Fast Refresh] done in 467ms @ http://localhost:4200/_next/static/chunks/0aus_next_dist_0dxyg_i._.js:2431
[   52262ms] [LOG] [Fast Refresh] rebuilding @ http://localhost:4200/_next/static/chunks/0aus_next_dist_0dxyg_i._.js:2431
[   52356ms] [LOG] [Fast Refresh] done in 196ms @ http://localhost:4200/_next/static/chunks/0aus_next_dist_0dxyg_i._.js:2431
[   60501ms] [LOG] [Fast Refresh] rebuilding @ http://localhost:4200/_next/static/chunks/0aus_next_dist_0dxyg_i._.js:2431
[   61619ms] [LOG] [Fast Refresh] done in 589ms @ http://localhost:4200/_next/static/chunks/0aus_next_dist_0dxyg_i._.js:2431
[   64579ms] [LOG] [Fast Refresh] rebuilding @ http://localhost:4200/_next/static/chunks/0aus_next_dist_0dxyg_i._.js:2431
[   64861ms] [LOG] [Fast Refresh] done in 310ms @ http://localhost:4200/_next/static/chunks/0aus_next_dist_0dxyg_i._.js:2431
[   65152ms] ReferenceError: GLYPH_BOLT is not defined
    at Page (about://React/Server/file:///Users/godwinjanarthan/Documents/Projects/d2studio-ui/.next/dev/server/chunks/ssr/app_bento-5_0hf1w93._.js?id=%255Bproject%255D%252Fapp%252Fbento-5%252Fpage.tsx+%255Bapp-rsc%255D+%2528ecmascript%2529?777:333:52)
    at resolveErrorDev (http://localhost:4200/_next/static/chunks/0aus_next_dist_compiled_react-server-dom-turbopack_0bo9_ln._.js:1919:105)
    at processFullStringRow (http://localhost:4200/_next/static/chunks/0aus_next_dist_compiled_react-server-dom-turbopack_0bo9_ln._.js:2434:29)
    at processFullBinaryRow (http://localhost:4200/_next/static/chunks/0aus_next_dist_compiled_react-server-dom-turbopack_0bo9_ln._.js:2393:9)
    at processBinaryChunk (http://localhost:4200/_next/static/chunks/0aus_next_dist_compiled_react-server-dom-turbopack_0bo9_ln._.js:2502:221)
    at progress (http://localhost:4200/_next/static/chunks/0aus_next_dist_compiled_react-server-dom-turbopack_0bo9_ln._.js:2689:13)
[   67873ms] [LOG] [Fast Refresh] rebuilding @ http://localhost:4200/_next/static/chunks/0aus_next_dist_0dxyg_i._.js:2431
[   68305ms] [LOG] [Fast Refresh] done in 321ms @ http://localhost:4200/_next/static/chunks/0aus_next_dist_0dxyg_i._.js:2431
[   71065ms] [INFO] %cDownload the React DevTools for a better development experience: https://react.dev/link/react-devtools font-weight:bold @ http://localhost:4200/_next/static/chunks/0aus_next_dist_0dxyg_i._.js:2431
[   71091ms] [LOG] [HMR] connected @ http://localhost:4200/_next/static/chunks/0aus_next_dist_0dxyg_i._.js:2431
[   71321ms] [LOG] [Fast Refresh] rebuilding @ http://localhost:4200/_next/static/chunks/0aus_next_dist_0dxyg_i._.js:2431
[   71336ms] [LOG] [Fast Refresh] done in 115ms @ http://localhost:4200/_next/static/chunks/0aus_next_dist_0dxyg_i._.js:2431
[   74709ms] [LOG] [Fast Refresh] rebuilding @ http://localhost:4200/_next/static/chunks/0aus_next_dist_0dxyg_i._.js:2431
[   74726ms] [LOG] [Fast Refresh] done in 118ms @ http://localhost:4200/_next/static/chunks/0aus_next_dist_0dxyg_i._.js:2431
[   74828ms] [LOG] [Fast Refresh] rebuilding @ http://localhost:4200/_next/static/chunks/0aus_next_dist_0dxyg_i._.js:2431
[   78044ms] [ERROR] Can't perform a React state update on a component that hasn't mounted yet. This indicates that you have a side-effect in your render function that asynchronously tries to update the component. Move this work to useEffect instead. @ http://localhost:4200/_next/static/chunks/0aus_next_dist_0dxyg_i._.js:3272
[   81153ms] [LOG] [Fast Refresh] done in 4605ms @ http://localhost:4200/_next/static/chunks/0aus_next_dist_0dxyg_i._.js:2431
[   83651ms] [LOG] [Fast Refresh] rebuilding @ http://localhost:4200/_next/static/chunks/0aus_next_dist_0dxyg_i._.js:2431
[   83750ms] [LOG] [Fast Refresh] done in 199ms @ http://localhost:4200/_next/static/chunks/0aus_next_dist_0dxyg_i._.js:2431
[   84202ms] [LOG] [Fast Refresh] rebuilding @ http://localhost:4200/_next/static/chunks/0aus_next_dist_0dxyg_i._.js:2431
[   84338ms] [LOG] [Fast Refresh] done in 237ms @ http://localhost:4200/_next/static/chunks/0aus_next_dist_0dxyg_i._.js:2431
[   84661ms] [LOG] [Fast Refresh] rebuilding @ http://localhost:4200/_next/static/chunks/0aus_next_dist_0dxyg_i._.js:2431
[   84838ms] [LOG] [Fast Refresh] done in 278ms @ http://localhost:4200/_next/static/chunks/0aus_next_dist_0dxyg_i._.js:2431
[   87810ms] [LOG] [Fast Refresh] rebuilding @ http://localhost:4200/_next/static/chunks/0aus_next_dist_0dxyg_i._.js:2431
[   87948ms] [LOG] [Fast Refresh] done in 237ms @ http://localhost:4200/_next/static/chunks/0aus_next_dist_0dxyg_i._.js:2431
[   88147ms] [LOG] [Fast Refresh] rebuilding @ http://localhost:4200/_next/static/chunks/0aus_next_dist_0dxyg_i._.js:2431
[   88214ms] [LOG] [Fast Refresh] done in 167ms @ http://localhost:4200/_next/static/chunks/0aus_next_dist_0dxyg_i._.js:2431
[   91473ms] [LOG] [Fast Refresh] rebuilding @ http://localhost:4200/_next/static/chunks/0aus_next_dist_0dxyg_i._.js:2431
[   92124ms] [LOG] [Fast Refresh] done in 752ms @ http://localhost:4200/_next/static/chunks/0aus_next_dist_0dxyg_i._.js:2431
[   92226ms] [LOG] [Fast Refresh] rebuilding @ http://localhost:4200/_next/static/chunks/0aus_next_dist_0dxyg_i._.js:2431
[   92294ms] [ERROR] A tree hydrated but some attributes of the server rendered HTML didn't match the client properties. This won't be patched up. This can happen if a SSR-ed Client Component used:

- A server/client branch `if (typeof window !== 'undefined')`.
- Variable input such as `Date.now()` or `Math.random()` which changes each time it's called.
- Date formatting in a user's locale which doesn't match the server.
- External changing data without sending a snapshot of it along with the HTML.
- Invalid HTML tag nesting.

It can also happen if the client has a browser extension installed which messes with the HTML before React loaded.

%s%s https://react.dev/link/hydration-mismatch 

  ...
    <InnerScrollAndFocusHandlerOld focusAndScrollRef={{scrollRef:null, ...}} cacheNode={{rsc:Promise, ...}}>
      <ErrorBoundary errorComponent={undefined} errorStyles={undefined} errorScripts={undefined}>
        <LoadingBoundary name="bento-5/" loading={null}>
          <HTTPAccessFallbackBoundary notFound={undefined} forbidden={undefined} unauthorized={undefined}>
            <RedirectBoundary>
              <RedirectErrorBoundary router={{...}}>
                <InnerLayoutRouter url="/bento-5" tree={[...]} params={{}} cacheNode={{rsc:Promise, ...}} ...>
                  <SegmentViewNode type="page" pagePath="bento-5/pa...">
                    <SegmentTrieNode>
                    <Page>
                      <main className="relative f...">
                        <div>
                        <div>
                        <div className="relative f...">
                          <header>
                          <div className="grid w-ful...">
                            <div>
                            <div className="relative a...">
                              <div>
                              <div className="absolute i...">
                                <svg>
                                <div>
                                <div>
                                <div
+                                 className="pointer-events-none absolute top-1/2 left-1/2 ml-[50%] aspect-square w-[2..."
-                                 className="pointer-events-none absolute top-1/2 left-1/2 aspect-square w-[248%] -tra..."
                                >
                            ...
                  ...
                ...
      ...
 @ http://localhost:4200/_next/static/chunks/0aus_next_dist_0dxyg_i._.js:3272
