[     133ms] [INFO] %cDownload the React DevTools for a better development experience: https://react.dev/link/react-devtools font-weight:bold @ http://localhost:4200/_next/static/chunks/0aus_next_dist_0dxyg_i._.js:2431
[     149ms] [LOG] [HMR] connected @ http://localhost:4200/_next/static/chunks/0aus_next_dist_0dxyg_i._.js:2431
[     275ms] [LOG] [Fast Refresh] rebuilding @ http://localhost:4200/_next/static/chunks/0aus_next_dist_0dxyg_i._.js:2431
[     477ms] [LOG] [Fast Refresh] done in 303ms @ http://localhost:4200/_next/static/chunks/0aus_next_dist_0dxyg_i._.js:2431
[    7223ms] [LOG] [Fast Refresh] rebuilding @ http://localhost:4200/_next/static/chunks/0aus_next_dist_0dxyg_i._.js:2431
[    7236ms] [LOG] [Fast Refresh] done in 114ms @ http://localhost:4200/_next/static/chunks/0aus_next_dist_0dxyg_i._.js:2431
[   15939ms] [LOG] [Fast Refresh] rebuilding @ http://localhost:4200/_next/static/chunks/0aus_next_dist_0dxyg_i._.js:2431
[   15941ms] [LOG] [Fast Refresh] done in 104ms @ http://localhost:4200/_next/static/chunks/0aus_next_dist_0dxyg_i._.js:2431
[ 3493982ms] [ERROR] WebSocket connection to 'ws://localhost:4200/_next/webpack-hmr?id=G74yAlVSDoeZ7bLJc6nJX' failed: Error in connection establishment: net::ERR_CONNECTION_REFUSED @ http://localhost:4200/_next/static/chunks/0aus_next_dist_client_02k4~6y._.js:13299
[ 3494985ms] [ERROR] WebSocket connection to 'ws://localhost:4200/_next/webpack-hmr?id=G74yAlVSDoeZ7bLJc6nJX' failed: Error in connection establishment: net::ERR_CONNECTION_REFUSED @ http://localhost:4200/_next/static/chunks/0aus_next_dist_client_02k4~6y._.js:13299
[ 3495990ms] [ERROR] WebSocket connection to 'ws://localhost:4200/_next/webpack-hmr?id=G74yAlVSDoeZ7bLJc6nJX' failed: Error in connection establishment: net::ERR_CONNECTION_REFUSED @ http://localhost:4200/_next/static/chunks/0aus_next_dist_client_02k4~6y._.js:13299
[ 3496994ms] [ERROR] WebSocket connection to 'ws://localhost:4200/_next/webpack-hmr?id=G74yAlVSDoeZ7bLJc6nJX' failed: Error in connection establishment: net::ERR_CONNECTION_REFUSED @ http://localhost:4200/_next/static/chunks/0aus_next_dist_client_02k4~6y._.js:13299
[ 3497997ms] [ERROR] WebSocket connection to 'ws://localhost:4200/_next/webpack-hmr?id=G74yAlVSDoeZ7bLJc6nJX' failed: Error in connection establishment: net::ERR_CONNECTION_REFUSED @ http://localhost:4200/_next/static/chunks/0aus_next_dist_client_02k4~6y._.js:13299
[ 3503003ms] [ERROR] WebSocket connection to 'ws://localhost:4200/_next/webpack-hmr?id=G74yAlVSDoeZ7bLJc6nJX' failed: Error in connection establishment: net::ERR_CONNECTION_REFUSED @ http://localhost:4200/_next/static/chunks/0aus_next_dist_client_02k4~6y._.js:13299
[ 3508015ms] [ERROR] WebSocket connection to 'ws://localhost:4200/_next/webpack-hmr?id=G74yAlVSDoeZ7bLJc6nJX' failed: Error in connection establishment: net::ERR_CONNECTION_REFUSED @ http://localhost:4200/_next/static/chunks/0aus_next_dist_client_02k4~6y._.js:13299
[ 3513034ms] [ERROR] WebSocket connection to 'ws://localhost:4200/_next/webpack-hmr?id=G74yAlVSDoeZ7bLJc6nJX' failed: Error in connection establishment: net::ERR_CONNECTION_REFUSED @ http://localhost:4200/_next/static/chunks/0aus_next_dist_client_02k4~6y._.js:13299
[ 3518048ms] [ERROR] WebSocket connection to 'ws://localhost:4200/_next/webpack-hmr?id=G74yAlVSDoeZ7bLJc6nJX' failed: Error in connection establishment: net::ERR_CONNECTION_REFUSED @ http://localhost:4200/_next/static/chunks/0aus_next_dist_client_02k4~6y._.js:13299
[ 3523118ms] [ERROR] WebSocket connection to 'ws://localhost:4200/_next/webpack-hmr?id=G74yAlVSDoeZ7bLJc6nJX' failed: Error in connection establishment: net::ERR_CONNECTION_REFUSED @ http://localhost:4200/_next/static/chunks/0aus_next_dist_client_02k4~6y._.js:13299
[ 3528163ms] [ERROR] WebSocket connection to 'ws://localhost:4200/_next/webpack-hmr?id=G74yAlVSDoeZ7bLJc6nJX' failed: Error in connection establishment: net::ERR_CONNECTION_REFUSED @ http://localhost:4200/_next/static/chunks/0aus_next_dist_client_02k4~6y._.js:13299
[ 3533331ms] [ERROR] WebSocket connection to 'ws://localhost:4200/_next/webpack-hmr?id=G74yAlVSDoeZ7bLJc6nJX' failed: Error in connection establishment: net::ERR_CONNECTION_REFUSED @ http://localhost:4200/_next/static/chunks/0aus_next_dist_client_02k4~6y._.js:13299
[ 3533583ms] [ERROR] Failed to load resource: net::ERR_CONNECTION_REFUSED @ http://localhost:4200/icon-light.png:0
