[    1039ms] [INFO] %cDownload the React DevTools for a better development experience: https://react.dev/link/react-devtools font-weight:bold @ http://localhost:4200/_next/static/chunks/0aus_next_dist_0dxyg_i._.js:2431
[    1162ms] [LOG] [HMR] connected @ http://localhost:4200/_next/static/chunks/0aus_next_dist_0dxyg_i._.js:2431
[    1409ms] [LOG] [Fast Refresh] rebuilding @ http://localhost:4200/_next/static/chunks/0aus_next_dist_0dxyg_i._.js:2431
[    2002ms] [ERROR] A tree hydrated but some attributes of the server rendered HTML didn't match the client properties. This won't be patched up. This can happen if a SSR-ed Client Component used:

- A server/client branch `if (typeof window !== 'undefined')`.
- Variable input such as `Date.now()` or `Math.random()` which changes each time it's called.
- Date formatting in a user's locale which doesn't match the server.
- External changing data without sending a snapshot of it along with the HTML.
- Invalid HTML tag nesting.

It can also happen if the client has a browser extension installed which messes with the HTML before React loaded.

%s%s https://react.dev/link/hydration-mismatch 

  ...
    <SegmentViewNode type="page" pagePath="page.tsx">
      <SegmentTrieNode>
      <ClientPageRoot Component={function HomePage} serverProvidedParams={{...}}>
        <HomePage params={Promise} searchParams={Promise}>
          <div className="relative m...">
            <Navigation>
            <div>
            <script>
            <HeroSection2>
            <section>
            <section className="max-w-6xl ...">
              <SpinnerMorph>
                <div ref={{current:null}} className="luminous-s...">
                  <div>
                  <div className="grid grid-...">
                    <div className="order-2 fl...">
                      <div className="mx-auto w-...">
                        <div>
                        <div className="space-y-2.5">
                          <div>
                          <div>
                          <div ref={{current:null}}>
                            <TickSlider label="Speed" value={13} min={1} max={20} step={1} ...>
                              <div className="group flex...">
                                <span>
                                <div className="relative f...">
                                  <div>
                                  <motion.div>
                                  <input
                                    type="range"
                                    min={1}
                                    max={20}
                                    step={1}
                                    value={13}
                                    onChange={function onChange}
                                    className="absolute inset-0 h-full w-full cursor-pointer appearance-none bg-transp..."
                                    aria-label="Speed"
-                                   style={{caret-color:"transparent"}}
                                  >
                                ...
                    ...
                  ...
            ...
 @ http://localhost:4200/_next/static/chunks/0aus_next_dist_0dxyg_i._.js:3272
[    2216ms] [WARNING] Canvas2D: Multiple readback operations using getImageData are faster with the willReadFrequently attribute set to true. See: https://html.spec.whatwg.org/multipage/canvas.html#concept-canvas-will-read-frequently @ http://localhost:4200/_next/static/chunks/node_modules__pnpm_12z6i5k._.js:1471
[    2218ms] [WARNING] Canvas2D: Multiple readback operations using getImageData are faster with the willReadFrequently attribute set to true. See: https://html.spec.whatwg.org/multipage/canvas.html#concept-canvas-will-read-frequently @ http://localhost:4200/_next/static/chunks/node_modules__pnpm_12z6i5k._.js:1471
[    2837ms] [LOG] [Fast Refresh] done in 1641ms @ http://localhost:4200/_next/static/chunks/0aus_next_dist_0dxyg_i._.js:2431
[   21474ms] [LOG] [Fast Refresh] rebuilding @ http://localhost:4200/_next/static/chunks/0aus_next_dist_0dxyg_i._.js:2431
[   22821ms] [LOG] [Fast Refresh] done in 1473ms @ http://localhost:4200/_next/static/chunks/0aus_next_dist_0dxyg_i._.js:2431
[   37045ms] [LOG] [Fast Refresh] rebuilding @ http://localhost:4200/_next/static/chunks/0aus_next_dist_0dxyg_i._.js:2431
[   37185ms] [LOG] [Fast Refresh] done in 277ms @ http://localhost:4200/_next/static/chunks/0aus_next_dist_0dxyg_i._.js:2431
[   43654ms] [LOG] [Fast Refresh] rebuilding @ http://localhost:4200/_next/static/chunks/0aus_next_dist_0dxyg_i._.js:2431
[   44250ms] [LOG] [Fast Refresh] done in 732ms @ http://localhost:4200/_next/static/chunks/0aus_next_dist_0dxyg_i._.js:2431
[  691858ms] [LOG] WebSocket closed with code 1006 @ http://localhost:4200/_next/static/chunks/0aus_next_dist_0dxyg_i._.js:2431
[  691859ms] [LOG] Attempting reconnect in 592ms @ http://localhost:4200/_next/static/chunks/0aus_next_dist_0dxyg_i._.js:2431
[  691918ms] [ERROR] WebSocket is already in CLOSING or CLOSED state. @ http://localhost:4200/_next/static/chunks/0aus_next_dist_0dxyg_i._.js:2790
[  693138ms] [LOG] [HMR] connected @ http://localhost:4200/_next/static/chunks/0aus_next_dist_0dxyg_i._.js:2431
[  693227ms] [LOG] WebSocket reconnected at t=693.1s after disconnect due to closed with code 1006 @ http://localhost:4200/_next/static/chunks/0aus_next_dist_0dxyg_i._.js:2431
[ 1827376ms] [LOG] Attempting reconnect in 129ms @ http://localhost:4200/_next/static/chunks/0aus_next_dist_0dxyg_i._.js:2431
[ 1828357ms] [LOG] WebSocket reconnected at t=858.5s after disconnect due to InactiveServer @ http://localhost:4200/_next/static/chunks/0aus_next_dist_0dxyg_i._.js:2431
[ 2894026ms] [LOG] Attempting reconnect in 82ms @ http://localhost:4200/_next/static/chunks/0aus_next_dist_0dxyg_i._.js:2431
[ 2895284ms] [LOG] WebSocket reconnected at t=1025.4s after disconnect due to InactiveServer @ http://localhost:4200/_next/static/chunks/0aus_next_dist_0dxyg_i._.js:2431
