[     585ms] [INFO] %cDownload the React DevTools for a better development experience: https://react.dev/link/react-devtools font-weight:bold @ http://localhost:4500/_next/static/chunks/0aus_next_dist_0dxyg_i._.js:2431
[     646ms] [LOG] [HMR] connected @ http://localhost:4500/_next/static/chunks/0aus_next_dist_0dxyg_i._.js:2431
[     786ms] [LOG] [Fast Refresh] rebuilding @ http://localhost:4500/_next/static/chunks/0aus_next_dist_0dxyg_i._.js:2431
[    2804ms] [LOG] [Fast Refresh] done in 2127ms @ http://localhost:4500/_next/static/chunks/0aus_next_dist_0dxyg_i._.js:2431
[    8627ms] [LOG] [Fast Refresh] rebuilding @ http://localhost:4500/_next/static/chunks/0aus_next_dist_0dxyg_i._.js:2431
[    9025ms] [LOG] [Fast Refresh] done in 501ms @ http://localhost:4500/_next/static/chunks/0aus_next_dist_0dxyg_i._.js:2431
[  152276ms] [LOG] [Fast Refresh] rebuilding @ http://localhost:4500/_next/static/chunks/0aus_next_dist_0dxyg_i._.js:2431
[  152955ms] [LOG] [Fast Refresh] done in 779ms @ http://localhost:4500/_next/static/chunks/0aus_next_dist_0dxyg_i._.js:2431
[  215497ms] [LOG] [Fast Refresh] rebuilding @ http://localhost:4500/_next/static/chunks/0aus_next_dist_0dxyg_i._.js:2431
[  215516ms] [LOG] [Fast Refresh] done in 119ms @ http://localhost:4500/_next/static/chunks/0aus_next_dist_0dxyg_i._.js:2431
[  272851ms] [LOG] [Fast Refresh] rebuilding @ http://localhost:4500/_next/static/chunks/0aus_next_dist_0dxyg_i._.js:2431
[  274738ms] [ERROR] ./components/cosmo/playground.tsx:1880:9
Expected ',', got 'ident'
  1878 |
  1879 |       <ConfirmSheet
> 1880 |         open={deleteCandidate !== null}
       |         ^^^^
  1881 |         title={
  1882 |           deleteCandidate ? `Delete preset "${deleteCandidate.name}"?` : ""
  1883 |         }

Parsing ecmascript source code failed

Import trace:
  Server Component:
    ./components/cosmo/playground.tsx
    ./app/cosmo/page.tsx @ http://localhost:4500/_next/static/chunks/0aus_next_dist_0dxyg_i._.js:3272
[  320666ms] [LOG] [Fast Refresh] rebuilding @ http://localhost:4500/_next/static/chunks/0aus_next_dist_0dxyg_i._.js:2431
[  322034ms] [LOG] [Fast Refresh] done in 1268ms @ http://localhost:4500/_next/static/chunks/0aus_next_dist_0dxyg_i._.js:2431
[  322404ms] [LOG] [Fast Refresh] rebuilding @ http://localhost:4500/_next/static/chunks/0aus_next_dist_0dxyg_i._.js:2431
[  322573ms] [LOG] [Fast Refresh] done in 273ms @ http://localhost:4500/_next/static/chunks/0aus_next_dist_0dxyg_i._.js:2431
[  325783ms] [LOG] [Fast Refresh] rebuilding @ http://localhost:4500/_next/static/chunks/0aus_next_dist_0dxyg_i._.js:2431
[  325808ms] [LOG] [Fast Refresh] done in 125ms @ http://localhost:4500/_next/static/chunks/0aus_next_dist_0dxyg_i._.js:2431
[  374650ms] [LOG] [Fast Refresh] rebuilding @ http://localhost:4500/_next/static/chunks/0aus_next_dist_0dxyg_i._.js:2431
[  376962ms] [LOG] [Fast Refresh] done in 2160ms @ http://localhost:4500/_next/static/chunks/0aus_next_dist_0dxyg_i._.js:2431
