[     180ms] [LOG] [Fast Refresh] rebuilding @ http://localhost:4200/_next/static/chunks/0aus_next_dist_0dxyg_i._.js:2431
[     187ms] [LOG] [Fast Refresh] done in 109ms @ http://localhost:4200/_next/static/chunks/0aus_next_dist_0dxyg_i._.js:2431
[     462ms] [LOG] [Fast Refresh] rebuilding @ http://localhost:4200/_next/static/chunks/0aus_next_dist_0dxyg_i._.js:2431
[     742ms] [INFO] %cDownload the React DevTools for a better development experience: https://react.dev/link/react-devtools font-weight:bold @ http://localhost:4200/_next/static/chunks/0aus_next_dist_0dxyg_i._.js:2431
[     769ms] [LOG] [HMR] connected @ http://localhost:4200/_next/static/chunks/0aus_next_dist_0dxyg_i._.js:2431
[    1070ms] [WARNING] Please ensure that the container has a non-static position, like 'relative', 'fixed', or 'absolute' to ensure scroll offset is calculated correctly. @ http://localhost:4200/_next/static/chunks/0aus_next_dist_0dxyg_i._.js:2431
[    1174ms] [LOG] [Fast Refresh] rebuilding @ http://localhost:4200/_next/static/chunks/0aus_next_dist_0dxyg_i._.js:2431
[    1407ms] [LOG] [Fast Refresh] done in 335ms @ http://localhost:4200/_next/static/chunks/0aus_next_dist_0dxyg_i._.js:2431
[   26506ms] [LOG] [Fast Refresh] rebuilding @ http://localhost:4200/_next/static/chunks/0aus_next_dist_0dxyg_i._.js:2431
[   27368ms] [LOG] [Fast Refresh] done in 963ms @ http://localhost:4200/_next/static/chunks/0aus_next_dist_0dxyg_i._.js:2431
[   59814ms] [LOG] [Fast Refresh] rebuilding @ http://localhost:4200/_next/static/chunks/0aus_next_dist_0dxyg_i._.js:2431
[   61036ms] [LOG] [Fast Refresh] done in 1314ms @ http://localhost:4200/_next/static/chunks/0aus_next_dist_0dxyg_i._.js:2431
[   61272ms] [LOG] [Fast Refresh] rebuilding @ http://localhost:4200/_next/static/chunks/0aus_next_dist_0dxyg_i._.js:2431
[   61516ms] [LOG] [Fast Refresh] done in 347ms @ http://localhost:4200/_next/static/chunks/0aus_next_dist_0dxyg_i._.js:2431
[   61781ms] [LOG] [Fast Refresh] rebuilding @ http://localhost:4200/_next/static/chunks/0aus_next_dist_0dxyg_i._.js:2431
[   61848ms] [LOG] [Fast Refresh] done in 167ms @ http://localhost:4200/_next/static/chunks/0aus_next_dist_0dxyg_i._.js:2431
[   62067ms] [LOG] [Fast Refresh] rebuilding @ http://localhost:4200/_next/static/chunks/0aus_next_dist_0dxyg_i._.js:2431
[   62069ms] [LOG] [Fast Refresh] done in 105ms @ http://localhost:4200/_next/static/chunks/0aus_next_dist_0dxyg_i._.js:2431
[   69822ms] [LOG] [Fast Refresh] rebuilding @ http://localhost:4200/_next/static/chunks/0aus_next_dist_0dxyg_i._.js:2431
[   70861ms] [LOG] [Fast Refresh] done in 1132ms @ http://localhost:4200/_next/static/chunks/0aus_next_dist_0dxyg_i._.js:2431
[   71281ms] [LOG] [Fast Refresh] rebuilding @ http://localhost:4200/_next/static/chunks/0aus_next_dist_0dxyg_i._.js:2431
[   71874ms] [LOG] [Fast Refresh] done in 694ms @ http://localhost:4200/_next/static/chunks/0aus_next_dist_0dxyg_i._.js:2431
[   76966ms] [LOG] [Fast Refresh] rebuilding @ http://localhost:4200/_next/static/chunks/0aus_next_dist_0dxyg_i._.js:2431
[   77996ms] [LOG] [Fast Refresh] done in 1120ms @ http://localhost:4200/_next/static/chunks/0aus_next_dist_0dxyg_i._.js:2431
[   78313ms] [LOG] [Fast Refresh] rebuilding @ http://localhost:4200/_next/static/chunks/0aus_next_dist_0dxyg_i._.js:2431
[   78354ms] [LOG] [Fast Refresh] done in 142ms @ http://localhost:4200/_next/static/chunks/0aus_next_dist_0dxyg_i._.js:2431
[   93172ms] [LOG] [Fast Refresh] rebuilding @ http://localhost:4200/_next/static/chunks/0aus_next_dist_0dxyg_i._.js:2431
[   95766ms] [ERROR] ./app/bento-5/card-glow.tsx:228:9
the name `texture` is defined multiple times
  226 |   // grain hasn't been drawn, and an empty mask-image would paint the field
  227 |   // solid, so the layer waits a frame for it.
> 228 |   const texture = (
      |         ^^^^^^^
  229 |     <div
  230 |       className="absolute inset-0"
  231 |       hidden={!grain}

Ecmascript file had an error

Import trace:
  Server Component:
    ./app/bento-5/card-glow.tsx
    ./app/bento-5/page.tsx @ http://localhost:4200/_next/static/chunks/0aus_next_dist_0dxyg_i._.js:3272
[   95960ms] [LOG] [Fast Refresh] rebuilding @ http://localhost:4200/_next/static/chunks/0aus_next_dist_0dxyg_i._.js:2431
[   96041ms] [ERROR] ./app/bento-5/card-glow.tsx:228:9
the name `texture` is defined multiple times
  226 |   // grain hasn't been drawn, and an empty mask-image would paint the field
  227 |   // solid, so the layer waits a frame for it.
> 228 |   const texture = (
      |         ^^^^^^^
  229 |     <div
  230 |       className="absolute inset-0"
  231 |       hidden={!grain}

Ecmascript file had an error

Import trace:
  Server Component:
    ./app/bento-5/card-glow.tsx
    ./app/bento-5/page.tsx @ http://localhost:4200/_next/static/chunks/0aus_next_dist_0dxyg_i._.js:3272
[   96208ms] [LOG] [Fast Refresh] rebuilding @ http://localhost:4200/_next/static/chunks/0aus_next_dist_0dxyg_i._.js:2431
[   96507ms] [ERROR] ./app/bento-5/card-glow.tsx:228:9
the name `texture` is defined multiple times
  226 |   // grain hasn't been drawn, and an empty mask-image would paint the field
  227 |   // solid, so the layer waits a frame for it.
> 228 |   const texture = (
      |         ^^^^^^^
  229 |     <div
  230 |       className="absolute inset-0"
  231 |       hidden={!grain}

Ecmascript file had an error

Import trace:
  Server Component:
    ./app/bento-5/card-glow.tsx
    ./app/bento-5/page.tsx @ http://localhost:4200/_next/static/chunks/0aus_next_dist_0dxyg_i._.js:3272
[   96513ms] [ERROR] Failed to load resource: the server responded with a status of 500 (Internal Server Error) @ http://localhost:4200/bento-5?_rsc=16zu3:0
[   96727ms] [LOG] [Fast Refresh] rebuilding @ http://localhost:4200/_next/static/chunks/0aus_next_dist_0dxyg_i._.js:2431
[   96739ms] [ERROR] ./app/bento-5/card-glow.tsx:228:9
the name `texture` is defined multiple times
  226 |   // grain hasn't been drawn, and an empty mask-image would paint the field
  227 |   // solid, so the layer waits a frame for it.
> 228 |   const texture = (
      |         ^^^^^^^
  229 |     <div
  230 |       className="absolute inset-0"
  231 |       hidden={!grain}

Ecmascript file had an error

Import trace:
  Server Component:
    ./app/bento-5/card-glow.tsx
    ./app/bento-5/page.tsx @ http://localhost:4200/_next/static/chunks/0aus_next_dist_0dxyg_i._.js:3272
[   96790ms] [ERROR] Failed to load resource: the server responded with a status of 500 (Internal Server Error) @ http://localhost:4200/bento-5:0
[   96886ms] [INFO] %cDownload the React DevTools for a better development experience: https://react.dev/link/react-devtools font-weight:bold @ http://localhost:4200/_next/static/chunks/0e-u_react-dom_0037m-m._.js:15305
[   96939ms] Error: ./app/bento-5/card-glow.tsx:228:9
the name `texture` is defined multiple times
  226 |   // grain hasn't been drawn, and an empty mask-image would paint the field
  227 |   // solid, so the layer waits a frame for it.
> 228 |   const texture = (
      |         ^^^^^^^
  229 |     <div
  230 |       className="absolute inset-0"
  231 |       hidden={!grain}

Ecmascript file had an error

Import trace:
  Server Component:
    ./app/bento-5/card-glow.tsx
    ./app/bento-5/page.tsx


    at <unknown> (Error: ./app/bento-5/card-glow.tsx:228:9)
    at Object.getCompilationErrors (file:///Users/godwinjanarthan/Documents/Projects/d2studio-ui/node_modules/.pnpm/next@16.2.4_@babel+core@7.28.4_react-dom@19.2.5_react@19.2.5__react@19.2.5/node_modules/next/dist/server/dev/hot-reloader-turbopack.js:1186:59)
    at DevBundlerService.getCompilationError (file:///Users/godwinjanarthan/Documents/Projects/d2studio-ui/node_modules/.pnpm/next@16.2.4_@babel+core@7.28.4_react-dom@19.2.5_react@19.2.5__react@19.2.5/node_modules/next/dist/server/lib/dev-bundler-service.js:44:55)
    at DevServer.getCompilationError (file:///Users/godwinjanarthan/Documents/Projects/d2studio-ui/node_modules/.pnpm/next@16.2.4_@babel+core@7.28.4_react-dom@19.2.5_react@19.2.5__react@19.2.5/node_modules/next/dist/server/dev/next-dev-server.js:719:42)
    at DevServer.findPageComponents (file:///Users/godwinjanarthan/Documents/Projects/d2studio-ui/node_modules/.pnpm/next@16.2.4_@babel+core@7.28.4_react-dom@19.2.5_react@19.2.5__react@19.2.5/node_modules/next/dist/server/dev/next-dev-server.js:689:43)
    at async DevServer.renderErrorToResponseImpl (file:///Users/godwinjanarthan/Documents/Projects/d2studio-ui/node_modules/.pnpm/next@16.2.4_@babel+core@7.28.4_react-dom@19.2.5_react@19.2.5__react@19.2.5/node_modules/next/dist/server/base-server.js:1745:26)
[   96951ms] [LOG] [HMR] connected @ http://localhost:4200/_next/static/chunks/0aus_next_dist_00tg.dm._.js:1226
[   96988ms] [ERROR] ./app/bento-5/card-glow.tsx:228:9
the name `texture` is defined multiple times
  226 |   // grain hasn't been drawn, and an empty mask-image would paint the field
  227 |   // solid, so the layer waits a frame for it.
> 228 |   const texture = (
      |         ^^^^^^^
  229 |     <div
  230 |       className="absolute inset-0"
  231 |       hidden={!grain}

Ecmascript file had an error

Import trace:
  Server Component:
    ./app/bento-5/card-glow.tsx
    ./app/bento-5/page.tsx @ http://localhost:4200/_next/static/chunks/0aus_next_dist_00tg.dm._.js:1945
[   97602ms] [ERROR] ./app/bento-5/card-glow.tsx:228:9
the name `texture` is defined multiple times
  226 |   // grain hasn't been drawn, and an empty mask-image would paint the field
  227 |   // solid, so the layer waits a frame for it.
> 228 |   const texture = (
      |         ^^^^^^^
  229 |     <div
  230 |       className="absolute inset-0"
  231 |       hidden={!grain}

Ecmascript file had an error

Import trace:
  Server Component:
    ./app/bento-5/card-glow.tsx
    ./app/bento-5/page.tsx @ http://localhost:4200/_next/static/chunks/0aus_next_dist_00tg.dm._.js:1945
[   97660ms] [LOG] [Fast Refresh] rebuilding @ http://localhost:4200/_next/static/chunks/0aus_next_dist_00tg.dm._.js:1226
[   97663ms] [ERROR] ./app/bento-5/card-glow.tsx:228:9
the name `texture` is defined multiple times
  226 |   // grain hasn't been drawn, and an empty mask-image would paint the field
  227 |   // solid, so the layer waits a frame for it.
> 228 |   const texture = (
      |         ^^^^^^^
  229 |     <div
  230 |       className="absolute inset-0"
  231 |       hidden={!grain}

Ecmascript file had an error

Import trace:
  Server Component:
    ./app/bento-5/card-glow.tsx
    ./app/bento-5/page.tsx @ http://localhost:4200/_next/static/chunks/0aus_next_dist_00tg.dm._.js:1945
[   97743ms] [ERROR] ./app/bento-5/card-glow.tsx:228:9
the name `texture` is defined multiple times
  226 |   // grain hasn't been drawn, and an empty mask-image would paint the field
  227 |   // solid, so the layer waits a frame for it.
> 228 |   const texture = (
      |         ^^^^^^^
  229 |     <div
  230 |       className="absolute inset-0"
  231 |       hidden={!grain}

Ecmascript file had an error

Import trace:
  Server Component:
    ./app/bento-5/card-glow.tsx
    ./app/bento-5/page.tsx @ http://localhost:4200/_next/static/chunks/0aus_next_dist_00tg.dm._.js:1945
[   97811ms] [ERROR] Failed to load resource: the server responded with a status of 500 (Internal Server Error) @ http://localhost:4200/bento-5:0
[   97862ms] [INFO] %cDownload the React DevTools for a better development experience: https://react.dev/link/react-devtools font-weight:bold @ http://localhost:4200/_next/static/chunks/0e-u_react-dom_0037m-m._.js:15305
[   97868ms] Error: ./app/bento-5/card-glow.tsx:228:9
the name `texture` is defined multiple times
  226 |   // grain hasn't been drawn, and an empty mask-image would paint the field
  227 |   // solid, so the layer waits a frame for it.
> 228 |   const texture = (
      |         ^^^^^^^
  229 |     <div
  230 |       className="absolute inset-0"
  231 |       hidden={!grain}

Ecmascript file had an error

Import trace:
  Server Component:
    ./app/bento-5/card-glow.tsx
    ./app/bento-5/page.tsx


    at <unknown> (Error: ./app/bento-5/card-glow.tsx:228:9)
    at Object.getCompilationErrors (file:///Users/godwinjanarthan/Documents/Projects/d2studio-ui/node_modules/.pnpm/next@16.2.4_@babel+core@7.28.4_react-dom@19.2.5_react@19.2.5__react@19.2.5/node_modules/next/dist/server/dev/hot-reloader-turbopack.js:1186:59)
    at DevBundlerService.getCompilationError (file:///Users/godwinjanarthan/Documents/Projects/d2studio-ui/node_modules/.pnpm/next@16.2.4_@babel+core@7.28.4_react-dom@19.2.5_react@19.2.5__react@19.2.5/node_modules/next/dist/server/lib/dev-bundler-service.js:44:55)
    at DevServer.getCompilationError (file:///Users/godwinjanarthan/Documents/Projects/d2studio-ui/node_modules/.pnpm/next@16.2.4_@babel+core@7.28.4_react-dom@19.2.5_react@19.2.5__react@19.2.5/node_modules/next/dist/server/dev/next-dev-server.js:719:42)
    at DevServer.findPageComponents (file:///Users/godwinjanarthan/Documents/Projects/d2studio-ui/node_modules/.pnpm/next@16.2.4_@babel+core@7.28.4_react-dom@19.2.5_react@19.2.5__react@19.2.5/node_modules/next/dist/server/dev/next-dev-server.js:689:43)
    at async DevServer.renderErrorToResponseImpl (file:///Users/godwinjanarthan/Documents/Projects/d2studio-ui/node_modules/.pnpm/next@16.2.4_@babel+core@7.28.4_react-dom@19.2.5_react@19.2.5__react@19.2.5/node_modules/next/dist/server/base-server.js:1745:26)
[   97895ms] [LOG] [HMR] connected @ http://localhost:4200/_next/static/chunks/0aus_next_dist_00tg.dm._.js:1226
[   97922ms] [ERROR] ./app/bento-5/card-glow.tsx:228:9
the name `texture` is defined multiple times
  226 |   // grain hasn't been drawn, and an empty mask-image would paint the field
  227 |   // solid, so the layer waits a frame for it.
> 228 |   const texture = (
      |         ^^^^^^^
  229 |     <div
  230 |       className="absolute inset-0"
  231 |       hidden={!grain}

Ecmascript file had an error

Import trace:
  Server Component:
    ./app/bento-5/card-glow.tsx
    ./app/bento-5/page.tsx @ http://localhost:4200/_next/static/chunks/0aus_next_dist_00tg.dm._.js:1945
[   98001ms] [LOG] [Fast Refresh] rebuilding @ http://localhost:4200/_next/static/chunks/0aus_next_dist_00tg.dm._.js:1226
[   98057ms] [ERROR] ./app/bento-5/card-glow.tsx:228:9
the name `texture` is defined multiple times
  226 |   // grain hasn't been drawn, and an empty mask-image would paint the field
  227 |   // solid, so the layer waits a frame for it.
> 228 |   const texture = (
      |         ^^^^^^^
  229 |     <div
  230 |       className="absolute inset-0"
  231 |       hidden={!grain}

Ecmascript file had an error

Import trace:
  Server Component:
    ./app/bento-5/card-glow.tsx
    ./app/bento-5/page.tsx @ http://localhost:4200/_next/static/chunks/0aus_next_dist_00tg.dm._.js:1945
[  103481ms] [LOG] [Fast Refresh] rebuilding @ http://localhost:4200/_next/static/chunks/0aus_next_dist_00tg.dm._.js:1226
[  103778ms] [ERROR] ./app/bento-5/card-glow.tsx:228:9
the name `texture` is defined multiple times
  226 |   // grain hasn't been drawn, and an empty mask-image would paint the field
  227 |   // solid, so the layer waits a frame for it.
> 228 |   const texture = (
      |         ^^^^^^^
  229 |     <div
  230 |       className="absolute inset-0"
  231 |       hidden={!grain}

Ecmascript file had an error

Import trace:
  Server Component:
    ./app/bento-5/card-glow.tsx
    ./app/bento-5/page.tsx @ http://localhost:4200/_next/static/chunks/0aus_next_dist_00tg.dm._.js:1945
[  104059ms] [ERROR] Failed to load resource: the server responded with a status of 500 (Internal Server Error) @ http://localhost:4200/bento-5:0
[  104113ms] [INFO] %cDownload the React DevTools for a better development experience: https://react.dev/link/react-devtools font-weight:bold @ http://localhost:4200/_next/static/chunks/0e-u_react-dom_0037m-m._.js:15305
[  104119ms] Error: ./app/bento-5/card-glow.tsx:228:9
the name `texture` is defined multiple times
  226 |   // grain hasn't been drawn, and an empty mask-image would paint the field
  227 |   // solid, so the layer waits a frame for it.
> 228 |   const texture = (
      |         ^^^^^^^
  229 |     <div
  230 |       className="absolute inset-0"
  231 |       hidden={!grain}

Ecmascript file had an error

Import trace:
  Server Component:
    ./app/bento-5/card-glow.tsx
    ./app/bento-5/page.tsx


    at <unknown> (Error: ./app/bento-5/card-glow.tsx:228:9)
    at Object.getCompilationErrors (file:///Users/godwinjanarthan/Documents/Projects/d2studio-ui/node_modules/.pnpm/next@16.2.4_@babel+core@7.28.4_react-dom@19.2.5_react@19.2.5__react@19.2.5/node_modules/next/dist/server/dev/hot-reloader-turbopack.js:1186:59)
    at DevBundlerService.getCompilationError (file:///Users/godwinjanarthan/Documents/Projects/d2studio-ui/node_modules/.pnpm/next@16.2.4_@babel+core@7.28.4_react-dom@19.2.5_react@19.2.5__react@19.2.5/node_modules/next/dist/server/lib/dev-bundler-service.js:44:55)
    at DevServer.getCompilationError (file:///Users/godwinjanarthan/Documents/Projects/d2studio-ui/node_modules/.pnpm/next@16.2.4_@babel+core@7.28.4_react-dom@19.2.5_react@19.2.5__react@19.2.5/node_modules/next/dist/server/dev/next-dev-server.js:719:42)
    at DevServer.findPageComponents (file:///Users/godwinjanarthan/Documents/Projects/d2studio-ui/node_modules/.pnpm/next@16.2.4_@babel+core@7.28.4_react-dom@19.2.5_react@19.2.5__react@19.2.5/node_modules/next/dist/server/dev/next-dev-server.js:689:43)
    at async DevServer.renderErrorToResponseImpl (file:///Users/godwinjanarthan/Documents/Projects/d2studio-ui/node_modules/.pnpm/next@16.2.4_@babel+core@7.28.4_react-dom@19.2.5_react@19.2.5__react@19.2.5/node_modules/next/dist/server/base-server.js:1745:26)
[  104131ms] [LOG] [HMR] connected @ http://localhost:4200/_next/static/chunks/0aus_next_dist_00tg.dm._.js:1226
[  104166ms] [ERROR] ./app/bento-5/card-glow.tsx:228:9
the name `texture` is defined multiple times
  226 |   // grain hasn't been drawn, and an empty mask-image would paint the field
  227 |   // solid, so the layer waits a frame for it.
> 228 |   const texture = (
      |         ^^^^^^^
  229 |     <div
  230 |       className="absolute inset-0"
  231 |       hidden={!grain}

Ecmascript file had an error

Import trace:
  Server Component:
    ./app/bento-5/card-glow.tsx
    ./app/bento-5/page.tsx @ http://localhost:4200/_next/static/chunks/0aus_next_dist_00tg.dm._.js:1945
[  104188ms] [ERROR] ./app/bento-5/card-glow.tsx:228:9
the name `texture` is defined multiple times
  226 |   // grain hasn't been drawn, and an empty mask-image would paint the field
  227 |   // solid, so the layer waits a frame for it.
> 228 |   const texture = (
      |         ^^^^^^^
  229 |     <div
  230 |       className="absolute inset-0"
  231 |       hidden={!grain}

Ecmascript file had an error

Import trace:
  Server Component:
    ./app/bento-5/card-glow.tsx
    ./app/bento-5/page.tsx @ http://localhost:4200/_next/static/chunks/0aus_next_dist_00tg.dm._.js:1945
[  104233ms] [ERROR] ./app/bento-5/card-glow.tsx:228:9
the name `texture` is defined multiple times
  226 |   // grain hasn't been drawn, and an empty mask-image would paint the field
  227 |   // solid, so the layer waits a frame for it.
> 228 |   const texture = (
      |         ^^^^^^^
  229 |     <div
  230 |       className="absolute inset-0"
  231 |       hidden={!grain}

Ecmascript file had an error

Import trace:
  Server Component:
    ./app/bento-5/card-glow.tsx
    ./app/bento-5/page.tsx @ http://localhost:4200/_next/static/chunks/0aus_next_dist_00tg.dm._.js:1945
[  104315ms] [ERROR] ./app/bento-5/card-glow.tsx:228:9
the name `texture` is defined multiple times
  226 |   // grain hasn't been drawn, and an empty mask-image would paint the field
  227 |   // solid, so the layer waits a frame for it.
> 228 |   const texture = (
      |         ^^^^^^^
  229 |     <div
  230 |       className="absolute inset-0"
  231 |       hidden={!grain}

Ecmascript file had an error

Import trace:
  Server Component:
    ./app/bento-5/card-glow.tsx
    ./app/bento-5/page.tsx @ http://localhost:4200/_next/static/chunks/0aus_next_dist_00tg.dm._.js:1945
[  104342ms] [LOG] [Fast Refresh] rebuilding @ http://localhost:4200/_next/static/chunks/0aus_next_dist_00tg.dm._.js:1226
