[     368ms] [INFO] %cDownload the React DevTools for a better development experience: https://react.dev/link/react-devtools font-weight:bold @ http://localhost:4500/_next/static/chunks/0aus_next_dist_0dxyg_i._.js:2431
[     385ms] [LOG] [HMR] connected @ http://localhost:4500/_next/static/chunks/0aus_next_dist_0dxyg_i._.js:2431
[     584ms] [LOG] [Fast Refresh] rebuilding @ http://localhost:4500/_next/static/chunks/0aus_next_dist_0dxyg_i._.js:2431
[    1132ms] [LOG] [Fast Refresh] done in 717ms @ http://localhost:4500/_next/static/chunks/0aus_next_dist_0dxyg_i._.js:2431
[    4034ms] [LOG] [Fast Refresh] rebuilding @ http://localhost:4500/_next/static/chunks/0aus_next_dist_0dxyg_i._.js:2431
[    4435ms] [LOG] [Fast Refresh] done in 503ms @ http://localhost:4500/_next/static/chunks/0aus_next_dist_0dxyg_i._.js:2431
[   10996ms] [LOG] [Fast Refresh] rebuilding @ http://localhost:4500/_next/static/chunks/0aus_next_dist_0dxyg_i._.js:2431
[   11328ms] [LOG] [Fast Refresh] done in 433ms @ http://localhost:4500/_next/static/chunks/0aus_next_dist_0dxyg_i._.js:2431
[  169359ms] [LOG] [Fast Refresh] rebuilding @ http://localhost:4500/_next/static/chunks/0aus_next_dist_0dxyg_i._.js:2431
[  170073ms] [ERROR] ./components/cosmo/playground.tsx:1422:20
Expected '</', got ')'
  1420 |                     );
  1421 |                     return cards;
> 1422 |                   })()}
       |                    ^
  1423 |                 </div>
  1424 |               </div>
  1425 |             )}

Parsing ecmascript source code failed

Import trace:
  Server Component:
    ./components/cosmo/playground.tsx
    ./app/cosmo/page.tsx @ http://localhost:4500/_next/static/chunks/0aus_next_dist_0dxyg_i._.js:3272
[  182894ms] [LOG] [Fast Refresh] rebuilding @ http://localhost:4500/_next/static/chunks/0aus_next_dist_0dxyg_i._.js:2431
[  183669ms] [LOG] [Fast Refresh] done in 687ms @ http://localhost:4500/_next/static/chunks/0aus_next_dist_0dxyg_i._.js:2431
[  211371ms] [LOG] [Fast Refresh] rebuilding @ http://localhost:4500/_next/static/chunks/0aus_next_dist_0dxyg_i._.js:2431
[  212365ms] [LOG] [Fast Refresh] done in 993ms @ http://localhost:4500/_next/static/chunks/0aus_next_dist_0dxyg_i._.js:2431
