[     672ms] [INFO] %cDownload the React DevTools for a better development experience: https://react.dev/link/react-devtools font-weight:bold @ http://localhost:4200/_next/static/chunks/0aus_next_dist_0dxyg_i._.js:2431
[     695ms] [LOG] [HMR] connected @ http://localhost:4200/_next/static/chunks/0aus_next_dist_0dxyg_i._.js:2431
[     832ms] [LOG] [Fast Refresh] rebuilding @ http://localhost:4200/_next/static/chunks/0aus_next_dist_0dxyg_i._.js:2431
[    1195ms] [LOG] [Fast Refresh] done in 464ms @ http://localhost:4200/_next/static/chunks/0aus_next_dist_0dxyg_i._.js:2431
[    7194ms] [LOG] [Fast Refresh] rebuilding @ http://localhost:4200/_next/static/chunks/0aus_next_dist_0dxyg_i._.js:2431
[    7252ms] [LOG] [Fast Refresh] done in 159ms @ http://localhost:4200/_next/static/chunks/0aus_next_dist_0dxyg_i._.js:2431
[   84754ms] [LOG] [Fast Refresh] rebuilding @ http://localhost:4200/_next/static/chunks/0aus_next_dist_0dxyg_i._.js:2431
[   84798ms] [LOG] [Fast Refresh] done in 145ms @ http://localhost:4200/_next/static/chunks/0aus_next_dist_0dxyg_i._.js:2431
[  136552ms] [LOG] [Fast Refresh] rebuilding @ http://localhost:4200/_next/static/chunks/0aus_next_dist_0dxyg_i._.js:2431
[  136816ms] [LOG] [Fast Refresh] done in 315ms @ http://localhost:4200/_next/static/chunks/0aus_next_dist_0dxyg_i._.js:2431
[  137977ms] [LOG] [Fast Refresh] rebuilding @ http://localhost:4200/_next/static/chunks/0aus_next_dist_0dxyg_i._.js:2431
[  138184ms] [LOG] [Fast Refresh] done in 251ms @ http://localhost:4200/_next/static/chunks/0aus_next_dist_0dxyg_i._.js:2431
[  139964ms] [LOG] [Fast Refresh] rebuilding @ http://localhost:4200/_next/static/chunks/0aus_next_dist_0dxyg_i._.js:2431
[  140175ms] [LOG] [Fast Refresh] done in 254ms @ http://localhost:4200/_next/static/chunks/0aus_next_dist_0dxyg_i._.js:2431
[  141970ms] [LOG] [Fast Refresh] rebuilding @ http://localhost:4200/_next/static/chunks/0aus_next_dist_0dxyg_i._.js:2431
[  142125ms] [LOG] [Fast Refresh] done in 203ms @ http://localhost:4200/_next/static/chunks/0aus_next_dist_0dxyg_i._.js:2431
[  143978ms] [LOG] [Fast Refresh] rebuilding @ http://localhost:4200/_next/static/chunks/0aus_next_dist_0dxyg_i._.js:2431
[  144147ms] [LOG] [Fast Refresh] done in 208ms @ http://localhost:4200/_next/static/chunks/0aus_next_dist_0dxyg_i._.js:2431
[  278690ms] [LOG] [Fast Refresh] rebuilding @ http://localhost:4200/_next/static/chunks/0aus_next_dist_0dxyg_i._.js:2431
[  279922ms] [LOG] [Fast Refresh] done in 1334ms @ http://localhost:4200/_next/static/chunks/0aus_next_dist_0dxyg_i._.js:2431
[  283683ms] [LOG] [Fast Refresh] rebuilding @ http://localhost:4200/_next/static/chunks/0aus_next_dist_0dxyg_i._.js:2431
[  284197ms] [ERROR] ./app/bento-4/page.tsx:1:1
Module not found: Can't resolve './card1'
> 1 | import Card1 from "./card1"
    | ^^^^^^^^^^^^^^^^^^^^^^^^^^^
  2 | import Card2 from "./card2"
  3 | import Card3 from "./card3"
  4 | import Card4 from "./card4"

https://nextjs.org/docs/messages/module-not-found @ http://localhost:4200/_next/static/chunks/0aus_next_dist_0dxyg_i._.js:3272
[  284198ms] [ERROR] ./app/bento-4/page.tsx:2:1
Module not found: Can't resolve './card2'
  1 | import Card1 from "./card1"
> 2 | import Card2 from "./card2"
    | ^^^^^^^^^^^^^^^^^^^^^^^^^^^
  3 | import Card3 from "./card3"
  4 | import Card4 from "./card4"
  5 | import Card5 from "./card5"

https://nextjs.org/docs/messages/module-not-found @ http://localhost:4200/_next/static/chunks/0aus_next_dist_0dxyg_i._.js:3272
[  284198ms] [ERROR] ./app/bento-4/page.tsx:3:1
Module not found: Can't resolve './card3'
  1 | import Card1 from "./card1"
  2 | import Card2 from "./card2"
> 3 | import Card3 from "./card3"
    | ^^^^^^^^^^^^^^^^^^^^^^^^^^^
  4 | import Card4 from "./card4"
  5 | import Card5 from "./card5"
  6 |

https://nextjs.org/docs/messages/module-not-found @ http://localhost:4200/_next/static/chunks/0aus_next_dist_0dxyg_i._.js:3272
[  284198ms] [ERROR] ./app/bento-4/page.tsx:4:1
Module not found: Can't resolve './card4'
  2 | import Card2 from "./card2"
  3 | import Card3 from "./card3"
> 4 | import Card4 from "./card4"
    | ^^^^^^^^^^^^^^^^^^^^^^^^^^^
  5 | import Card5 from "./card5"
  6 |
  7 | // Premium bento — cards keep their native design sizes. Card1 (wide) sits over

https://nextjs.org/docs/messages/module-not-found @ http://localhost:4200/_next/static/chunks/0aus_next_dist_0dxyg_i._.js:3272
[  284198ms] [ERROR] ./app/bento-4/page.tsx:5:1
Module not found: Can't resolve './card5'
  3 | import Card3 from "./card3"
  4 | import Card4 from "./card4"
> 5 | import Card5 from "./card5"
    | ^^^^^^^^^^^^^^^^^^^^^^^^^^^
  6 |
  7 | // Premium bento — cards keep their native design sizes. Card1 (wide) sits over
  8 | // Card4 + Card5 on the left; Card2 (tall) anchors the right; Card3 centers below.

https://nextjs.org/docs/messages/module-not-found @ http://localhost:4200/_next/static/chunks/0aus_next_dist_0dxyg_i._.js:3272
[  284551ms] [ERROR] Failed to load resource: the server responded with a status of 500 (Internal Server Error) @ http://localhost:4200/bento-4?_rsc=13923:0
[  284562ms] [ERROR] ./app/bento-4/page.tsx:1:1
Module not found: Can't resolve './card1'
> 1 | import Card1 from "./card1"
    | ^^^^^^^^^^^^^^^^^^^^^^^^^^^
  2 | import Card2 from "./card2"
  3 | import Card3 from "./card3"
  4 | import Card4 from "./card4"

https://nextjs.org/docs/messages/module-not-found @ http://localhost:4200/_next/static/chunks/0aus_next_dist_0dxyg_i._.js:3272
[  284562ms] [ERROR] ./app/bento-4/page.tsx:2:1
Module not found: Can't resolve './card2'
  1 | import Card1 from "./card1"
> 2 | import Card2 from "./card2"
    | ^^^^^^^^^^^^^^^^^^^^^^^^^^^
  3 | import Card3 from "./card3"
  4 | import Card4 from "./card4"
  5 | import Card5 from "./card5"

https://nextjs.org/docs/messages/module-not-found @ http://localhost:4200/_next/static/chunks/0aus_next_dist_0dxyg_i._.js:3272
[  284563ms] [ERROR] ./app/bento-4/page.tsx:3:1
Module not found: Can't resolve './card3'
  1 | import Card1 from "./card1"
  2 | import Card2 from "./card2"
> 3 | import Card3 from "./card3"
    | ^^^^^^^^^^^^^^^^^^^^^^^^^^^
  4 | import Card4 from "./card4"
  5 | import Card5 from "./card5"
  6 |

https://nextjs.org/docs/messages/module-not-found @ http://localhost:4200/_next/static/chunks/0aus_next_dist_0dxyg_i._.js:3272
[  284563ms] [ERROR] ./app/bento-4/page.tsx:4:1
Module not found: Can't resolve './card4'
  2 | import Card2 from "./card2"
  3 | import Card3 from "./card3"
> 4 | import Card4 from "./card4"
    | ^^^^^^^^^^^^^^^^^^^^^^^^^^^
  5 | import Card5 from "./card5"
  6 |
  7 | // Premium bento — cards keep their native design sizes. Card1 (wide) sits over

https://nextjs.org/docs/messages/module-not-found @ http://localhost:4200/_next/static/chunks/0aus_next_dist_0dxyg_i._.js:3272
[  284563ms] [ERROR] ./app/bento-4/page.tsx:5:1
Module not found: Can't resolve './card5'
  3 | import Card3 from "./card3"
  4 | import Card4 from "./card4"
> 5 | import Card5 from "./card5"
    | ^^^^^^^^^^^^^^^^^^^^^^^^^^^
  6 |
  7 | // Premium bento — cards keep their native design sizes. Card1 (wide) sits over
  8 | // Card4 + Card5 on the left; Card2 (tall) anchors the right; Card3 centers below.

https://nextjs.org/docs/messages/module-not-found @ http://localhost:4200/_next/static/chunks/0aus_next_dist_0dxyg_i._.js:3272
[  284701ms] [LOG] [Fast Refresh] rebuilding @ http://localhost:4200/_next/static/chunks/0aus_next_dist_0dxyg_i._.js:2431
[  284784ms] [ERROR] ./app/bento-4/page.tsx:1:1
Module not found: Can't resolve './card1'
> 1 | import Card1 from "./card1"
    | ^^^^^^^^^^^^^^^^^^^^^^^^^^^
  2 | import Card2 from "./card2"
  3 | import Card3 from "./card3"
  4 | import Card4 from "./card4"

https://nextjs.org/docs/messages/module-not-found @ http://localhost:4200/_next/static/chunks/0aus_next_dist_0dxyg_i._.js:3272
[  284784ms] [ERROR] ./app/bento-4/page.tsx:2:1
Module not found: Can't resolve './card2'
  1 | import Card1 from "./card1"
> 2 | import Card2 from "./card2"
    | ^^^^^^^^^^^^^^^^^^^^^^^^^^^
  3 | import Card3 from "./card3"
  4 | import Card4 from "./card4"
  5 | import Card5 from "./card5"

https://nextjs.org/docs/messages/module-not-found @ http://localhost:4200/_next/static/chunks/0aus_next_dist_0dxyg_i._.js:3272
[  284784ms] [ERROR] ./app/bento-4/page.tsx:3:1
Module not found: Can't resolve './card3'
  1 | import Card1 from "./card1"
  2 | import Card2 from "./card2"
> 3 | import Card3 from "./card3"
    | ^^^^^^^^^^^^^^^^^^^^^^^^^^^
  4 | import Card4 from "./card4"
  5 | import Card5 from "./card5"
  6 |

https://nextjs.org/docs/messages/module-not-found @ http://localhost:4200/_next/static/chunks/0aus_next_dist_0dxyg_i._.js:3272
[  284784ms] [ERROR] ./app/bento-4/page.tsx:4:1
Module not found: Can't resolve './card4'
  2 | import Card2 from "./card2"
  3 | import Card3 from "./card3"
> 4 | import Card4 from "./card4"
    | ^^^^^^^^^^^^^^^^^^^^^^^^^^^
  5 | import Card5 from "./card5"
  6 |
  7 | // Premium bento — cards keep their native design sizes. Card1 (wide) sits over

https://nextjs.org/docs/messages/module-not-found @ http://localhost:4200/_next/static/chunks/0aus_next_dist_0dxyg_i._.js:3272
[  284784ms] [ERROR] ./app/bento-4/page.tsx:5:1
Module not found: Can't resolve './card5'
  3 | import Card3 from "./card3"
  4 | import Card4 from "./card4"
> 5 | import Card5 from "./card5"
    | ^^^^^^^^^^^^^^^^^^^^^^^^^^^
  6 |
  7 | // Premium bento — cards keep their native design sizes. Card1 (wide) sits over
  8 | // Card4 + Card5 on the left; Card2 (tall) anchors the right; Card3 centers below.

https://nextjs.org/docs/messages/module-not-found @ http://localhost:4200/_next/static/chunks/0aus_next_dist_0dxyg_i._.js:3272
[  284786ms] [ERROR] ./app/bento-4/page.tsx:1:1
Module not found: Can't resolve './card1'
> 1 | import Card1 from "./card1"
    | ^^^^^^^^^^^^^^^^^^^^^^^^^^^
  2 | import Card2 from "./card2"
  3 | import Card3 from "./card3"
  4 | import Card4 from "./card4"

https://nextjs.org/docs/messages/module-not-found @ http://localhost:4200/_next/static/chunks/0aus_next_dist_0dxyg_i._.js:3272
[  284786ms] [ERROR] ./app/bento-4/page.tsx:2:1
Module not found: Can't resolve './card2'
  1 | import Card1 from "./card1"
> 2 | import Card2 from "./card2"
    | ^^^^^^^^^^^^^^^^^^^^^^^^^^^
  3 | import Card3 from "./card3"
  4 | import Card4 from "./card4"
  5 | import Card5 from "./card5"

https://nextjs.org/docs/messages/module-not-found @ http://localhost:4200/_next/static/chunks/0aus_next_dist_0dxyg_i._.js:3272
[  284786ms] [ERROR] ./app/bento-4/page.tsx:3:1
Module not found: Can't resolve './card3'
  1 | import Card1 from "./card1"
  2 | import Card2 from "./card2"
> 3 | import Card3 from "./card3"
    | ^^^^^^^^^^^^^^^^^^^^^^^^^^^
  4 | import Card4 from "./card4"
  5 | import Card5 from "./card5"
  6 |

https://nextjs.org/docs/messages/module-not-found @ http://localhost:4200/_next/static/chunks/0aus_next_dist_0dxyg_i._.js:3272
[  284786ms] [ERROR] ./app/bento-4/page.tsx:4:1
Module not found: Can't resolve './card4'
  2 | import Card2 from "./card2"
  3 | import Card3 from "./card3"
> 4 | import Card4 from "./card4"
    | ^^^^^^^^^^^^^^^^^^^^^^^^^^^
  5 | import Card5 from "./card5"
  6 |
  7 | // Premium bento — cards keep their native design sizes. Card1 (wide) sits over

https://nextjs.org/docs/messages/module-not-found @ http://localhost:4200/_next/static/chunks/0aus_next_dist_0dxyg_i._.js:3272
[  284786ms] [ERROR] ./app/bento-4/page.tsx:5:1
Module not found: Can't resolve './card5'
  3 | import Card3 from "./card3"
  4 | import Card4 from "./card4"
> 5 | import Card5 from "./card5"
    | ^^^^^^^^^^^^^^^^^^^^^^^^^^^
  6 |
  7 | // Premium bento — cards keep their native design sizes. Card1 (wide) sits over
  8 | // Card4 + Card5 on the left; Card2 (tall) anchors the right; Card3 centers below.

https://nextjs.org/docs/messages/module-not-found @ http://localhost:4200/_next/static/chunks/0aus_next_dist_0dxyg_i._.js:3272
[  284788ms] [ERROR] Failed to load resource: the server responded with a status of 500 (Internal Server Error) @ http://localhost:4200/bento-4?_rsc=13923:0
[  284833ms] [ERROR] Failed to load resource: the server responded with a status of 500 (Internal Server Error) @ http://localhost:4200/bento-4:0
[  284925ms] [INFO] %cDownload the React DevTools for a better development experience: https://react.dev/link/react-devtools font-weight:bold @ http://localhost:4200/_next/static/chunks/0e-u_react-dom_0037m-m._.js:15305
[  284971ms] Error: ./app/bento-4/page.tsx:1:1
Module not found: Can't resolve './card1'
> 1 | import Card1 from "./card1"
    | ^^^^^^^^^^^^^^^^^^^^^^^^^^^
  2 | import Card2 from "./card2"
  3 | import Card3 from "./card3"
  4 | import Card4 from "./card4"



https://nextjs.org/docs/messages/module-not-found


    at <unknown> (Error: ./app/bento-4/page.tsx:1:1)
    at <unknown> (https://nextjs.org/docs/messages/module-not-found)
    at Object.getCompilationErrors (file:///Users/godwinjanarthan/Documents/Projects/d2studio-ui/node_modules/.pnpm/next@16.2.4_@babel+core@7.28.4_react-dom@19.2.5_react@19.2.5__react@19.2.5/node_modules/next/dist/server/dev/hot-reloader-turbopack.js:1186:59)
    at DevBundlerService.getCompilationError (file:///Users/godwinjanarthan/Documents/Projects/d2studio-ui/node_modules/.pnpm/next@16.2.4_@babel+core@7.28.4_react-dom@19.2.5_react@19.2.5__react@19.2.5/node_modules/next/dist/server/lib/dev-bundler-service.js:44:55)
    at DevServer.getCompilationError (file:///Users/godwinjanarthan/Documents/Projects/d2studio-ui/node_modules/.pnpm/next@16.2.4_@babel+core@7.28.4_react-dom@19.2.5_react@19.2.5__react@19.2.5/node_modules/next/dist/server/dev/next-dev-server.js:719:42)
    at DevServer.findPageComponents (file:///Users/godwinjanarthan/Documents/Projects/d2studio-ui/node_modules/.pnpm/next@16.2.4_@babel+core@7.28.4_react-dom@19.2.5_react@19.2.5__react@19.2.5/node_modules/next/dist/server/dev/next-dev-server.js:689:43)
    at async DevServer.renderErrorToResponseImpl (file:///Users/godwinjanarthan/Documents/Projects/d2studio-ui/node_modules/.pnpm/next@16.2.4_@babel+core@7.28.4_react-dom@19.2.5_react@19.2.5__react@19.2.5/node_modules/next/dist/server/base-server.js:1745:26)
[  284985ms] [LOG] [HMR] connected @ http://localhost:4200/_next/static/chunks/0aus_next_dist_00tg.dm._.js:1226
[  285055ms] [ERROR] ./app/bento-4/page.tsx:1:1
Module not found: Can't resolve './card1'
> 1 | import Card1 from "./card1"
    | ^^^^^^^^^^^^^^^^^^^^^^^^^^^
  2 | import Card2 from "./card2"
  3 | import Card3 from "./card3"
  4 | import Card4 from "./card4"

https://nextjs.org/docs/messages/module-not-found @ http://localhost:4200/_next/static/chunks/0aus_next_dist_00tg.dm._.js:1945
[  285055ms] [ERROR] ./app/bento-4/page.tsx:2:1
Module not found: Can't resolve './card2'
  1 | import Card1 from "./card1"
> 2 | import Card2 from "./card2"
    | ^^^^^^^^^^^^^^^^^^^^^^^^^^^
  3 | import Card3 from "./card3"
  4 | import Card4 from "./card4"
  5 | import Card5 from "./card5"

https://nextjs.org/docs/messages/module-not-found @ http://localhost:4200/_next/static/chunks/0aus_next_dist_00tg.dm._.js:1945
[  285055ms] [ERROR] ./app/bento-4/page.tsx:3:1
Module not found: Can't resolve './card3'
  1 | import Card1 from "./card1"
  2 | import Card2 from "./card2"
> 3 | import Card3 from "./card3"
    | ^^^^^^^^^^^^^^^^^^^^^^^^^^^
  4 | import Card4 from "./card4"
  5 | import Card5 from "./card5"
  6 |

https://nextjs.org/docs/messages/module-not-found @ http://localhost:4200/_next/static/chunks/0aus_next_dist_00tg.dm._.js:1945
[  285056ms] [ERROR] ./app/bento-4/page.tsx:4:1
Module not found: Can't resolve './card4'
  2 | import Card2 from "./card2"
  3 | import Card3 from "./card3"
> 4 | import Card4 from "./card4"
    | ^^^^^^^^^^^^^^^^^^^^^^^^^^^
  5 | import Card5 from "./card5"
  6 |
  7 | // Premium bento — cards keep their native design sizes. Card1 (wide) sits over

https://nextjs.org/docs/messages/module-not-found @ http://localhost:4200/_next/static/chunks/0aus_next_dist_00tg.dm._.js:1945
[  285056ms] [ERROR] ./app/bento-4/page.tsx:5:1
Module not found: Can't resolve './card5'
  3 | import Card3 from "./card3"
  4 | import Card4 from "./card4"
> 5 | import Card5 from "./card5"
    | ^^^^^^^^^^^^^^^^^^^^^^^^^^^
  6 |
  7 | // Premium bento — cards keep their native design sizes. Card1 (wide) sits over
  8 | // Card4 + Card5 on the left; Card2 (tall) anchors the right; Card3 centers below.

https://nextjs.org/docs/messages/module-not-found @ http://localhost:4200/_next/static/chunks/0aus_next_dist_00tg.dm._.js:1945
[  285077ms] [ERROR] ./app/bento-4/page.tsx:1:1
Module not found: Can't resolve './card1'
> 1 | import Card1 from "./card1"
    | ^^^^^^^^^^^^^^^^^^^^^^^^^^^
  2 | import Card2 from "./card2"
  3 | import Card3 from "./card3"
  4 | import Card4 from "./card4"

https://nextjs.org/docs/messages/module-not-found @ http://localhost:4200/_next/static/chunks/0aus_next_dist_00tg.dm._.js:1945
[  285077ms] [ERROR] ./app/bento-4/page.tsx:2:1
Module not found: Can't resolve './card2'
  1 | import Card1 from "./card1"
> 2 | import Card2 from "./card2"
    | ^^^^^^^^^^^^^^^^^^^^^^^^^^^
  3 | import Card3 from "./card3"
  4 | import Card4 from "./card4"
  5 | import Card5 from "./card5"

https://nextjs.org/docs/messages/module-not-found @ http://localhost:4200/_next/static/chunks/0aus_next_dist_00tg.dm._.js:1945
[  285077ms] [ERROR] ./app/bento-4/page.tsx:3:1
Module not found: Can't resolve './card3'
  1 | import Card1 from "./card1"
  2 | import Card2 from "./card2"
> 3 | import Card3 from "./card3"
    | ^^^^^^^^^^^^^^^^^^^^^^^^^^^
  4 | import Card4 from "./card4"
  5 | import Card5 from "./card5"
  6 |

https://nextjs.org/docs/messages/module-not-found @ http://localhost:4200/_next/static/chunks/0aus_next_dist_00tg.dm._.js:1945
[  285077ms] [ERROR] ./app/bento-4/page.tsx:4:1
Module not found: Can't resolve './card4'
  2 | import Card2 from "./card2"
  3 | import Card3 from "./card3"
> 4 | import Card4 from "./card4"
    | ^^^^^^^^^^^^^^^^^^^^^^^^^^^
  5 | import Card5 from "./card5"
  6 |
  7 | // Premium bento — cards keep their native design sizes. Card1 (wide) sits over

https://nextjs.org/docs/messages/module-not-found @ http://localhost:4200/_next/static/chunks/0aus_next_dist_00tg.dm._.js:1945
[  285077ms] [ERROR] ./app/bento-4/page.tsx:5:1
Module not found: Can't resolve './card5'
  3 | import Card3 from "./card3"
  4 | import Card4 from "./card4"
> 5 | import Card5 from "./card5"
    | ^^^^^^^^^^^^^^^^^^^^^^^^^^^
  6 |
  7 | // Premium bento — cards keep their native design sizes. Card1 (wide) sits over
  8 | // Card4 + Card5 on the left; Card2 (tall) anchors the right; Card3 centers below.

https://nextjs.org/docs/messages/module-not-found @ http://localhost:4200/_next/static/chunks/0aus_next_dist_00tg.dm._.js:1945
[  285090ms] [ERROR] ./app/bento-4/page.tsx:1:1
Module not found: Can't resolve './card1'
> 1 | import Card1 from "./card1"
    | ^^^^^^^^^^^^^^^^^^^^^^^^^^^
  2 | import Card2 from "./card2"
  3 | import Card3 from "./card3"
  4 | import Card4 from "./card4"

https://nextjs.org/docs/messages/module-not-found @ http://localhost:4200/_next/static/chunks/0aus_next_dist_00tg.dm._.js:1945
[  285090ms] [ERROR] ./app/bento-4/page.tsx:2:1
Module not found: Can't resolve './card2'
  1 | import Card1 from "./card1"
> 2 | import Card2 from "./card2"
    | ^^^^^^^^^^^^^^^^^^^^^^^^^^^
  3 | import Card3 from "./card3"
  4 | import Card4 from "./card4"
  5 | import Card5 from "./card5"

https://nextjs.org/docs/messages/module-not-found @ http://localhost:4200/_next/static/chunks/0aus_next_dist_00tg.dm._.js:1945
[  285090ms] [ERROR] ./app/bento-4/page.tsx:3:1
Module not found: Can't resolve './card3'
  1 | import Card1 from "./card1"
  2 | import Card2 from "./card2"
> 3 | import Card3 from "./card3"
    | ^^^^^^^^^^^^^^^^^^^^^^^^^^^
  4 | import Card4 from "./card4"
  5 | import Card5 from "./card5"
  6 |

https://nextjs.org/docs/messages/module-not-found @ http://localhost:4200/_next/static/chunks/0aus_next_dist_00tg.dm._.js:1945
[  285090ms] [ERROR] ./app/bento-4/page.tsx:4:1
Module not found: Can't resolve './card4'
  2 | import Card2 from "./card2"
  3 | import Card3 from "./card3"
> 4 | import Card4 from "./card4"
    | ^^^^^^^^^^^^^^^^^^^^^^^^^^^
  5 | import Card5 from "./card5"
  6 |
  7 | // Premium bento — cards keep their native design sizes. Card1 (wide) sits over

https://nextjs.org/docs/messages/module-not-found @ http://localhost:4200/_next/static/chunks/0aus_next_dist_00tg.dm._.js:1945
[  285090ms] [ERROR] ./app/bento-4/page.tsx:5:1
Module not found: Can't resolve './card5'
  3 | import Card3 from "./card3"
  4 | import Card4 from "./card4"
> 5 | import Card5 from "./card5"
    | ^^^^^^^^^^^^^^^^^^^^^^^^^^^
  6 |
  7 | // Premium bento — cards keep their native design sizes. Card1 (wide) sits over
  8 | // Card4 + Card5 on the left; Card2 (tall) anchors the right; Card3 centers below.

https://nextjs.org/docs/messages/module-not-found @ http://localhost:4200/_next/static/chunks/0aus_next_dist_00tg.dm._.js:1945
[  285157ms] [LOG] [Fast Refresh] rebuilding @ http://localhost:4200/_next/static/chunks/0aus_next_dist_00tg.dm._.js:1226
[  287967ms] [LOG] [Fast Refresh] rebuilding @ http://localhost:4200/_next/static/chunks/0aus_next_dist_00tg.dm._.js:1226
[  288159ms] [ERROR] ./app/bento-4/page.tsx:1:1
Module not found: Can't resolve './card1'
> 1 | import Card1 from "./card1"
    | ^^^^^^^^^^^^^^^^^^^^^^^^^^^
  2 | import Card2 from "./card2"
  3 | import Card3 from "./card3"
  4 | import Card4 from "./card4"

https://nextjs.org/docs/messages/module-not-found @ http://localhost:4200/_next/static/chunks/0aus_next_dist_00tg.dm._.js:1945
[  288159ms] [ERROR] ./app/bento-4/page.tsx:2:1
Module not found: Can't resolve './card2'
  1 | import Card1 from "./card1"
> 2 | import Card2 from "./card2"
    | ^^^^^^^^^^^^^^^^^^^^^^^^^^^
  3 | import Card3 from "./card3"
  4 | import Card4 from "./card4"
  5 | import Card5 from "./card5"

https://nextjs.org/docs/messages/module-not-found @ http://localhost:4200/_next/static/chunks/0aus_next_dist_00tg.dm._.js:1945
[  288159ms] [ERROR] ./app/bento-4/page.tsx:3:1
Module not found: Can't resolve './card3'
  1 | import Card1 from "./card1"
  2 | import Card2 from "./card2"
> 3 | import Card3 from "./card3"
    | ^^^^^^^^^^^^^^^^^^^^^^^^^^^
  4 | import Card4 from "./card4"
  5 | import Card5 from "./card5"
  6 |

https://nextjs.org/docs/messages/module-not-found @ http://localhost:4200/_next/static/chunks/0aus_next_dist_00tg.dm._.js:1945
[  288159ms] [ERROR] ./app/bento-4/page.tsx:4:1
Module not found: Can't resolve './card4'
  2 | import Card2 from "./card2"
  3 | import Card3 from "./card3"
> 4 | import Card4 from "./card4"
    | ^^^^^^^^^^^^^^^^^^^^^^^^^^^
  5 | import Card5 from "./card5"
  6 |
  7 | // Premium bento — cards keep their native design sizes. Card1 (wide) sits over

https://nextjs.org/docs/messages/module-not-found @ http://localhost:4200/_next/static/chunks/0aus_next_dist_00tg.dm._.js:1945
[  288159ms] [ERROR] ./app/bento-4/page.tsx:5:1
Module not found: Can't resolve './card5'
  3 | import Card3 from "./card3"
  4 | import Card4 from "./card4"
> 5 | import Card5 from "./card5"
    | ^^^^^^^^^^^^^^^^^^^^^^^^^^^
  6 |
  7 | // Premium bento — cards keep their native design sizes. Card1 (wide) sits over
  8 | // Card4 + Card5 on the left; Card2 (tall) anchors the right; Card3 centers below.

https://nextjs.org/docs/messages/module-not-found @ http://localhost:4200/_next/static/chunks/0aus_next_dist_00tg.dm._.js:1945
[  289394ms] [LOG] [Fast Refresh] rebuilding @ http://localhost:4200/_next/static/chunks/0aus_next_dist_00tg.dm._.js:1226
[  289529ms] [ERROR] ./app/bento-4/page.tsx:1:1
Module not found: Can't resolve './card1'
> 1 | import Card1 from "./card1"
    | ^^^^^^^^^^^^^^^^^^^^^^^^^^^
  2 | import Card2 from "./card2"
  3 | import Card3 from "./card3"
  4 | import Card4 from "./card4"

https://nextjs.org/docs/messages/module-not-found @ http://localhost:4200/_next/static/chunks/0aus_next_dist_00tg.dm._.js:1945
[  289529ms] [ERROR] ./app/bento-4/page.tsx:2:1
Module not found: Can't resolve './card2'
  1 | import Card1 from "./card1"
> 2 | import Card2 from "./card2"
    | ^^^^^^^^^^^^^^^^^^^^^^^^^^^
  3 | import Card3 from "./card3"
  4 | import Card4 from "./card4"
  5 | import Card5 from "./card5"

https://nextjs.org/docs/messages/module-not-found @ http://localhost:4200/_next/static/chunks/0aus_next_dist_00tg.dm._.js:1945
[  289529ms] [ERROR] ./app/bento-4/page.tsx:3:1
Module not found: Can't resolve './card3'
  1 | import Card1 from "./card1"
  2 | import Card2 from "./card2"
> 3 | import Card3 from "./card3"
    | ^^^^^^^^^^^^^^^^^^^^^^^^^^^
  4 | import Card4 from "./card4"
  5 | import Card5 from "./card5"
  6 |

https://nextjs.org/docs/messages/module-not-found @ http://localhost:4200/_next/static/chunks/0aus_next_dist_00tg.dm._.js:1945
[  289529ms] [ERROR] ./app/bento-4/page.tsx:4:1
Module not found: Can't resolve './card4'
  2 | import Card2 from "./card2"
  3 | import Card3 from "./card3"
> 4 | import Card4 from "./card4"
    | ^^^^^^^^^^^^^^^^^^^^^^^^^^^
  5 | import Card5 from "./card5"
  6 |
  7 | // Premium bento — cards keep their native design sizes. Card1 (wide) sits over

https://nextjs.org/docs/messages/module-not-found @ http://localhost:4200/_next/static/chunks/0aus_next_dist_00tg.dm._.js:1945
[  289529ms] [ERROR] ./app/bento-4/page.tsx:5:1
Module not found: Can't resolve './card5'
  3 | import Card3 from "./card3"
  4 | import Card4 from "./card4"
> 5 | import Card5 from "./card5"
    | ^^^^^^^^^^^^^^^^^^^^^^^^^^^
  6 |
  7 | // Premium bento — cards keep their native design sizes. Card1 (wide) sits over
  8 | // Card4 + Card5 on the left; Card2 (tall) anchors the right; Card3 centers below.

https://nextjs.org/docs/messages/module-not-found @ http://localhost:4200/_next/static/chunks/0aus_next_dist_00tg.dm._.js:1945
[  290369ms] [LOG] [Fast Refresh] rebuilding @ http://localhost:4200/_next/static/chunks/0aus_next_dist_00tg.dm._.js:1226
[  290494ms] [ERROR] ./app/bento-4/page.tsx:1:1
Module not found: Can't resolve './card1'
> 1 | import Card1 from "./card1"
    | ^^^^^^^^^^^^^^^^^^^^^^^^^^^
  2 | import Card2 from "./card2"
  3 | import Card3 from "./card3"
  4 | import Card4 from "./card4"

https://nextjs.org/docs/messages/module-not-found @ http://localhost:4200/_next/static/chunks/0aus_next_dist_00tg.dm._.js:1945
[  290494ms] [ERROR] ./app/bento-4/page.tsx:2:1
Module not found: Can't resolve './card2'
  1 | import Card1 from "./card1"
> 2 | import Card2 from "./card2"
    | ^^^^^^^^^^^^^^^^^^^^^^^^^^^
  3 | import Card3 from "./card3"
  4 | import Card4 from "./card4"
  5 | import Card5 from "./card5"

https://nextjs.org/docs/messages/module-not-found @ http://localhost:4200/_next/static/chunks/0aus_next_dist_00tg.dm._.js:1945
[  290494ms] [ERROR] ./app/bento-4/page.tsx:3:1
Module not found: Can't resolve './card3'
  1 | import Card1 from "./card1"
  2 | import Card2 from "./card2"
> 3 | import Card3 from "./card3"
    | ^^^^^^^^^^^^^^^^^^^^^^^^^^^
  4 | import Card4 from "./card4"
  5 | import Card5 from "./card5"
  6 |

https://nextjs.org/docs/messages/module-not-found @ http://localhost:4200/_next/static/chunks/0aus_next_dist_00tg.dm._.js:1945
[  290494ms] [ERROR] ./app/bento-4/page.tsx:4:1
Module not found: Can't resolve './card4'
  2 | import Card2 from "./card2"
  3 | import Card3 from "./card3"
> 4 | import Card4 from "./card4"
    | ^^^^^^^^^^^^^^^^^^^^^^^^^^^
  5 | import Card5 from "./card5"
  6 |
  7 | // Premium bento — cards keep their native design sizes. Card1 (wide) sits over

https://nextjs.org/docs/messages/module-not-found @ http://localhost:4200/_next/static/chunks/0aus_next_dist_00tg.dm._.js:1945
[  290494ms] [ERROR] ./app/bento-4/page.tsx:5:1
Module not found: Can't resolve './card5'
  3 | import Card3 from "./card3"
  4 | import Card4 from "./card4"
> 5 | import Card5 from "./card5"
    | ^^^^^^^^^^^^^^^^^^^^^^^^^^^
  6 |
  7 | // Premium bento — cards keep their native design sizes. Card1 (wide) sits over
  8 | // Card4 + Card5 on the left; Card2 (tall) anchors the right; Card3 centers below.

https://nextjs.org/docs/messages/module-not-found @ http://localhost:4200/_next/static/chunks/0aus_next_dist_00tg.dm._.js:1945
[  291902ms] [LOG] [Fast Refresh] rebuilding @ http://localhost:4200/_next/static/chunks/0aus_next_dist_00tg.dm._.js:1226
[  292040ms] [ERROR] ./app/bento-4/page.tsx:1:1
Module not found: Can't resolve './card1'
> 1 | import Card1 from "./card1"
    | ^^^^^^^^^^^^^^^^^^^^^^^^^^^
  2 | import Card2 from "./card2"
  3 | import Card3 from "./card3"
  4 | import Card4 from "./card4"

https://nextjs.org/docs/messages/module-not-found @ http://localhost:4200/_next/static/chunks/0aus_next_dist_00tg.dm._.js:1945
[  292040ms] [ERROR] ./app/bento-4/page.tsx:2:1
Module not found: Can't resolve './card2'
  1 | import Card1 from "./card1"
> 2 | import Card2 from "./card2"
    | ^^^^^^^^^^^^^^^^^^^^^^^^^^^
  3 | import Card3 from "./card3"
  4 | import Card4 from "./card4"
  5 | import Card5 from "./card5"

https://nextjs.org/docs/messages/module-not-found @ http://localhost:4200/_next/static/chunks/0aus_next_dist_00tg.dm._.js:1945
[  292040ms] [ERROR] ./app/bento-4/page.tsx:3:1
Module not found: Can't resolve './card3'
  1 | import Card1 from "./card1"
  2 | import Card2 from "./card2"
> 3 | import Card3 from "./card3"
    | ^^^^^^^^^^^^^^^^^^^^^^^^^^^
  4 | import Card4 from "./card4"
  5 | import Card5 from "./card5"
  6 |

https://nextjs.org/docs/messages/module-not-found @ http://localhost:4200/_next/static/chunks/0aus_next_dist_00tg.dm._.js:1945
[  292040ms] [ERROR] ./app/bento-4/page.tsx:4:1
Module not found: Can't resolve './card4'
  2 | import Card2 from "./card2"
  3 | import Card3 from "./card3"
> 4 | import Card4 from "./card4"
    | ^^^^^^^^^^^^^^^^^^^^^^^^^^^
  5 | import Card5 from "./card5"
  6 |
  7 | // Premium bento — cards keep their native design sizes. Card1 (wide) sits over

https://nextjs.org/docs/messages/module-not-found @ http://localhost:4200/_next/static/chunks/0aus_next_dist_00tg.dm._.js:1945
[  292040ms] [ERROR] ./app/bento-4/page.tsx:5:1
Module not found: Can't resolve './card5'
  3 | import Card3 from "./card3"
  4 | import Card4 from "./card4"
> 5 | import Card5 from "./card5"
    | ^^^^^^^^^^^^^^^^^^^^^^^^^^^
  6 |
  7 | // Premium bento — cards keep their native design sizes. Card1 (wide) sits over
  8 | // Card4 + Card5 on the left; Card2 (tall) anchors the right; Card3 centers below.

https://nextjs.org/docs/messages/module-not-found @ http://localhost:4200/_next/static/chunks/0aus_next_dist_00tg.dm._.js:1945
[  292752ms] [LOG] [Fast Refresh] rebuilding @ http://localhost:4200/_next/static/chunks/0aus_next_dist_00tg.dm._.js:1226
[  292880ms] [ERROR] ./app/bento-4/page.tsx:1:1
Module not found: Can't resolve './card1'
> 1 | import Card1 from "./card1"
    | ^^^^^^^^^^^^^^^^^^^^^^^^^^^
  2 | import Card2 from "./card2"
  3 | import Card3 from "./card3"
  4 | import Card4 from "./card4"

https://nextjs.org/docs/messages/module-not-found @ http://localhost:4200/_next/static/chunks/0aus_next_dist_00tg.dm._.js:1945
[  292880ms] [ERROR] ./app/bento-4/page.tsx:2:1
Module not found: Can't resolve './card2'
  1 | import Card1 from "./card1"
> 2 | import Card2 from "./card2"
    | ^^^^^^^^^^^^^^^^^^^^^^^^^^^
  3 | import Card3 from "./card3"
  4 | import Card4 from "./card4"
  5 | import Card5 from "./card5"

https://nextjs.org/docs/messages/module-not-found @ http://localhost:4200/_next/static/chunks/0aus_next_dist_00tg.dm._.js:1945
[  292880ms] [ERROR] ./app/bento-4/page.tsx:3:1
Module not found: Can't resolve './card3'
  1 | import Card1 from "./card1"
  2 | import Card2 from "./card2"
> 3 | import Card3 from "./card3"
    | ^^^^^^^^^^^^^^^^^^^^^^^^^^^
  4 | import Card4 from "./card4"
  5 | import Card5 from "./card5"
  6 |

https://nextjs.org/docs/messages/module-not-found @ http://localhost:4200/_next/static/chunks/0aus_next_dist_00tg.dm._.js:1945
[  292880ms] [ERROR] ./app/bento-4/page.tsx:4:1
Module not found: Can't resolve './card4'
  2 | import Card2 from "./card2"
  3 | import Card3 from "./card3"
> 4 | import Card4 from "./card4"
    | ^^^^^^^^^^^^^^^^^^^^^^^^^^^
  5 | import Card5 from "./card5"
  6 |
  7 | // Premium bento — cards keep their native design sizes. Card1 (wide) sits over

https://nextjs.org/docs/messages/module-not-found @ http://localhost:4200/_next/static/chunks/0aus_next_dist_00tg.dm._.js:1945
[  292880ms] [ERROR] ./app/bento-4/page.tsx:5:1
Module not found: Can't resolve './card5'
  3 | import Card3 from "./card3"
  4 | import Card4 from "./card4"
> 5 | import Card5 from "./card5"
    | ^^^^^^^^^^^^^^^^^^^^^^^^^^^
  6 |
  7 | // Premium bento — cards keep their native design sizes. Card1 (wide) sits over
  8 | // Card4 + Card5 on the left; Card2 (tall) anchors the right; Card3 centers below.

https://nextjs.org/docs/messages/module-not-found @ http://localhost:4200/_next/static/chunks/0aus_next_dist_00tg.dm._.js:1945
[  299413ms] [LOG] [Fast Refresh] rebuilding @ http://localhost:4200/_next/static/chunks/0aus_next_dist_00tg.dm._.js:1226
[  299598ms] [LOG] [Fast Refresh] done in 286ms @ http://localhost:4200/_next/static/chunks/0aus_next_dist_00tg.dm._.js:1226
[  300004ms] [LOG] [Fast Refresh] rebuilding @ http://localhost:4200/_next/static/chunks/0aus_next_dist_00tg.dm._.js:1226
[  300108ms] [LOG] [Fast Refresh] done in 206ms @ http://localhost:4200/_next/static/chunks/0aus_next_dist_00tg.dm._.js:1226
[  300421ms] [ERROR] Failed to load resource: the server responded with a status of 500 (Internal Server Error) @ http://localhost:4200/bento-4:0
[  300493ms] [INFO] %cDownload the React DevTools for a better development experience: https://react.dev/link/react-devtools font-weight:bold @ http://localhost:4200/_next/static/chunks/0aus_next_dist_0dxyg_i._.js:2431
[  300537ms] [LOG] [HMR] connected @ http://localhost:4200/_next/static/chunks/0aus_next_dist_0dxyg_i._.js:2431
[  300569ms] [ERROR] Encountered a script tag while rendering React component. Scripts inside React components are never executed when rendering on the client. Consider using template tag instead (https://developer.mozilla.org/en-US/docs/Web/HTML/Element/template). @ http://localhost:4200/_next/static/chunks/0aus_next_dist_0dxyg_i._.js:3272
[  300700ms] ReferenceError: Card1 is not defined
    at Page (about://React/Server/file:///Users/godwinjanarthan/Documents/Projects/d2studio-ui/.next/dev/server/chunks/ssr/%5Broot-of-the-server%5D__0x2y-aw._.js?0:38:460)
    at resolveErrorDev (http://localhost:4200/_next/static/chunks/0aus_next_dist_compiled_react-server-dom-turbopack_0bo9_ln._.js:1919:105)
    at processFullStringRow (http://localhost:4200/_next/static/chunks/0aus_next_dist_compiled_react-server-dom-turbopack_0bo9_ln._.js:2434:29)
    at processFullBinaryRow (http://localhost:4200/_next/static/chunks/0aus_next_dist_compiled_react-server-dom-turbopack_0bo9_ln._.js:2393:9)
    at processBinaryChunk (http://localhost:4200/_next/static/chunks/0aus_next_dist_compiled_react-server-dom-turbopack_0bo9_ln._.js:2502:221)
    at progress (http://localhost:4200/_next/static/chunks/0aus_next_dist_compiled_react-server-dom-turbopack_0bo9_ln._.js:2689:13)
[  300742ms] [LOG] [Fast Refresh] rebuilding @ http://localhost:4200/_next/static/chunks/0aus_next_dist_0dxyg_i._.js:2431
[  300812ms] [LOG] [Fast Refresh] done in 172ms @ http://localhost:4200/_next/static/chunks/0aus_next_dist_0dxyg_i._.js:2431
[  309250ms] [LOG] [Fast Refresh] rebuilding @ http://localhost:4200/_next/static/chunks/0aus_next_dist_0dxyg_i._.js:2431
[  309708ms] [LOG] [Fast Refresh] done in 368ms @ http://localhost:4200/_next/static/chunks/0aus_next_dist_0dxyg_i._.js:2431
[  310944ms] [ERROR] Failed to load resource: the server responded with a status of 500 (Internal Server Error) @ http://localhost:4200/bento-4:0
[  310981ms] [INFO] %cDownload the React DevTools for a better development experience: https://react.dev/link/react-devtools font-weight:bold @ http://localhost:4200/_next/static/chunks/0aus_next_dist_0dxyg_i._.js:2431
[  311029ms] [LOG] [HMR] connected @ http://localhost:4200/_next/static/chunks/0aus_next_dist_0dxyg_i._.js:2431
[  311041ms] [ERROR] Encountered a script tag while rendering React component. Scripts inside React components are never executed when rendering on the client. Consider using template tag instead (https://developer.mozilla.org/en-US/docs/Web/HTML/Element/template). @ http://localhost:4200/_next/static/chunks/0aus_next_dist_0dxyg_i._.js:3272
[  311072ms] ReferenceError: Card1 is not defined
    at Page (about://React/Server/file:///Users/godwinjanarthan/Documents/Projects/d2studio-ui/.next/dev/server/chunks/ssr/%5Broot-of-the-server%5D__0x2y-aw._.js?0:38:460)
    at resolveErrorDev (http://localhost:4200/_next/static/chunks/0aus_next_dist_compiled_react-server-dom-turbopack_0bo9_ln._.js:1919:105)
    at processFullStringRow (http://localhost:4200/_next/static/chunks/0aus_next_dist_compiled_react-server-dom-turbopack_0bo9_ln._.js:2434:29)
    at processFullBinaryRow (http://localhost:4200/_next/static/chunks/0aus_next_dist_compiled_react-server-dom-turbopack_0bo9_ln._.js:2393:9)
    at processBinaryChunk (http://localhost:4200/_next/static/chunks/0aus_next_dist_compiled_react-server-dom-turbopack_0bo9_ln._.js:2502:221)
    at progress (http://localhost:4200/_next/static/chunks/0aus_next_dist_compiled_react-server-dom-turbopack_0bo9_ln._.js:2689:13)
