[     491ms] [INFO] %cDownload the React DevTools for a better development experience: https://react.dev/link/react-devtools font-weight:bold @ http://localhost:4000/_next/static/chunks/0aus_next_dist_0dxyg_i._.js:2431
[     555ms] [LOG] [HMR] connected @ http://localhost:4000/_next/static/chunks/0aus_next_dist_0dxyg_i._.js:2431
[     723ms] [LOG] [Fast Refresh] rebuilding @ http://localhost:4000/_next/static/chunks/0aus_next_dist_0dxyg_i._.js:2431
[    1711ms] [LOG] [Fast Refresh] done in 1107ms @ http://localhost:4000/_next/static/chunks/0aus_next_dist_0dxyg_i._.js:2431
[    2096ms] [ERROR] Failed to load resource: the server responded with a status of 404 (Not Found) @ http://localhost:4000/api/component-code/dashboard-01:0
[    2311ms] [ERROR] Failed to load resource: the server responded with a status of 404 (Not Found) @ http://localhost:4000/api/component-code/dashboard-01:0
[    5365ms] [WARNING] The resource http://localhost:4000/_next/static/media/c0ce6eeecb7babc9-s.p.0m20a48t5o~j5.woff2 was preloaded using link preload but not used within a few seconds from the window's load event. Please make sure it has an appropriate `as` value and it is preloaded intentionally. @ http://localhost:4000/:0
[   10509ms] [LOG] [Fast Refresh] rebuilding @ http://localhost:4000/_next/static/chunks/0aus_next_dist_0dxyg_i._.js:2431
[   10509ms] [LOG] [Fast Refresh] done in 110ms @ http://localhost:4000/_next/static/chunks/0aus_next_dist_0dxyg_i._.js:2431
[   18620ms] [LOG] [Fast Refresh] rebuilding @ http://localhost:4000/_next/static/chunks/0aus_next_dist_0dxyg_i._.js:2431
[   19155ms] [LOG] [Fast Refresh] done in 485ms @ http://localhost:4000/_next/static/chunks/0aus_next_dist_0dxyg_i._.js:2431
[  120458ms] [LOG] [Fast Refresh] rebuilding @ http://localhost:4000/_next/static/chunks/0aus_next_dist_0dxyg_i._.js:2431
[  120774ms] [LOG] [Fast Refresh] done in 298ms @ http://localhost:4000/_next/static/chunks/0aus_next_dist_0dxyg_i._.js:2431
[  126606ms] [LOG] [Fast Refresh] rebuilding @ http://localhost:4000/_next/static/chunks/0aus_next_dist_0dxyg_i._.js:2431
[  126813ms] [LOG] [Fast Refresh] done in 204ms @ http://localhost:4000/_next/static/chunks/0aus_next_dist_0dxyg_i._.js:2431
[  144523ms] [LOG] [Fast Refresh] rebuilding @ http://localhost:4000/_next/static/chunks/0aus_next_dist_0dxyg_i._.js:2431
[  144777ms] [LOG] [Fast Refresh] done in 239ms @ http://localhost:4000/_next/static/chunks/0aus_next_dist_0dxyg_i._.js:2431
[  163780ms] [LOG] [Fast Refresh] rebuilding @ http://localhost:4000/_next/static/chunks/0aus_next_dist_0dxyg_i._.js:2431
[  164050ms] [LOG] [Fast Refresh] done in 258ms @ http://localhost:4000/_next/static/chunks/0aus_next_dist_0dxyg_i._.js:2431
[  282903ms] [LOG] [Fast Refresh] rebuilding @ http://localhost:4000/_next/static/chunks/0aus_next_dist_0dxyg_i._.js:2431
[  284081ms] [LOG] [Fast Refresh] done in 1191ms @ http://localhost:4000/_next/static/chunks/0aus_next_dist_0dxyg_i._.js:2431
[  289155ms] [LOG] [Fast Refresh] rebuilding @ http://localhost:4000/_next/static/chunks/0aus_next_dist_0dxyg_i._.js:2431
[  290402ms] [LOG] [Fast Refresh] done in 1067ms @ http://localhost:4000/_next/static/chunks/0aus_next_dist_0dxyg_i._.js:2431
