[     445ms] [INFO] %cDownload the React DevTools for a better development experience: https://react.dev/link/react-devtools font-weight:bold @ http://localhost:4200/_next/static/chunks/0aus_next_dist_0dxyg_i._.js:2431
[     466ms] [LOG] [HMR] connected @ http://localhost:4200/_next/static/chunks/0aus_next_dist_0dxyg_i._.js:2431
[     612ms] [LOG] [Fast Refresh] rebuilding @ http://localhost:4200/_next/static/chunks/0aus_next_dist_0dxyg_i._.js:2431
[     898ms] [LOG] [Fast Refresh] done in 395ms @ http://localhost:4200/_next/static/chunks/0aus_next_dist_0dxyg_i._.js:2431
[    4755ms] [LOG] [Fast Refresh] rebuilding @ http://localhost:4200/_next/static/chunks/0aus_next_dist_0dxyg_i._.js:2431
[    4817ms] [LOG] [Fast Refresh] done in 163ms @ http://localhost:4200/_next/static/chunks/0aus_next_dist_0dxyg_i._.js:2431
[   30839ms] [LOG] [Fast Refresh] rebuilding @ http://localhost:4200/_next/static/chunks/0aus_next_dist_0dxyg_i._.js:2431
[   30885ms] [LOG] [Fast Refresh] done in 147ms @ http://localhost:4200/_next/static/chunks/0aus_next_dist_0dxyg_i._.js:2431
[   40813ms] [LOG] [Fast Refresh] rebuilding @ http://localhost:4200/_next/static/chunks/0aus_next_dist_0dxyg_i._.js:2431
[   41245ms] [LOG] [Fast Refresh] done in 369ms @ http://localhost:4200/_next/static/chunks/0aus_next_dist_0dxyg_i._.js:2431
[   41758ms] [LOG] [Fast Refresh] rebuilding @ http://localhost:4200/_next/static/chunks/0aus_next_dist_0dxyg_i._.js:2431
[   41877ms] [LOG] [Fast Refresh] done in 219ms @ http://localhost:4200/_next/static/chunks/0aus_next_dist_0dxyg_i._.js:2431
[   42055ms] [LOG] [Fast Refresh] rebuilding @ http://localhost:4200/_next/static/chunks/0aus_next_dist_0dxyg_i._.js:2431
[   42258ms] [LOG] [Fast Refresh] done in 303ms @ http://localhost:4200/_next/static/chunks/0aus_next_dist_0dxyg_i._.js:2431
[   42628ms] [LOG] [Fast Refresh] rebuilding @ http://localhost:4200/_next/static/chunks/0aus_next_dist_0dxyg_i._.js:2431
[   42824ms] [LOG] [Fast Refresh] done in 297ms @ http://localhost:4200/_next/static/chunks/0aus_next_dist_0dxyg_i._.js:2431
[   44598ms] [LOG] [Fast Refresh] rebuilding @ http://localhost:4200/_next/static/chunks/0aus_next_dist_0dxyg_i._.js:2431
[   44844ms] [LOG] [Fast Refresh] done in 347ms @ http://localhost:4200/_next/static/chunks/0aus_next_dist_0dxyg_i._.js:2431
[   48914ms] [LOG] [Fast Refresh] rebuilding @ http://localhost:4200/_next/static/chunks/0aus_next_dist_0dxyg_i._.js:2431
[   48975ms] [LOG] [Fast Refresh] done in 162ms @ http://localhost:4200/_next/static/chunks/0aus_next_dist_0dxyg_i._.js:2431
[   52357ms] [LOG] [Fast Refresh] rebuilding @ http://localhost:4200/_next/static/chunks/0aus_next_dist_0dxyg_i._.js:2431
[   53440ms] [LOG] [Fast Refresh] done in 1181ms @ http://localhost:4200/_next/static/chunks/0aus_next_dist_0dxyg_i._.js:2431
[   53897ms] [LOG] [Fast Refresh] rebuilding @ http://localhost:4200/_next/static/chunks/0aus_next_dist_0dxyg_i._.js:2431
[   54096ms] [LOG] [Fast Refresh] done in 301ms @ http://localhost:4200/_next/static/chunks/0aus_next_dist_0dxyg_i._.js:2431
[   61022ms] [LOG] [Fast Refresh] rebuilding @ http://localhost:4200/_next/static/chunks/0aus_next_dist_0dxyg_i._.js:2431
[   61217ms] [LOG] [Fast Refresh] done in 296ms @ http://localhost:4200/_next/static/chunks/0aus_next_dist_0dxyg_i._.js:2431
[  449781ms] [LOG] [Fast Refresh] rebuilding @ http://localhost:4200/_next/static/chunks/0aus_next_dist_0dxyg_i._.js:2431
[  451775ms] [LOG] [Fast Refresh] done in 2097ms @ http://localhost:4200/_next/static/chunks/0aus_next_dist_0dxyg_i._.js:2431
[  451955ms] [LOG] [Fast Refresh] rebuilding @ http://localhost:4200/_next/static/chunks/0aus_next_dist_0dxyg_i._.js:2431
[  453852ms] [LOG] [Fast Refresh] done in 1998ms @ http://localhost:4200/_next/static/chunks/0aus_next_dist_0dxyg_i._.js:2431
[  471231ms] [LOG] [Fast Refresh] rebuilding @ http://localhost:4200/_next/static/chunks/0aus_next_dist_0dxyg_i._.js:2431
[  473598ms] [ERROR] ./app/globals.css:11976:25
Parsing CSS source code failed
  11974 |   }
  11975 |   .\[\@media\(hover\:hover\)and\(pointer\:fine\)\]\:block {
> 11976 |     @media (hover:hover)and(pointer:fine) {
        |                         ^
  11977 |       display: block;
  11978 |     }
  11979 |   }

Unexpected token Function("and")

Generated code of PostCSS transform of file content of app/globals.css:
./app/globals.css:11976:25
  11974 |   }
  11975 |   .\[\@media\(hover\:hover\)and\(pointer\:fine\)\]\:block {
> 11976 |     @media (hover:hover)and(pointer:fine) {
        |                         ^
  11977 |       display: block;
  11978 |     }
  11979 |   }

Import trace:
  Client Component Browser:
    ./app/globals.css [Client Component Browser]
    ./app/layout.tsx [Server Component] @ http://localhost:4200/_next/static/chunks/0aus_next_dist_0dxyg_i._.js:3272
[  474561ms] [ERROR] Failed to load resource: the server responded with a status of 500 (Internal Server Error) @ http://localhost:4200/bento-4?_rsc=13923:0
[  474571ms] [ERROR] ./app/globals.css:11976:25
Parsing CSS source code failed
  11974 |   }
  11975 |   .\[\@media\(hover\:hover\)and\(pointer\:fine\)\]\:block {
> 11976 |     @media (hover:hover)and(pointer:fine) {
        |                         ^
  11977 |       display: block;
  11978 |     }
  11979 |   }

Unexpected token Function("and")

Generated code of PostCSS transform of file content of app/globals.css:
./app/globals.css:11976:25
  11974 |   }
  11975 |   .\[\@media\(hover\:hover\)and\(pointer\:fine\)\]\:block {
> 11976 |     @media (hover:hover)and(pointer:fine) {
        |                         ^
  11977 |       display: block;
  11978 |     }
  11979 |   }

Import trace:
  Client Component Browser:
    ./app/globals.css [Client Component Browser]
    ./app/layout.tsx [Server Component] @ http://localhost:4200/_next/static/chunks/0aus_next_dist_0dxyg_i._.js:3272
[  474612ms] [ERROR] ./app/globals.css:11976:25
Parsing CSS source code failed
  11974 |   }
  11975 |   .\[\@media\(hover\:hover\)and\(pointer\:fine\)\]\:block {
> 11976 |     @media (hover:hover)and(pointer:fine) {
        |                         ^
  11977 |       display: block;
  11978 |     }
  11979 |   }

Unexpected token Function("and")

Generated code of PostCSS transform of file content of app/globals.css:
./app/globals.css:11976:25
  11974 |   }
  11975 |   .\[\@media\(hover\:hover\)and\(pointer\:fine\)\]\:block {
> 11976 |     @media (hover:hover)and(pointer:fine) {
        |                         ^
  11977 |       display: block;
  11978 |     }
  11979 |   }

Import trace:
  Client Component Browser:
    ./app/globals.css [Client Component Browser]
    ./app/layout.tsx [Server Component] @ http://localhost:4200/_next/static/chunks/0aus_next_dist_0dxyg_i._.js:3272
[  474730ms] [ERROR] Failed to load resource: the server responded with a status of 500 (Internal Server Error) @ http://localhost:4200/bento-4?_rsc=13923:0
[  474741ms] [ERROR] ./app/globals.css:11976:25
Parsing CSS source code failed
  11974 |   }
  11975 |   .\[\@media\(hover\:hover\)and\(pointer\:fine\)\]\:block {
> 11976 |     @media (hover:hover)and(pointer:fine) {
        |                         ^
  11977 |       display: block;
  11978 |     }
  11979 |   }

Unexpected token Function("and")

Generated code of PostCSS transform of file content of app/globals.css:
./app/globals.css:11976:25
  11974 |   }
  11975 |   .\[\@media\(hover\:hover\)and\(pointer\:fine\)\]\:block {
> 11976 |     @media (hover:hover)and(pointer:fine) {
        |                         ^
  11977 |       display: block;
  11978 |     }
  11979 |   }

Import trace:
  Client Component Browser:
    ./app/globals.css [Client Component Browser]
    ./app/layout.tsx [Server Component] @ http://localhost:4200/_next/static/chunks/0aus_next_dist_0dxyg_i._.js:3272
[  474787ms] [ERROR] Failed to load resource: the server responded with a status of 500 (Internal Server Error) @ http://localhost:4200/bento-4:0
[  474888ms] [INFO] %cDownload the React DevTools for a better development experience: https://react.dev/link/react-devtools font-weight:bold @ http://localhost:4200/_next/static/chunks/0e-u_react-dom_0037m-m._.js:15305
[  474933ms] Error: ./app/globals.css:11976:25
Parsing CSS source code failed
  11974 |   }
  11975 |   .\[\@media\(hover\:hover\)and\(pointer\:fine\)\]\:block {
> 11976 |     @media (hover:hover)and(pointer:fine) {
        |                         ^
  11977 |       display: block;
  11978 |     }
  11979 |   }

Unexpected token Function("and")

Generated code of PostCSS transform of file content of app/globals.css:
./app/globals.css:11976:25
  11974 |   }
  11975 |   .\[\@media\(hover\:hover\)and\(pointer\:fine\)\]\:block {
> 11976 |     @media (hover:hover)and(pointer:fine) {
        |                         ^
  11977 |       display: block;
  11978 |     }
  11979 |   }

Import trace:
  Client Component Browser:
    ./app/globals.css [Client Component Browser]
    ./app/layout.tsx [Server Component]


    at <unknown> (Error: ./app/globals.css:11976:25)
    at <unknown> (./app/globals.css:11976:25)
    at Object.getCompilationErrors (file:///Users/godwinjanarthan/Documents/Projects/d2studio-ui/node_modules/.pnpm/next@16.2.4_@babel+core@7.28.4_react-dom@19.2.5_react@19.2.5__react@19.2.5/node_modules/next/dist/server/dev/hot-reloader-turbopack.js:1186:59)
    at DevBundlerService.getCompilationError (file:///Users/godwinjanarthan/Documents/Projects/d2studio-ui/node_modules/.pnpm/next@16.2.4_@babel+core@7.28.4_react-dom@19.2.5_react@19.2.5__react@19.2.5/node_modules/next/dist/server/lib/dev-bundler-service.js:44:55)
    at DevServer.getCompilationError (file:///Users/godwinjanarthan/Documents/Projects/d2studio-ui/node_modules/.pnpm/next@16.2.4_@babel+core@7.28.4_react-dom@19.2.5_react@19.2.5__react@19.2.5/node_modules/next/dist/server/dev/next-dev-server.js:719:42)
    at DevServer.findPageComponents (file:///Users/godwinjanarthan/Documents/Projects/d2studio-ui/node_modules/.pnpm/next@16.2.4_@babel+core@7.28.4_react-dom@19.2.5_react@19.2.5__react@19.2.5/node_modules/next/dist/server/dev/next-dev-server.js:689:43)
    at async DevServer.renderErrorToResponseImpl (file:///Users/godwinjanarthan/Documents/Projects/d2studio-ui/node_modules/.pnpm/next@16.2.4_@babel+core@7.28.4_react-dom@19.2.5_react@19.2.5__react@19.2.5/node_modules/next/dist/server/base-server.js:1745:26)
[  474931ms] [LOG] [HMR] connected @ http://localhost:4200/_next/static/chunks/0aus_next_dist_00tg.dm._.js:1226
[  474939ms] [ERROR] ./app/globals.css:11976:25
Parsing CSS source code failed
  11974 |   }
  11975 |   .\[\@media\(hover\:hover\)and\(pointer\:fine\)\]\:block {
> 11976 |     @media (hover:hover)and(pointer:fine) {
        |                         ^
  11977 |       display: block;
  11978 |     }
  11979 |   }

Unexpected token Function("and")

Generated code of PostCSS transform of file content of app/globals.css:
./app/globals.css:11976:25
  11974 |   }
  11975 |   .\[\@media\(hover\:hover\)and\(pointer\:fine\)\]\:block {
> 11976 |     @media (hover:hover)and(pointer:fine) {
        |                         ^
  11977 |       display: block;
  11978 |     }
  11979 |   }

Import trace:
  Client Component Browser:
    ./app/globals.css [Client Component Browser]
    ./app/layout.tsx [Server Component] @ http://localhost:4200/_next/static/chunks/0aus_next_dist_00tg.dm._.js:1945
[  474939ms] [ERROR] ./app/globals.css:11976:25
Parsing CSS source code failed
  11974 |   }
  11975 |   .\[\@media\(hover\:hover\)and\(pointer\:fine\)\]\:block {
> 11976 |     @media (hover:hover)and(pointer:fine) {
        |                         ^
  11977 |       display: block;
  11978 |     }
  11979 |   }

Unexpected token Function("and")

Generated code of PostCSS transform of file content of app/globals.css:
./app/globals.css:11976:25
  11974 |   }
  11975 |   .\[\@media\(hover\:hover\)and\(pointer\:fine\)\]\:block {
> 11976 |     @media (hover:hover)and(pointer:fine) {
        |                         ^
  11977 |       display: block;
  11978 |     }
  11979 |   }

Import trace:
  Client Component Browser:
    ./app/globals.css [Client Component Browser]
    ./app/layout.tsx [Server Component] @ http://localhost:4200/_next/static/chunks/0aus_next_dist_00tg.dm._.js:1945
[  474965ms] [ERROR] ./app/globals.css:11976:25
Parsing CSS source code failed
  11974 |   }
  11975 |   .\[\@media\(hover\:hover\)and\(pointer\:fine\)\]\:block {
> 11976 |     @media (hover:hover)and(pointer:fine) {
        |                         ^
  11977 |       display: block;
  11978 |     }
  11979 |   }

Unexpected token Function("and")

Generated code of PostCSS transform of file content of app/globals.css:
./app/globals.css:11976:25
  11974 |   }
  11975 |   .\[\@media\(hover\:hover\)and\(pointer\:fine\)\]\:block {
> 11976 |     @media (hover:hover)and(pointer:fine) {
        |                         ^
  11977 |       display: block;
  11978 |     }
  11979 |   }

Import trace:
  Client Component Browser:
    ./app/globals.css [Client Component Browser]
    ./app/layout.tsx [Server Component] @ http://localhost:4200/_next/static/chunks/0aus_next_dist_00tg.dm._.js:1945
[  475840ms] [LOG] [Fast Refresh] rebuilding @ http://localhost:4200/_next/static/chunks/0aus_next_dist_00tg.dm._.js:1226
[  476035ms] [ERROR] ./app/globals.css:11976:25
Parsing CSS source code failed
  11974 |   }
  11975 |   .\[\@media\(hover\:hover\)and\(pointer\:fine\)\]\:block {
> 11976 |     @media (hover:hover)and(pointer:fine) {
        |                         ^
  11977 |       display: block;
  11978 |     }
  11979 |   }

Unexpected token Function("and")

Generated code of PostCSS transform of file content of app/globals.css:
./app/globals.css:11976:25
  11974 |   }
  11975 |   .\[\@media\(hover\:hover\)and\(pointer\:fine\)\]\:block {
> 11976 |     @media (hover:hover)and(pointer:fine) {
        |                         ^
  11977 |       display: block;
  11978 |     }
  11979 |   }

Import trace:
  Client Component Browser:
    ./app/globals.css [Client Component Browser]
    ./app/layout.tsx [Server Component] @ http://localhost:4200/_next/static/chunks/0aus_next_dist_00tg.dm._.js:1945
[  476147ms] [ERROR] Failed to load resource: the server responded with a status of 500 (Internal Server Error) @ http://localhost:4200/bento-4:0
[  476173ms] [INFO] %cDownload the React DevTools for a better development experience: https://react.dev/link/react-devtools font-weight:bold @ http://localhost:4200/_next/static/chunks/0e-u_react-dom_0037m-m._.js:15305
[  476180ms] Error: ./app/globals.css:11976:25
Parsing CSS source code failed
  11974 |   }
  11975 |   .\[\@media\(hover\:hover\)and\(pointer\:fine\)\]\:block {
> 11976 |     @media (hover:hover)and(pointer:fine) {
        |                         ^
  11977 |       display: block;
  11978 |     }
  11979 |   }

Unexpected token Function("and")

Generated code of PostCSS transform of file content of app/globals.css:
./app/globals.css:11976:25
  11974 |   }
  11975 |   .\[\@media\(hover\:hover\)and\(pointer\:fine\)\]\:block {
> 11976 |     @media (hover:hover)and(pointer:fine) {
        |                         ^
  11977 |       display: block;
  11978 |     }
  11979 |   }

Import trace:
  Client Component Browser:
    ./app/globals.css [Client Component Browser]
    ./app/layout.tsx [Server Component]


    at <unknown> (Error: ./app/globals.css:11976:25)
    at <unknown> (./app/globals.css:11976:25)
    at Object.getCompilationErrors (file:///Users/godwinjanarthan/Documents/Projects/d2studio-ui/node_modules/.pnpm/next@16.2.4_@babel+core@7.28.4_react-dom@19.2.5_react@19.2.5__react@19.2.5/node_modules/next/dist/server/dev/hot-reloader-turbopack.js:1186:59)
    at DevBundlerService.getCompilationError (file:///Users/godwinjanarthan/Documents/Projects/d2studio-ui/node_modules/.pnpm/next@16.2.4_@babel+core@7.28.4_react-dom@19.2.5_react@19.2.5__react@19.2.5/node_modules/next/dist/server/lib/dev-bundler-service.js:44:55)
    at DevServer.getCompilationError (file:///Users/godwinjanarthan/Documents/Projects/d2studio-ui/node_modules/.pnpm/next@16.2.4_@babel+core@7.28.4_react-dom@19.2.5_react@19.2.5__react@19.2.5/node_modules/next/dist/server/dev/next-dev-server.js:719:42)
    at DevServer.findPageComponents (file:///Users/godwinjanarthan/Documents/Projects/d2studio-ui/node_modules/.pnpm/next@16.2.4_@babel+core@7.28.4_react-dom@19.2.5_react@19.2.5__react@19.2.5/node_modules/next/dist/server/dev/next-dev-server.js:689:43)
    at async DevServer.renderErrorToResponseImpl (file:///Users/godwinjanarthan/Documents/Projects/d2studio-ui/node_modules/.pnpm/next@16.2.4_@babel+core@7.28.4_react-dom@19.2.5_react@19.2.5__react@19.2.5/node_modules/next/dist/server/base-server.js:1745:26)
[  476186ms] [LOG] [HMR] connected @ http://localhost:4200/_next/static/chunks/0aus_next_dist_00tg.dm._.js:1226
[  476204ms] [ERROR] ./app/globals.css:11976:25
Parsing CSS source code failed
  11974 |   }
  11975 |   .\[\@media\(hover\:hover\)and\(pointer\:fine\)\]\:block {
> 11976 |     @media (hover:hover)and(pointer:fine) {
        |                         ^
  11977 |       display: block;
  11978 |     }
  11979 |   }

Unexpected token Function("and")

Generated code of PostCSS transform of file content of app/globals.css:
./app/globals.css:11976:25
  11974 |   }
  11975 |   .\[\@media\(hover\:hover\)and\(pointer\:fine\)\]\:block {
> 11976 |     @media (hover:hover)and(pointer:fine) {
        |                         ^
  11977 |       display: block;
  11978 |     }
  11979 |   }

Import trace:
  Client Component Browser:
    ./app/globals.css [Client Component Browser]
    ./app/layout.tsx [Server Component] @ http://localhost:4200/_next/static/chunks/0aus_next_dist_00tg.dm._.js:1945
[  476204ms] [ERROR] ./app/globals.css:11976:25
Parsing CSS source code failed
  11974 |   }
  11975 |   .\[\@media\(hover\:hover\)and\(pointer\:fine\)\]\:block {
> 11976 |     @media (hover:hover)and(pointer:fine) {
        |                         ^
  11977 |       display: block;
  11978 |     }
  11979 |   }

Unexpected token Function("and")

Generated code of PostCSS transform of file content of app/globals.css:
./app/globals.css:11976:25
  11974 |   }
  11975 |   .\[\@media\(hover\:hover\)and\(pointer\:fine\)\]\:block {
> 11976 |     @media (hover:hover)and(pointer:fine) {
        |                         ^
  11977 |       display: block;
  11978 |     }
  11979 |   }

Import trace:
  Client Component Browser:
    ./app/globals.css [Client Component Browser]
    ./app/layout.tsx [Server Component] @ http://localhost:4200/_next/static/chunks/0aus_next_dist_00tg.dm._.js:1945
[  476247ms] [ERROR] ./app/globals.css:11976:25
Parsing CSS source code failed
  11974 |   }
  11975 |   .\[\@media\(hover\:hover\)and\(pointer\:fine\)\]\:block {
> 11976 |     @media (hover:hover)and(pointer:fine) {
        |                         ^
  11977 |       display: block;
  11978 |     }
  11979 |   }

Unexpected token Function("and")

Generated code of PostCSS transform of file content of app/globals.css:
./app/globals.css:11976:25
  11974 |   }
  11975 |   .\[\@media\(hover\:hover\)and\(pointer\:fine\)\]\:block {
> 11976 |     @media (hover:hover)and(pointer:fine) {
        |                         ^
  11977 |       display: block;
  11978 |     }
  11979 |   }

Import trace:
  Client Component Browser:
    ./app/globals.css [Client Component Browser]
    ./app/layout.tsx [Server Component] @ http://localhost:4200/_next/static/chunks/0aus_next_dist_00tg.dm._.js:1945
[  476288ms] [ERROR] ./app/globals.css:11976:25
Parsing CSS source code failed
  11974 |   }
  11975 |   .\[\@media\(hover\:hover\)and\(pointer\:fine\)\]\:block {
> 11976 |     @media (hover:hover)and(pointer:fine) {
        |                         ^
  11977 |       display: block;
  11978 |     }
  11979 |   }

Unexpected token Function("and")

Generated code of PostCSS transform of file content of app/globals.css:
./app/globals.css:11976:25
  11974 |   }
  11975 |   .\[\@media\(hover\:hover\)and\(pointer\:fine\)\]\:block {
> 11976 |     @media (hover:hover)and(pointer:fine) {
        |                         ^
  11977 |       display: block;
  11978 |     }
  11979 |   }

Import trace:
  Client Component Browser:
    ./app/globals.css [Client Component Browser]
    ./app/layout.tsx [Server Component] @ http://localhost:4200/_next/static/chunks/0aus_next_dist_00tg.dm._.js:1945
[  476327ms] [ERROR] ./app/globals.css:11976:25
Parsing CSS source code failed
  11974 |   }
  11975 |   .\[\@media\(hover\:hover\)and\(pointer\:fine\)\]\:block {
> 11976 |     @media (hover:hover)and(pointer:fine) {
        |                         ^
  11977 |       display: block;
  11978 |     }
  11979 |   }

Unexpected token Function("and")

Generated code of PostCSS transform of file content of app/globals.css:
./app/globals.css:11976:25
  11974 |   }
  11975 |   .\[\@media\(hover\:hover\)and\(pointer\:fine\)\]\:block {
> 11976 |     @media (hover:hover)and(pointer:fine) {
        |                         ^
  11977 |       display: block;
  11978 |     }
  11979 |   }

Import trace:
  Client Component Browser:
    ./app/globals.css [Client Component Browser]
    ./app/layout.tsx [Server Component] @ http://localhost:4200/_next/static/chunks/0aus_next_dist_00tg.dm._.js:1945
[  476392ms] [LOG] [Fast Refresh] rebuilding @ http://localhost:4200/_next/static/chunks/0aus_next_dist_00tg.dm._.js:1226
[  481704ms] [LOG] [Fast Refresh] rebuilding @ http://localhost:4200/_next/static/chunks/0aus_next_dist_00tg.dm._.js:1226
[  482362ms] [ERROR] ./app/globals.css:11976:25
Parsing CSS source code failed
  11974 |   }
  11975 |   .\[\@media\(hover\:hover\)and\(pointer\:fine\)\]\:block {
> 11976 |     @media (hover:hover)and(pointer:fine) {
        |                         ^
  11977 |       display: block;
  11978 |     }
  11979 |   }

Unexpected token Function("and")

Generated code of PostCSS transform of file content of app/globals.css:
./app/globals.css:11976:25
  11974 |   }
  11975 |   .\[\@media\(hover\:hover\)and\(pointer\:fine\)\]\:block {
> 11976 |     @media (hover:hover)and(pointer:fine) {
        |                         ^
  11977 |       display: block;
  11978 |     }
  11979 |   }

Import trace:
  Client Component Browser:
    ./app/globals.css [Client Component Browser]
    ./app/layout.tsx [Server Component] @ http://localhost:4200/_next/static/chunks/0aus_next_dist_00tg.dm._.js:1945
[  482445ms] [ERROR] ./app/globals.css:11976:25
Parsing CSS source code failed
  11974 |   }
  11975 |   .\[\@media\(hover\:hover\)and\(pointer\:fine\)\]\:block {
> 11976 |     @media (hover:hover)and(pointer:fine) {
        |                         ^
  11977 |       display: block;
  11978 |     }
  11979 |   }

Unexpected token Function("and")

Generated code of PostCSS transform of file content of app/globals.css:
./app/globals.css:11976:25
  11974 |   }
  11975 |   .\[\@media\(hover\:hover\)and\(pointer\:fine\)\]\:block {
> 11976 |     @media (hover:hover)and(pointer:fine) {
        |                         ^
  11977 |       display: block;
  11978 |     }
  11979 |   }

Import trace:
  Client Component Browser:
    ./app/globals.css [Client Component Browser]
    ./app/layout.tsx [Server Component] @ http://localhost:4200/_next/static/chunks/0aus_next_dist_00tg.dm._.js:1945
[  482496ms] [ERROR] Failed to load resource: the server responded with a status of 500 (Internal Server Error) @ http://localhost:4200/bento-4:0
[  482533ms] [INFO] %cDownload the React DevTools for a better development experience: https://react.dev/link/react-devtools font-weight:bold @ http://localhost:4200/_next/static/chunks/0e-u_react-dom_0037m-m._.js:15305
[  482542ms] Error: ./app/globals.css:11976:25
Parsing CSS source code failed
  11974 |   }
  11975 |   .\[\@media\(hover\:hover\)and\(pointer\:fine\)\]\:block {
> 11976 |     @media (hover:hover)and(pointer:fine) {
        |                         ^
  11977 |       display: block;
  11978 |     }
  11979 |   }

Unexpected token Function("and")

Generated code of PostCSS transform of file content of app/globals.css:
./app/globals.css:11976:25
  11974 |   }
  11975 |   .\[\@media\(hover\:hover\)and\(pointer\:fine\)\]\:block {
> 11976 |     @media (hover:hover)and(pointer:fine) {
        |                         ^
  11977 |       display: block;
  11978 |     }
  11979 |   }

Import trace:
  Client Component Browser:
    ./app/globals.css [Client Component Browser]
    ./app/layout.tsx [Server Component]


    at <unknown> (Error: ./app/globals.css:11976:25)
    at <unknown> (./app/globals.css:11976:25)
    at Object.getCompilationErrors (file:///Users/godwinjanarthan/Documents/Projects/d2studio-ui/node_modules/.pnpm/next@16.2.4_@babel+core@7.28.4_react-dom@19.2.5_react@19.2.5__react@19.2.5/node_modules/next/dist/server/dev/hot-reloader-turbopack.js:1186:59)
    at DevBundlerService.getCompilationError (file:///Users/godwinjanarthan/Documents/Projects/d2studio-ui/node_modules/.pnpm/next@16.2.4_@babel+core@7.28.4_react-dom@19.2.5_react@19.2.5__react@19.2.5/node_modules/next/dist/server/lib/dev-bundler-service.js:44:55)
    at DevServer.getCompilationError (file:///Users/godwinjanarthan/Documents/Projects/d2studio-ui/node_modules/.pnpm/next@16.2.4_@babel+core@7.28.4_react-dom@19.2.5_react@19.2.5__react@19.2.5/node_modules/next/dist/server/dev/next-dev-server.js:719:42)
    at DevServer.findPageComponents (file:///Users/godwinjanarthan/Documents/Projects/d2studio-ui/node_modules/.pnpm/next@16.2.4_@babel+core@7.28.4_react-dom@19.2.5_react@19.2.5__react@19.2.5/node_modules/next/dist/server/dev/next-dev-server.js:689:43)
    at async DevServer.renderErrorToResponseImpl (file:///Users/godwinjanarthan/Documents/Projects/d2studio-ui/node_modules/.pnpm/next@16.2.4_@babel+core@7.28.4_react-dom@19.2.5_react@19.2.5__react@19.2.5/node_modules/next/dist/server/base-server.js:1745:26)
[  482558ms] [LOG] [HMR] connected @ http://localhost:4200/_next/static/chunks/0aus_next_dist_00tg.dm._.js:1226
[  482593ms] [ERROR] ./app/globals.css:11976:25
Parsing CSS source code failed
  11974 |   }
  11975 |   .\[\@media\(hover\:hover\)and\(pointer\:fine\)\]\:block {
> 11976 |     @media (hover:hover)and(pointer:fine) {
        |                         ^
  11977 |       display: block;
  11978 |     }
  11979 |   }

Unexpected token Function("and")

Generated code of PostCSS transform of file content of app/globals.css:
./app/globals.css:11976:25
  11974 |   }
  11975 |   .\[\@media\(hover\:hover\)and\(pointer\:fine\)\]\:block {
> 11976 |     @media (hover:hover)and(pointer:fine) {
        |                         ^
  11977 |       display: block;
  11978 |     }
  11979 |   }

Import trace:
  Client Component Browser:
    ./app/globals.css [Client Component Browser]
    ./app/layout.tsx [Server Component] @ http://localhost:4200/_next/static/chunks/0aus_next_dist_00tg.dm._.js:1945
[  482593ms] [ERROR] ./app/globals.css:11976:25
Parsing CSS source code failed
  11974 |   }
  11975 |   .\[\@media\(hover\:hover\)and\(pointer\:fine\)\]\:block {
> 11976 |     @media (hover:hover)and(pointer:fine) {
        |                         ^
  11977 |       display: block;
  11978 |     }
  11979 |   }

Unexpected token Function("and")

Generated code of PostCSS transform of file content of app/globals.css:
./app/globals.css:11976:25
  11974 |   }
  11975 |   .\[\@media\(hover\:hover\)and\(pointer\:fine\)\]\:block {
> 11976 |     @media (hover:hover)and(pointer:fine) {
        |                         ^
  11977 |       display: block;
  11978 |     }
  11979 |   }

Import trace:
  Client Component Browser:
    ./app/globals.css [Client Component Browser]
    ./app/layout.tsx [Server Component] @ http://localhost:4200/_next/static/chunks/0aus_next_dist_00tg.dm._.js:1945
[  482604ms] [ERROR] ./app/globals.css:11976:25
Parsing CSS source code failed
  11974 |   }
  11975 |   .\[\@media\(hover\:hover\)and\(pointer\:fine\)\]\:block {
> 11976 |     @media (hover:hover)and(pointer:fine) {
        |                         ^
  11977 |       display: block;
  11978 |     }
  11979 |   }

Unexpected token Function("and")

Generated code of PostCSS transform of file content of app/globals.css:
./app/globals.css:11976:25
  11974 |   }
  11975 |   .\[\@media\(hover\:hover\)and\(pointer\:fine\)\]\:block {
> 11976 |     @media (hover:hover)and(pointer:fine) {
        |                         ^
  11977 |       display: block;
  11978 |     }
  11979 |   }

Import trace:
  Client Component Browser:
    ./app/globals.css [Client Component Browser]
    ./app/layout.tsx [Server Component] @ http://localhost:4200/_next/static/chunks/0aus_next_dist_00tg.dm._.js:1945
[  482705ms] [LOG] [Fast Refresh] rebuilding @ http://localhost:4200/_next/static/chunks/0aus_next_dist_00tg.dm._.js:1226
[  482705ms] [ERROR] ./app/globals.css:11976:25
Parsing CSS source code failed
  11974 |   }
  11975 |   .\[\@media\(hover\:hover\)and\(pointer\:fine\)\]\:block {
> 11976 |     @media (hover:hover)and(pointer:fine) {
        |                         ^
  11977 |       display: block;
  11978 |     }
  11979 |   }

Unexpected token Function("and")

Generated code of PostCSS transform of file content of app/globals.css:
./app/globals.css:11976:25
  11974 |   }
  11975 |   .\[\@media\(hover\:hover\)and\(pointer\:fine\)\]\:block {
> 11976 |     @media (hover:hover)and(pointer:fine) {
        |                         ^
  11977 |       display: block;
  11978 |     }
  11979 |   }

Import trace:
  Client Component Browser:
    ./app/globals.css [Client Component Browser]
    ./app/layout.tsx [Server Component] @ http://localhost:4200/_next/static/chunks/0aus_next_dist_00tg.dm._.js:1945
[  482743ms] [ERROR] ./app/globals.css:11976:25
Parsing CSS source code failed
  11974 |   }
  11975 |   .\[\@media\(hover\:hover\)and\(pointer\:fine\)\]\:block {
> 11976 |     @media (hover:hover)and(pointer:fine) {
        |                         ^
  11977 |       display: block;
  11978 |     }
  11979 |   }

Unexpected token Function("and")

Generated code of PostCSS transform of file content of app/globals.css:
./app/globals.css:11976:25
  11974 |   }
  11975 |   .\[\@media\(hover\:hover\)and\(pointer\:fine\)\]\:block {
> 11976 |     @media (hover:hover)and(pointer:fine) {
        |                         ^
  11977 |       display: block;
  11978 |     }
  11979 |   }

Import trace:
  Client Component Browser:
    ./app/globals.css [Client Component Browser]
    ./app/layout.tsx [Server Component] @ http://localhost:4200/_next/static/chunks/0aus_next_dist_00tg.dm._.js:1945
[  482794ms] [ERROR] ./app/globals.css:11976:25
Parsing CSS source code failed
  11974 |   }
  11975 |   .\[\@media\(hover\:hover\)and\(pointer\:fine\)\]\:block {
> 11976 |     @media (hover:hover)and(pointer:fine) {
        |                         ^
  11977 |       display: block;
  11978 |     }
  11979 |   }

Unexpected token Function("and")

Generated code of PostCSS transform of file content of app/globals.css:
./app/globals.css:11976:25
  11974 |   }
  11975 |   .\[\@media\(hover\:hover\)and\(pointer\:fine\)\]\:block {
> 11976 |     @media (hover:hover)and(pointer:fine) {
        |                         ^
  11977 |       display: block;
  11978 |     }
  11979 |   }

Import trace:
  Client Component Browser:
    ./app/globals.css [Client Component Browser]
    ./app/layout.tsx [Server Component] @ http://localhost:4200/_next/static/chunks/0aus_next_dist_00tg.dm._.js:1945
[  482859ms] [LOG] [Fast Refresh] rebuilding @ http://localhost:4200/_next/static/chunks/0aus_next_dist_00tg.dm._.js:1226
[  488382ms] [LOG] [Fast Refresh] rebuilding @ http://localhost:4200/_next/static/chunks/0aus_next_dist_00tg.dm._.js:1226
[  488627ms] [ERROR] ./app/globals.css:11976:25
Parsing CSS source code failed
  11974 |   }
  11975 |   .\[\@media\(hover\:hover\)and\(pointer\:fine\)\]\:block {
> 11976 |     @media (hover:hover)and(pointer:fine) {
        |                         ^
  11977 |       display: block;
  11978 |     }
  11979 |   }

Unexpected token Function("and")

Generated code of PostCSS transform of file content of app/globals.css:
./app/globals.css:11976:25
  11974 |   }
  11975 |   .\[\@media\(hover\:hover\)and\(pointer\:fine\)\]\:block {
> 11976 |     @media (hover:hover)and(pointer:fine) {
        |                         ^
  11977 |       display: block;
  11978 |     }
  11979 |   }

Import trace:
  Client Component Browser:
    ./app/globals.css [Client Component Browser]
    ./app/layout.tsx [Server Component] @ http://localhost:4200/_next/static/chunks/0aus_next_dist_00tg.dm._.js:1945
[  488720ms] [ERROR] Failed to load resource: the server responded with a status of 500 (Internal Server Error) @ http://localhost:4200/bento-4:0
[  488752ms] [INFO] %cDownload the React DevTools for a better development experience: https://react.dev/link/react-devtools font-weight:bold @ http://localhost:4200/_next/static/chunks/0e-u_react-dom_0037m-m._.js:15305
[  488759ms] Error: ./app/globals.css:11976:25
Parsing CSS source code failed
  11974 |   }
  11975 |   .\[\@media\(hover\:hover\)and\(pointer\:fine\)\]\:block {
> 11976 |     @media (hover:hover)and(pointer:fine) {
        |                         ^
  11977 |       display: block;
  11978 |     }
  11979 |   }

Unexpected token Function("and")

Generated code of PostCSS transform of file content of app/globals.css:
./app/globals.css:11976:25
  11974 |   }
  11975 |   .\[\@media\(hover\:hover\)and\(pointer\:fine\)\]\:block {
> 11976 |     @media (hover:hover)and(pointer:fine) {
        |                         ^
  11977 |       display: block;
  11978 |     }
  11979 |   }

Import trace:
  Client Component Browser:
    ./app/globals.css [Client Component Browser]
    ./app/layout.tsx [Server Component]


    at <unknown> (Error: ./app/globals.css:11976:25)
    at <unknown> (./app/globals.css:11976:25)
    at Object.getCompilationErrors (file:///Users/godwinjanarthan/Documents/Projects/d2studio-ui/node_modules/.pnpm/next@16.2.4_@babel+core@7.28.4_react-dom@19.2.5_react@19.2.5__react@19.2.5/node_modules/next/dist/server/dev/hot-reloader-turbopack.js:1186:59)
    at DevBundlerService.getCompilationError (file:///Users/godwinjanarthan/Documents/Projects/d2studio-ui/node_modules/.pnpm/next@16.2.4_@babel+core@7.28.4_react-dom@19.2.5_react@19.2.5__react@19.2.5/node_modules/next/dist/server/lib/dev-bundler-service.js:44:55)
    at DevServer.getCompilationError (file:///Users/godwinjanarthan/Documents/Projects/d2studio-ui/node_modules/.pnpm/next@16.2.4_@babel+core@7.28.4_react-dom@19.2.5_react@19.2.5__react@19.2.5/node_modules/next/dist/server/dev/next-dev-server.js:719:42)
    at DevServer.findPageComponents (file:///Users/godwinjanarthan/Documents/Projects/d2studio-ui/node_modules/.pnpm/next@16.2.4_@babel+core@7.28.4_react-dom@19.2.5_react@19.2.5__react@19.2.5/node_modules/next/dist/server/dev/next-dev-server.js:689:43)
    at async DevServer.renderErrorToResponseImpl (file:///Users/godwinjanarthan/Documents/Projects/d2studio-ui/node_modules/.pnpm/next@16.2.4_@babel+core@7.28.4_react-dom@19.2.5_react@19.2.5__react@19.2.5/node_modules/next/dist/server/base-server.js:1745:26)
[  488788ms] [LOG] [HMR] connected @ http://localhost:4200/_next/static/chunks/0aus_next_dist_00tg.dm._.js:1226
[  488792ms] [ERROR] ./app/globals.css:11976:25
Parsing CSS source code failed
  11974 |   }
  11975 |   .\[\@media\(hover\:hover\)and\(pointer\:fine\)\]\:block {
> 11976 |     @media (hover:hover)and(pointer:fine) {
        |                         ^
  11977 |       display: block;
  11978 |     }
  11979 |   }

Unexpected token Function("and")

Generated code of PostCSS transform of file content of app/globals.css:
./app/globals.css:11976:25
  11974 |   }
  11975 |   .\[\@media\(hover\:hover\)and\(pointer\:fine\)\]\:block {
> 11976 |     @media (hover:hover)and(pointer:fine) {
        |                         ^
  11977 |       display: block;
  11978 |     }
  11979 |   }

Import trace:
  Client Component Browser:
    ./app/globals.css [Client Component Browser]
    ./app/layout.tsx [Server Component] @ http://localhost:4200/_next/static/chunks/0aus_next_dist_00tg.dm._.js:1945
[  488804ms] [ERROR] ./app/globals.css:11976:25
Parsing CSS source code failed
  11974 |   }
  11975 |   .\[\@media\(hover\:hover\)and\(pointer\:fine\)\]\:block {
> 11976 |     @media (hover:hover)and(pointer:fine) {
        |                         ^
  11977 |       display: block;
  11978 |     }
  11979 |   }

Unexpected token Function("and")

Generated code of PostCSS transform of file content of app/globals.css:
./app/globals.css:11976:25
  11974 |   }
  11975 |   .\[\@media\(hover\:hover\)and\(pointer\:fine\)\]\:block {
> 11976 |     @media (hover:hover)and(pointer:fine) {
        |                         ^
  11977 |       display: block;
  11978 |     }
  11979 |   }

Import trace:
  Client Component Browser:
    ./app/globals.css [Client Component Browser]
    ./app/layout.tsx [Server Component] @ http://localhost:4200/_next/static/chunks/0aus_next_dist_00tg.dm._.js:1945
[  488804ms] [ERROR] ./app/globals.css:11976:25
Parsing CSS source code failed
  11974 |   }
  11975 |   .\[\@media\(hover\:hover\)and\(pointer\:fine\)\]\:block {
> 11976 |     @media (hover:hover)and(pointer:fine) {
        |                         ^
  11977 |       display: block;
  11978 |     }
  11979 |   }

Unexpected token Function("and")

Generated code of PostCSS transform of file content of app/globals.css:
./app/globals.css:11976:25
  11974 |   }
  11975 |   .\[\@media\(hover\:hover\)and\(pointer\:fine\)\]\:block {
> 11976 |     @media (hover:hover)and(pointer:fine) {
        |                         ^
  11977 |       display: block;
  11978 |     }
  11979 |   }

Import trace:
  Client Component Browser:
    ./app/globals.css [Client Component Browser]
    ./app/layout.tsx [Server Component] @ http://localhost:4200/_next/static/chunks/0aus_next_dist_00tg.dm._.js:1945
[  488863ms] [ERROR] ./app/globals.css:11976:25
Parsing CSS source code failed
  11974 |   }
  11975 |   .\[\@media\(hover\:hover\)and\(pointer\:fine\)\]\:block {
> 11976 |     @media (hover:hover)and(pointer:fine) {
        |                         ^
  11977 |       display: block;
  11978 |     }
  11979 |   }

Unexpected token Function("and")

Generated code of PostCSS transform of file content of app/globals.css:
./app/globals.css:11976:25
  11974 |   }
  11975 |   .\[\@media\(hover\:hover\)and\(pointer\:fine\)\]\:block {
> 11976 |     @media (hover:hover)and(pointer:fine) {
        |                         ^
  11977 |       display: block;
  11978 |     }
  11979 |   }

Import trace:
  Client Component Browser:
    ./app/globals.css [Client Component Browser]
    ./app/layout.tsx [Server Component] @ http://localhost:4200/_next/static/chunks/0aus_next_dist_00tg.dm._.js:1945
[  488902ms] [LOG] [Fast Refresh] rebuilding @ http://localhost:4200/_next/static/chunks/0aus_next_dist_00tg.dm._.js:1226
[  488954ms] [ERROR] ./app/globals.css:11976:25
Parsing CSS source code failed
  11974 |   }
  11975 |   .\[\@media\(hover\:hover\)and\(pointer\:fine\)\]\:block {
> 11976 |     @media (hover:hover)and(pointer:fine) {
        |                         ^
  11977 |       display: block;
  11978 |     }
  11979 |   }

Unexpected token Function("and")

Generated code of PostCSS transform of file content of app/globals.css:
./app/globals.css:11976:25
  11974 |   }
  11975 |   .\[\@media\(hover\:hover\)and\(pointer\:fine\)\]\:block {
> 11976 |     @media (hover:hover)and(pointer:fine) {
        |                         ^
  11977 |       display: block;
  11978 |     }
  11979 |   }

Import trace:
  Client Component Browser:
    ./app/globals.css [Client Component Browser]
    ./app/layout.tsx [Server Component] @ http://localhost:4200/_next/static/chunks/0aus_next_dist_00tg.dm._.js:1945
[  489015ms] [LOG] [Fast Refresh] rebuilding @ http://localhost:4200/_next/static/chunks/0aus_next_dist_00tg.dm._.js:1226
