[     290ms] [LOG] [Fast Refresh] rebuilding @ http://localhost:4100/_next/static/chunks/0_4d_next_dist_05jslvx._.js:2477
[    1900ms] [LOG] [Fast Refresh] done in 1710ms @ http://localhost:4100/_next/static/chunks/0_4d_next_dist_05jslvx._.js:2477
[    2107ms] [INFO] %cDownload the React DevTools for a better development experience: https://react.dev/link/react-devtools font-weight:bold @ http://localhost:4100/_next/static/chunks/0_4d_next_dist_05jslvx._.js:2477
[    2135ms] [LOG] [HMR] connected @ http://localhost:4100/_next/static/chunks/0_4d_next_dist_05jslvx._.js:2477
[    2388ms] [LOG] [Fast Refresh] rebuilding @ http://localhost:4100/_next/static/chunks/0_4d_next_dist_05jslvx._.js:2477
[    3262ms] [LOG] [Fast Refresh] done in 980ms @ http://localhost:4100/_next/static/chunks/0_4d_next_dist_05jslvx._.js:2477
[  132755ms] [LOG] [Fast Refresh] rebuilding @ http://localhost:4100/_next/static/chunks/0_4d_next_dist_05jslvx._.js:2477
[  134404ms] [LOG] [Fast Refresh] done in 1750ms @ http://localhost:4100/_next/static/chunks/0_4d_next_dist_05jslvx._.js:2477
[  277039ms] [LOG] [Fast Refresh] rebuilding @ http://localhost:4100/_next/static/chunks/0_4d_next_dist_05jslvx._.js:2477
[  314913ms] [LOG] [Fast Refresh] done in 35830ms @ http://localhost:4100/_next/static/chunks/0_4d_next_dist_05jslvx._.js:2477
[  363254ms] [LOG] [Fast Refresh] rebuilding @ http://localhost:4100/_next/static/chunks/0_4d_next_dist_05jslvx._.js:2477
[  364668ms] [LOG] [Fast Refresh] done in 1524ms @ http://localhost:4100/_next/static/chunks/0_4d_next_dist_05jslvx._.js:2477
[  366333ms] [LOG] [Fast Refresh] rebuilding @ http://localhost:4100/_next/static/chunks/0_4d_next_dist_05jslvx._.js:2477
[  368044ms] [LOG] [Fast Refresh] done in 1812ms @ http://localhost:4100/_next/static/chunks/0_4d_next_dist_05jslvx._.js:2477
[  435933ms] [LOG] [Fast Refresh] rebuilding @ http://localhost:4100/_next/static/chunks/0_4d_next_dist_05jslvx._.js:2477
[  453160ms] [LOG] [Fast Refresh] done in 16204ms @ http://localhost:4100/_next/static/chunks/0_4d_next_dist_05jslvx._.js:2477
[  457624ms] [LOG] [Fast Refresh] rebuilding @ http://localhost:4100/_next/static/chunks/0_4d_next_dist_05jslvx._.js:2477
[  501236ms] [LOG] [Fast Refresh] done in 42025ms @ http://localhost:4100/_next/static/chunks/0_4d_next_dist_05jslvx._.js:2477
[  506797ms] [LOG] [Fast Refresh] rebuilding @ http://localhost:4100/_next/static/chunks/0_4d_next_dist_05jslvx._.js:2477
[  508601ms] [LOG] [Fast Refresh] done in 1912ms @ http://localhost:4100/_next/static/chunks/0_4d_next_dist_05jslvx._.js:2477
[  508710ms] [LOG] [Fast Refresh] rebuilding @ http://localhost:4100/_next/static/chunks/0_4d_next_dist_05jslvx._.js:2477
[  510542ms] [LOG] [Fast Refresh] done in 1934ms @ http://localhost:4100/_next/static/chunks/0_4d_next_dist_05jslvx._.js:2477
[  554569ms] [LOG] [Fast Refresh] rebuilding @ http://localhost:4100/_next/static/chunks/0_4d_next_dist_05jslvx._.js:2477
[  579685ms] [LOG] [Fast Refresh] done in 24390ms @ http://localhost:4100/_next/static/chunks/0_4d_next_dist_05jslvx._.js:2477
