[     135ms] [INFO] %cDownload the React DevTools for a better development experience: https://react.dev/link/react-devtools font-weight:bold @ http://localhost:4200/_next/static/chunks/0aus_next_dist_0dxyg_i._.js:2431
[     146ms] [LOG] [HMR] connected @ http://localhost:4200/_next/static/chunks/0aus_next_dist_0dxyg_i._.js:2431
[     266ms] [LOG] [Fast Refresh] rebuilding @ http://localhost:4200/_next/static/chunks/0aus_next_dist_0dxyg_i._.js:2431
[     463ms] [LOG] [Fast Refresh] done in 297ms @ http://localhost:4200/_next/static/chunks/0aus_next_dist_0dxyg_i._.js:2431
[    3242ms] [WARNING] The resource http://localhost:4200/_next/static/media/c0ce6eeecb7babc9-s.p.0m20a48t5o~j5.woff2 was preloaded using link preload but not used within a few seconds from the window's load event. Please make sure it has an appropriate `as` value and it is preloaded intentionally. @ http://localhost:4200/reveal-card-preview:0
[    3242ms] [WARNING] The resource http://localhost:4200/_next/static/media/797e433ab948586e-s.p.0.q-h669a_dqa.woff2 was preloaded using link preload but not used within a few seconds from the window's load event. Please make sure it has an appropriate `as` value and it is preloaded intentionally. @ http://localhost:4200/reveal-card-preview:0
[    5558ms] [LOG] [Fast Refresh] rebuilding @ http://localhost:4200/_next/static/chunks/0aus_next_dist_0dxyg_i._.js:2431
[    5580ms] [LOG] [Fast Refresh] done in 122ms @ http://localhost:4200/_next/static/chunks/0aus_next_dist_0dxyg_i._.js:2431
[   19096ms] [INFO] %cDownload the React DevTools for a better development experience: https://react.dev/link/react-devtools font-weight:bold @ http://localhost:4200/_next/static/chunks/0aus_next_dist_0dxyg_i._.js:2431
[   19105ms] [LOG] [HMR] connected @ http://localhost:4200/_next/static/chunks/0aus_next_dist_0dxyg_i._.js:2431
[   27611ms] [INFO] %cDownload the React DevTools for a better development experience: https://react.dev/link/react-devtools font-weight:bold @ http://localhost:4200/_next/static/chunks/0aus_next_dist_0dxyg_i._.js:2431
[   27623ms] [LOG] [HMR] connected @ http://localhost:4200/_next/static/chunks/0aus_next_dist_0dxyg_i._.js:2431
[   54029ms] [ERROR] Failed to load resource: the server responded with a status of 404 (Not Found) @ http://localhost:4200/reveal-card-smoky-preview:0
[   54060ms] [INFO] %cDownload the React DevTools for a better development experience: https://react.dev/link/react-devtools font-weight:bold @ http://localhost:4200/_next/static/chunks/0aus_next_dist_0dxyg_i._.js:2431
[   54074ms] [LOG] [HMR] connected @ http://localhost:4200/_next/static/chunks/0aus_next_dist_0dxyg_i._.js:2431
[   62429ms] [ERROR] Failed to load resource: the server responded with a status of 404 (Not Found) @ http://localhost:4200/reveal-card-smoke-preview:0
[   62449ms] [INFO] %cDownload the React DevTools for a better development experience: https://react.dev/link/react-devtools font-weight:bold @ http://localhost:4200/_next/static/chunks/0aus_next_dist_0dxyg_i._.js:2431
[   62458ms] [LOG] [HMR] connected @ http://localhost:4200/_next/static/chunks/0aus_next_dist_0dxyg_i._.js:2431
[   72227ms] [INFO] %cDownload the React DevTools for a better development experience: https://react.dev/link/react-devtools font-weight:bold @ http://localhost:4200/_next/static/chunks/0aus_next_dist_0dxyg_i._.js:2431
[   72237ms] [LOG] [HMR] connected @ http://localhost:4200/_next/static/chunks/0aus_next_dist_0dxyg_i._.js:2431
[  112676ms] [ERROR] Failed to load resource: the server responded with a status of 404 (Not Found) @ http://localhost:4200/reveal-card-smoke-preview:0
[  112709ms] [INFO] %cDownload the React DevTools for a better development experience: https://react.dev/link/react-devtools font-weight:bold @ http://localhost:4200/_next/static/chunks/0aus_next_dist_0dxyg_i._.js:2431
[  112727ms] [LOG] [HMR] connected @ http://localhost:4200/_next/static/chunks/0aus_next_dist_0dxyg_i._.js:2431
[  116079ms] [INFO] %cDownload the React DevTools for a better development experience: https://react.dev/link/react-devtools font-weight:bold @ http://localhost:4200/_next/static/chunks/0aus_next_dist_0dxyg_i._.js:2431
[  116091ms] [LOG] [HMR] connected @ http://localhost:4200/_next/static/chunks/0aus_next_dist_0dxyg_i._.js:2431
[  121088ms] [INFO] %cDownload the React DevTools for a better development experience: https://react.dev/link/react-devtools font-weight:bold @ http://localhost:4200/_next/static/chunks/0aus_next_dist_0dxyg_i._.js:2431
[  121099ms] [LOG] [HMR] connected @ http://localhost:4200/_next/static/chunks/0aus_next_dist_0dxyg_i._.js:2431
[  184378ms] [LOG] [Fast Refresh] rebuilding @ http://localhost:4200/_next/static/chunks/0aus_next_dist_0dxyg_i._.js:2431
[  184910ms] [LOG] [Fast Refresh] done in 632ms @ http://localhost:4200/_next/static/chunks/0aus_next_dist_0dxyg_i._.js:2431
[  185285ms] [LOG] [Fast Refresh] rebuilding @ http://localhost:4200/_next/static/chunks/0aus_next_dist_0dxyg_i._.js:2431
[  185382ms] [LOG] [Fast Refresh] done in 199ms @ http://localhost:4200/_next/static/chunks/0aus_next_dist_0dxyg_i._.js:2431
[  203517ms] [INFO] %cDownload the React DevTools for a better development experience: https://react.dev/link/react-devtools font-weight:bold @ http://localhost:4200/_next/static/chunks/0aus_next_dist_0dxyg_i._.js:2431
[  203531ms] [LOG] [HMR] connected @ http://localhost:4200/_next/static/chunks/0aus_next_dist_0dxyg_i._.js:2431
[  252421ms] [INFO] %cDownload the React DevTools for a better development experience: https://react.dev/link/react-devtools font-weight:bold @ http://localhost:4200/_next/static/chunks/0aus_next_dist_0dxyg_i._.js:2431
[  252431ms] [LOG] [HMR] connected @ http://localhost:4200/_next/static/chunks/0aus_next_dist_0dxyg_i._.js:2431
[  267626ms] [INFO] %cDownload the React DevTools for a better development experience: https://react.dev/link/react-devtools font-weight:bold @ http://localhost:4200/_next/static/chunks/0aus_next_dist_0dxyg_i._.js:2431
[  267633ms] [LOG] [HMR] connected @ http://localhost:4200/_next/static/chunks/0aus_next_dist_0dxyg_i._.js:2431
[  446678ms] [LOG] [Fast Refresh] rebuilding @ http://localhost:4200/_next/static/chunks/0aus_next_dist_0dxyg_i._.js:2431
[  446830ms] [LOG] [Fast Refresh] done in 230ms @ http://localhost:4200/_next/static/chunks/0aus_next_dist_0dxyg_i._.js:2431
[  453830ms] [LOG] [Fast Refresh] rebuilding @ http://localhost:4200/_next/static/chunks/0aus_next_dist_0dxyg_i._.js:2431
[  453993ms] [LOG] [Fast Refresh] done in 237ms @ http://localhost:4200/_next/static/chunks/0aus_next_dist_0dxyg_i._.js:2431
[  457778ms] [LOG] [Fast Refresh] rebuilding @ http://localhost:4200/_next/static/chunks/0aus_next_dist_0dxyg_i._.js:2431
[  457914ms] [LOG] [Fast Refresh] done in 210ms @ http://localhost:4200/_next/static/chunks/0aus_next_dist_0dxyg_i._.js:2431
[  458660ms] [INFO] %cDownload the React DevTools for a better development experience: https://react.dev/link/react-devtools font-weight:bold @ http://localhost:4200/_next/static/chunks/0aus_next_dist_0dxyg_i._.js:2431
[  458673ms] [LOG] [HMR] connected @ http://localhost:4200/_next/static/chunks/0aus_next_dist_0dxyg_i._.js:2431
[  458759ms] ReferenceError: smoke is not defined
    at RevealCard.useEffect.resize (http://localhost:4200/_next/static/chunks/components_reveal-card_tsx_05s-bru._.js:139:21)
    at RevealCard.useEffect (http://localhost:4200/_next/static/chunks/components_reveal-card_tsx_05s-bru._.js:220:13)
    at Object.react_stack_bottom_frame (http://localhost:4200/_next/static/chunks/0aus_next_dist_compiled_react-dom_0v6ubys._.js:15087:22)
    at runWithFiberInDEV (http://localhost:4200/_next/static/chunks/0aus_next_dist_compiled_react-dom_0v6ubys._.js:965:74)
    at commitHookEffectListMount (http://localhost:4200/_next/static/chunks/0aus_next_dist_compiled_react-dom_0v6ubys._.js:7255:167)
    at commitHookPassiveMountEffects (http://localhost:4200/_next/static/chunks/0aus_next_dist_compiled_react-dom_0v6ubys._.js:7290:60)
    at commitPassiveMountOnFiber (http://localhost:4200/_next/static/chunks/0aus_next_dist_compiled_react-dom_0v6ubys._.js:8689:33)
    at recursivelyTraversePassiveMountEffects (http://localhost:4200/_next/static/chunks/0aus_next_dist_compiled_react-dom_0v6ubys._.js:8676:316)
    at commitPassiveMountOnFiber (http://localhost:4200/_next/static/chunks/0aus_next_dist_compiled_react-dom_0v6ubys._.js:8750:17)
    at recursivelyTraversePassiveMountEffects (http://localhost:4200/_next/static/chunks/0aus_next_dist_compiled_react-dom_0v6ubys._.js:8676:316)
    at commitPassiveMountOnFiber (http://localhost:4200/_next/static/chunks/0aus_next_dist_compiled_react-dom_0v6ubys._.js:8750:17)
    at recursivelyTraversePassiveMountEffects (http://localhost:4200/_next/static/chunks/0aus_next_dist_compiled_react-dom_0v6ubys._.js:8676:316)
    at commitPassiveMountOnFiber (http://localhost:4200/_next/static/chunks/0aus_next_dist_compiled_react-dom_0v6ubys._.js:8688:17)
    at recursivelyTraversePassiveMountEffects (http://localhost:4200/_next/static/chunks/0aus_next_dist_compiled_react-dom_0v6ubys._.js:8676:316)
    at commitPassiveMountOnFiber (http://localhost:4200/_next/static/chunks/0aus_next_dist_compiled_react-dom_0v6ubys._.js:8750:17)
    at recursivelyTraversePassiveMountEffects (http://localhost:4200/_next/static/chunks/0aus_next_dist_compiled_react-dom_0v6ubys._.js:8676:316)
    at commitPassiveMountOnFiber (http://localhost:4200/_next/static/chunks/0aus_next_dist_compiled_react-dom_0v6ubys._.js:8750:17)
    at recursivelyTraversePassiveMountEffects (http://localhost:4200/_next/static/chunks/0aus_next_dist_compiled_react-dom_0v6ubys._.js:8676:316)
    at commitPassiveMountOnFiber (http://localhost:4200/_next/static/chunks/0aus_next_dist_compiled_react-dom_0v6ubys._.js:8688:17)
    at recursivelyTraversePassiveMountEffects (http://localhost:4200/_next/static/chunks/0aus_next_dist_compiled_react-dom_0v6ubys._.js:8676:316)
    at commitPassiveMountOnFiber (http://localhost:4200/_next/static/chunks/0aus_next_dist_compiled_react-dom_0v6ubys._.js:8693:17)
    at recursivelyTraversePassiveMountEffects (http://localhost:4200/_next/static/chunks/0aus_next_dist_compiled_react-dom_0v6ubys._.js:8676:316)
    at commitPassiveMountOnFiber (http://localhost:4200/_next/static/chunks/0aus_next_dist_compiled_react-dom_0v6ubys._.js:8688:17)
    at recursivelyTraversePassiveMountEffects (http://localhost:4200/_next/static/chunks/0aus_next_dist_compiled_react-dom_0v6ubys._.js:8676:316)
    at commitPassiveMountOnFiber (http://localhost:4200/_next/static/chunks/0aus_next_dist_compiled_react-dom_0v6ubys._.js:8688:17)
    at recursivelyTraversePassiveMountEffects (http://localhost:4200/_next/static/chunks/0aus_next_dist_compiled_react-dom_0v6ubys._.js:8676:316)
    at commitPassiveMountOnFiber (http://localhost:4200/_next/static/chunks/0aus_next_dist_compiled_react-dom_0v6ubys._.js:8688:17)
    at recursivelyTraversePassiveMountEffects (http://localhost:4200/_next/static/chunks/0aus_next_dist_compiled_react-dom_0v6ubys._.js:8676:316)
    at commitPassiveMountOnFiber (http://localhost:4200/_next/static/chunks/0aus_next_dist_compiled_react-dom_0v6ubys._.js:8688:17)
    at recursivelyTraversePassiveMountEffects (http://localhost:4200/_next/static/chunks/0aus_next_dist_compiled_react-dom_0v6ubys._.js:8676:316)
    at commitPassiveMountOnFiber (http://localhost:4200/_next/static/chunks/0aus_next_dist_compiled_react-dom_0v6ubys._.js:8693:17)
    at recursivelyTraversePassiveMountEffects (http://localhost:4200/_next/static/chunks/0aus_next_dist_compiled_react-dom_0v6ubys._.js:8676:316)
    at commitPassiveMountOnFiber (http://localhost:4200/_next/static/chunks/0aus_next_dist_compiled_react-dom_0v6ubys._.js:8688:17)
    at recursivelyTraversePassiveMountEffects (http://localhost:4200/_next/static/chunks/0aus_next_dist_compiled_react-dom_0v6ubys._.js:8676:316)
    at commitPassiveMountOnFiber (http://localhost:4200/_next/static/chunks/0aus_next_dist_compiled_react-dom_0v6ubys._.js:8688:17)
    at recursivelyTraversePassiveMountEffects (http://localhost:4200/_next/static/chunks/0aus_next_dist_compiled_react-dom_0v6ubys._.js:8676:316)
    at commitPassiveMountOnFiber (http://localhost:4200/_next/static/chunks/0aus_next_dist_compiled_react-dom_0v6ubys._.js:8750:17)
    at recursivelyTraversePassiveMountEffects (http://localhost:4200/_next/static/chunks/0aus_next_dist_compiled_react-dom_0v6ubys._.js:8676:316)
    at commitPassiveMountOnFiber (http://localhost:4200/_next/static/chunks/0aus_next_dist_compiled_react-dom_0v6ubys._.js:8750:17)
    at recursivelyTraversePassiveMountEffects (http://localhost:4200/_next/static/chunks/0aus_next_dist_compiled_react-dom_0v6ubys._.js:8676:316)
    at commitPassiveMountOnFiber (http://localhost:4200/_next/static/chunks/0aus_next_dist_compiled_react-dom_0v6ubys._.js:8688:17)
    at recursivelyTraversePassiveMountEffects (http://localhost:4200/_next/static/chunks/0aus_next_dist_compiled_react-dom_0v6ubys._.js:8676:316)
    at commitPassiveMountOnFiber (http://localhost:4200/_next/static/chunks/0aus_next_dist_compiled_react-dom_0v6ubys._.js:8688:17)
    at recursivelyTraversePassiveMountEffects (http://localhost:4200/_next/static/chunks/0aus_next_dist_compiled_react-dom_0v6ubys._.js:8676:316)
    at commitPassiveMountOnFiber (http://localhost:4200/_next/static/chunks/0aus_next_dist_compiled_react-dom_0v6ubys._.js:8750:17)
    at recursivelyTraversePassiveMountEffects (http://localhost:4200/_next/static/chunks/0aus_next_dist_compiled_react-dom_0v6ubys._.js:8676:316)
    at commitPassiveMountOnFiber (http://localhost:4200/_next/static/chunks/0aus_next_dist_compiled_react-dom_0v6ubys._.js:8750:17)
    at recursivelyTraversePassiveMountEffects (http://localhost:4200/_next/static/chunks/0aus_next_dist_compiled_react-dom_0v6ubys._.js:8676:316)
    at commitPassiveMountOnFiber (http://localhost:4200/_next/static/chunks/0aus_next_dist_compiled_react-dom_0v6ubys._.js:8750:17)
    at recursivelyTraversePassiveMountEffects (http://localhost:4200/_next/static/chunks/0aus_next_dist_compiled_react-dom_0v6ubys._.js:8676:316)
[  461406ms] [LOG] [Fast Refresh] rebuilding @ http://localhost:4200/_next/static/chunks/0aus_next_dist_0dxyg_i._.js:2431
[  461513ms] [WARNING] [Fast Refresh] performing full reload because your application had an unrecoverable error @ http://localhost:4200/_next/static/chunks/0aus_next_dist_0dxyg_i._.js:2431
[  461605ms] [INFO] %cDownload the React DevTools for a better development experience: https://react.dev/link/react-devtools font-weight:bold @ http://localhost:4200/_next/static/chunks/0aus_next_dist_0dxyg_i._.js:2431
[  461619ms] [LOG] [HMR] connected @ http://localhost:4200/_next/static/chunks/0aus_next_dist_0dxyg_i._.js:2431
[  461702ms] ReferenceError: thresholds is not defined
    at RevealCard.useEffect.draw (http://localhost:4200/_next/static/chunks/components_reveal-card_tsx_05s-bru._.js:147:47)
    at RevealCard.useEffect.tick (http://localhost:4200/_next/static/chunks/components_reveal-card_tsx_05s-bru._.js:207:25)
[  478287ms] [LOG] [Fast Refresh] rebuilding @ http://localhost:4200/_next/static/chunks/0aus_next_dist_0dxyg_i._.js:2431
[  478463ms] [LOG] [Fast Refresh] done in 252ms @ http://localhost:4200/_next/static/chunks/0aus_next_dist_0dxyg_i._.js:2431
[  486596ms] [LOG] [Fast Refresh] rebuilding @ http://localhost:4200/_next/static/chunks/0aus_next_dist_0dxyg_i._.js:2431
[  486755ms] [LOG] [Fast Refresh] done in 235ms @ http://localhost:4200/_next/static/chunks/0aus_next_dist_0dxyg_i._.js:2431
[  495436ms] [LOG] [Fast Refresh] rebuilding @ http://localhost:4200/_next/static/chunks/0aus_next_dist_0dxyg_i._.js:2431
[  495691ms] [LOG] [Fast Refresh] done in 332ms @ http://localhost:4200/_next/static/chunks/0aus_next_dist_0dxyg_i._.js:2431
[  512590ms] [LOG] [Fast Refresh] rebuilding @ http://localhost:4200/_next/static/chunks/0aus_next_dist_0dxyg_i._.js:2431
[  512806ms] [LOG] [Fast Refresh] done in 293ms @ http://localhost:4200/_next/static/chunks/0aus_next_dist_0dxyg_i._.js:2431
[  522342ms] [LOG] [Fast Refresh] rebuilding @ http://localhost:4200/_next/static/chunks/0aus_next_dist_0dxyg_i._.js:2431
[  522519ms] [LOG] [Fast Refresh] done in 254ms @ http://localhost:4200/_next/static/chunks/0aus_next_dist_0dxyg_i._.js:2431
[  529597ms] [LOG] [Fast Refresh] rebuilding @ http://localhost:4200/_next/static/chunks/0aus_next_dist_0dxyg_i._.js:2431
[  529868ms] [LOG] [Fast Refresh] done in 346ms @ http://localhost:4200/_next/static/chunks/0aus_next_dist_0dxyg_i._.js:2431
[  598330ms] [INFO] %cDownload the React DevTools for a better development experience: https://react.dev/link/react-devtools font-weight:bold @ http://localhost:4200/_next/static/chunks/0aus_next_dist_0dxyg_i._.js:2431
[  598344ms] [LOG] [HMR] connected @ http://localhost:4200/_next/static/chunks/0aus_next_dist_0dxyg_i._.js:2431
[  760877ms] [LOG] [Fast Refresh] rebuilding @ http://localhost:4200/_next/static/chunks/0aus_next_dist_0dxyg_i._.js:2431
[  761085ms] [LOG] [Fast Refresh] done in 309ms @ http://localhost:4200/_next/static/chunks/0aus_next_dist_0dxyg_i._.js:2431
[  786615ms] [LOG] [Fast Refresh] rebuilding @ http://localhost:4200/_next/static/chunks/0aus_next_dist_0dxyg_i._.js:2431
[  786892ms] [LOG] [Fast Refresh] done in 353ms @ http://localhost:4200/_next/static/chunks/0aus_next_dist_0dxyg_i._.js:2431
[  790670ms] [LOG] [Fast Refresh] rebuilding @ http://localhost:4200/_next/static/chunks/0aus_next_dist_0dxyg_i._.js:2431
[  790846ms] [LOG] [Fast Refresh] done in 250ms @ http://localhost:4200/_next/static/chunks/0aus_next_dist_0dxyg_i._.js:2431
[  796540ms] [LOG] [Fast Refresh] rebuilding @ http://localhost:4200/_next/static/chunks/0aus_next_dist_0dxyg_i._.js:2431
[  796727ms] [LOG] [Fast Refresh] done in 265ms @ http://localhost:4200/_next/static/chunks/0aus_next_dist_0dxyg_i._.js:2431
[  799810ms] [LOG] [Fast Refresh] rebuilding @ http://localhost:4200/_next/static/chunks/0aus_next_dist_0dxyg_i._.js:2431
[  799987ms] [LOG] [Fast Refresh] done in 255ms @ http://localhost:4200/_next/static/chunks/0aus_next_dist_0dxyg_i._.js:2431
[  816774ms] [LOG] [Fast Refresh] rebuilding @ http://localhost:4200/_next/static/chunks/0aus_next_dist_0dxyg_i._.js:2431
[  817037ms] [LOG] [Fast Refresh] done in 340ms @ http://localhost:4200/_next/static/chunks/0aus_next_dist_0dxyg_i._.js:2431
[  824928ms] [LOG] [Fast Refresh] rebuilding @ http://localhost:4200/_next/static/chunks/0aus_next_dist_0dxyg_i._.js:2431
[  825118ms] [LOG] [Fast Refresh] done in 268ms @ http://localhost:4200/_next/static/chunks/0aus_next_dist_0dxyg_i._.js:2431
[  896744ms] [INFO] %cDownload the React DevTools for a better development experience: https://react.dev/link/react-devtools font-weight:bold @ http://localhost:4200/_next/static/chunks/0aus_next_dist_0dxyg_i._.js:2431
[  896758ms] [LOG] [HMR] connected @ http://localhost:4200/_next/static/chunks/0aus_next_dist_0dxyg_i._.js:2431
[ 1027631ms] [LOG] [Fast Refresh] rebuilding @ http://localhost:4200/_next/static/chunks/0aus_next_dist_0dxyg_i._.js:2431
[ 1027818ms] [LOG] [Fast Refresh] done in 264ms @ http://localhost:4200/_next/static/chunks/0aus_next_dist_0dxyg_i._.js:2431
[ 1047168ms] [LOG] [Fast Refresh] rebuilding @ http://localhost:4200/_next/static/chunks/0aus_next_dist_0dxyg_i._.js:2431
[ 1047404ms] [LOG] [Fast Refresh] done in 312ms @ http://localhost:4200/_next/static/chunks/0aus_next_dist_0dxyg_i._.js:2431
[ 1051264ms] [LOG] [Fast Refresh] rebuilding @ http://localhost:4200/_next/static/chunks/0aus_next_dist_0dxyg_i._.js:2431
[ 1051505ms] [LOG] [Fast Refresh] done in 317ms @ http://localhost:4200/_next/static/chunks/0aus_next_dist_0dxyg_i._.js:2431
[ 1057515ms] [INFO] %cDownload the React DevTools for a better development experience: https://react.dev/link/react-devtools font-weight:bold @ http://localhost:4200/_next/static/chunks/0aus_next_dist_0dxyg_i._.js:2431
[ 1057530ms] [LOG] [HMR] connected @ http://localhost:4200/_next/static/chunks/0aus_next_dist_0dxyg_i._.js:2431
[ 1061014ms] [LOG] [Fast Refresh] rebuilding @ http://localhost:4200/_next/static/chunks/0aus_next_dist_0dxyg_i._.js:2431
[ 1062235ms] [LOG] [Fast Refresh] done in 401ms @ http://localhost:4200/_next/static/chunks/0aus_next_dist_0dxyg_i._.js:2431
[ 1062294ms] [LOG] [Fast Refresh] rebuilding @ http://localhost:4200/_next/static/chunks/0aus_next_dist_0dxyg_i._.js:2431
[ 1062442ms] [LOG] [Fast Refresh] done in 204ms @ http://localhost:4200/_next/static/chunks/0aus_next_dist_0dxyg_i._.js:2431
[ 1062608ms] [LOG] [Fast Refresh] rebuilding @ http://localhost:4200/_next/static/chunks/0aus_next_dist_0dxyg_i._.js:2431
[ 1062619ms] [LOG] [Fast Refresh] done in 112ms @ http://localhost:4200/_next/static/chunks/0aus_next_dist_0dxyg_i._.js:2431
[ 1062723ms] [LOG] [Fast Refresh] rebuilding @ http://localhost:4200/_next/static/chunks/0aus_next_dist_0dxyg_i._.js:2431
[ 1062784ms] [LOG] [Fast Refresh] done in 161ms @ http://localhost:4200/_next/static/chunks/0aus_next_dist_0dxyg_i._.js:2431
[ 1132953ms] [LOG] [Fast Refresh] rebuilding @ http://localhost:4200/_next/static/chunks/0aus_next_dist_0dxyg_i._.js:2431
[ 1133023ms] [LOG] [Fast Refresh] done in 172ms @ http://localhost:4200/_next/static/chunks/0aus_next_dist_0dxyg_i._.js:2431
[ 1147597ms] [LOG] [Fast Refresh] rebuilding @ http://localhost:4200/_next/static/chunks/0aus_next_dist_0dxyg_i._.js:2431
[ 1147812ms] [LOG] [Fast Refresh] done in 291ms @ http://localhost:4200/_next/static/chunks/0aus_next_dist_0dxyg_i._.js:2431
[ 1153689ms] [LOG] [Fast Refresh] rebuilding @ http://localhost:4200/_next/static/chunks/0aus_next_dist_0dxyg_i._.js:2431
[ 1153904ms] [LOG] [Fast Refresh] done in 292ms @ http://localhost:4200/_next/static/chunks/0aus_next_dist_0dxyg_i._.js:2431
[ 1616172ms] [LOG] [Fast Refresh] rebuilding @ http://localhost:4200/_next/static/chunks/0aus_next_dist_0dxyg_i._.js:2431
[ 1616346ms] [LOG] [Fast Refresh] done in 271ms @ http://localhost:4200/_next/static/chunks/0aus_next_dist_0dxyg_i._.js:2431
[ 1680079ms] [LOG] [Fast Refresh] rebuilding @ http://localhost:4200/_next/static/chunks/0aus_next_dist_0dxyg_i._.js:2431
[ 1680336ms] [LOG] [Fast Refresh] done in 358ms @ http://localhost:4200/_next/static/chunks/0aus_next_dist_0dxyg_i._.js:2431
[ 1686209ms] [LOG] [Fast Refresh] rebuilding @ http://localhost:4200/_next/static/chunks/0aus_next_dist_0dxyg_i._.js:2431
[ 1686398ms] [LOG] [Fast Refresh] done in 291ms @ http://localhost:4200/_next/static/chunks/0aus_next_dist_0dxyg_i._.js:2431
[ 1691946ms] [LOG] [Fast Refresh] rebuilding @ http://localhost:4200/_next/static/chunks/0aus_next_dist_0dxyg_i._.js:2431
[ 1692732ms] [LOG] [Fast Refresh] done in 887ms @ http://localhost:4200/_next/static/chunks/0aus_next_dist_0dxyg_i._.js:2431
[ 1693020ms] [LOG] [Fast Refresh] rebuilding @ http://localhost:4200/_next/static/chunks/0aus_next_dist_0dxyg_i._.js:2431
[ 1693026ms] [LOG] [Fast Refresh] done in 106ms @ http://localhost:4200/_next/static/chunks/0aus_next_dist_0dxyg_i._.js:2431
[ 1755845ms] [LOG] [Fast Refresh] rebuilding @ http://localhost:4200/_next/static/chunks/0aus_next_dist_0dxyg_i._.js:2431
[ 1755858ms] [LOG] [Fast Refresh] done in 115ms @ http://localhost:4200/_next/static/chunks/0aus_next_dist_0dxyg_i._.js:2431
[ 1755920ms] [ERROR] Failed to load resource: the server responded with a status of 404 (Not Found) @ http://localhost:4200/reveal-card-smoke-preview:0
[ 1755958ms] [INFO] %cDownload the React DevTools for a better development experience: https://react.dev/link/react-devtools font-weight:bold @ http://localhost:4200/_next/static/chunks/0aus_next_dist_0dxyg_i._.js:2431
[ 1755975ms] [LOG] [HMR] connected @ http://localhost:4200/_next/static/chunks/0aus_next_dist_0dxyg_i._.js:2431
[ 1775618ms] [ERROR] Failed to load resource: the server responded with a status of 404 (Not Found) @ http://localhost:4200/reveal-card-smoke-preview:0
[ 1775649ms] [INFO] %cDownload the React DevTools for a better development experience: https://react.dev/link/react-devtools font-weight:bold @ http://localhost:4200/_next/static/chunks/0aus_next_dist_0dxyg_i._.js:2431
[ 1775661ms] [LOG] [HMR] connected @ http://localhost:4200/_next/static/chunks/0aus_next_dist_0dxyg_i._.js:2431
[ 1786657ms] [ERROR] Failed to load resource: the server responded with a status of 404 (Not Found) @ http://localhost:4200/reveal-card-pixels-preview:0
[ 1786678ms] [INFO] %cDownload the React DevTools for a better development experience: https://react.dev/link/react-devtools font-weight:bold @ http://localhost:4200/_next/static/chunks/0aus_next_dist_0dxyg_i._.js:2431
[ 1786694ms] [LOG] [HMR] connected @ http://localhost:4200/_next/static/chunks/0aus_next_dist_0dxyg_i._.js:2431
[ 1789265ms] [ERROR] Failed to load resource: the server responded with a status of 404 (Not Found) @ http://localhost:4200/reveal-card-pixels-preview:0
[ 1789283ms] [INFO] %cDownload the React DevTools for a better development experience: https://react.dev/link/react-devtools font-weight:bold @ http://localhost:4200/_next/static/chunks/0aus_next_dist_0dxyg_i._.js:2431
[ 1789293ms] [LOG] [HMR] connected @ http://localhost:4200/_next/static/chunks/0aus_next_dist_0dxyg_i._.js:2431
[ 1791868ms] [ERROR] Failed to load resource: the server responded with a status of 404 (Not Found) @ http://localhost:4200/reveal-card-smoke-preview:0
[ 1791880ms] [INFO] %cDownload the React DevTools for a better development experience: https://react.dev/link/react-devtools font-weight:bold @ http://localhost:4200/_next/static/chunks/0aus_next_dist_0dxyg_i._.js:2431
[ 1791890ms] [LOG] [HMR] connected @ http://localhost:4200/_next/static/chunks/0aus_next_dist_0dxyg_i._.js:2431
[ 1792302ms] [INFO] %cDownload the React DevTools for a better development experience: https://react.dev/link/react-devtools font-weight:bold @ http://localhost:4200/_next/static/chunks/0aus_next_dist_0dxyg_i._.js:2431
[ 1792312ms] [LOG] [HMR] connected @ http://localhost:4200/_next/static/chunks/0aus_next_dist_0dxyg_i._.js:2431
[ 1797198ms] [INFO] %cDownload the React DevTools for a better development experience: https://react.dev/link/react-devtools font-weight:bold @ http://localhost:4200/_next/static/chunks/0aus_next_dist_0dxyg_i._.js:2431
[ 1797205ms] [LOG] [HMR] connected @ http://localhost:4200/_next/static/chunks/0aus_next_dist_0dxyg_i._.js:2431
[ 1982599ms] [LOG] [Fast Refresh] rebuilding @ http://localhost:4200/_next/static/chunks/0aus_next_dist_0dxyg_i._.js:2431
[ 1983285ms] [LOG] [Fast Refresh] done in 445ms @ http://localhost:4200/_next/static/chunks/0aus_next_dist_0dxyg_i._.js:2431
[ 1983369ms] [LOG] [Fast Refresh] rebuilding @ http://localhost:4200/_next/static/chunks/0aus_next_dist_0dxyg_i._.js:2431
[ 1983757ms] [LOG] [Fast Refresh] done in 469ms @ http://localhost:4200/_next/static/chunks/0aus_next_dist_0dxyg_i._.js:2431
[ 2064547ms] [LOG] [Fast Refresh] rebuilding @ http://localhost:4200/_next/static/chunks/0aus_next_dist_0dxyg_i._.js:2431
[ 2065024ms] [LOG] [Fast Refresh] done in 164ms @ http://localhost:4200/_next/static/chunks/0aus_next_dist_0dxyg_i._.js:2431
[ 2065141ms] [LOG] [Fast Refresh] rebuilding @ http://localhost:4200/_next/static/chunks/0aus_next_dist_0dxyg_i._.js:2431
[ 2065242ms] [LOG] [Fast Refresh] done in 201ms @ http://localhost:4200/_next/static/chunks/0aus_next_dist_0dxyg_i._.js:2431
[ 2065572ms] [LOG] [Fast Refresh] rebuilding @ http://localhost:4200/_next/static/chunks/0aus_next_dist_0dxyg_i._.js:2431
[ 2066058ms] [LOG] [Fast Refresh] done in 587ms @ http://localhost:4200/_next/static/chunks/0aus_next_dist_0dxyg_i._.js:2431
[ 2066159ms] [LOG] [Fast Refresh] rebuilding @ http://localhost:4200/_next/static/chunks/0aus_next_dist_0dxyg_i._.js:2431
[ 2067242ms] [LOG] [Fast Refresh] done in 1183ms @ http://localhost:4200/_next/static/chunks/0aus_next_dist_0dxyg_i._.js:2431
[ 2067349ms] [LOG] [Fast Refresh] rebuilding @ http://localhost:4200/_next/static/chunks/0aus_next_dist_0dxyg_i._.js:2431
[ 2067555ms] [LOG] [Fast Refresh] done in 307ms @ http://localhost:4200/_next/static/chunks/0aus_next_dist_0dxyg_i._.js:2431
