[     373ms] [INFO] %cDownload the React DevTools for a better development experience: https://react.dev/link/react-devtools font-weight:bold @ http://localhost:4000/_next/static/chunks/0aus_next_dist_0dxyg_i._.js:2431
[     402ms] [LOG] [HMR] connected @ http://localhost:4000/_next/static/chunks/0aus_next_dist_0dxyg_i._.js:2431
[     530ms] [LOG] [Fast Refresh] rebuilding @ http://localhost:4000/_next/static/chunks/0aus_next_dist_0dxyg_i._.js:2431
[    1022ms] [LOG] [Fast Refresh] done in 603ms @ http://localhost:4000/_next/static/chunks/0aus_next_dist_0dxyg_i._.js:2431
[    1340ms] [LOG] [Fast Refresh] rebuilding @ http://localhost:4000/_next/static/chunks/0aus_next_dist_0dxyg_i._.js:2431
[    2160ms] [LOG] [Fast Refresh] done in 920ms @ http://localhost:4000/_next/static/chunks/0aus_next_dist_0dxyg_i._.js:2431
[    2486ms] [LOG] [Fast Refresh] rebuilding @ http://localhost:4000/_next/static/chunks/0aus_next_dist_0dxyg_i._.js:2431
[    2857ms] [LOG] [Fast Refresh] done in 472ms @ http://localhost:4000/_next/static/chunks/0aus_next_dist_0dxyg_i._.js:2431
[    2994ms] [LOG] [Fast Refresh] rebuilding @ http://localhost:4000/_next/static/chunks/0aus_next_dist_0dxyg_i._.js:2431
[    3046ms] [LOG] [Fast Refresh] done in 153ms @ http://localhost:4000/_next/static/chunks/0aus_next_dist_0dxyg_i._.js:2431
[   60741ms] [LOG] [Fast Refresh] rebuilding @ http://localhost:4000/_next/static/chunks/0aus_next_dist_0dxyg_i._.js:2431
[   61191ms] [LOG] [Fast Refresh] done in 551ms @ http://localhost:4000/_next/static/chunks/0aus_next_dist_0dxyg_i._.js:2431
[  158988ms] [LOG] [Fast Refresh] rebuilding @ http://localhost:4000/_next/static/chunks/0aus_next_dist_0dxyg_i._.js:2431
[  167350ms] [INFO] %cDownload the React DevTools for a better development experience: https://react.dev/link/react-devtools font-weight:bold @ http://localhost:4000/_next/static/chunks/0aus_next_dist_0dxyg_i._.js:2431
[  167401ms] [LOG] [HMR] connected @ http://localhost:4000/_next/static/chunks/0aus_next_dist_0dxyg_i._.js:2431
[  186987ms] [LOG] [Fast Refresh] rebuilding @ http://localhost:4000/_next/static/chunks/0aus_next_dist_0dxyg_i._.js:2431
[  191115ms] [LOG] [Fast Refresh] done in 4230ms @ http://localhost:4000/_next/static/chunks/0aus_next_dist_0dxyg_i._.js:2431
[  286050ms] [LOG] [Fast Refresh] rebuilding @ http://localhost:4000/_next/static/chunks/0aus_next_dist_0dxyg_i._.js:2431
[  286061ms] [LOG] [Fast Refresh] done in 112ms @ http://localhost:4000/_next/static/chunks/0aus_next_dist_0dxyg_i._.js:2431
[  286651ms] [LOG] [Fast Refresh] rebuilding @ http://localhost:4000/_next/static/chunks/0aus_next_dist_0dxyg_i._.js:2431
[  287009ms] [LOG] [Fast Refresh] done in 461ms @ http://localhost:4000/_next/static/chunks/0aus_next_dist_0dxyg_i._.js:2431
[  291276ms] [LOG] [Fast Refresh] rebuilding @ http://localhost:4000/_next/static/chunks/0aus_next_dist_0dxyg_i._.js:2431
[  291291ms] [LOG] [Fast Refresh] done in 118ms @ http://localhost:4000/_next/static/chunks/0aus_next_dist_0dxyg_i._.js:2431
[ 1056419ms] [LOG] [Fast Refresh] rebuilding @ http://localhost:4000/_next/static/chunks/0aus_next_dist_0dxyg_i._.js:2431
[ 1069683ms] [LOG] [Fast Refresh] done in 12719ms @ http://localhost:4000/_next/static/chunks/0aus_next_dist_0dxyg_i._.js:2431
[ 1075575ms] [LOG] [Fast Refresh] rebuilding @ http://localhost:4000/_next/static/chunks/0aus_next_dist_0dxyg_i._.js:2431
[ 1090557ms] [LOG] [Fast Refresh] done in 15033ms @ http://localhost:4000/_next/static/chunks/0aus_next_dist_0dxyg_i._.js:2431
[ 1093492ms] [LOG] [Fast Refresh] rebuilding @ http://localhost:4000/_next/static/chunks/0aus_next_dist_0dxyg_i._.js:2431
[ 1093799ms] [LOG] [Fast Refresh] done in 409ms @ http://localhost:4000/_next/static/chunks/0aus_next_dist_0dxyg_i._.js:2431
[ 1094036ms] [INFO] %cDownload the React DevTools for a better development experience: https://react.dev/link/react-devtools font-weight:bold @ http://localhost:4000/_next/static/chunks/0aus_next_dist_0dxyg_i._.js:2431
[ 1094064ms] [LOG] [HMR] connected @ http://localhost:4000/_next/static/chunks/0aus_next_dist_0dxyg_i._.js:2431
[ 1095650ms] [LOG] [Fast Refresh] rebuilding @ http://localhost:4000/_next/static/chunks/0aus_next_dist_0dxyg_i._.js:2431
[ 1095660ms] [LOG] [Fast Refresh] done in 111ms @ http://localhost:4000/_next/static/chunks/0aus_next_dist_0dxyg_i._.js:2431
[ 1109224ms] [LOG] [Fast Refresh] rebuilding @ http://localhost:4000/_next/static/chunks/0aus_next_dist_0dxyg_i._.js:2431
[ 1109358ms] [LOG] [Fast Refresh] done in 235ms @ http://localhost:4000/_next/static/chunks/0aus_next_dist_0dxyg_i._.js:2431
[ 1127185ms] [LOG] [Fast Refresh] rebuilding @ http://localhost:4000/_next/static/chunks/0aus_next_dist_0dxyg_i._.js:2431
[ 1127225ms] [LOG] [Fast Refresh] done in 140ms @ http://localhost:4000/_next/static/chunks/0aus_next_dist_0dxyg_i._.js:2431
[ 1151690ms] [LOG] [Fast Refresh] rebuilding @ http://localhost:4000/_next/static/chunks/0aus_next_dist_0dxyg_i._.js:2431
[ 1151871ms] [LOG] [Fast Refresh] done in 284ms @ http://localhost:4000/_next/static/chunks/0aus_next_dist_0dxyg_i._.js:2431
[ 1256031ms] [LOG] [Fast Refresh] rebuilding @ http://localhost:4000/_next/static/chunks/0aus_next_dist_0dxyg_i._.js:2431
[ 1257705ms] [LOG] [Fast Refresh] done in 1775ms @ http://localhost:4000/_next/static/chunks/0aus_next_dist_0dxyg_i._.js:2431
[ 1263448ms] [LOG] [Fast Refresh] rebuilding @ http://localhost:4000/_next/static/chunks/0aus_next_dist_0dxyg_i._.js:2431
[ 1268038ms] [LOG] [Fast Refresh] done in 4713ms @ http://localhost:4000/_next/static/chunks/0aus_next_dist_0dxyg_i._.js:2431
[ 1268222ms] [LOG] [Fast Refresh] rebuilding @ http://localhost:4000/_next/static/chunks/0aus_next_dist_0dxyg_i._.js:2431
[ 1273494ms] [LOG] [Fast Refresh] done in 5374ms @ http://localhost:4000/_next/static/chunks/0aus_next_dist_0dxyg_i._.js:2431
[ 1363563ms] [LOG] [Fast Refresh] rebuilding @ http://localhost:4000/_next/static/chunks/0aus_next_dist_0dxyg_i._.js:2431
[ 1383732ms] [LOG] [Fast Refresh] done in 20299ms @ http://localhost:4000/_next/static/chunks/0aus_next_dist_0dxyg_i._.js:2431
[ 1633240ms] [LOG] [Fast Refresh] rebuilding @ http://localhost:4000/_next/static/chunks/0aus_next_dist_0dxyg_i._.js:2431
[ 1634830ms] [LOG] [Fast Refresh] done in 1692ms @ http://localhost:4000/_next/static/chunks/0aus_next_dist_0dxyg_i._.js:2431
[ 1788348ms] [LOG] [Fast Refresh] rebuilding @ http://localhost:4000/_next/static/chunks/0aus_next_dist_0dxyg_i._.js:2431
[ 1798474ms] [INFO] %cDownload the React DevTools for a better development experience: https://react.dev/link/react-devtools font-weight:bold @ http://localhost:4000/_next/static/chunks/0aus_next_dist_0dxyg_i._.js:2431
[ 1798531ms] [LOG] [HMR] connected @ http://localhost:4000/_next/static/chunks/0aus_next_dist_0dxyg_i._.js:2431
[ 1890658ms] [LOG] [Fast Refresh] rebuilding @ http://localhost:4000/_next/static/chunks/0aus_next_dist_0dxyg_i._.js:2431
[ 1890684ms] [LOG] [Fast Refresh] done in 129ms @ http://localhost:4000/_next/static/chunks/0aus_next_dist_0dxyg_i._.js:2431
[ 1891104ms] [LOG] [Fast Refresh] rebuilding @ http://localhost:4000/_next/static/chunks/0aus_next_dist_0dxyg_i._.js:2431
[ 1891550ms] [LOG] [Fast Refresh] done in 562ms @ http://localhost:4000/_next/static/chunks/0aus_next_dist_0dxyg_i._.js:2431
[ 1960541ms] [LOG] [Fast Refresh] rebuilding @ http://localhost:4000/_next/static/chunks/0aus_next_dist_0dxyg_i._.js:2431
[ 2123901ms] [INFO] %cDownload the React DevTools for a better development experience: https://react.dev/link/react-devtools font-weight:bold @ http://localhost:4000/_next/static/chunks/0aus_next_dist_0dxyg_i._.js:2431
[ 2123969ms] [LOG] [HMR] connected @ http://localhost:4000/_next/static/chunks/0aus_next_dist_0dxyg_i._.js:2431
[ 2128515ms] [WARNING] The resource http://localhost:4000/_next/static/media/c0ce6eeecb7babc9-s.p.0m20a48t5o~j5.woff2 was preloaded using link preload but not used within a few seconds from the window's load event. Please make sure it has an appropriate `as` value and it is preloaded intentionally. @ http://localhost:4000/pixel-animation?c=eyJ2IjoxLCJzdmdOYW1lIjoiSGVhcnQiLCJzdmdUZXh0IjoiPHN2ZyB4bWxucz1cImh0dHA6Ly93d3cudzMub3JnLzIwMDAvc3ZnXCIgdmlld0JveD1cIjAgMCAyNCAyNFwiIGZpbGw9XCJjdXJyZW50Q29sb3JcIj48cGF0aCBkPVwiTTEyIDIxcy03LjUtNC43LTkuNy05LjRDLjYgNy41IDMuNCAzIDcuNSAzYzIgMCAzLjYgMSA0LjUgMi41QzEyLjkgNCAxNC41IDMgMTYuNSAzIDIwLjYgMyAyMy40IDcuNSAyMS43IDExLjYgMTkuNSAxNi4zIDEyIDIxIDEyIDIxelwiLz48L3N2Zz4iLCJhbmltIjoic21vb3RoLXJhaW4iLCJlYXNlIjoid2F2eSIsImNtb2RlIjoiZ3JhZGllbnQiLCJwcmVzZXQiOiJibHVlIiwiY29sb3IiOiJibHVlIiwiY2NvbG9yIjoiIzdhYjdmZiIsImdyYWQiOnsiaWQiOiJzdW5zZXQiLCJmcm9tIjoiI2ZmOTk2NiIsInRvIjoiI2ZmNWU2MiIsImdsb3ciOiIjZmY1ZTYyIn0sInNoYXBlIjoiY2lyY2xlIiwiZ3JpZCI6MjQsImNlbGwiOjIsImdhcCI6Miwic3BlZWQiOjE0MCwiZ2xvdyI6MSwiYmFzZSI6MC4zMiwidGhyIjo5Niwic3Ryb2tlIjoiIzdhYjdmZiIsInBkZW5zIjoxfQ:0
[ 2147060ms] [WARNING] The resource http://localhost:4000/_next/static/media/c0ce6eeecb7babc9-s.p.0m20a48t5o~j5.woff2 was preloaded using link preload but not used within a few seconds from the window's load event. Please make sure it has an appropriate `as` value and it is preloaded intentionally. @ http://localhost:4000/pixel-animation?c=eyJ2IjoxLCJzdmdOYW1lIjoiSGVhcnQiLCJzdmdUZXh0IjoiPHN2ZyB4bWxucz1cImh0dHA6Ly93d3cudzMub3JnLzIwMDAvc3ZnXCIgdmlld0JveD1cIjAgMCAyNCAyNFwiIGZpbGw9XCJjdXJyZW50Q29sb3JcIj48cGF0aCBkPVwiTTEyIDIxcy03LjUtNC43LTkuNy05LjRDLjYgNy41IDMuNCAzIDcuNSAzYzIgMCAzLjYgMSA0LjUgMi41QzEyLjkgNCAxNC41IDMgMTYuNSAzIDIwLjYgMyAyMy40IDcuNSAyMS43IDExLjYgMTkuNSAxNi4zIDEyIDIxIDEyIDIxelwiLz48L3N2Zz4iLCJhbmltIjoic21vb3RoLXJhaW4iLCJlYXNlIjoid2F2eSIsImNtb2RlIjoiZ3JhZGllbnQiLCJwcmVzZXQiOiJibHVlIiwiY29sb3IiOiJibHVlIiwiY2NvbG9yIjoiIzdhYjdmZiIsImdyYWQiOnsiaWQiOiJzdW5zZXQiLCJmcm9tIjoiI2ZmOTk2NiIsInRvIjoiI2ZmNWU2MiIsImdsb3ciOiIjZmY1ZTYyIn0sInNoYXBlIjoiY2lyY2xlIiwiZ3JpZCI6MjQsImNlbGwiOjIsImdhcCI6Miwic3BlZWQiOjE0MCwiZ2xvdyI6MSwiYmFzZSI6MC4zMiwidGhyIjo5Niwic3Ryb2tlIjoiIzdhYjdmZiIsInBkZW5zIjoxfQ:0
[ 2894607ms] [LOG] [Fast Refresh] rebuilding @ http://localhost:4000/_next/static/chunks/0aus_next_dist_0dxyg_i._.js:2431
[ 2896023ms] [LOG] [Fast Refresh] done in 1516ms @ http://localhost:4000/_next/static/chunks/0aus_next_dist_0dxyg_i._.js:2431
[ 2897911ms] [WARNING] The resource http://localhost:4000/_next/static/media/c0ce6eeecb7babc9-s.p.0m20a48t5o~j5.woff2 was preloaded using link preload but not used within a few seconds from the window's load event. Please make sure it has an appropriate `as` value and it is preloaded intentionally. @ http://localhost:4000/pixel-animation?c=eyJ2IjoxLCJzdmdOYW1lIjoiSGVhcnQiLCJzdmdUZXh0IjoiPHN2ZyB4bWxucz1cImh0dHA6Ly93d3cudzMub3JnLzIwMDAvc3ZnXCIgdmlld0JveD1cIjAgMCAyNCAyNFwiIGZpbGw9XCJjdXJyZW50Q29sb3JcIj48cGF0aCBkPVwiTTEyIDIxcy03LjUtNC43LTkuNy05LjRDLjYgNy41IDMuNCAzIDcuNSAzYzIgMCAzLjYgMSA0LjUgMi41QzEyLjkgNCAxNC41IDMgMTYuNSAzIDIwLjYgMyAyMy40IDcuNSAyMS43IDExLjYgMTkuNSAxNi4zIDEyIDIxIDEyIDIxelwiLz48L3N2Zz4iLCJhbmltIjoic21vb3RoLXJhaW4iLCJlYXNlIjoid2F2eSIsImNtb2RlIjoiZ3JhZGllbnQiLCJwcmVzZXQiOiJibHVlIiwiY29sb3IiOiJibHVlIiwiY2NvbG9yIjoiIzdhYjdmZiIsImdyYWQiOnsiaWQiOiJzdW5zZXQiLCJmcm9tIjoiI2ZmOTk2NiIsInRvIjoiI2ZmNWU2MiIsImdsb3ciOiIjZmY1ZTYyIn0sInNoYXBlIjoiY2lyY2xlIiwiZ3JpZCI6MjQsImNlbGwiOjIsImdhcCI6Miwic3BlZWQiOjE0MCwiZ2xvdyI6MSwiYmFzZSI6MC4zMiwidGhyIjo5Niwic3Ryb2tlIjoiIzdhYjdmZiIsInBkZW5zIjoxfQ:0
[ 3122232ms] [LOG] [Fast Refresh] rebuilding @ http://localhost:4000/_next/static/chunks/0aus_next_dist_0dxyg_i._.js:2431
[ 3123299ms] [LOG] [Fast Refresh] done in 1168ms @ http://localhost:4000/_next/static/chunks/0aus_next_dist_0dxyg_i._.js:2431
[ 3125593ms] [WARNING] The resource http://localhost:4000/_next/static/media/c0ce6eeecb7babc9-s.p.0m20a48t5o~j5.woff2 was preloaded using link preload but not used within a few seconds from the window's load event. Please make sure it has an appropriate `as` value and it is preloaded intentionally. @ http://localhost:4000/pixel-animation?c=eyJ2IjoxLCJzdmdOYW1lIjoiSGVhcnQiLCJzdmdUZXh0IjoiPHN2ZyB4bWxucz1cImh0dHA6Ly93d3cudzMub3JnLzIwMDAvc3ZnXCIgdmlld0JveD1cIjAgMCAyNCAyNFwiIGZpbGw9XCJjdXJyZW50Q29sb3JcIj48cGF0aCBkPVwiTTEyIDIxcy03LjUtNC43LTkuNy05LjRDLjYgNy41IDMuNCAzIDcuNSAzYzIgMCAzLjYgMSA0LjUgMi41QzEyLjkgNCAxNC41IDMgMTYuNSAzIDIwLjYgMyAyMy40IDcuNSAyMS43IDExLjYgMTkuNSAxNi4zIDEyIDIxIDEyIDIxelwiLz48L3N2Zz4iLCJhbmltIjoic21vb3RoLXJhaW4iLCJlYXNlIjoid2F2eSIsImNtb2RlIjoiZ3JhZGllbnQiLCJwcmVzZXQiOiJibHVlIiwiY29sb3IiOiJibHVlIiwiY2NvbG9yIjoiIzdhYjdmZiIsImdyYWQiOnsiaWQiOiJzdW5zZXQiLCJmcm9tIjoiI2ZmOTk2NiIsInRvIjoiI2ZmNWU2MiIsImdsb3ciOiIjZmY1ZTYyIn0sInNoYXBlIjoiY2lyY2xlIiwiZ3JpZCI6MjQsImNlbGwiOjIsImdhcCI6Miwic3BlZWQiOjE0MCwiZ2xvdyI6MSwiYmFzZSI6MC4zMiwidGhyIjo5Niwic3Ryb2tlIjoiIzdhYjdmZiIsInBkZW5zIjoxfQ:0
[ 3134608ms] [LOG] [Fast Refresh] rebuilding @ http://localhost:4000/_next/static/chunks/0aus_next_dist_0dxyg_i._.js:2431
[ 3134783ms] [LOG] [Fast Refresh] done in 276ms @ http://localhost:4000/_next/static/chunks/0aus_next_dist_0dxyg_i._.js:2431
[ 3158365ms] [LOG] [Fast Refresh] rebuilding @ http://localhost:4000/_next/static/chunks/0aus_next_dist_0dxyg_i._.js:2431
[ 3158628ms] [LOG] [Fast Refresh] done in 363ms @ http://localhost:4000/_next/static/chunks/0aus_next_dist_0dxyg_i._.js:2431
[ 3203887ms] [LOG] [Fast Refresh] rebuilding @ http://localhost:4000/_next/static/chunks/0aus_next_dist_0dxyg_i._.js:2431
[ 3204728ms] [LOG] [Fast Refresh] done in 941ms @ http://localhost:4000/_next/static/chunks/0aus_next_dist_0dxyg_i._.js:2431
[ 3207201ms] [WARNING] The resource http://localhost:4000/_next/static/media/c0ce6eeecb7babc9-s.p.0m20a48t5o~j5.woff2 was preloaded using link preload but not used within a few seconds from the window's load event. Please make sure it has an appropriate `as` value and it is preloaded intentionally. @ http://localhost:4000/pixel-animation?c=eyJ2IjoxLCJzdmdOYW1lIjoiSGVhcnQiLCJzdmdUZXh0IjoiPHN2ZyB4bWxucz1cImh0dHA6Ly93d3cudzMub3JnLzIwMDAvc3ZnXCIgdmlld0JveD1cIjAgMCAyNCAyNFwiIGZpbGw9XCJjdXJyZW50Q29sb3JcIj48cGF0aCBkPVwiTTEyIDIxcy03LjUtNC43LTkuNy05LjRDLjYgNy41IDMuNCAzIDcuNSAzYzIgMCAzLjYgMSA0LjUgMi41QzEyLjkgNCAxNC41IDMgMTYuNSAzIDIwLjYgMyAyMy40IDcuNSAyMS43IDExLjYgMTkuNSAxNi4zIDEyIDIxIDEyIDIxelwiLz48L3N2Zz4iLCJhbmltIjoic21vb3RoLXJhaW4iLCJlYXNlIjoid2F2eSIsImNtb2RlIjoiZ3JhZGllbnQiLCJwcmVzZXQiOiJibHVlIiwiY29sb3IiOiJibHVlIiwiY2NvbG9yIjoiIzdhYjdmZiIsImdyYWQiOnsiaWQiOiJzdW5zZXQiLCJmcm9tIjoiI2ZmOTk2NiIsInRvIjoiI2ZmNWU2MiIsImdsb3ciOiIjZmY1ZTYyIn0sInNoYXBlIjoiY2lyY2xlIiwiZ3JpZCI6MjQsImNlbGwiOjIsImdhcCI6Miwic3BlZWQiOjE0MCwiZ2xvdyI6MSwiYmFzZSI6MC4zMiwidGhyIjo5Niwic3Ryb2tlIjoiIzdhYjdmZiIsInBkZW5zIjoxfQ:0
[ 3210954ms] [LOG] [Fast Refresh] rebuilding @ http://localhost:4000/_next/static/chunks/0aus_next_dist_0dxyg_i._.js:2431
[ 3214274ms] [WARNING] The resource http://localhost:4000/_next/static/media/c0ce6eeecb7babc9-s.p.0m20a48t5o~j5.woff2 was preloaded using link preload but not used within a few seconds from the window's load event. Please make sure it has an appropriate `as` value and it is preloaded intentionally. @ http://localhost:4000/pixel-animation?c=eyJ2IjoxLCJzdmdOYW1lIjoiSGVhcnQiLCJzdmdUZXh0IjoiPHN2ZyB4bWxucz1cImh0dHA6Ly93d3cudzMub3JnLzIwMDAvc3ZnXCIgdmlld0JveD1cIjAgMCAyNCAyNFwiIGZpbGw9XCJjdXJyZW50Q29sb3JcIj48cGF0aCBkPVwiTTEyIDIxcy03LjUtNC43LTkuNy05LjRDLjYgNy41IDMuNCAzIDcuNSAzYzIgMCAzLjYgMSA0LjUgMi41QzEyLjkgNCAxNC41IDMgMTYuNSAzIDIwLjYgMyAyMy40IDcuNSAyMS43IDExLjYgMTkuNSAxNi4zIDEyIDIxIDEyIDIxelwiLz48L3N2Zz4iLCJhbmltIjoic21vb3RoLXJhaW4iLCJlYXNlIjoid2F2eSIsImNtb2RlIjoiZ3JhZGllbnQiLCJwcmVzZXQiOiJibHVlIiwiY29sb3IiOiJibHVlIiwiY2NvbG9yIjoiIzdhYjdmZiIsImdyYWQiOnsiaWQiOiJzdW5zZXQiLCJmcm9tIjoiI2ZmOTk2NiIsInRvIjoiI2ZmNWU2MiIsImdsb3ciOiIjZmY1ZTYyIn0sInNoYXBlIjoiY2lyY2xlIiwiZ3JpZCI6MjQsImNlbGwiOjIsImdhcCI6Miwic3BlZWQiOjE0MCwiZ2xvdyI6MSwiYmFzZSI6MC4zMiwidGhyIjo5Niwic3Ryb2tlIjoiIzdhYjdmZiIsInBkZW5zIjoxfQ:0
[ 3223776ms] [WARNING] The resource http://localhost:4000/_next/static/media/c0ce6eeecb7babc9-s.p.0m20a48t5o~j5.woff2 was preloaded using link preload but not used within a few seconds from the window's load event. Please make sure it has an appropriate `as` value and it is preloaded intentionally. @ http://localhost:4000/pixel-animation?c=eyJ2IjoxLCJzdmdOYW1lIjoiSGVhcnQiLCJzdmdUZXh0IjoiPHN2ZyB4bWxucz1cImh0dHA6Ly93d3cudzMub3JnLzIwMDAvc3ZnXCIgdmlld0JveD1cIjAgMCAyNCAyNFwiIGZpbGw9XCJjdXJyZW50Q29sb3JcIj48cGF0aCBkPVwiTTEyIDIxcy03LjUtNC43LTkuNy05LjRDLjYgNy41IDMuNCAzIDcuNSAzYzIgMCAzLjYgMSA0LjUgMi41QzEyLjkgNCAxNC41IDMgMTYuNSAzIDIwLjYgMyAyMy40IDcuNSAyMS43IDExLjYgMTkuNSAxNi4zIDEyIDIxIDEyIDIxelwiLz48L3N2Zz4iLCJhbmltIjoic21vb3RoLXJhaW4iLCJlYXNlIjoid2F2eSIsImNtb2RlIjoiZ3JhZGllbnQiLCJwcmVzZXQiOiJibHVlIiwiY29sb3IiOiJibHVlIiwiY2NvbG9yIjoiIzdhYjdmZiIsImdyYWQiOnsiaWQiOiJzdW5zZXQiLCJmcm9tIjoiI2ZmOTk2NiIsInRvIjoiI2ZmNWU2MiIsImdsb3ciOiIjZmY1ZTYyIn0sInNoYXBlIjoiY2lyY2xlIiwiZ3JpZCI6MjQsImNlbGwiOjIsImdhcCI6Miwic3BlZWQiOjE0MCwiZ2xvdyI6MSwiYmFzZSI6MC4zMiwidGhyIjo5Niwic3Ryb2tlIjoiIzdhYjdmZiIsInBkZW5zIjoxfQ:0
[ 3413873ms] [WARNING] The resource http://localhost:4000/_next/static/media/c0ce6eeecb7babc9-s.p.0m20a48t5o~j5.woff2 was preloaded using link preload but not used within a few seconds from the window's load event. Please make sure it has an appropriate `as` value and it is preloaded intentionally. @ http://localhost:4000/pixel-animation?c=eyJ2IjoxLCJzdmdOYW1lIjoiSGVhcnQiLCJzdmdUZXh0IjoiPHN2ZyB4bWxucz1cImh0dHA6Ly93d3cudzMub3JnLzIwMDAvc3ZnXCIgdmlld0JveD1cIjAgMCAyNCAyNFwiIGZpbGw9XCJjdXJyZW50Q29sb3JcIj48cGF0aCBkPVwiTTEyIDIxcy03LjUtNC43LTkuNy05LjRDLjYgNy41IDMuNCAzIDcuNSAzYzIgMCAzLjYgMSA0LjUgMi41QzEyLjkgNCAxNC41IDMgMTYuNSAzIDIwLjYgMyAyMy40IDcuNSAyMS43IDExLjYgMTkuNSAxNi4zIDEyIDIxIDEyIDIxelwiLz48L3N2Zz4iLCJhbmltIjoic21vb3RoLXJhaW4iLCJlYXNlIjoid2F2eSIsImNtb2RlIjoiZ3JhZGllbnQiLCJwcmVzZXQiOiJibHVlIiwiY29sb3IiOiJibHVlIiwiY2NvbG9yIjoiIzdhYjdmZiIsImdyYWQiOnsiaWQiOiJzdW5zZXQiLCJmcm9tIjoiI2ZmOTk2NiIsInRvIjoiI2ZmNWU2MiIsImdsb3ciOiIjZmY1ZTYyIn0sInNoYXBlIjoiY2lyY2xlIiwiZ3JpZCI6MjQsImNlbGwiOjIsImdhcCI6Miwic3BlZWQiOjE0MCwiZ2xvdyI6MSwiYmFzZSI6MC4zMiwidGhyIjo5Niwic3Ryb2tlIjoiIzdhYjdmZiIsInBkZW5zIjoxfQ:0
[ 3433413ms] [WARNING] The resource http://localhost:4000/_next/static/media/c0ce6eeecb7babc9-s.p.0m20a48t5o~j5.woff2 was preloaded using link preload but not used within a few seconds from the window's load event. Please make sure it has an appropriate `as` value and it is preloaded intentionally. @ http://localhost:4000/pixel-animation?c=eyJ2IjoxLCJzdmdOYW1lIjoiSGVhcnQiLCJzdmdUZXh0IjoiPHN2ZyB4bWxucz1cImh0dHA6Ly93d3cudzMub3JnLzIwMDAvc3ZnXCIgdmlld0JveD1cIjAgMCAyNCAyNFwiIGZpbGw9XCJjdXJyZW50Q29sb3JcIj48cGF0aCBkPVwiTTEyIDIxcy03LjUtNC43LTkuNy05LjRDLjYgNy41IDMuNCAzIDcuNSAzYzIgMCAzLjYgMSA0LjUgMi41QzEyLjkgNCAxNC41IDMgMTYuNSAzIDIwLjYgMyAyMy40IDcuNSAyMS43IDExLjYgMTkuNSAxNi4zIDEyIDIxIDEyIDIxelwiLz48L3N2Zz4iLCJhbmltIjoic21vb3RoLXJhaW4iLCJlYXNlIjoid2F2eSIsImNtb2RlIjoiZ3JhZGllbnQiLCJwcmVzZXQiOiJibHVlIiwiY29sb3IiOiJibHVlIiwiY2NvbG9yIjoiIzdhYjdmZiIsImdyYWQiOnsiaWQiOiJzdW5zZXQiLCJmcm9tIjoiI2ZmOTk2NiIsInRvIjoiI2ZmNWU2MiIsImdsb3ciOiIjZmY1ZTYyIn0sInNoYXBlIjoiY2lyY2xlIiwiZ3JpZCI6MjQsImNlbGwiOjIsImdhcCI6Miwic3BlZWQiOjE0MCwiZ2xvdyI6MSwiYmFzZSI6MC4zMiwidGhyIjo5Niwic3Ryb2tlIjoiIzdhYjdmZiIsInBkZW5zIjoxfQ:0
[ 3439894ms] [WARNING] The resource http://localhost:4000/_next/static/media/c0ce6eeecb7babc9-s.p.0m20a48t5o~j5.woff2 was preloaded using link preload but not used within a few seconds from the window's load event. Please make sure it has an appropriate `as` value and it is preloaded intentionally. @ http://localhost:4000/pixel-animation?c=eyJ2IjoxLCJzdmdOYW1lIjoiSGVhcnQiLCJzdmdUZXh0IjoiPHN2ZyB4bWxucz1cImh0dHA6Ly93d3cudzMub3JnLzIwMDAvc3ZnXCIgdmlld0JveD1cIjAgMCAyNCAyNFwiIGZpbGw9XCJjdXJyZW50Q29sb3JcIj48cGF0aCBkPVwiTTEyIDIxcy03LjUtNC43LTkuNy05LjRDLjYgNy41IDMuNCAzIDcuNSAzYzIgMCAzLjYgMSA0LjUgMi41QzEyLjkgNCAxNC41IDMgMTYuNSAzIDIwLjYgMyAyMy40IDcuNSAyMS43IDExLjYgMTkuNSAxNi4zIDEyIDIxIDEyIDIxelwiLz48L3N2Zz4iLCJhbmltIjoic21vb3RoLXJhaW4iLCJlYXNlIjoid2F2eSIsImNtb2RlIjoiZ3JhZGllbnQiLCJwcmVzZXQiOiJibHVlIiwiY29sb3IiOiJibHVlIiwiY2NvbG9yIjoiIzdhYjdmZiIsImdyYWQiOnsiaWQiOiJzdW5zZXQiLCJmcm9tIjoiI2ZmOTk2NiIsInRvIjoiI2ZmNWU2MiIsImdsb3ciOiIjZmY1ZTYyIn0sInNoYXBlIjoiY2lyY2xlIiwiZ3JpZCI6MjQsImNlbGwiOjIsImdhcCI6Miwic3BlZWQiOjE0MCwiZ2xvdyI6MSwiYmFzZSI6MC4zMiwidGhyIjo5Niwic3Ryb2tlIjoiIzdhYjdmZiIsInBkZW5zIjoxfQ:0
[ 3448428ms] [LOG] [Fast Refresh] done in 237519ms @ http://localhost:4000/_next/static/chunks/0aus_next_dist_0dxyg_i._.js:2431
[ 3530429ms] [LOG] [Fast Refresh] rebuilding @ http://localhost:4000/_next/static/chunks/0aus_next_dist_0dxyg_i._.js:2431
[ 3531130ms] [LOG] [Fast Refresh] done in 802ms @ http://localhost:4000/_next/static/chunks/0aus_next_dist_0dxyg_i._.js:2431
[ 3533756ms] [WARNING] The resource http://localhost:4000/_next/static/media/c0ce6eeecb7babc9-s.p.0m20a48t5o~j5.woff2 was preloaded using link preload but not used within a few seconds from the window's load event. Please make sure it has an appropriate `as` value and it is preloaded intentionally. @ http://localhost:4000/pixel-animation?c=eyJ2IjoxLCJzdmdOYW1lIjoiSGVhcnQiLCJzdmdUZXh0IjoiPHN2ZyB4bWxucz1cImh0dHA6Ly93d3cudzMub3JnLzIwMDAvc3ZnXCIgdmlld0JveD1cIjAgMCAyNCAyNFwiIGZpbGw9XCJjdXJyZW50Q29sb3JcIj48cGF0aCBkPVwiTTEyIDIxcy03LjUtNC43LTkuNy05LjRDLjYgNy41IDMuNCAzIDcuNSAzYzIgMCAzLjYgMSA0LjUgMi41QzEyLjkgNCAxNC41IDMgMTYuNSAzIDIwLjYgMyAyMy40IDcuNSAyMS43IDExLjYgMTkuNSAxNi4zIDEyIDIxIDEyIDIxelwiLz48L3N2Zz4iLCJhbmltIjoic21vb3RoLXJhaW4iLCJlYXNlIjoid2F2eSIsImNtb2RlIjoiZ3JhZGllbnQiLCJwcmVzZXQiOiJibHVlIiwiY29sb3IiOiJibHVlIiwiY2NvbG9yIjoiIzdhYjdmZiIsImdyYWQiOnsiaWQiOiJzdW5zZXQiLCJmcm9tIjoiI2ZmOTk2NiIsInRvIjoiI2ZmNWU2MiIsImdsb3ciOiIjZmY1ZTYyIn0sInNoYXBlIjoiY2lyY2xlIiwiZ3JpZCI6MjQsImNlbGwiOjIsImdhcCI6Miwic3BlZWQiOjE0MCwiZ2xvdyI6MSwiYmFzZSI6MC4zMiwidGhyIjo5Niwic3Ryb2tlIjoiIzdhYjdmZiIsInBkZW5zIjoxfQ:0
[ 3546678ms] [LOG] [Fast Refresh] rebuilding @ http://localhost:4000/_next/static/chunks/0aus_next_dist_0dxyg_i._.js:2431
[ 3549420ms] [LOG] [Fast Refresh] done in 2842ms @ http://localhost:4000/_next/static/chunks/0aus_next_dist_0dxyg_i._.js:2431
[ 3549992ms] [WARNING] The resource http://localhost:4000/_next/static/media/c0ce6eeecb7babc9-s.p.0m20a48t5o~j5.woff2 was preloaded using link preload but not used within a few seconds from the window's load event. Please make sure it has an appropriate `as` value and it is preloaded intentionally. @ http://localhost:4000/pixel-animation?c=eyJ2IjoxLCJzdmdOYW1lIjoiSGVhcnQiLCJzdmdUZXh0IjoiPHN2ZyB4bWxucz1cImh0dHA6Ly93d3cudzMub3JnLzIwMDAvc3ZnXCIgdmlld0JveD1cIjAgMCAyNCAyNFwiIGZpbGw9XCJjdXJyZW50Q29sb3JcIj48cGF0aCBkPVwiTTEyIDIxcy03LjUtNC43LTkuNy05LjRDLjYgNy41IDMuNCAzIDcuNSAzYzIgMCAzLjYgMSA0LjUgMi41QzEyLjkgNCAxNC41IDMgMTYuNSAzIDIwLjYgMyAyMy40IDcuNSAyMS43IDExLjYgMTkuNSAxNi4zIDEyIDIxIDEyIDIxelwiLz48L3N2Zz4iLCJhbmltIjoic21vb3RoLXJhaW4iLCJlYXNlIjoid2F2eSIsImNtb2RlIjoiZ3JhZGllbnQiLCJwcmVzZXQiOiJibHVlIiwiY29sb3IiOiJibHVlIiwiY2NvbG9yIjoiIzdhYjdmZiIsImdyYWQiOnsiaWQiOiJzdW5zZXQiLCJmcm9tIjoiI2ZmOTk2NiIsInRvIjoiI2ZmNWU2MiIsImdsb3ciOiIjZmY1ZTYyIn0sInNoYXBlIjoiY2lyY2xlIiwiZ3JpZCI6MjQsImNlbGwiOjIsImdhcCI6Miwic3BlZWQiOjE0MCwiZ2xvdyI6MSwiYmFzZSI6MC4zMiwidGhyIjo5Niwic3Ryb2tlIjoiIzdhYjdmZiIsInBkZW5zIjoxfQ:0
[ 3562399ms] [LOG] [Fast Refresh] rebuilding @ http://localhost:4000/_next/static/chunks/0aus_next_dist_0dxyg_i._.js:2431
[ 3562902ms] [LOG] [Fast Refresh] done in 614ms @ http://localhost:4000/_next/static/chunks/0aus_next_dist_0dxyg_i._.js:2431
[ 3565707ms] [WARNING] The resource http://localhost:4000/_next/static/media/c0ce6eeecb7babc9-s.p.0m20a48t5o~j5.woff2 was preloaded using link preload but not used within a few seconds from the window's load event. Please make sure it has an appropriate `as` value and it is preloaded intentionally. @ http://localhost:4000/pixel-animation?c=eyJ2IjoxLCJzdmdOYW1lIjoiSGVhcnQiLCJzdmdUZXh0IjoiPHN2ZyB4bWxucz1cImh0dHA6Ly93d3cudzMub3JnLzIwMDAvc3ZnXCIgdmlld0JveD1cIjAgMCAyNCAyNFwiIGZpbGw9XCJjdXJyZW50Q29sb3JcIj48cGF0aCBkPVwiTTEyIDIxcy03LjUtNC43LTkuNy05LjRDLjYgNy41IDMuNCAzIDcuNSAzYzIgMCAzLjYgMSA0LjUgMi41QzEyLjkgNCAxNC41IDMgMTYuNSAzIDIwLjYgMyAyMy40IDcuNSAyMS43IDExLjYgMTkuNSAxNi4zIDEyIDIxIDEyIDIxelwiLz48L3N2Zz4iLCJhbmltIjoic21vb3RoLXJhaW4iLCJlYXNlIjoid2F2eSIsImNtb2RlIjoiZ3JhZGllbnQiLCJwcmVzZXQiOiJibHVlIiwiY29sb3IiOiJibHVlIiwiY2NvbG9yIjoiIzdhYjdmZiIsImdyYWQiOnsiaWQiOiJzdW5zZXQiLCJmcm9tIjoiI2ZmOTk2NiIsInRvIjoiI2ZmNWU2MiIsImdsb3ciOiIjZmY1ZTYyIn0sInNoYXBlIjoiY2lyY2xlIiwiZ3JpZCI6MjQsImNlbGwiOjIsImdhcCI6Miwic3BlZWQiOjE0MCwiZ2xvdyI6MSwiYmFzZSI6MC4zMiwidGhyIjo5Niwic3Ryb2tlIjoiIzdhYjdmZiIsInBkZW5zIjoxfQ:0
[ 3780347ms] [LOG] [Fast Refresh] rebuilding @ http://localhost:4000/_next/static/chunks/0aus_next_dist_0dxyg_i._.js:2431
[ 3783698ms] [WARNING] The resource http://localhost:4000/_next/static/media/c0ce6eeecb7babc9-s.p.0m20a48t5o~j5.woff2 was preloaded using link preload but not used within a few seconds from the window's load event. Please make sure it has an appropriate `as` value and it is preloaded intentionally. @ http://localhost:4000/pixel-animation?c=eyJ2IjoxLCJzdmdOYW1lIjoiSGVhcnQiLCJzdmdUZXh0IjoiPHN2ZyB4bWxucz1cImh0dHA6Ly93d3cudzMub3JnLzIwMDAvc3ZnXCIgdmlld0JveD1cIjAgMCAyNCAyNFwiIGZpbGw9XCJjdXJyZW50Q29sb3JcIj48cGF0aCBkPVwiTTEyIDIxcy03LjUtNC43LTkuNy05LjRDLjYgNy41IDMuNCAzIDcuNSAzYzIgMCAzLjYgMSA0LjUgMi41QzEyLjkgNCAxNC41IDMgMTYuNSAzIDIwLjYgMyAyMy40IDcuNSAyMS43IDExLjYgMTkuNSAxNi4zIDEyIDIxIDEyIDIxelwiLz48L3N2Zz4iLCJhbmltIjoic21vb3RoLXJhaW4iLCJlYXNlIjoid2F2eSIsImNtb2RlIjoiZ3JhZGllbnQiLCJwcmVzZXQiOiJibHVlIiwiY29sb3IiOiJibHVlIiwiY2NvbG9yIjoiIzdhYjdmZiIsImdyYWQiOnsiaWQiOiJzdW5zZXQiLCJmcm9tIjoiI2ZmOTk2NiIsInRvIjoiI2ZmNWU2MiIsImdsb3ciOiIjZmY1ZTYyIn0sInNoYXBlIjoiY2lyY2xlIiwiZ3JpZCI6MjQsImNlbGwiOjIsImdhcCI6Miwic3BlZWQiOjE0MCwiZ2xvdyI6MSwiYmFzZSI6MC4zMiwidGhyIjo5Niwic3Ryb2tlIjoiIzdhYjdmZiIsInBkZW5zIjoxfQ:0
[ 4132970ms] [INFO] %cDownload the React DevTools for a better development experience: https://react.dev/link/react-devtools font-weight:bold @ http://localhost:4000/_next/static/chunks/0aus_next_dist_0dxyg_i._.js:2431
[ 4133098ms] [LOG] [HMR] connected @ http://localhost:4000/_next/static/chunks/0aus_next_dist_0dxyg_i._.js:2431
[ 4186822ms] [LOG] [Fast Refresh] rebuilding @ http://localhost:4000/_next/static/chunks/0aus_next_dist_0dxyg_i._.js:2431
[ 4186887ms] [LOG] [Fast Refresh] done in 170ms @ http://localhost:4000/_next/static/chunks/0aus_next_dist_0dxyg_i._.js:2431
[ 4413736ms] [LOG] [Fast Refresh] rebuilding @ http://localhost:4000/_next/static/chunks/0aus_next_dist_0dxyg_i._.js:2431
[ 4413736ms] [LOG] [Fast Refresh] done in 102ms @ http://localhost:4000/_next/static/chunks/0aus_next_dist_0dxyg_i._.js:2431
[ 4413898ms] [LOG] [Fast Refresh] rebuilding @ http://localhost:4000/_next/static/chunks/0aus_next_dist_0dxyg_i._.js:2431
[ 4414104ms] [LOG] [Fast Refresh] done in 307ms @ http://localhost:4000/_next/static/chunks/0aus_next_dist_0dxyg_i._.js:2431
[ 5214874ms] [LOG] [Fast Refresh] rebuilding @ http://localhost:4000/_next/static/chunks/0aus_next_dist_0dxyg_i._.js:2431
[ 5215019ms] [LOG] [Fast Refresh] done in 245ms @ http://localhost:4000/_next/static/chunks/0aus_next_dist_0dxyg_i._.js:2431
