[     291ms] [INFO] %cDownload the React DevTools for a better development experience: https://react.dev/link/react-devtools font-weight:bold @ http://localhost:4200/_next/static/chunks/0aus_next_dist_0dxyg_i._.js:2431
[     310ms] [LOG] [HMR] connected @ http://localhost:4200/_next/static/chunks/0aus_next_dist_0dxyg_i._.js:2431
[     464ms] [LOG] [Fast Refresh] rebuilding @ http://localhost:4200/_next/static/chunks/0aus_next_dist_0dxyg_i._.js:2431
[     800ms] [LOG] [Fast Refresh] done in 439ms @ http://localhost:4200/_next/static/chunks/0aus_next_dist_0dxyg_i._.js:2431
[    8754ms] [LOG] [Fast Refresh] rebuilding @ http://localhost:4200/_next/static/chunks/0aus_next_dist_0dxyg_i._.js:2431
[    8990ms] [LOG] [Fast Refresh] done in 336ms @ http://localhost:4200/_next/static/chunks/0aus_next_dist_0dxyg_i._.js:2431
[   13300ms] [LOG] [Fast Refresh] rebuilding @ http://localhost:4200/_next/static/chunks/0aus_next_dist_0dxyg_i._.js:2431
[   13363ms] [LOG] [Fast Refresh] done in 164ms @ http://localhost:4200/_next/static/chunks/0aus_next_dist_0dxyg_i._.js:2431
[   27666ms] [LOG] [Fast Refresh] rebuilding @ http://localhost:4200/_next/static/chunks/0aus_next_dist_0dxyg_i._.js:2431
[   27890ms] [LOG] [Fast Refresh] done in 326ms @ http://localhost:4200/_next/static/chunks/0aus_next_dist_0dxyg_i._.js:2431
[   40210ms] [LOG] [Fast Refresh] rebuilding @ http://localhost:4200/_next/static/chunks/0aus_next_dist_0dxyg_i._.js:2431
[   40226ms] [LOG] [Fast Refresh] done in 117ms @ http://localhost:4200/_next/static/chunks/0aus_next_dist_0dxyg_i._.js:2431
[   47776ms] [LOG] [Fast Refresh] rebuilding @ http://localhost:4200/_next/static/chunks/0aus_next_dist_0dxyg_i._.js:2431
[   48010ms] [LOG] [Fast Refresh] done in 335ms @ http://localhost:4200/_next/static/chunks/0aus_next_dist_0dxyg_i._.js:2431
[   60195ms] [LOG] [Fast Refresh] rebuilding @ http://localhost:4200/_next/static/chunks/0aus_next_dist_0dxyg_i._.js:2431
[   60211ms] [LOG] [Fast Refresh] done in 117ms @ http://localhost:4200/_next/static/chunks/0aus_next_dist_0dxyg_i._.js:2431
[ 1018344ms] [LOG] [Fast Refresh] rebuilding @ http://localhost:4200/_next/static/chunks/0aus_next_dist_0dxyg_i._.js:2431
[ 1018347ms] [LOG] [Fast Refresh] done in 105ms @ http://localhost:4200/_next/static/chunks/0aus_next_dist_0dxyg_i._.js:2431
[ 2843969ms] [LOG] [HMR] connected @ http://localhost:4200/_next/static/chunks/0aus_next_dist_0dxyg_i._.js:2431
[ 5414268ms] [LOG] [Fast Refresh] rebuilding @ http://localhost:4200/_next/static/chunks/0aus_next_dist_0dxyg_i._.js:2431
[ 5414304ms] [LOG] [Fast Refresh] done in 137ms @ http://localhost:4200/_next/static/chunks/0aus_next_dist_0dxyg_i._.js:2431
[ 5659168ms] [LOG] [Fast Refresh] rebuilding @ http://localhost:4200/_next/static/chunks/0aus_next_dist_0dxyg_i._.js:2431
[ 5660412ms] [LOG] [Fast Refresh] done in 1343ms @ http://localhost:4200/_next/static/chunks/0aus_next_dist_0dxyg_i._.js:2431
[ 5660604ms] [LOG] [Fast Refresh] rebuilding @ http://localhost:4200/_next/static/chunks/0aus_next_dist_0dxyg_i._.js:2431
[ 5660749ms] [LOG] [Fast Refresh] done in 246ms @ http://localhost:4200/_next/static/chunks/0aus_next_dist_0dxyg_i._.js:2431
[ 5661315ms] [LOG] [Fast Refresh] rebuilding @ http://localhost:4200/_next/static/chunks/0aus_next_dist_0dxyg_i._.js:2431
[ 5661489ms] [LOG] [Fast Refresh] done in 276ms @ http://localhost:4200/_next/static/chunks/0aus_next_dist_0dxyg_i._.js:2431
[ 5669751ms] [LOG] [Fast Refresh] rebuilding @ http://localhost:4200/_next/static/chunks/0aus_next_dist_0dxyg_i._.js:2431
[ 5669978ms] [LOG] [Fast Refresh] done in 276ms @ http://localhost:4200/_next/static/chunks/0aus_next_dist_0dxyg_i._.js:2431
[ 5670188ms] ReferenceError: STACK is not defined
    at FutureForwardCard (about://React/Server/file:///Users/godwinjanarthan/Documents/Projects/d2studio-ui/.next/dev/server/chunks/ssr/%255Broot-of-the-server%255D__0%257E-baux._.js?id=%255Bproject%255D%252Fcomponents%252Fbento-4%252Ffuture-forward-card.tsx+%255Bapp-rsc%255D+%2528ecmascript%2529?505:1466:13)
    at resolveErrorDev (http://localhost:4200/_next/static/chunks/0aus_next_dist_compiled_react-server-dom-turbopack_0bo9_ln._.js:1919:150)
    at processFullStringRow (http://localhost:4200/_next/static/chunks/0aus_next_dist_compiled_react-server-dom-turbopack_0bo9_ln._.js:2434:29)
    at processFullBinaryRow (http://localhost:4200/_next/static/chunks/0aus_next_dist_compiled_react-server-dom-turbopack_0bo9_ln._.js:2393:9)
    at processBinaryChunk (http://localhost:4200/_next/static/chunks/0aus_next_dist_compiled_react-server-dom-turbopack_0bo9_ln._.js:2502:221)
    at progress (http://localhost:4200/_next/static/chunks/0aus_next_dist_compiled_react-server-dom-turbopack_0bo9_ln._.js:2689:13)
[ 5670270ms] [LOG] [Fast Refresh] rebuilding @ http://localhost:4200/_next/static/chunks/0aus_next_dist_0dxyg_i._.js:2431
[ 5670447ms] [LOG] [Fast Refresh] done in 277ms @ http://localhost:4200/_next/static/chunks/0aus_next_dist_0dxyg_i._.js:2431
[ 5673393ms] [LOG] [Fast Refresh] rebuilding @ http://localhost:4200/_next/static/chunks/0aus_next_dist_0dxyg_i._.js:2431
[ 5673653ms] [LOG] [Fast Refresh] done in 296ms @ http://localhost:4200/_next/static/chunks/0aus_next_dist_0dxyg_i._.js:2431
[ 5674042ms] [ERROR] Failed to load resource: the server responded with a status of 500 (Internal Server Error) @ http://localhost:4200/bento-4:0
[ 5674155ms] [INFO] %cDownload the React DevTools for a better development experience: https://react.dev/link/react-devtools font-weight:bold @ http://localhost:4200/_next/static/chunks/0aus_next_dist_0dxyg_i._.js:2431
[ 5674207ms] [LOG] [HMR] connected @ http://localhost:4200/_next/static/chunks/0aus_next_dist_0dxyg_i._.js:2431
[ 5674299ms] [ERROR] Encountered a script tag while rendering React component. Scripts inside React components are never executed when rendering on the client. Consider using template tag instead (https://developer.mozilla.org/en-US/docs/Web/HTML/Element/template). @ http://localhost:4200/_next/static/chunks/0aus_next_dist_0dxyg_i._.js:3272
[ 5674439ms] ReferenceError: STACK is not defined
    at FutureForwardCard (about://React/Server/file:///Users/godwinjanarthan/Documents/Projects/d2studio-ui/.next/dev/server/chunks/ssr/%255Broot-of-the-server%255D__0%257E-baux._.js?id=%255Bproject%255D%252Fcomponents%252Fbento-4%252Ffuture-forward-card.tsx+%255Bapp-rsc%255D+%2528ecmascript%2529?100:1466:13)
    at resolveErrorDev (http://localhost:4200/_next/static/chunks/0aus_next_dist_compiled_react-server-dom-turbopack_0bo9_ln._.js:1919:150)
    at processFullStringRow (http://localhost:4200/_next/static/chunks/0aus_next_dist_compiled_react-server-dom-turbopack_0bo9_ln._.js:2434:29)
    at processFullBinaryRow (http://localhost:4200/_next/static/chunks/0aus_next_dist_compiled_react-server-dom-turbopack_0bo9_ln._.js:2393:9)
    at processBinaryChunk (http://localhost:4200/_next/static/chunks/0aus_next_dist_compiled_react-server-dom-turbopack_0bo9_ln._.js:2502:221)
    at progress (http://localhost:4200/_next/static/chunks/0aus_next_dist_compiled_react-server-dom-turbopack_0bo9_ln._.js:2689:13)
[ 5674441ms] TypeError: Failed to execute 'measure' on 'Performance': '​FutureForwardCard' cannot have a negative time stamp.
    at flushComponentPerformance (http://localhost:4200/_next/static/chunks/0aus_next_dist_compiled_react-server-dom-turbopack_0bo9_ln._.js:2184:45)
    at flushComponentPerformance (http://localhost:4200/_next/static/chunks/0aus_next_dist_compiled_react-server-dom-turbopack_0bo9_ln._.js:2156:31)
    at flushComponentPerformance (http://localhost:4200/_next/static/chunks/0aus_next_dist_compiled_react-server-dom-turbopack_0bo9_ln._.js:2156:31)
    at flushInitialRenderPerformance (http://localhost:4200/_next/static/chunks/0aus_next_dist_compiled_react-server-dom-turbopack_0bo9_ln._.js:2346:74)
[ 5674463ms] [LOG] [Fast Refresh] rebuilding @ http://localhost:4200/_next/static/chunks/0aus_next_dist_0dxyg_i._.js:2431
[ 5674720ms] [LOG] [Fast Refresh] done in 358ms @ http://localhost:4200/_next/static/chunks/0aus_next_dist_0dxyg_i._.js:2431
[ 5674823ms] [LOG] [Fast Refresh] rebuilding @ http://localhost:4200/_next/static/chunks/0aus_next_dist_0dxyg_i._.js:2431
[ 5674983ms] [LOG] [Fast Refresh] done in 263ms @ http://localhost:4200/_next/static/chunks/0aus_next_dist_0dxyg_i._.js:2431
[ 5681693ms] [LOG] [Fast Refresh] rebuilding @ http://localhost:4200/_next/static/chunks/0aus_next_dist_0dxyg_i._.js:2431
[ 5681985ms] [LOG] [Fast Refresh] done in 251ms @ http://localhost:4200/_next/static/chunks/0aus_next_dist_0dxyg_i._.js:2431
[ 5682186ms] [ERROR] Failed to load resource: the server responded with a status of 500 (Internal Server Error) @ http://localhost:4200/bento-4:0
[ 5682271ms] [INFO] %cDownload the React DevTools for a better development experience: https://react.dev/link/react-devtools font-weight:bold @ http://localhost:4200/_next/static/chunks/0aus_next_dist_0dxyg_i._.js:2431
[ 5682305ms] [LOG] [HMR] connected @ http://localhost:4200/_next/static/chunks/0aus_next_dist_0dxyg_i._.js:2431
[ 5682453ms] [ERROR] Encountered a script tag while rendering React component. Scripts inside React components are never executed when rendering on the client. Consider using template tag instead (https://developer.mozilla.org/en-US/docs/Web/HTML/Element/template). @ http://localhost:4200/_next/static/chunks/0aus_next_dist_0dxyg_i._.js:3272
[ 5682604ms] ReferenceError: STACK is not defined
    at FutureForwardCard (about://React/Server/file:///Users/godwinjanarthan/Documents/Projects/d2studio-ui/.next/dev/server/chunks/ssr/%255Broot-of-the-server%255D__0%257E-baux._.js?id=%255Bproject%255D%252Fcomponents%252Fbento-4%252Ffuture-forward-card.tsx+%255Bapp-rsc%255D+%2528ecmascript%2529?100:1468:13)
    at resolveErrorDev (http://localhost:4200/_next/static/chunks/0aus_next_dist_compiled_react-server-dom-turbopack_0bo9_ln._.js:1919:150)
    at processFullStringRow (http://localhost:4200/_next/static/chunks/0aus_next_dist_compiled_react-server-dom-turbopack_0bo9_ln._.js:2434:29)
    at processFullBinaryRow (http://localhost:4200/_next/static/chunks/0aus_next_dist_compiled_react-server-dom-turbopack_0bo9_ln._.js:2393:9)
    at processBinaryChunk (http://localhost:4200/_next/static/chunks/0aus_next_dist_compiled_react-server-dom-turbopack_0bo9_ln._.js:2502:221)
    at progress (http://localhost:4200/_next/static/chunks/0aus_next_dist_compiled_react-server-dom-turbopack_0bo9_ln._.js:2689:13)
[ 5682605ms] TypeError: Failed to execute 'measure' on 'Performance': '​FutureForwardCard' cannot have a negative time stamp.
    at flushComponentPerformance (http://localhost:4200/_next/static/chunks/0aus_next_dist_compiled_react-server-dom-turbopack_0bo9_ln._.js:2184:45)
    at flushComponentPerformance (http://localhost:4200/_next/static/chunks/0aus_next_dist_compiled_react-server-dom-turbopack_0bo9_ln._.js:2156:31)
    at flushComponentPerformance (http://localhost:4200/_next/static/chunks/0aus_next_dist_compiled_react-server-dom-turbopack_0bo9_ln._.js:2156:31)
    at flushInitialRenderPerformance (http://localhost:4200/_next/static/chunks/0aus_next_dist_compiled_react-server-dom-turbopack_0bo9_ln._.js:2346:74)
[ 5685643ms] [LOG] [Fast Refresh] rebuilding @ http://localhost:4200/_next/static/chunks/0aus_next_dist_0dxyg_i._.js:2431
[ 5685805ms] [LOG] [Fast Refresh] done in 220ms @ http://localhost:4200/_next/static/chunks/0aus_next_dist_0dxyg_i._.js:2431
[ 5685868ms] [ERROR] Failed to load resource: the server responded with a status of 500 (Internal Server Error) @ http://localhost:4200/bento-4:0
[ 5685938ms] [INFO] %cDownload the React DevTools for a better development experience: https://react.dev/link/react-devtools font-weight:bold @ http://localhost:4200/_next/static/chunks/0aus_next_dist_0dxyg_i._.js:2431
[ 5685955ms] [LOG] [HMR] connected @ http://localhost:4200/_next/static/chunks/0aus_next_dist_0dxyg_i._.js:2431
[ 5686100ms] [ERROR] Encountered a script tag while rendering React component. Scripts inside React components are never executed when rendering on the client. Consider using template tag instead (https://developer.mozilla.org/en-US/docs/Web/HTML/Element/template). @ http://localhost:4200/_next/static/chunks/0aus_next_dist_0dxyg_i._.js:3272
[ 5686128ms] ReferenceError: STACK is not defined
    at FutureForwardCard (about://React/Server/file:///Users/godwinjanarthan/Documents/Projects/d2studio-ui/.next/dev/server/chunks/ssr/%255Broot-of-the-server%255D__0%257E-baux._.js?id=%255Bproject%255D%252Fcomponents%252Fbento-4%252Ffuture-forward-card.tsx+%255Bapp-rsc%255D+%2528ecmascript%2529?100:1470:13)
    at resolveErrorDev (http://localhost:4200/_next/static/chunks/0aus_next_dist_compiled_react-server-dom-turbopack_0bo9_ln._.js:1919:150)
    at processFullStringRow (http://localhost:4200/_next/static/chunks/0aus_next_dist_compiled_react-server-dom-turbopack_0bo9_ln._.js:2434:29)
    at processFullBinaryRow (http://localhost:4200/_next/static/chunks/0aus_next_dist_compiled_react-server-dom-turbopack_0bo9_ln._.js:2393:9)
    at processBinaryChunk (http://localhost:4200/_next/static/chunks/0aus_next_dist_compiled_react-server-dom-turbopack_0bo9_ln._.js:2502:221)
    at progress (http://localhost:4200/_next/static/chunks/0aus_next_dist_compiled_react-server-dom-turbopack_0bo9_ln._.js:2689:13)
[ 5686235ms] TypeError: Failed to execute 'measure' on 'Performance': '​FutureForwardCard' cannot have a negative time stamp.
    at flushComponentPerformance (http://localhost:4200/_next/static/chunks/0aus_next_dist_compiled_react-server-dom-turbopack_0bo9_ln._.js:2184:45)
    at flushComponentPerformance (http://localhost:4200/_next/static/chunks/0aus_next_dist_compiled_react-server-dom-turbopack_0bo9_ln._.js:2156:31)
    at flushComponentPerformance (http://localhost:4200/_next/static/chunks/0aus_next_dist_compiled_react-server-dom-turbopack_0bo9_ln._.js:2156:31)
    at flushInitialRenderPerformance (http://localhost:4200/_next/static/chunks/0aus_next_dist_compiled_react-server-dom-turbopack_0bo9_ln._.js:2346:74)
[ 5692526ms] [LOG] [Fast Refresh] rebuilding @ http://localhost:4200/_next/static/chunks/0aus_next_dist_0dxyg_i._.js:2431
[ 5692741ms] [LOG] [Fast Refresh] done in 239ms @ http://localhost:4200/_next/static/chunks/0aus_next_dist_0dxyg_i._.js:2431
[ 5692779ms] [ERROR] Failed to load resource: the server responded with a status of 500 (Internal Server Error) @ http://localhost:4200/bento-4:0
[ 5692898ms] [INFO] %cDownload the React DevTools for a better development experience: https://react.dev/link/react-devtools font-weight:bold @ http://localhost:4200/_next/static/chunks/0aus_next_dist_0dxyg_i._.js:2431
[ 5692953ms] [LOG] [HMR] connected @ http://localhost:4200/_next/static/chunks/0aus_next_dist_0dxyg_i._.js:2431
[ 5693071ms] [ERROR] Encountered a script tag while rendering React component. Scripts inside React components are never executed when rendering on the client. Consider using template tag instead (https://developer.mozilla.org/en-US/docs/Web/HTML/Element/template). @ http://localhost:4200/_next/static/chunks/0aus_next_dist_0dxyg_i._.js:3272
[ 5693105ms] ReferenceError: STACK is not defined
    at FutureForwardCard (about://React/Server/file:///Users/godwinjanarthan/Documents/Projects/d2studio-ui/.next/dev/server/chunks/ssr/%255Broot-of-the-server%255D__0%257E-baux._.js?id=%255Bproject%255D%252Fcomponents%252Fbento-4%252Ffuture-forward-card.tsx+%255Bapp-rsc%255D+%2528ecmascript%2529?100:1472:13)
    at resolveErrorDev (http://localhost:4200/_next/static/chunks/0aus_next_dist_compiled_react-server-dom-turbopack_0bo9_ln._.js:1919:150)
    at processFullStringRow (http://localhost:4200/_next/static/chunks/0aus_next_dist_compiled_react-server-dom-turbopack_0bo9_ln._.js:2434:29)
    at processFullBinaryRow (http://localhost:4200/_next/static/chunks/0aus_next_dist_compiled_react-server-dom-turbopack_0bo9_ln._.js:2393:9)
    at processBinaryChunk (http://localhost:4200/_next/static/chunks/0aus_next_dist_compiled_react-server-dom-turbopack_0bo9_ln._.js:2502:221)
    at progress (http://localhost:4200/_next/static/chunks/0aus_next_dist_compiled_react-server-dom-turbopack_0bo9_ln._.js:2689:13)
[ 5693184ms] TypeError: Failed to execute 'measure' on 'Performance': '​FutureForwardCard' cannot have a negative time stamp.
    at flushComponentPerformance (http://localhost:4200/_next/static/chunks/0aus_next_dist_compiled_react-server-dom-turbopack_0bo9_ln._.js:2184:45)
    at flushComponentPerformance (http://localhost:4200/_next/static/chunks/0aus_next_dist_compiled_react-server-dom-turbopack_0bo9_ln._.js:2156:31)
    at flushComponentPerformance (http://localhost:4200/_next/static/chunks/0aus_next_dist_compiled_react-server-dom-turbopack_0bo9_ln._.js:2156:31)
    at flushInitialRenderPerformance (http://localhost:4200/_next/static/chunks/0aus_next_dist_compiled_react-server-dom-turbopack_0bo9_ln._.js:2346:74)
[ 5700342ms] [LOG] [Fast Refresh] rebuilding @ http://localhost:4200/_next/static/chunks/0aus_next_dist_0dxyg_i._.js:2431
[ 5700503ms] [LOG] [Fast Refresh] done in 213ms @ http://localhost:4200/_next/static/chunks/0aus_next_dist_0dxyg_i._.js:2431
[ 5700752ms] [INFO] %cDownload the React DevTools for a better development experience: https://react.dev/link/react-devtools font-weight:bold @ http://localhost:4200/_next/static/chunks/0aus_next_dist_0dxyg_i._.js:2431
[ 5700798ms] [LOG] [HMR] connected @ http://localhost:4200/_next/static/chunks/0aus_next_dist_0dxyg_i._.js:2431
[ 5709731ms] [LOG] [Fast Refresh] rebuilding @ http://localhost:4200/_next/static/chunks/0aus_next_dist_0dxyg_i._.js:2431
[ 5709938ms] [LOG] [Fast Refresh] done in 233ms @ http://localhost:4200/_next/static/chunks/0aus_next_dist_0dxyg_i._.js:2431
[ 5715447ms] [LOG] [Fast Refresh] rebuilding @ http://localhost:4200/_next/static/chunks/0aus_next_dist_0dxyg_i._.js:2431
[ 5715748ms] [LOG] [Fast Refresh] done in 401ms @ http://localhost:4200/_next/static/chunks/0aus_next_dist_0dxyg_i._.js:2431
[ 5716809ms] [LOG] [Fast Refresh] rebuilding @ http://localhost:4200/_next/static/chunks/0aus_next_dist_0dxyg_i._.js:2431
[ 5717697ms] [LOG] [Fast Refresh] done in 989ms @ http://localhost:4200/_next/static/chunks/0aus_next_dist_0dxyg_i._.js:2431
[ 5725324ms] [LOG] [Fast Refresh] rebuilding @ http://localhost:4200/_next/static/chunks/0aus_next_dist_0dxyg_i._.js:2431
[ 5725930ms] [LOG] [Fast Refresh] done in 699ms @ http://localhost:4200/_next/static/chunks/0aus_next_dist_0dxyg_i._.js:2431
[ 5728265ms] [LOG] [Fast Refresh] rebuilding @ http://localhost:4200/_next/static/chunks/0aus_next_dist_0dxyg_i._.js:2431
[ 5728679ms] [LOG] [Fast Refresh] done in 514ms @ http://localhost:4200/_next/static/chunks/0aus_next_dist_0dxyg_i._.js:2431
[ 5729404ms] [LOG] [Fast Refresh] rebuilding @ http://localhost:4200/_next/static/chunks/0aus_next_dist_0dxyg_i._.js:2431
[ 5729439ms] [LOG] [Fast Refresh] done in 137ms @ http://localhost:4200/_next/static/chunks/0aus_next_dist_0dxyg_i._.js:2431
[ 5741402ms] [LOG] [Fast Refresh] rebuilding @ http://localhost:4200/_next/static/chunks/0aus_next_dist_0dxyg_i._.js:2431
[ 5741597ms] [LOG] [Fast Refresh] done in 241ms @ http://localhost:4200/_next/static/chunks/0aus_next_dist_0dxyg_i._.js:2431
[ 5754115ms] [LOG] [Fast Refresh] rebuilding @ http://localhost:4200/_next/static/chunks/0aus_next_dist_0dxyg_i._.js:2431
[ 5754357ms] [LOG] [Fast Refresh] done in 272ms @ http://localhost:4200/_next/static/chunks/0aus_next_dist_0dxyg_i._.js:2431
[ 5759705ms] [LOG] [Fast Refresh] rebuilding @ http://localhost:4200/_next/static/chunks/0aus_next_dist_0dxyg_i._.js:2431
[ 5759936ms] [LOG] [Fast Refresh] done in 287ms @ http://localhost:4200/_next/static/chunks/0aus_next_dist_0dxyg_i._.js:2431
