[     277ms] [INFO] %cDownload the React DevTools for a better development experience: https://react.dev/link/react-devtools font-weight:bold @ http://localhost:4000/_next/static/chunks/0aus_next_dist_0dxyg_i._.js:2431
[     322ms] [LOG] [HMR] connected @ http://localhost:4000/_next/static/chunks/0aus_next_dist_0dxyg_i._.js:2431
[     480ms] [LOG] [Fast Refresh] rebuilding @ http://localhost:4000/_next/static/chunks/0aus_next_dist_0dxyg_i._.js:2431
[    1670ms] [LOG] [Fast Refresh] done in 1335ms @ http://localhost:4000/_next/static/chunks/0aus_next_dist_0dxyg_i._.js:2431
[    1693ms] [ERROR] Failed to load resource: the server responded with a status of 404 (Not Found) @ http://localhost:4000/api/component-code/dashboard-01:0
[    1754ms] [ERROR] Failed to load resource: the server responded with a status of 404 (Not Found) @ http://localhost:4000/api/component-code/dashboard-01:0
[    4640ms] [LOG] [Fast Refresh] rebuilding @ http://localhost:4000/_next/static/chunks/0aus_next_dist_0dxyg_i._.js:2431
[    6363ms] [LOG] [Fast Refresh] done in 1696ms @ http://localhost:4000/_next/static/chunks/0aus_next_dist_0dxyg_i._.js:2431
[    7488ms] [LOG] [Fast Refresh] rebuilding @ http://localhost:4000/_next/static/chunks/0aus_next_dist_0dxyg_i._.js:2431
[    7662ms] [LOG] [Fast Refresh] done in 275ms @ http://localhost:4000/_next/static/chunks/0aus_next_dist_0dxyg_i._.js:2431
[   69051ms] [LOG] [Fast Refresh] rebuilding @ http://localhost:4000/_next/static/chunks/0aus_next_dist_0dxyg_i._.js:2431
[   69053ms] [LOG] [Fast Refresh] done in 103ms @ http://localhost:4000/_next/static/chunks/0aus_next_dist_0dxyg_i._.js:2431
[ 3955589ms] [LOG] [Fast Refresh] rebuilding @ http://localhost:4000/_next/static/chunks/0aus_next_dist_0dxyg_i._.js:2431
[ 3955635ms] [LOG] [Fast Refresh] done in 148ms @ http://localhost:4000/_next/static/chunks/0aus_next_dist_0dxyg_i._.js:2431
[ 3979216ms] [LOG] [Fast Refresh] rebuilding @ http://localhost:4000/_next/static/chunks/0aus_next_dist_0dxyg_i._.js:2431
[ 3982134ms] [LOG] [Fast Refresh] done in 3019ms @ http://localhost:4000/_next/static/chunks/0aus_next_dist_0dxyg_i._.js:2431
[ 3983433ms] [LOG] [Fast Refresh] rebuilding @ http://localhost:4000/_next/static/chunks/0aus_next_dist_0dxyg_i._.js:2431
[ 3983568ms] [LOG] [Fast Refresh] done in 237ms @ http://localhost:4000/_next/static/chunks/0aus_next_dist_0dxyg_i._.js:2431
[ 3988866ms] [LOG] [Fast Refresh] rebuilding @ http://localhost:4000/_next/static/chunks/0aus_next_dist_0dxyg_i._.js:2431
[ 3989838ms] [LOG] [Fast Refresh] done in 863ms @ http://localhost:4000/_next/static/chunks/0aus_next_dist_0dxyg_i._.js:2431
[ 3995413ms] [LOG] [Fast Refresh] rebuilding @ http://localhost:4000/_next/static/chunks/0aus_next_dist_0dxyg_i._.js:2431
[ 3999592ms] [LOG] [Fast Refresh] done in 4145ms @ http://localhost:4000/_next/static/chunks/0aus_next_dist_0dxyg_i._.js:2431
[ 4000140ms] [LOG] [Fast Refresh] rebuilding @ http://localhost:4000/_next/static/chunks/0aus_next_dist_0dxyg_i._.js:2431
[ 4001854ms] [LOG] [Fast Refresh] done in 1882ms @ http://localhost:4000/_next/static/chunks/0aus_next_dist_0dxyg_i._.js:2431
[ 4001955ms] [LOG] [Fast Refresh] rebuilding @ http://localhost:4000/_next/static/chunks/0aus_next_dist_0dxyg_i._.js:2431
[ 4002654ms] [LOG] [Fast Refresh] done in 800ms @ http://localhost:4000/_next/static/chunks/0aus_next_dist_0dxyg_i._.js:2431
[ 4004829ms] [INFO] %cDownload the React DevTools for a better development experience: https://react.dev/link/react-devtools font-weight:bold @ http://localhost:4000/_next/static/chunks/0aus_next_dist_0dxyg_i._.js:2431
[ 4004893ms] [LOG] [HMR] connected @ http://localhost:4000/_next/static/chunks/0aus_next_dist_0dxyg_i._.js:2431
[ 4005050ms] [LOG] [Fast Refresh] rebuilding @ http://localhost:4000/_next/static/chunks/0aus_next_dist_0dxyg_i._.js:2431
[ 4005062ms] [LOG] [Fast Refresh] done in 116ms @ http://localhost:4000/_next/static/chunks/0aus_next_dist_0dxyg_i._.js:2431
[ 4005629ms] [ERROR] Encountered a script tag while rendering React component. Scripts inside React components are never executed when rendering on the client. Consider using template tag instead (https://developer.mozilla.org/en-US/docs/Web/HTML/Element/template). @ http://localhost:4000/_next/static/chunks/0aus_next_dist_0dxyg_i._.js:3272
[ 4006048ms] Error: Hydration failed because the server rendered HTML didn't match the client. As a result this tree will be regenerated on the client. This can happen if a SSR-ed Client Component used:

- A server/client branch `if (typeof window !== 'undefined')`.
- Variable input such as `Date.now()` or `Math.random()` which changes each time it's called.
- Date formatting in a user's locale which doesn't match the server.
- External changing data without sending a snapshot of it along with the HTML.
- Invalid HTML tag nesting.

It can also happen if the client has a browser extension installed which messes with the HTML before React loaded.

https://react.dev/link/hydration-mismatch

  ...
    <HTTPAccessFallbackBoundary notFound={{...}} forbidden={undefined} unauthorized={undefined}>
      <HTTPAccessFallbackErrorBoundary pathname="/" notFound={{...}} forbidden={undefined} unauthorized={undefined} ...>
        <RedirectBoundary>
          <RedirectErrorBoundary router={{...}}>
            <InnerLayoutRouter url="/?bust=1" tree={[...]} params={{}} cacheNode={{rsc:{...}, ...}} segmentPath={[...]} ...>
              <SegmentViewNode type="page" pagePath="page.tsx">
                <SegmentTrieNode>
                <ClientPageRoot Component={function HomePage} serverProvidedParams={{...}}>
                  <HomePage params={Promise} searchParams={Promise}>
                    <div className="relative m...">
                      <Navigation>
                      <script>
                      <HeroSection2>
                      <section className="max-w-6xl ...">
                        <div>
                        <div className="flex flex-...">
                          <motion.div>
                          <div className="grid grid-...">
                            <div className="bg-backgro...">
                              <div
+                               className="size-5 flex items-center justify-center"
-                               className="size-5 rounded-sm bg-foreground/10"
                              >
+                               <div className="size-5 rounded-sm bg-foreground/10">
                              ...
                            ...
                      ...
              ...
            ...

    at throwOnHydrationMismatch (http://localhost:4000/_next/static/chunks/0aus_next_dist_compiled_react-dom_0v6ubys._.js:3318:56)
    at beginWork (http://localhost:4000/_next/static/chunks/0aus_next_dist_compiled_react-dom_0v6ubys._.js:6758:918)
    at runWithFiberInDEV (http://localhost:4000/_next/static/chunks/0aus_next_dist_compiled_react-dom_0v6ubys._.js:965:74)
    at performUnitOfWork (http://localhost:4000/_next/static/chunks/0aus_next_dist_compiled_react-dom_0v6ubys._.js:9555:97)
    at workLoopConcurrentByScheduler (http://localhost:4000/_next/static/chunks/0aus_next_dist_compiled_react-dom_0v6ubys._.js:9551:58)
    at renderRootConcurrent (http://localhost:4000/_next/static/chunks/0aus_next_dist_compiled_react-dom_0v6ubys._.js:9534:71)
    at performWorkOnRoot (http://localhost:4000/_next/static/chunks/0aus_next_dist_compiled_react-dom_0v6ubys._.js:9061:150)
    at performWorkOnRootViaSchedulerTask (http://localhost:4000/_next/static/chunks/0aus_next_dist_compiled_react-dom_0v6ubys._.js:10255:9)
    at MessagePort.performWorkUntilDeadline (http://localhost:4000/_next/static/chunks/0aus_next_dist_compiled_0da0l5i._.js:2647:64)
[ 4006178ms] [LOG] [Fast Refresh] rebuilding @ http://localhost:4000/_next/static/chunks/0aus_next_dist_0dxyg_i._.js:2431
[ 4006564ms] [ERROR] Failed to load resource: the server responded with a status of 404 (Not Found) @ http://localhost:4000/favicon.ico:0
[ 4006574ms] [LOG] [Fast Refresh] done in 506ms @ http://localhost:4000/_next/static/chunks/0aus_next_dist_0dxyg_i._.js:2431
[ 4006797ms] [LOG] [Fast Refresh] rebuilding @ http://localhost:4000/_next/static/chunks/0aus_next_dist_0dxyg_i._.js:2431
[ 4007001ms] [LOG] [Fast Refresh] done in 309ms @ http://localhost:4000/_next/static/chunks/0aus_next_dist_0dxyg_i._.js:2431
[ 4007352ms] [ERROR] Failed to load resource: the server responded with a status of 404 (Not Found) @ http://localhost:4000/api/component-code/dashboard-01:0
[ 4007413ms] [ERROR] Failed to load resource: the server responded with a status of 404 (Not Found) @ http://localhost:4000/api/component-code/dashboard-01:0
[ 4070411ms] [LOG] [Fast Refresh] rebuilding @ http://localhost:4000/_next/static/chunks/0aus_next_dist_0dxyg_i._.js:2431
[ 4072651ms] [LOG] [Fast Refresh] done in 2316ms @ http://localhost:4000/_next/static/chunks/0aus_next_dist_0dxyg_i._.js:2431
[ 4073120ms] [LOG] [Fast Refresh] rebuilding @ http://localhost:4000/_next/static/chunks/0aus_next_dist_0dxyg_i._.js:2431
[ 4073238ms] [LOG] [Fast Refresh] done in 219ms @ http://localhost:4000/_next/static/chunks/0aus_next_dist_0dxyg_i._.js:2431
[ 4073438ms] [LOG] [Fast Refresh] rebuilding @ http://localhost:4000/_next/static/chunks/0aus_next_dist_0dxyg_i._.js:2431
[ 4073513ms] [LOG] [Fast Refresh] done in 177ms @ http://localhost:4000/_next/static/chunks/0aus_next_dist_0dxyg_i._.js:2431
[ 4073591ms] [ERROR] Failed to load resource: the server responded with a status of 500 (Internal Server Error) @ http://localhost:4000/?bust=1:0
[ 4073632ms] [INFO] %cDownload the React DevTools for a better development experience: https://react.dev/link/react-devtools font-weight:bold @ http://localhost:4000/_next/static/chunks/0aus_next_dist_0dxyg_i._.js:2431
[ 4073645ms] [LOG] [HMR] connected @ http://localhost:4000/_next/static/chunks/0aus_next_dist_0dxyg_i._.js:2431
[ 4073656ms] [ERROR] Encountered a script tag while rendering React component. Scripts inside React components are never executed when rendering on the client. Consider using template tag instead (https://developer.mozilla.org/en-US/docs/Web/HTML/Element/template). @ http://localhost:4000/_next/static/chunks/0aus_next_dist_0dxyg_i._.js:3272
[ 4073783ms] ReferenceError: motion is not defined
    at HomePage (http://localhost:4000/_next/static/chunks/_0qr6d36._.js:5046:393)
    at Object.react_stack_bottom_frame (http://localhost:4000/_next/static/chunks/0aus_next_dist_compiled_react-dom_0v6ubys._.js:15037:24)
    at renderWithHooks (http://localhost:4000/_next/static/chunks/0aus_next_dist_compiled_react-dom_0v6ubys._.js:4620:24)
    at updateFunctionComponent (http://localhost:4000/_next/static/chunks/0aus_next_dist_compiled_react-dom_0v6ubys._.js:6081:21)
    at beginWork (http://localhost:4000/_next/static/chunks/0aus_next_dist_compiled_react-dom_0v6ubys._.js:6691:24)
    at runWithFiberInDEV (http://localhost:4000/_next/static/chunks/0aus_next_dist_compiled_react-dom_0v6ubys._.js:965:74)
    at performUnitOfWork (http://localhost:4000/_next/static/chunks/0aus_next_dist_compiled_react-dom_0v6ubys._.js:9555:97)
    at workLoopSync (http://localhost:4000/_next/static/chunks/0aus_next_dist_compiled_react-dom_0v6ubys._.js:9449:40)
    at renderRootSync (http://localhost:4000/_next/static/chunks/0aus_next_dist_compiled_react-dom_0v6ubys._.js:9433:13)
    at performWorkOnRoot (http://localhost:4000/_next/static/chunks/0aus_next_dist_compiled_react-dom_0v6ubys._.js:9098:47)
    at performWorkOnRootViaSchedulerTask (http://localhost:4000/_next/static/chunks/0aus_next_dist_compiled_react-dom_0v6ubys._.js:10255:9)
    at MessagePort.performWorkUntilDeadline (http://localhost:4000/_next/static/chunks/0aus_next_dist_compiled_0da0l5i._.js:2647:64)
[ 4073789ms] [ERROR] Failed to load resource: the server responded with a status of 404 (Not Found) @ http://localhost:4000/favicon.ico:0
[ 4075274ms] [LOG] [Fast Refresh] rebuilding @ http://localhost:4000/_next/static/chunks/0aus_next_dist_0dxyg_i._.js:2431
[ 4075459ms] [WARNING] [Fast Refresh] performing full reload

Fast Refresh will perform a full reload when you edit a file that's imported by modules outside of the React rendering tree.
You might have a file which exports a React component but also exports a value that is imported by a non-React component file.
Consider migrating the non-React component export to a separate file and importing it into both files.

It is also possible the parent component of the component you edited is a class component, which disables Fast Refresh.
Fast Refresh requires at least one parent function component in your React tree. @ http://localhost:4000/_next/static/chunks/0aus_next_dist_0dxyg_i._.js:2431
[ 4075461ms] [WARNING] [Fast Refresh] performing full reload because your application had an unrecoverable error @ http://localhost:4000/_next/static/chunks/0aus_next_dist_0dxyg_i._.js:2431
[ 4075486ms] [WARNING] [Fast Refresh] performing full reload

Fast Refresh will perform a full reload when you edit a file that's imported by modules outside of the React rendering tree.
You might have a file which exports a React component but also exports a value that is imported by a non-React component file.
Consider migrating the non-React component export to a separate file and importing it into both files.

It is also possible the parent component of the component you edited is a class component, which disables Fast Refresh.
Fast Refresh requires at least one parent function component in your React tree. @ http://localhost:4000/_next/static/chunks/0aus_next_dist_0dxyg_i._.js:2431
[ 4075487ms] [WARNING] [Fast Refresh] performing full reload because your application had an unrecoverable error @ http://localhost:4000/_next/static/chunks/0aus_next_dist_0dxyg_i._.js:2431
[ 4075504ms] [LOG] [Fast Refresh] done in 313ms @ http://localhost:4000/_next/static/chunks/0aus_next_dist_0dxyg_i._.js:2431
[ 4076156ms] [LOG] [Fast Refresh] rebuilding @ http://localhost:4000/_next/static/chunks/0aus_next_dist_0dxyg_i._.js:2431
[ 4076250ms] [LOG] [Fast Refresh] done in 195ms @ http://localhost:4000/_next/static/chunks/0aus_next_dist_0dxyg_i._.js:2431
[ 4076255ms] [ERROR] Failed to load resource: the server responded with a status of 500 (Internal Server Error) @ http://localhost:4000/?bust=1:0
[ 4076448ms] [INFO] %cDownload the React DevTools for a better development experience: https://react.dev/link/react-devtools font-weight:bold @ http://localhost:4000/_next/static/chunks/0aus_next_dist_0dxyg_i._.js:2431
[ 4076458ms] [LOG] [HMR] connected @ http://localhost:4000/_next/static/chunks/0aus_next_dist_0dxyg_i._.js:2431
[ 4076467ms] [ERROR] Encountered a script tag while rendering React component. Scripts inside React components are never executed when rendering on the client. Consider using template tag instead (https://developer.mozilla.org/en-US/docs/Web/HTML/Element/template). @ http://localhost:4000/_next/static/chunks/0aus_next_dist_0dxyg_i._.js:3272
[ 4076682ms] ReferenceError: ICON_EASE is not defined
    at module evaluation (http://localhost:4000/_next/static/chunks/_0qr6d36._.js:5305:19)
    at http://localhost:4000/_next/static/chunks/turbopack-_0z5pnsk._.js:1307:27
    at runModuleExecutionHooks (http://localhost:4000/_next/static/chunks/turbopack-_0z5pnsk._.js:1636:13)
    at instantiateModuleShared (http://localhost:4000/_next/static/chunks/turbopack-_0z5pnsk._.js:1305:9)
    at instantiateModule (http://localhost:4000/_next/static/chunks/turbopack-_0z5pnsk._.js:1621:12)
    at getOrInstantiateModuleFromParent (http://localhost:4000/_next/static/chunks/turbopack-_0z5pnsk._.js:1604:12)
    at DevContext.commonJsRequire [as r] (http://localhost:4000/_next/static/chunks/turbopack-_0z5pnsk._.js:299:12)
    at requireAsyncModule (http://localhost:4000/_next/static/chunks/0aus_next_dist_compiled_react-server-dom-turbopack_0bo9_ln._.js:68:78)
    at http://localhost:4000/_next/static/chunks/0aus_next_dist_compiled_react-server-dom-turbopack_0bo9_ln._.js:91:20
[ 4076720ms] [LOG] [Fast Refresh] rebuilding @ http://localhost:4000/_next/static/chunks/0aus_next_dist_0dxyg_i._.js:2431
[ 4076754ms] [LOG] [Fast Refresh] done in 134ms @ http://localhost:4000/_next/static/chunks/0aus_next_dist_0dxyg_i._.js:2431
[ 4079706ms] [WARNING] The resource http://localhost:4000/_next/static/chunks/components_0xxgjq2._.css was preloaded using link preload but not used within a few seconds from the window's load event. Please make sure it has an appropriate `as` value and it is preloaded intentionally. @ http://localhost:4000/?bust=1:0
[ 4084924ms] [LOG] [Fast Refresh] rebuilding @ http://localhost:4000/_next/static/chunks/0aus_next_dist_0dxyg_i._.js:2431
[ 4084984ms] [WARNING] [Fast Refresh] performing full reload

Fast Refresh will perform a full reload when you edit a file that's imported by modules outside of the React rendering tree.
You might have a file which exports a React component but also exports a value that is imported by a non-React component file.
Consider migrating the non-React component export to a separate file and importing it into both files.

It is also possible the parent component of the component you edited is a class component, which disables Fast Refresh.
Fast Refresh requires at least one parent function component in your React tree. @ http://localhost:4000/_next/static/chunks/0aus_next_dist_0dxyg_i._.js:2431
[ 4084987ms] [WARNING] [Fast Refresh] performing full reload because your application had an unrecoverable error @ http://localhost:4000/_next/static/chunks/0aus_next_dist_0dxyg_i._.js:2431
[ 4085010ms] [LOG] [Fast Refresh] done in 161ms @ http://localhost:4000/_next/static/chunks/0aus_next_dist_0dxyg_i._.js:2431
[ 4085520ms] [LOG] [Fast Refresh] rebuilding @ http://localhost:4000/_next/static/chunks/0aus_next_dist_0dxyg_i._.js:2431
[ 4085642ms] [LOG] [Fast Refresh] done in 223ms @ http://localhost:4000/_next/static/chunks/0aus_next_dist_0dxyg_i._.js:2431
[ 4085744ms] [LOG] [Fast Refresh] rebuilding @ http://localhost:4000/_next/static/chunks/0aus_next_dist_0dxyg_i._.js:2431
[ 4085815ms] [LOG] [Fast Refresh] done in 172ms @ http://localhost:4000/_next/static/chunks/0aus_next_dist_0dxyg_i._.js:2431
[ 4085823ms] [ERROR] Failed to load resource: the server responded with a status of 500 (Internal Server Error) @ http://localhost:4000/?bust=1:0
[ 4085870ms] [INFO] %cDownload the React DevTools for a better development experience: https://react.dev/link/react-devtools font-weight:bold @ http://localhost:4000/_next/static/chunks/0aus_next_dist_0dxyg_i._.js:2431
[ 4085886ms] [LOG] [HMR] connected @ http://localhost:4000/_next/static/chunks/0aus_next_dist_0dxyg_i._.js:2431
[ 4085894ms] [ERROR] Encountered a script tag while rendering React component. Scripts inside React components are never executed when rendering on the client. Consider using template tag instead (https://developer.mozilla.org/en-US/docs/Web/HTML/Element/template). @ http://localhost:4000/_next/static/chunks/0aus_next_dist_0dxyg_i._.js:3272
[ 4086100ms] ReferenceError: ICON_EASE is not defined
    at module evaluation (http://localhost:4000/_next/static/chunks/_0qr6d36._.js:5290:19)
    at http://localhost:4000/_next/static/chunks/turbopack-_0z5pnsk._.js:1307:27
    at runModuleExecutionHooks (http://localhost:4000/_next/static/chunks/turbopack-_0z5pnsk._.js:1636:13)
    at instantiateModuleShared (http://localhost:4000/_next/static/chunks/turbopack-_0z5pnsk._.js:1305:9)
    at instantiateModule (http://localhost:4000/_next/static/chunks/turbopack-_0z5pnsk._.js:1621:12)
    at getOrInstantiateModuleFromParent (http://localhost:4000/_next/static/chunks/turbopack-_0z5pnsk._.js:1604:12)
    at DevContext.commonJsRequire [as r] (http://localhost:4000/_next/static/chunks/turbopack-_0z5pnsk._.js:299:12)
    at requireAsyncModule (http://localhost:4000/_next/static/chunks/0aus_next_dist_compiled_react-server-dom-turbopack_0bo9_ln._.js:68:78)
    at http://localhost:4000/_next/static/chunks/0aus_next_dist_compiled_react-server-dom-turbopack_0bo9_ln._.js:91:20
[ 4086087ms] [LOG] [Fast Refresh] rebuilding @ http://localhost:4000/_next/static/chunks/0aus_next_dist_0dxyg_i._.js:2431
[ 4086112ms] [LOG] [Fast Refresh] done in 126ms @ http://localhost:4000/_next/static/chunks/0aus_next_dist_0dxyg_i._.js:2431
[ 4086233ms] [LOG] [Fast Refresh] rebuilding @ http://localhost:4000/_next/static/chunks/0aus_next_dist_0dxyg_i._.js:2431
[ 4086348ms] [LOG] [Fast Refresh] done in 216ms @ http://localhost:4000/_next/static/chunks/0aus_next_dist_0dxyg_i._.js:2431
[ 4089146ms] [WARNING] The resource http://localhost:4000/_next/static/chunks/components_0xxgjq2._.css was preloaded using link preload but not used within a few seconds from the window's load event. Please make sure it has an appropriate `as` value and it is preloaded intentionally. @ http://localhost:4000/?bust=1:0
