[     883ms] [INFO] %cDownload the React DevTools for a better development experience: https://react.dev/link/react-devtools font-weight:bold @ http://localhost:4200/_next/static/chunks/0aus_next_dist_0dxyg_i._.js:2431
[     991ms] [LOG] [HMR] connected @ http://localhost:4200/_next/static/chunks/0aus_next_dist_0dxyg_i._.js:2431
[    1159ms] [ERROR] Encountered a script tag while rendering React component. Scripts inside React components are never executed when rendering on the client. Consider using template tag instead (https://developer.mozilla.org/en-US/docs/Web/HTML/Element/template). @ http://localhost:4200/_next/static/chunks/0aus_next_dist_0dxyg_i._.js:3272
[    1587ms] Error: Hydration failed because the server rendered HTML didn't match the client. As a result this tree will be regenerated on the client. This can happen if a SSR-ed Client Component used:

- A server/client branch `if (typeof window !== 'undefined')`.
- Variable input such as `Date.now()` or `Math.random()` which changes each time it's called.
- Date formatting in a user's locale which doesn't match the server.
- External changing data without sending a snapshot of it along with the HTML.
- Invalid HTML tag nesting.

It can also happen if the client has a browser extension installed which messes with the HTML before React loaded.

https://react.dev/link/hydration-mismatch

  ...
    <SegmentViewNode type="page" pagePath="page.tsx">
      <SegmentTrieNode>
      <ClientPageRoot Component={function HomePage} serverProvidedParams={{...}}>
        <HomePage params={Promise} searchParams={Promise}>
          <div className="relative m...">
            <Navigation>
              <header className="border-b b...">
                <nav className="w-full max...">
                  <div className="flex h-16 ...">
                    <Logo>
                    <div>
                    <div className="flex items...">
                      <a>
                      <ThemeToggle>
                        <D2Toggle checked={true} onCheckedChange={function onCheckedChange} width={62} height={36} ...>
                          <button type="button" onClick={function onClick} role="switch" aria-checked={true} ...>
                            <svg width={62} height={36} viewBox="0 0 102 60" fill="none" xmlns="http://www..." ...>
                              <rect>
                              <path
                                d="M29 22V23.6M29 36.4V38M23.344 24.344L24.472 25.472M33.528 34.528L34.656 35.656M21 3..."
                                transform="matrix(1.25 0 0 1.25 -7.25 -7.5)"
+                               stroke="#D0D0D0"
-                               stroke="#52525B"
+                               strokeOpacity={1}
-                               strokeOpacity="0.85"
                                strokeWidth={2}
                                vectorEffect="non-scaling-stroke"
                                strokeLinecap="round"
                                strokeLinejoin="round"
                              >
                              <g filter="url(#d2t-i...">
                                <rect
                                  x={8}
                                  y={10}
                                  width={86}
                                  height={40}
                                  rx={20}
+                                 fill="#ABABAB"
-                                 fill="#F4F4F5"
+                                 fillOpacity={0.2}
-                                 fillOpacity="1"
                                >
                              <rect
                                x={8.5}
                                y={10.5}
                                width={85}
                                height={39}
                                rx={19.5}
                                stroke="#A8A8A8"
+                               strokeOpacity={0.3}
-                               strokeOpacity="0.5"
                              >
                              <g
+                               filter="url(#d2t-overlayFilter-R5hineelb)"
-                               filter={null}
+                               style={{mixBlendMode:"color-dodge"}}
-                               style={{}}
-                               fill-opacity="0.85"
                              >
+                               <rect
+                                 x={17}
+                                 y={12}
+                                 width={41}
+                                 height={36}
+                                 fill="url(#d2t-overlayGrad-R5hineelb)"
+                                 fillOpacity={0.3}
+                               >
-                               <path
-                                 d="M72.9998 29.807C71.7415 28.5483 70.8846 26.9448 70.5374 25.1993C70.1901 23.4538 7..."
-                                 fill="#52525B"
-                               >
                              ...
                      ...
            ...
    ...

    at throwOnHydrationMismatch (http://localhost:4200/_next/static/chunks/0aus_next_dist_compiled_react-dom_0v6ubys._.js:3318:56)
    at beginWork (http://localhost:4200/_next/static/chunks/0aus_next_dist_compiled_react-dom_0v6ubys._.js:6758:918)
    at runWithFiberInDEV (http://localhost:4200/_next/static/chunks/0aus_next_dist_compiled_react-dom_0v6ubys._.js:965:74)
    at performUnitOfWork (http://localhost:4200/_next/static/chunks/0aus_next_dist_compiled_react-dom_0v6ubys._.js:9555:97)
    at workLoopConcurrentByScheduler (http://localhost:4200/_next/static/chunks/0aus_next_dist_compiled_react-dom_0v6ubys._.js:9551:58)
    at renderRootConcurrent (http://localhost:4200/_next/static/chunks/0aus_next_dist_compiled_react-dom_0v6ubys._.js:9534:71)
    at performWorkOnRoot (http://localhost:4200/_next/static/chunks/0aus_next_dist_compiled_react-dom_0v6ubys._.js:9061:150)
    at performWorkOnRootViaSchedulerTask (http://localhost:4200/_next/static/chunks/0aus_next_dist_compiled_react-dom_0v6ubys._.js:10255:9)
    at MessagePort.performWorkUntilDeadline (http://localhost:4200/_next/static/chunks/0aus_next_dist_compiled_0da0l5i._.js:2647:64)
[    3931ms] [WARNING] Canvas2D: Multiple readback operations using getImageData are faster with the willReadFrequently attribute set to true. See: https://html.spec.whatwg.org/multipage/canvas.html#concept-canvas-will-read-frequently @ http://localhost:4200/_next/static/chunks/node_modules__pnpm_04_9afb._.js:1471
[    4305ms] [WARNING] Canvas2D: Multiple readback operations using getImageData are faster with the willReadFrequently attribute set to true. See: https://html.spec.whatwg.org/multipage/canvas.html#concept-canvas-will-read-frequently @ http://localhost:4200/_next/static/chunks/node_modules__pnpm_04_9afb._.js:1471
[    4996ms] [LOG] [Fast Refresh] rebuilding @ http://localhost:4200/_next/static/chunks/0aus_next_dist_0dxyg_i._.js:2431
[    5966ms] [LOG] [Fast Refresh] done in 1106ms @ http://localhost:4200/_next/static/chunks/0aus_next_dist_0dxyg_i._.js:2431
[   68293ms] [LOG] [Fast Refresh] rebuilding @ http://localhost:4200/_next/static/chunks/0aus_next_dist_0dxyg_i._.js:2431
[   69426ms] [LOG] [Fast Refresh] done in 1295ms @ http://localhost:4200/_next/static/chunks/0aus_next_dist_0dxyg_i._.js:2431
[   90814ms] [LOG] [Fast Refresh] rebuilding @ http://localhost:4200/_next/static/chunks/0aus_next_dist_0dxyg_i._.js:2431
[   92135ms] [LOG] [Fast Refresh] done in 1513ms @ http://localhost:4200/_next/static/chunks/0aus_next_dist_0dxyg_i._.js:2431
