[     145ms] [INFO] %cDownload the React DevTools for a better development experience: https://react.dev/link/react-devtools font-weight:bold @ http://localhost:4200/_next/static/chunks/0aus_next_dist_0dxyg_i._.js:2431
[     164ms] [LOG] [HMR] connected @ http://localhost:4200/_next/static/chunks/0aus_next_dist_0dxyg_i._.js:2431
[     189ms] [VERBOSE] [DOM] Input elements should have autocomplete attributes (suggested: "current-password"): (More info: https://goo.gl/9p2vKq) %o @ http://localhost:4200/login:0
[     210ms] [WARNING] Image with src "/dash.png" has "fill" but is missing "sizes" prop. Please add it to improve page performance. Read more: https://nextjs.org/docs/api-reference/next/image#sizes @ http://localhost:4200/_next/static/chunks/0aus_next_dist_0dxyg_i._.js:2431
[     311ms] [LOG] [Fast Refresh] rebuilding @ http://localhost:4200/_next/static/chunks/0aus_next_dist_0dxyg_i._.js:2431
[     589ms] [LOG] [Fast Refresh] done in 380ms @ http://localhost:4200/_next/static/chunks/0aus_next_dist_0dxyg_i._.js:2431
[    7781ms] [INFO] %cDownload the React DevTools for a better development experience: https://react.dev/link/react-devtools font-weight:bold @ http://localhost:4200/_next/static/chunks/0aus_next_dist_0dxyg_i._.js:2431
[    7793ms] [LOG] [HMR] connected @ http://localhost:4200/_next/static/chunks/0aus_next_dist_0dxyg_i._.js:2431
[    7817ms] [VERBOSE] [DOM] Input elements should have autocomplete attributes (suggested: "current-password"): (More info: https://goo.gl/9p2vKq) %o @ http://localhost:4200/login:0
[    7839ms] [WARNING] Image with src "/dash.png" has "fill" but is missing "sizes" prop. Please add it to improve page performance. Read more: https://nextjs.org/docs/api-reference/next/image#sizes @ http://localhost:4200/_next/static/chunks/0aus_next_dist_0dxyg_i._.js:2431
[   26137ms] [LOG] {data: Object} @ http://localhost:4200/_next/static/chunks/0aus_next_dist_0dxyg_i._.js:2431
[   26779ms] [ERROR] Failed to load resource: the server responded with a status of 400 (Bad Request) @ http://localhost:4200/api/auth:0
[   26794ms] [ERROR] Auth error: Error: [Request ID: ebe833713bd51d51] Server Error
Uncaught Error: InvalidSecret
    at retrieveAccount (../../node_modules/.pnpm/@convex-dev+auth@0.0.91_@auth+core@0.37.4_convex@1.35.1_react@19.2.5__react@19.2.5/node_modules/@convex-dev/auth/src/server/implementation/index.ts:602:9)
    at async authorize [as authorize] (../../node_modules/.pnpm/@convex-dev+auth@0.0.91_@auth+core@0.37.4_convex@1.35.1_react@19.2.5__react@19.2.5/node_modules/@convex-dev/auth/src/providers/Password.ts:157:10)
    at async handleCredentials (../../node_modules/.pnpm/@convex-dev+auth@0.0.91_@auth+core@0.37.4_convex@1.35.1_react@19.2.5__react@19.2.5/node_modules/@convex-dev/auth/src/server/implementation/signIn.ts:191:6)
    at async handler (../../node_modules/.pnpm/@convex-dev+auth@0.0.91_@auth+core@0.37.4_convex@1.35.1_react@19.2.5__react@19.2.5/node_modules/@convex-dev/auth/src/server/implementation/index.ts:416:26)

    at retrieveAccount (../../node_modules/.pnpm/@convex-dev+auth@0.0.91_@auth+core@0.37.4_convex@1.35.1_react@19.2.5__react@19.2.5/node_modules/@convex-dev/auth/src/server/implementation/index.ts:602:9)
    at async authorize [as authorize] (../../node_modules/.pnpm/@convex-dev+auth@0.0.91_@auth+core@0.37.4_convex@1.35.1_react@19.2.5__react@19.2.5/node_modules/@convex-dev/auth/src/providers/Password.ts:157:10)
    at async handleCredentials (../../node_modules/.pnpm/@convex-dev+auth@0.0.91_@auth+core@0.37.4_convex@1.35.1_react@19.2.5__react@19.2.5/node_modules/@convex-dev/auth/src/server/implementation/signIn.ts:191:6)
    at async handler (../../node_modules/.pnpm/@convex-dev+auth@0.0.91_@auth+core@0.37.4_convex@1.35.1_react@19.2.5__react@19.2.5/node_modules/@convex-dev/auth/src/server/implementation/index.ts:416:26)

    at ConvexAuthNextjsClientProvider.useCallback[call] (http://localhost:4200/_next/static/chunks/node_modules__pnpm_0x3r3zx._.js:615:23)
    at async AuthProvider.useCallback[signIn] (http://localhost:4200/_next/static/chunks/node_modules__pnpm_0x3r3zx._.js:244:28)
    at async onSubmit (http://localhost:4200/_next/static/chunks/components_014h-em._.js:434:13)
    at async http://localhost:4200/_next/static/chunks/node_modules__pnpm_0g21vct._.js:5211:21 @ http://localhost:4200/_next/static/chunks/0aus_next_dist_0dxyg_i._.js:3272
[   37867ms] [LOG] {data: Object} @ http://localhost:4200/_next/static/chunks/0aus_next_dist_0dxyg_i._.js:2431
[   40094ms] [WARNING] Detected `scroll-behavior: smooth` on the `<html>` element. To disable smooth scrolling during route transitions, add `data-scroll-behavior="smooth"` to your <html> element. Learn more: https://nextjs.org/docs/messages/missing-data-scroll-behavior @ http://localhost:4200/_next/static/chunks/0aus_next_dist_0dxyg_i._.js:2431
[   40271ms] [WARNING] Canvas2D: Multiple readback operations using getImageData are faster with the willReadFrequently attribute set to true. See: https://html.spec.whatwg.org/multipage/canvas.html#concept-canvas-will-read-frequently @ http://localhost:4200/_next/static/chunks/node_modules__pnpm_12z6i5k._.js:1471
[   42535ms] [WARNING] Canvas2D: Multiple readback operations using getImageData are faster with the willReadFrequently attribute set to true. See: https://html.spec.whatwg.org/multipage/canvas.html#concept-canvas-will-read-frequently @ http://localhost:4200/_next/static/chunks/node_modules__pnpm_12z6i5k._.js:1471
[  216494ms] [LOG] [Fast Refresh] rebuilding @ http://localhost:4200/_next/static/chunks/0aus_next_dist_0dxyg_i._.js:2431
[  216662ms] [LOG] [Fast Refresh] done in 386ms @ http://localhost:4200/_next/static/chunks/0aus_next_dist_0dxyg_i._.js:2431
[  216825ms] [LOG] [Fast Refresh] rebuilding @ http://localhost:4200/_next/static/chunks/0aus_next_dist_0dxyg_i._.js:2431
[  217840ms] [LOG] [Fast Refresh] done in 1150ms @ http://localhost:4200/_next/static/chunks/0aus_next_dist_0dxyg_i._.js:2431
[  218910ms] [LOG] [Fast Refresh] rebuilding @ http://localhost:4200/_next/static/chunks/0aus_next_dist_0dxyg_i._.js:2431
[  219072ms] [LOG] [Fast Refresh] done in 273ms @ http://localhost:4200/_next/static/chunks/0aus_next_dist_0dxyg_i._.js:2431
[  743845ms] [LOG] [Fast Refresh] rebuilding @ http://localhost:4200/_next/static/chunks/0aus_next_dist_0dxyg_i._.js:2431
[  743846ms] [LOG] [Fast Refresh] done in 336ms @ http://localhost:4200/_next/static/chunks/0aus_next_dist_0dxyg_i._.js:2431
[  753016ms] [LOG] [Fast Refresh] rebuilding @ http://localhost:4200/_next/static/chunks/0aus_next_dist_0dxyg_i._.js:2431
[  753064ms] [LOG] [Fast Refresh] done in 159ms @ http://localhost:4200/_next/static/chunks/0aus_next_dist_0dxyg_i._.js:2431
[  847219ms] [LOG] [Fast Refresh] rebuilding @ http://localhost:4200/_next/static/chunks/0aus_next_dist_0dxyg_i._.js:2431
[  847831ms] [LOG] [Fast Refresh] done in 710ms @ http://localhost:4200/_next/static/chunks/0aus_next_dist_0dxyg_i._.js:2431
[  855710ms] [LOG] [Fast Refresh] rebuilding @ http://localhost:4200/_next/static/chunks/0aus_next_dist_0dxyg_i._.js:2431
[  860725ms] [LOG] [Fast Refresh] done in 4713ms @ http://localhost:4200/_next/static/chunks/0aus_next_dist_0dxyg_i._.js:2431
[  863437ms] [LOG] [Fast Refresh] rebuilding @ http://localhost:4200/_next/static/chunks/0aus_next_dist_0dxyg_i._.js:2431
[  863438ms] [LOG] [Fast Refresh] done in 374ms @ http://localhost:4200/_next/static/chunks/0aus_next_dist_0dxyg_i._.js:2431
[  864854ms] [LOG] [Fast Refresh] rebuilding @ http://localhost:4200/_next/static/chunks/0aus_next_dist_0dxyg_i._.js:2431
[  864914ms] [LOG] [Fast Refresh] done in 171ms @ http://localhost:4200/_next/static/chunks/0aus_next_dist_0dxyg_i._.js:2431
[  983147ms] [LOG] [Fast Refresh] rebuilding @ http://localhost:4200/_next/static/chunks/0aus_next_dist_0dxyg_i._.js:2431
[  985733ms] [LOG] [Fast Refresh] done in 3079ms @ http://localhost:4200/_next/static/chunks/0aus_next_dist_0dxyg_i._.js:2431
[  986533ms] [LOG] [Fast Refresh] rebuilding @ http://localhost:4200/_next/static/chunks/0aus_next_dist_0dxyg_i._.js:2431
[  986889ms] [LOG] [Fast Refresh] done in 475ms @ http://localhost:4200/_next/static/chunks/0aus_next_dist_0dxyg_i._.js:2431
[ 1255503ms] [LOG] [Fast Refresh] rebuilding @ http://localhost:4200/_next/static/chunks/0aus_next_dist_0dxyg_i._.js:2431
[ 1255601ms] [LOG] [Fast Refresh] done in 222ms @ http://localhost:4200/_next/static/chunks/0aus_next_dist_0dxyg_i._.js:2431
[ 1807712ms] [LOG] [Fast Refresh] rebuilding @ http://localhost:4200/_next/static/chunks/0aus_next_dist_0dxyg_i._.js:2431
[ 1817016ms] [LOG] [Fast Refresh] done in 9766ms @ http://localhost:4200/_next/static/chunks/0aus_next_dist_0dxyg_i._.js:2431
[ 2275144ms] [LOG] [Fast Refresh] rebuilding @ http://localhost:4200/_next/static/chunks/0aus_next_dist_0dxyg_i._.js:2431
[ 2279820ms] [LOG] [Fast Refresh] done in 4996ms @ http://localhost:4200/_next/static/chunks/0aus_next_dist_0dxyg_i._.js:2431
[ 2396812ms] [LOG] [Fast Refresh] rebuilding @ http://localhost:4200/_next/static/chunks/0aus_next_dist_0dxyg_i._.js:2431
[ 2396812ms] [LOG] [Fast Refresh] done in 974ms @ http://localhost:4200/_next/static/chunks/0aus_next_dist_0dxyg_i._.js:2431
[ 2531490ms] [LOG] [Fast Refresh] rebuilding @ http://localhost:4200/_next/static/chunks/0aus_next_dist_0dxyg_i._.js:2431
[ 2535345ms] [LOG] [Fast Refresh] done in 3531ms @ http://localhost:4200/_next/static/chunks/0aus_next_dist_0dxyg_i._.js:2431
[ 4798046ms] [LOG] WebSocket closed with code 1006 @ http://localhost:4200/_next/static/chunks/0aus_next_dist_0dxyg_i._.js:2431
[ 4798049ms] [LOG] Attempting reconnect in 1298ms @ http://localhost:4200/_next/static/chunks/0aus_next_dist_0dxyg_i._.js:2431
[ 4798274ms] [ERROR] WebSocket is already in CLOSING or CLOSED state. @ http://localhost:4200/_next/static/chunks/0aus_next_dist_0dxyg_i._.js:2790
[ 4799947ms] [LOG] [HMR] connected @ http://localhost:4200/_next/static/chunks/0aus_next_dist_0dxyg_i._.js:2431
[ 4800813ms] [LOG] WebSocket reconnected at t=4793.2s after disconnect due to closed with code 1006 @ http://localhost:4200/_next/static/chunks/0aus_next_dist_0dxyg_i._.js:2431
[ 5404302ms] [LOG] Attempting reconnect in 72ms @ http://localhost:4200/_next/static/chunks/0aus_next_dist_0dxyg_i._.js:2431
[ 5406232ms] [LOG] WebSocket reconnected at t=4920.4s after disconnect due to InactiveServer @ http://localhost:4200/_next/static/chunks/0aus_next_dist_0dxyg_i._.js:2431
[ 7495454ms] [LOG] [Fast Refresh] rebuilding @ http://localhost:4200/_next/static/chunks/0aus_next_dist_0dxyg_i._.js:2431
[ 7496226ms] [LOG] [Fast Refresh] done in 3076ms @ http://localhost:4200/_next/static/chunks/0aus_next_dist_0dxyg_i._.js:2431
[ 7501575ms] [LOG] [Fast Refresh] rebuilding @ http://localhost:4200/_next/static/chunks/0aus_next_dist_0dxyg_i._.js:2431
[ 7501586ms] [LOG] [Fast Refresh] done in 5ms @ http://localhost:4200/_next/static/chunks/0aus_next_dist_0dxyg_i._.js:2431
[ 7534042ms] [LOG] [Fast Refresh] rebuilding @ http://localhost:4200/_next/static/chunks/0aus_next_dist_0dxyg_i._.js:2431
[ 7534056ms] [LOG] [Fast Refresh] done in 929ms @ http://localhost:4200/_next/static/chunks/0aus_next_dist_0dxyg_i._.js:2431
[ 7542908ms] [LOG] [Fast Refresh] rebuilding @ http://localhost:4200/_next/static/chunks/0aus_next_dist_0dxyg_i._.js:2431
[ 7542910ms] [LOG] [Fast Refresh] done in 405ms @ http://localhost:4200/_next/static/chunks/0aus_next_dist_0dxyg_i._.js:2431
[ 7551759ms] [LOG] [Fast Refresh] rebuilding @ http://localhost:4200/_next/static/chunks/0aus_next_dist_0dxyg_i._.js:2431
[ 7551761ms] [LOG] [Fast Refresh] done in 769ms @ http://localhost:4200/_next/static/chunks/0aus_next_dist_0dxyg_i._.js:2431
[ 7559202ms] [LOG] [Fast Refresh] rebuilding @ http://localhost:4200/_next/static/chunks/0aus_next_dist_0dxyg_i._.js:2431
[ 7559203ms] [LOG] [Fast Refresh] done in 347ms @ http://localhost:4200/_next/static/chunks/0aus_next_dist_0dxyg_i._.js:2431
[ 7565035ms] [LOG] [Fast Refresh] rebuilding @ http://localhost:4200/_next/static/chunks/0aus_next_dist_0dxyg_i._.js:2431
[ 7565037ms] [LOG] [Fast Refresh] done in 598ms @ http://localhost:4200/_next/static/chunks/0aus_next_dist_0dxyg_i._.js:2431
[ 7570288ms] [LOG] [Fast Refresh] rebuilding @ http://localhost:4200/_next/static/chunks/0aus_next_dist_0dxyg_i._.js:2431
[ 7570290ms] [LOG] [Fast Refresh] done in 652ms @ http://localhost:4200/_next/static/chunks/0aus_next_dist_0dxyg_i._.js:2431
[ 7575652ms] [LOG] [Fast Refresh] rebuilding @ http://localhost:4200/_next/static/chunks/0aus_next_dist_0dxyg_i._.js:2431
[ 7575654ms] [LOG] [Fast Refresh] done in 518ms @ http://localhost:4200/_next/static/chunks/0aus_next_dist_0dxyg_i._.js:2431
[15052464ms] [LOG] WebSocket closed with code 1006 @ http://localhost:4200/_next/static/chunks/0aus_next_dist_0dxyg_i._.js:2431
[15052469ms] [LOG] Attempting reconnect in 718ms @ http://localhost:4200/_next/static/chunks/0aus_next_dist_0dxyg_i._.js:2431
[15055001ms] [ERROR] WebSocket is already in CLOSING or CLOSED state. @ http://localhost:4200/_next/static/chunks/0aus_next_dist_0dxyg_i._.js:2790
[15059349ms] [LOG] [HMR] connected @ http://localhost:4200/_next/static/chunks/0aus_next_dist_0dxyg_i._.js:2431
[15063865ms] [LOG] WebSocket reconnected at t=14578s after disconnect due to closed with code 1006 @ http://localhost:4200/_next/static/chunks/0aus_next_dist_0dxyg_i._.js:2431
[15110469ms] [LOG] WebSocket closed with code 1006 @ http://localhost:4200/_next/static/chunks/0aus_next_dist_0dxyg_i._.js:2431
[15110469ms] [LOG] Attempting reconnect in 872ms @ http://localhost:4200/_next/static/chunks/0aus_next_dist_0dxyg_i._.js:2431
[15114008ms] [ERROR] WebSocket is already in CLOSING or CLOSED state. @ http://localhost:4200/_next/static/chunks/0aus_next_dist_0dxyg_i._.js:2790
[15119703ms] [LOG] WebSocket reconnected at t=14633.8s after disconnect due to closed with code 1006 @ http://localhost:4200/_next/static/chunks/0aus_next_dist_0dxyg_i._.js:2431
[15119708ms] [LOG] [HMR] connected @ http://localhost:4200/_next/static/chunks/0aus_next_dist_0dxyg_i._.js:2431
[16127525ms] [LOG] Attempting reconnect in 92ms @ http://localhost:4200/_next/static/chunks/0aus_next_dist_0dxyg_i._.js:2431
[16134131ms] [LOG] WebSocket reconnected at t=14735.2s after disconnect due to InactiveServer @ http://localhost:4200/_next/static/chunks/0aus_next_dist_0dxyg_i._.js:2431
[16496201ms] [LOG] Attempting reconnect in 62ms @ http://localhost:4200/_next/static/chunks/0aus_next_dist_0dxyg_i._.js:2431
[16501908ms] [LOG] WebSocket reconnected at t=14958.1s after disconnect due to InactiveServer @ http://localhost:4200/_next/static/chunks/0aus_next_dist_0dxyg_i._.js:2431
[17534402ms] [LOG] Attempting reconnect in 61ms @ http://localhost:4200/_next/static/chunks/0aus_next_dist_0dxyg_i._.js:2431
[17541573ms] [LOG] WebSocket reconnected at t=15062s after disconnect due to InactiveServer @ http://localhost:4200/_next/static/chunks/0aus_next_dist_0dxyg_i._.js:2431
[18740192ms] [LOG] Attempting reconnect in 69ms @ http://localhost:4200/_next/static/chunks/0aus_next_dist_0dxyg_i._.js:2431
[18750055ms] [LOG] WebSocket reconnected at t=15319.2s after disconnect due to InactiveServer @ http://localhost:4200/_next/static/chunks/0aus_next_dist_0dxyg_i._.js:2431
[18761140ms] [LOG] WebSocket reconnected at t=15330.3s @ http://localhost:4200/_next/static/chunks/0aus_next_dist_0dxyg_i._.js:2431
[19901568ms] [LOG] Attempting reconnect in 117ms @ http://localhost:4200/_next/static/chunks/0aus_next_dist_0dxyg_i._.js:2431
[19907984ms] [LOG] WebSocket reconnected at t=15571.4s after disconnect due to InactiveServer @ http://localhost:4200/_next/static/chunks/0aus_next_dist_0dxyg_i._.js:2431
[21037545ms] [LOG] Attempting reconnect in 122ms @ http://localhost:4200/_next/static/chunks/0aus_next_dist_0dxyg_i._.js:2431
[21043074ms] [LOG] WebSocket reconnected at t=15912s after disconnect due to InactiveServer @ http://localhost:4200/_next/static/chunks/0aus_next_dist_0dxyg_i._.js:2431
[21045557ms] [LOG] [HMR] connected @ http://localhost:4200/_next/static/chunks/0aus_next_dist_0dxyg_i._.js:2431
[22065536ms] [LOG] Attempting reconnect in 112ms @ http://localhost:4200/_next/static/chunks/0aus_next_dist_0dxyg_i._.js:2431
[22071788ms] [LOG] WebSocket reconnected at t=16027.9s after disconnect due to InactiveServer @ http://localhost:4200/_next/static/chunks/0aus_next_dist_0dxyg_i._.js:2431
[24045841ms] [LOG] WebSocket closed with code 1006 @ http://localhost:4200/_next/static/chunks/0aus_next_dist_0dxyg_i._.js:2431
[24045845ms] [LOG] Attempting reconnect in 1038ms @ http://localhost:4200/_next/static/chunks/0aus_next_dist_0dxyg_i._.js:2431
[24075057ms] [LOG] WebSocket reconnected at t=17991.4s after disconnect due to closed with code 1006 @ http://localhost:4200/_next/static/chunks/0aus_next_dist_0dxyg_i._.js:2431
[24107294ms] [LOG] WebSocket reconnected at t=18023.7s @ http://localhost:4200/_next/static/chunks/0aus_next_dist_0dxyg_i._.js:2431
[27787717ms] [LOG] Attempting reconnect in 51ms @ http://localhost:4200/_next/static/chunks/0aus_next_dist_0dxyg_i._.js:2431
[27830222ms] [LOG] WebSocket reconnected at t=21746.6s after disconnect due to InactiveServer @ http://localhost:4200/_next/static/chunks/0aus_next_dist_0dxyg_i._.js:2431
[28318065ms] [LOG] Attempting reconnect in 65ms @ http://localhost:4200/_next/static/chunks/0aus_next_dist_0dxyg_i._.js:2431
[28351533ms] [ERROR] WebSocket connection to 'wss://clever-tortoise-435.eu-west-1.convex.cloud/api/1.35.1/sync' failed: Error in connection establishment: net::ERR_NAME_NOT_RESOLVED @ http://localhost:4200/_next/static/chunks/06y3_convex_dist_esm_0g14csy._.js:3209
[28351535ms] [LOG] WebSocket closed with code 1006 @ http://localhost:4200/_next/static/chunks/0aus_next_dist_0dxyg_i._.js:2431
[28351535ms] [LOG] Attempting reconnect in 2928ms @ http://localhost:4200/_next/static/chunks/0aus_next_dist_0dxyg_i._.js:2431
[28390812ms] [ERROR] WebSocket connection to 'wss://clever-tortoise-435.eu-west-1.convex.cloud/api/1.35.1/sync' failed: Error in connection establishment: net::ERR_NAME_NOT_RESOLVED @ http://localhost:4200/_next/static/chunks/06y3_convex_dist_esm_0g14csy._.js:3209
[28391178ms] [LOG] WebSocket closed with code 1006 @ http://localhost:4200/_next/static/chunks/0aus_next_dist_0dxyg_i._.js:2431
[28391178ms] [LOG] Attempting reconnect in 3707ms @ http://localhost:4200/_next/static/chunks/0aus_next_dist_0dxyg_i._.js:2431
[28431772ms] [ERROR] WebSocket connection to 'wss://clever-tortoise-435.eu-west-1.convex.cloud/api/1.35.1/sync' failed: Error in connection establishment: net::ERR_NAME_NOT_RESOLVED @ http://localhost:4200/_next/static/chunks/06y3_convex_dist_esm_0g14csy._.js:3209
[28431775ms] [LOG] WebSocket closed with code 1006 @ http://localhost:4200/_next/static/chunks/0aus_next_dist_0dxyg_i._.js:2431
[28431775ms] [LOG] Attempting reconnect in 11557ms @ http://localhost:4200/_next/static/chunks/0aus_next_dist_0dxyg_i._.js:2431
[28460093ms] [LOG] WebSocket reconnected at t=22376.5s after disconnect due to InactiveServer @ http://localhost:4200/_next/static/chunks/0aus_next_dist_0dxyg_i._.js:2431
[29141577ms] [LOG] [Fast Refresh] rebuilding @ http://localhost:4200/_next/static/chunks/0aus_next_dist_0dxyg_i._.js:2431
[29141585ms] [LOG] [Fast Refresh] done in 11436ms @ http://localhost:4200/_next/static/chunks/0aus_next_dist_0dxyg_i._.js:2431
[29141593ms] [LOG] [Fast Refresh] rebuilding @ http://localhost:4200/_next/static/chunks/0aus_next_dist_0dxyg_i._.js:2431
[29141595ms] [LOG] [Fast Refresh] done in 6ms @ http://localhost:4200/_next/static/chunks/0aus_next_dist_0dxyg_i._.js:2431
[29147453ms] [LOG] [Fast Refresh] rebuilding @ http://localhost:4200/_next/static/chunks/0aus_next_dist_0dxyg_i._.js:2431
[29147458ms] [LOG] [Fast Refresh] done in 5861ms @ http://localhost:4200/_next/static/chunks/0aus_next_dist_0dxyg_i._.js:2431
[30209806ms] [LOG] Attempting reconnect in 137ms @ http://localhost:4200/_next/static/chunks/0aus_next_dist_0dxyg_i._.js:2431
[30210175ms] [ERROR] WebSocket connection to 'ws://localhost:4200/_next/webpack-hmr?id=XtMa-3MmE_udSFh-lf9-c' failed: Error in connection establishment: net::ERR_CONNECTION_REFUSED @ http://localhost:4200/_next/static/chunks/0aus_next_dist_client_02k4~6y._.js:13299
