[     860ms] [INFO] %cDownload the React DevTools for a better development experience: https://react.dev/link/react-devtools font-weight:bold @ http://localhost:4200/_next/static/chunks/0aus_next_dist_0dxyg_i._.js:2431
[     901ms] [LOG] [HMR] connected @ http://localhost:4200/_next/static/chunks/0aus_next_dist_0dxyg_i._.js:2431
[    1061ms] [LOG] [Fast Refresh] rebuilding @ http://localhost:4200/_next/static/chunks/0aus_next_dist_0dxyg_i._.js:2431
[    1242ms] [ERROR] A tree hydrated but some attributes of the server rendered HTML didn't match the client properties. This won't be patched up. This can happen if a SSR-ed Client Component used:

- A server/client branch `if (typeof window !== 'undefined')`.
- Variable input such as `Date.now()` or `Math.random()` which changes each time it's called.
- Date formatting in a user's locale which doesn't match the server.
- External changing data without sending a snapshot of it along with the HTML.
- Invalid HTML tag nesting.

It can also happen if the client has a browser extension installed which messes with the HTML before React loaded.

%s%s https://react.dev/link/hydration-mismatch 

  ...
    <SegmentViewNode type="page" pagePath="cosmo/page...">
      <SegmentTrieNode>
      <CosmoPage>
        <div className="relative m...">
          <Navigation>
          <div>
          <div className="luminous-s...">
            <section className="w-full max...">
              <header>
              <div className="pb-10">
                <CosmoPlayground>
                  <div className="space-y-6">
                    <details>
                    <section>
                    <section className="rounded-2x...">
                      <div>
                      <div className="grid grid-...">
                        <div className="space-y-4">
                          <div>
                          <div className="space-y-4">
                            <SectionHeading>
                            <div>
                            <SectionHeading>
                            <TickSlider>
                            <TickSlider>
                            <TickSlider>
                            <TickSlider label="Drift" value={0.2} min={0} max={3} step={0.05} ...>
                              <div className="group flex...">
                                <span>
                                <div className="relative f...">
                                  <div>
                                  <motion.div>
                                  <input
                                    type="range"
                                    min={0}
                                    max={3}
                                    step={0.05}
                                    value={0.2}
                                    onChange={function onChange}
                                    className="absolute inset-0 h-full w-full cursor-pointer appearance-none bg-transp..."
                                    aria-label="Drift"
-                                   style={{caret-color:"transparent"}}
                                  >
                                ...
                        <div className="space-y-4">
                          <div>
                          <div className="space-y-4">
                            <SectionHeading>
                            <div>
                            <TickSlider label="Radius" value={63} min={0} max={240} step={1} unit="px" ...>
                              <div className="group flex...">
                                <span>
                                <div className="relative f...">
                                  <div>
                                  <motion.div>
                                  <input
                                    type="range"
                                    min={0}
                                    max={240}
                                    step={1}
                                    value={63}
                                    onChange={function onChange}
                                    className="absolute inset-0 h-full w-full cursor-pointer appearance-none bg-transp..."
                                    aria-label="Radius"
-                                   style={{caret-color:"transparent"}}
                                  >
                                ...
                            <TickSlider label="Force" value={30} min={0} max={120} step={1} onChange={function onChange}>
                              <div className="group flex...">
                                <span>
                                <div className="relative f...">
                                  <div>
                                  <motion.div>
                                  <input
                                    type="range"
                                    min={0}
                                    max={120}
                                    step={1}
                                    value={30}
                                    onChange={function onChange}
                                    className="absolute inset-0 h-full w-full cursor-pointer appearance-none bg-transp..."
                                    aria-label="Force"
-                                   style={{caret-color:"transparent"}}
                                  >
                                ...
                        ...
                    ...
            ...
          ...
    ...
 @ http://localhost:4200/_next/static/chunks/0aus_next_dist_0dxyg_i._.js:3272
[    3333ms] [LOG] [Fast Refresh] done in 2386ms @ http://localhost:4200/_next/static/chunks/0aus_next_dist_0dxyg_i._.js:2431
[   20884ms] [LOG] [Fast Refresh] rebuilding @ http://localhost:4200/_next/static/chunks/0aus_next_dist_0dxyg_i._.js:2431
[   21936ms] [LOG] [Fast Refresh] done in 1152ms @ http://localhost:4200/_next/static/chunks/0aus_next_dist_0dxyg_i._.js:2431
[   79750ms] [LOG] [Fast Refresh] rebuilding @ http://localhost:4200/_next/static/chunks/0aus_next_dist_0dxyg_i._.js:2431
[   79781ms] [LOG] [Fast Refresh] done in 132ms @ http://localhost:4200/_next/static/chunks/0aus_next_dist_0dxyg_i._.js:2431
[   92603ms] [LOG] [Fast Refresh] rebuilding @ http://localhost:4200/_next/static/chunks/0aus_next_dist_0dxyg_i._.js:2431
[   93241ms] [LOG] [Fast Refresh] done in 740ms @ http://localhost:4200/_next/static/chunks/0aus_next_dist_0dxyg_i._.js:2431
[  100269ms] [LOG] [Fast Refresh] rebuilding @ http://localhost:4200/_next/static/chunks/0aus_next_dist_0dxyg_i._.js:2431
[  100326ms] [LOG] [Fast Refresh] done in 157ms @ http://localhost:4200/_next/static/chunks/0aus_next_dist_0dxyg_i._.js:2431
