[     498ms] [INFO] %cDownload the React DevTools for a better development experience: https://react.dev/link/react-devtools font-weight:bold @ http://localhost:4200/_next/static/chunks/0aus_next_dist_0dxyg_i._.js:2431
[     560ms] [LOG] [HMR] connected @ http://localhost:4200/_next/static/chunks/0aus_next_dist_0dxyg_i._.js:2431
[     739ms] [LOG] [Fast Refresh] rebuilding @ http://localhost:4200/_next/static/chunks/0aus_next_dist_0dxyg_i._.js:2431
[    1303ms] [LOG] [Fast Refresh] done in 691ms @ http://localhost:4200/_next/static/chunks/0aus_next_dist_0dxyg_i._.js:2431
[    4302ms] [LOG] [Fast Refresh] rebuilding @ http://localhost:4200/_next/static/chunks/0aus_next_dist_0dxyg_i._.js:2431
[    4361ms] [LOG] [Fast Refresh] done in 160ms @ http://localhost:4200/_next/static/chunks/0aus_next_dist_0dxyg_i._.js:2431
[   14919ms] [LOG] [Fast Refresh] rebuilding @ http://localhost:4200/_next/static/chunks/0aus_next_dist_0dxyg_i._.js:2431
[   14990ms] [LOG] [Fast Refresh] done in 172ms @ http://localhost:4200/_next/static/chunks/0aus_next_dist_0dxyg_i._.js:2431
[   18675ms] [LOG] [Fast Refresh] rebuilding @ http://localhost:4200/_next/static/chunks/0aus_next_dist_0dxyg_i._.js:2431
[   20883ms] [ERROR] ./app/progress-bar/page.tsx:20:1
Export designsPrompt doesn't exist in target module
  18 | } from "@/components/progress-inspector";
  19 | import { copyText } from "@/lib/utils";
> 20 | import { designsPrompt, INSTALL_CMD, usageSnippet } from "./snippet";
     | ^^^^^^^^^^^^^^^^^^^^^^^^^^^^^^^^^^^^^^^^^^^^^^^^^^^^^^^^^^^^^^^^^^^^^
  21 |
  22 | // Two looks, each with a light and a dark base. The page follows the app theme;
  23 | // the only choice it offers is which look you're editing. Name + value together

The export designsPrompt was not found in module [project]/app/progress-bar/snippet.ts [app-client] (ecmascript).
Did you mean to import designPrompt?
All exports of the module are statically known (It doesn't have dynamic exports). So it's known statically that the requested export doesn't exist.

Import traces:
  Client Component Browser:
    ./app/progress-bar/page.tsx [Client Component Browser]
    ./app/progress-bar/page.tsx [Server Component]

  Client Component SSR:
    ./app/progress-bar/page.tsx [Client Component SSR]
    ./app/progress-bar/page.tsx [Server Component] @ http://localhost:4200/_next/static/chunks/0aus_next_dist_0dxyg_i._.js:3272
[   20883ms] [ERROR] ./app/progress-bar/page.tsx:20:1
Export designsPrompt doesn't exist in target module
  18 | } from "@/components/progress-inspector";
  19 | import { copyText } from "@/lib/utils";
> 20 | import { designsPrompt, INSTALL_CMD, usageSnippet } from "./snippet";
     | ^^^^^^^^^^^^^^^^^^^^^^^^^^^^^^^^^^^^^^^^^^^^^^^^^^^^^^^^^^^^^^^^^^^^^
  21 |
  22 | // Two looks, each with a light and a dark base. The page follows the app theme;
  23 | // the only choice it offers is which look you're editing. Name + value together

The export designsPrompt was not found in module [project]/app/progress-bar/snippet.ts [app-ssr] (ecmascript).
Did you mean to import designPrompt?
All exports of the module are statically known (It doesn't have dynamic exports). So it's known statically that the requested export doesn't exist.

Import traces:
  Client Component Browser:
    ./app/progress-bar/page.tsx [Client Component Browser]
    ./app/progress-bar/page.tsx [Server Component]

  Client Component SSR:
    ./app/progress-bar/page.tsx [Client Component SSR]
    ./app/progress-bar/page.tsx [Server Component] @ http://localhost:4200/_next/static/chunks/0aus_next_dist_0dxyg_i._.js:3272
[   21016ms] [LOG] [Fast Refresh] rebuilding @ http://localhost:4200/_next/static/chunks/0aus_next_dist_0dxyg_i._.js:2431
[   21704ms] [ERROR] ./app/progress-bar/page.tsx:20:1
Export designsPrompt doesn't exist in target module
  18 | } from "@/components/progress-inspector";
  19 | import { copyText } from "@/lib/utils";
> 20 | import { designsPrompt, INSTALL_CMD, usageSnippet } from "./snippet";
     | ^^^^^^^^^^^^^^^^^^^^^^^^^^^^^^^^^^^^^^^^^^^^^^^^^^^^^^^^^^^^^^^^^^^^^
  21 |
  22 | // Two looks, each with a light and a dark base. The page follows the app theme;
  23 | // the only choice it offers is which look you're editing. Name + value together

The export designsPrompt was not found in module [project]/app/progress-bar/snippet.ts [app-client] (ecmascript).
Did you mean to import designPrompt?
All exports of the module are statically known (It doesn't have dynamic exports). So it's known statically that the requested export doesn't exist.

Import traces:
  Client Component Browser:
    ./app/progress-bar/page.tsx [Client Component Browser]
    ./app/progress-bar/page.tsx [Server Component]

  Client Component SSR:
    ./app/progress-bar/page.tsx [Client Component SSR]
    ./app/progress-bar/page.tsx [Server Component] @ http://localhost:4200/_next/static/chunks/0aus_next_dist_0dxyg_i._.js:3272
[   21704ms] [ERROR] ./app/progress-bar/page.tsx:20:1
Export designsPrompt doesn't exist in target module
  18 | } from "@/components/progress-inspector";
  19 | import { copyText } from "@/lib/utils";
> 20 | import { designsPrompt, INSTALL_CMD, usageSnippet } from "./snippet";
     | ^^^^^^^^^^^^^^^^^^^^^^^^^^^^^^^^^^^^^^^^^^^^^^^^^^^^^^^^^^^^^^^^^^^^^
  21 |
  22 | // Two looks, each with a light and a dark base. The page follows the app theme;
  23 | // the only choice it offers is which look you're editing. Name + value together

The export designsPrompt was not found in module [project]/app/progress-bar/snippet.ts [app-ssr] (ecmascript).
Did you mean to import designPrompt?
All exports of the module are statically known (It doesn't have dynamic exports). So it's known statically that the requested export doesn't exist.

Import traces:
  Client Component Browser:
    ./app/progress-bar/page.tsx [Client Component Browser]
    ./app/progress-bar/page.tsx [Server Component]

  Client Component SSR:
    ./app/progress-bar/page.tsx [Client Component SSR]
    ./app/progress-bar/page.tsx [Server Component] @ http://localhost:4200/_next/static/chunks/0aus_next_dist_0dxyg_i._.js:3272
[   21716ms] [ERROR] ./app/progress-bar/page.tsx:20:1
Export designsPrompt doesn't exist in target module
  18 | } from "@/components/progress-inspector";
  19 | import { copyText } from "@/lib/utils";
> 20 | import { designsPrompt, INSTALL_CMD, usageSnippet } from "./snippet";
     | ^^^^^^^^^^^^^^^^^^^^^^^^^^^^^^^^^^^^^^^^^^^^^^^^^^^^^^^^^^^^^^^^^^^^^
  21 |
  22 | // Two looks, each with a light and a dark base. The page follows the app theme;
  23 | // the only choice it offers is which look you're editing. Name + value together

The export designsPrompt was not found in module [project]/app/progress-bar/snippet.ts [app-client] (ecmascript).
Did you mean to import designPrompt?
All exports of the module are statically known (It doesn't have dynamic exports). So it's known statically that the requested export doesn't exist.

Import traces:
  Client Component Browser:
    ./app/progress-bar/page.tsx [Client Component Browser]
    ./app/progress-bar/page.tsx [Server Component]

  Client Component SSR:
    ./app/progress-bar/page.tsx [Client Component SSR]
    ./app/progress-bar/page.tsx [Server Component] @ http://localhost:4200/_next/static/chunks/0aus_next_dist_0dxyg_i._.js:3272
[   21716ms] [ERROR] ./app/progress-bar/page.tsx:20:1
Export designsPrompt doesn't exist in target module
  18 | } from "@/components/progress-inspector";
  19 | import { copyText } from "@/lib/utils";
> 20 | import { designsPrompt, INSTALL_CMD, usageSnippet } from "./snippet";
     | ^^^^^^^^^^^^^^^^^^^^^^^^^^^^^^^^^^^^^^^^^^^^^^^^^^^^^^^^^^^^^^^^^^^^^
  21 |
  22 | // Two looks, each with a light and a dark base. The page follows the app theme;
  23 | // the only choice it offers is which look you're editing. Name + value together

The export designsPrompt was not found in module [project]/app/progress-bar/snippet.ts [app-ssr] (ecmascript).
Did you mean to import designPrompt?
All exports of the module are statically known (It doesn't have dynamic exports). So it's known statically that the requested export doesn't exist.

Import traces:
  Client Component Browser:
    ./app/progress-bar/page.tsx [Client Component Browser]
    ./app/progress-bar/page.tsx [Server Component]

  Client Component SSR:
    ./app/progress-bar/page.tsx [Client Component SSR]
    ./app/progress-bar/page.tsx [Server Component] @ http://localhost:4200/_next/static/chunks/0aus_next_dist_0dxyg_i._.js:3272
[   21718ms] [ERROR] ./app/progress-bar/page.tsx:20:1
Export designsPrompt doesn't exist in target module
  18 | } from "@/components/progress-inspector";
  19 | import { copyText } from "@/lib/utils";
> 20 | import { designsPrompt, INSTALL_CMD, usageSnippet } from "./snippet";
     | ^^^^^^^^^^^^^^^^^^^^^^^^^^^^^^^^^^^^^^^^^^^^^^^^^^^^^^^^^^^^^^^^^^^^^
  21 |
  22 | // Two looks, each with a light and a dark base. The page follows the app theme;
  23 | // the only choice it offers is which look you're editing. Name + value together

The export designsPrompt was not found in module [project]/app/progress-bar/snippet.ts [app-client] (ecmascript).
Did you mean to import designPrompt?
All exports of the module are statically known (It doesn't have dynamic exports). So it's known statically that the requested export doesn't exist.

Import traces:
  Client Component Browser:
    ./app/progress-bar/page.tsx [Client Component Browser]
    ./app/progress-bar/page.tsx [Server Component]

  Client Component SSR:
    ./app/progress-bar/page.tsx [Client Component SSR]
    ./app/progress-bar/page.tsx [Server Component] @ http://localhost:4200/_next/static/chunks/0aus_next_dist_0dxyg_i._.js:3272
[   21720ms] [ERROR] ./app/progress-bar/page.tsx:20:1
Export designsPrompt doesn't exist in target module
  18 | } from "@/components/progress-inspector";
  19 | import { copyText } from "@/lib/utils";
> 20 | import { designsPrompt, INSTALL_CMD, usageSnippet } from "./snippet";
     | ^^^^^^^^^^^^^^^^^^^^^^^^^^^^^^^^^^^^^^^^^^^^^^^^^^^^^^^^^^^^^^^^^^^^^
  21 |
  22 | // Two looks, each with a light and a dark base. The page follows the app theme;
  23 | // the only choice it offers is which look you're editing. Name + value together

The export designsPrompt was not found in module [project]/app/progress-bar/snippet.ts [app-ssr] (ecmascript).
Did you mean to import designPrompt?
All exports of the module are statically known (It doesn't have dynamic exports). So it's known statically that the requested export doesn't exist.

Import traces:
  Client Component Browser:
    ./app/progress-bar/page.tsx [Client Component Browser]
    ./app/progress-bar/page.tsx [Server Component]

  Client Component SSR:
    ./app/progress-bar/page.tsx [Client Component SSR]
    ./app/progress-bar/page.tsx [Server Component] @ http://localhost:4200/_next/static/chunks/0aus_next_dist_0dxyg_i._.js:3272
[   21735ms] [ERROR] Failed to load resource: the server responded with a status of 500 (Internal Server Error) @ http://localhost:4200/bento-5?_rsc=16zu3:0
[   21818ms] [LOG] [Fast Refresh] rebuilding @ http://localhost:4200/_next/static/chunks/0aus_next_dist_0dxyg_i._.js:2431
[   22059ms] [LOG] [Fast Refresh] rebuilding @ http://localhost:4200/_next/static/chunks/0aus_next_dist_0dxyg_i._.js:2431
[   22102ms] [ERROR] Failed to load resource: the server responded with a status of 500 (Internal Server Error) @ http://localhost:4200/bento-5?_rsc=16zu3:0
[   22147ms] [ERROR] ./app/progress-bar/page.tsx:20:1
Export designsPrompt doesn't exist in target module
  18 | } from "@/components/progress-inspector";
  19 | import { copyText } from "@/lib/utils";
> 20 | import { designsPrompt, INSTALL_CMD, usageSnippet } from "./snippet";
     | ^^^^^^^^^^^^^^^^^^^^^^^^^^^^^^^^^^^^^^^^^^^^^^^^^^^^^^^^^^^^^^^^^^^^^
  21 |
  22 | // Two looks, each with a light and a dark base. The page follows the app theme;
  23 | // the only choice it offers is which look you're editing. Name + value together

The export designsPrompt was not found in module [project]/app/progress-bar/snippet.ts [app-client] (ecmascript).
Did you mean to import designPrompt?
All exports of the module are statically known (It doesn't have dynamic exports). So it's known statically that the requested export doesn't exist.

Import traces:
  Client Component Browser:
    ./app/progress-bar/page.tsx [Client Component Browser]
    ./app/progress-bar/page.tsx [Server Component]

  Client Component SSR:
    ./app/progress-bar/page.tsx [Client Component SSR]
    ./app/progress-bar/page.tsx [Server Component] @ http://localhost:4200/_next/static/chunks/0aus_next_dist_0dxyg_i._.js:3272
[   22147ms] [ERROR] ./app/progress-bar/page.tsx:20:1
Export designsPrompt doesn't exist in target module
  18 | } from "@/components/progress-inspector";
  19 | import { copyText } from "@/lib/utils";
> 20 | import { designsPrompt, INSTALL_CMD, usageSnippet } from "./snippet";
     | ^^^^^^^^^^^^^^^^^^^^^^^^^^^^^^^^^^^^^^^^^^^^^^^^^^^^^^^^^^^^^^^^^^^^^
  21 |
  22 | // Two looks, each with a light and a dark base. The page follows the app theme;
  23 | // the only choice it offers is which look you're editing. Name + value together

The export designsPrompt was not found in module [project]/app/progress-bar/snippet.ts [app-ssr] (ecmascript).
Did you mean to import designPrompt?
All exports of the module are statically known (It doesn't have dynamic exports). So it's known statically that the requested export doesn't exist.

Import traces:
  Client Component Browser:
    ./app/progress-bar/page.tsx [Client Component Browser]
    ./app/progress-bar/page.tsx [Server Component]

  Client Component SSR:
    ./app/progress-bar/page.tsx [Client Component SSR]
    ./app/progress-bar/page.tsx [Server Component] @ http://localhost:4200/_next/static/chunks/0aus_next_dist_0dxyg_i._.js:3272
[   22224ms] [ERROR] ./app/progress-bar/page.tsx:20:1
Export designsPrompt doesn't exist in target module
  18 | } from "@/components/progress-inspector";
  19 | import { copyText } from "@/lib/utils";
> 20 | import { designsPrompt, INSTALL_CMD, usageSnippet } from "./snippet";
     | ^^^^^^^^^^^^^^^^^^^^^^^^^^^^^^^^^^^^^^^^^^^^^^^^^^^^^^^^^^^^^^^^^^^^^
  21 |
  22 | // Two looks, each with a light and a dark base. The page follows the app theme;
  23 | // the only choice it offers is which look you're editing. Name + value together

The export designsPrompt was not found in module [project]/app/progress-bar/snippet.ts [app-client] (ecmascript).
Did you mean to import designPrompt?
All exports of the module are statically known (It doesn't have dynamic exports). So it's known statically that the requested export doesn't exist.

Import traces:
  Client Component Browser:
    ./app/progress-bar/page.tsx [Client Component Browser]
    ./app/progress-bar/page.tsx [Server Component]

  Client Component SSR:
    ./app/progress-bar/page.tsx [Client Component SSR]
    ./app/progress-bar/page.tsx [Server Component] @ http://localhost:4200/_next/static/chunks/0aus_next_dist_0dxyg_i._.js:3272
[   22224ms] [ERROR] ./app/progress-bar/page.tsx:20:1
Export designsPrompt doesn't exist in target module
  18 | } from "@/components/progress-inspector";
  19 | import { copyText } from "@/lib/utils";
> 20 | import { designsPrompt, INSTALL_CMD, usageSnippet } from "./snippet";
     | ^^^^^^^^^^^^^^^^^^^^^^^^^^^^^^^^^^^^^^^^^^^^^^^^^^^^^^^^^^^^^^^^^^^^^
  21 |
  22 | // Two looks, each with a light and a dark base. The page follows the app theme;
  23 | // the only choice it offers is which look you're editing. Name + value together

The export designsPrompt was not found in module [project]/app/progress-bar/snippet.ts [app-ssr] (ecmascript).
Did you mean to import designPrompt?
All exports of the module are statically known (It doesn't have dynamic exports). So it's known statically that the requested export doesn't exist.

Import traces:
  Client Component Browser:
    ./app/progress-bar/page.tsx [Client Component Browser]
    ./app/progress-bar/page.tsx [Server Component]

  Client Component SSR:
    ./app/progress-bar/page.tsx [Client Component SSR]
    ./app/progress-bar/page.tsx [Server Component] @ http://localhost:4200/_next/static/chunks/0aus_next_dist_0dxyg_i._.js:3272
[   22244ms] [ERROR] Failed to load resource: the server responded with a status of 500 (Internal Server Error) @ http://localhost:4200/bento-5:0
[   22347ms] [INFO] %cDownload the React DevTools for a better development experience: https://react.dev/link/react-devtools font-weight:bold @ http://localhost:4200/_next/static/chunks/0e-u_react-dom_0037m-m._.js:15305
[   22394ms] Error: ./app/progress-bar/page.tsx:20:1
Export designsPrompt doesn't exist in target module
  18 | } from "@/components/progress-inspector";
  19 | import { copyText } from "@/lib/utils";
> 20 | import { designsPrompt, INSTALL_CMD, usageSnippet } from "./snippet";
     | ^^^^^^^^^^^^^^^^^^^^^^^^^^^^^^^^^^^^^^^^^^^^^^^^^^^^^^^^^^^^^^^^^^^^^
  21 |
  22 | // Two looks, each with a light and a dark base. The page follows the app theme;
  23 | // the only choice it offers is which look you're editing. Name + value together

The export designsPrompt was not found in module [project]/app/progress-bar/snippet.ts [app-client] (ecmascript).
Did you mean to import designPrompt?
All exports of the module are statically known (It doesn't have dynamic exports). So it's known statically that the requested export doesn't exist.

Import traces:
  Client Component Browser:
    ./app/progress-bar/page.tsx [Client Component Browser]
    ./app/progress-bar/page.tsx [Server Component]

  Client Component SSR:
    ./app/progress-bar/page.tsx [Client Component SSR]
    ./app/progress-bar/page.tsx [Server Component]


    at <unknown> (Error: ./app/progress-bar/page.tsx:20:1)
    at Object.getCompilationErrors (file:///Users/godwinjanarthan/Documents/Projects/d2studio-ui/node_modules/.pnpm/next@16.2.4_@babel+core@7.28.4_react-dom@19.2.5_react@19.2.5__react@19.2.5/node_modules/next/dist/server/dev/hot-reloader-turbopack.js:1186:59)
    at DevBundlerService.getCompilationError (file:///Users/godwinjanarthan/Documents/Projects/d2studio-ui/node_modules/.pnpm/next@16.2.4_@babel+core@7.28.4_react-dom@19.2.5_react@19.2.5__react@19.2.5/node_modules/next/dist/server/lib/dev-bundler-service.js:44:55)
    at DevServer.getCompilationError (file:///Users/godwinjanarthan/Documents/Projects/d2studio-ui/node_modules/.pnpm/next@16.2.4_@babel+core@7.28.4_react-dom@19.2.5_react@19.2.5__react@19.2.5/node_modules/next/dist/server/dev/next-dev-server.js:719:42)
    at DevServer.findPageComponents (file:///Users/godwinjanarthan/Documents/Projects/d2studio-ui/node_modules/.pnpm/next@16.2.4_@babel+core@7.28.4_react-dom@19.2.5_react@19.2.5__react@19.2.5/node_modules/next/dist/server/dev/next-dev-server.js:689:43)
    at async DevServer.renderErrorToResponseImpl (file:///Users/godwinjanarthan/Documents/Projects/d2studio-ui/node_modules/.pnpm/next@16.2.4_@babel+core@7.28.4_react-dom@19.2.5_react@19.2.5__react@19.2.5/node_modules/next/dist/server/base-server.js:1745:26)
[   22421ms] [LOG] [HMR] connected @ http://localhost:4200/_next/static/chunks/0aus_next_dist_00tg.dm._.js:1226
[   22450ms] [ERROR] ./app/progress-bar/page.tsx:20:1
Export designsPrompt doesn't exist in target module
  18 | } from "@/components/progress-inspector";
  19 | import { copyText } from "@/lib/utils";
> 20 | import { designsPrompt, INSTALL_CMD, usageSnippet } from "./snippet";
     | ^^^^^^^^^^^^^^^^^^^^^^^^^^^^^^^^^^^^^^^^^^^^^^^^^^^^^^^^^^^^^^^^^^^^^
  21 |
  22 | // Two looks, each with a light and a dark base. The page follows the app theme;
  23 | // the only choice it offers is which look you're editing. Name + value together

The export designsPrompt was not found in module [project]/app/progress-bar/snippet.ts [app-client] (ecmascript).
Did you mean to import designPrompt?
All exports of the module are statically known (It doesn't have dynamic exports). So it's known statically that the requested export doesn't exist.

Import traces:
  Client Component Browser:
    ./app/progress-bar/page.tsx [Client Component Browser]
    ./app/progress-bar/page.tsx [Server Component]

  Client Component SSR:
    ./app/progress-bar/page.tsx [Client Component SSR]
    ./app/progress-bar/page.tsx [Server Component] @ http://localhost:4200/_next/static/chunks/0aus_next_dist_00tg.dm._.js:1945
[   22450ms] [ERROR] ./app/progress-bar/page.tsx:20:1
Export designsPrompt doesn't exist in target module
  18 | } from "@/components/progress-inspector";
  19 | import { copyText } from "@/lib/utils";
> 20 | import { designsPrompt, INSTALL_CMD, usageSnippet } from "./snippet";
     | ^^^^^^^^^^^^^^^^^^^^^^^^^^^^^^^^^^^^^^^^^^^^^^^^^^^^^^^^^^^^^^^^^^^^^
  21 |
  22 | // Two looks, each with a light and a dark base. The page follows the app theme;
  23 | // the only choice it offers is which look you're editing. Name + value together

The export designsPrompt was not found in module [project]/app/progress-bar/snippet.ts [app-ssr] (ecmascript).
Did you mean to import designPrompt?
All exports of the module are statically known (It doesn't have dynamic exports). So it's known statically that the requested export doesn't exist.

Import traces:
  Client Component Browser:
    ./app/progress-bar/page.tsx [Client Component Browser]
    ./app/progress-bar/page.tsx [Server Component]

  Client Component SSR:
    ./app/progress-bar/page.tsx [Client Component SSR]
    ./app/progress-bar/page.tsx [Server Component] @ http://localhost:4200/_next/static/chunks/0aus_next_dist_00tg.dm._.js:1945
[   22459ms] [ERROR] ./app/progress-bar/page.tsx:20:1
Export designsPrompt doesn't exist in target module
  18 | } from "@/components/progress-inspector";
  19 | import { copyText } from "@/lib/utils";
> 20 | import { designsPrompt, INSTALL_CMD, usageSnippet } from "./snippet";
     | ^^^^^^^^^^^^^^^^^^^^^^^^^^^^^^^^^^^^^^^^^^^^^^^^^^^^^^^^^^^^^^^^^^^^^
  21 |
  22 | // Two looks, each with a light and a dark base. The page follows the app theme;
  23 | // the only choice it offers is which look you're editing. Name + value together

The export designsPrompt was not found in module [project]/app/progress-bar/snippet.ts [app-client] (ecmascript).
Did you mean to import designPrompt?
All exports of the module are statically known (It doesn't have dynamic exports). So it's known statically that the requested export doesn't exist.

Import traces:
  Client Component Browser:
    ./app/progress-bar/page.tsx [Client Component Browser]
    ./app/progress-bar/page.tsx [Server Component]

  Client Component SSR:
    ./app/progress-bar/page.tsx [Client Component SSR]
    ./app/progress-bar/page.tsx [Server Component] @ http://localhost:4200/_next/static/chunks/0aus_next_dist_00tg.dm._.js:1945
[   22459ms] [ERROR] ./app/progress-bar/page.tsx:20:1
Export designsPrompt doesn't exist in target module
  18 | } from "@/components/progress-inspector";
  19 | import { copyText } from "@/lib/utils";
> 20 | import { designsPrompt, INSTALL_CMD, usageSnippet } from "./snippet";
     | ^^^^^^^^^^^^^^^^^^^^^^^^^^^^^^^^^^^^^^^^^^^^^^^^^^^^^^^^^^^^^^^^^^^^^
  21 |
  22 | // Two looks, each with a light and a dark base. The page follows the app theme;
  23 | // the only choice it offers is which look you're editing. Name + value together

The export designsPrompt was not found in module [project]/app/progress-bar/snippet.ts [app-ssr] (ecmascript).
Did you mean to import designPrompt?
All exports of the module are statically known (It doesn't have dynamic exports). So it's known statically that the requested export doesn't exist.

Import traces:
  Client Component Browser:
    ./app/progress-bar/page.tsx [Client Component Browser]
    ./app/progress-bar/page.tsx [Server Component]

  Client Component SSR:
    ./app/progress-bar/page.tsx [Client Component SSR]
    ./app/progress-bar/page.tsx [Server Component] @ http://localhost:4200/_next/static/chunks/0aus_next_dist_00tg.dm._.js:1945
[   22551ms] [LOG] [Fast Refresh] rebuilding @ http://localhost:4200/_next/static/chunks/0aus_next_dist_00tg.dm._.js:1226
[   22733ms] [ERROR] ./app/progress-bar/page.tsx:20:1
Export designsPrompt doesn't exist in target module
  18 | } from "@/components/progress-inspector";
  19 | import { copyText } from "@/lib/utils";
> 20 | import { designsPrompt, INSTALL_CMD, usageSnippet } from "./snippet";
     | ^^^^^^^^^^^^^^^^^^^^^^^^^^^^^^^^^^^^^^^^^^^^^^^^^^^^^^^^^^^^^^^^^^^^^
  21 |
  22 | // Two looks, each with a light and a dark base. The page follows the app theme;
  23 | // the only choice it offers is which look you're editing. Name + value together

The export designsPrompt was not found in module [project]/app/progress-bar/snippet.ts [app-client] (ecmascript).
Did you mean to import designPrompt?
All exports of the module are statically known (It doesn't have dynamic exports). So it's known statically that the requested export doesn't exist.

Import traces:
  Client Component Browser:
    ./app/progress-bar/page.tsx [Client Component Browser]
    ./app/progress-bar/page.tsx [Server Component]

  Client Component SSR:
    ./app/progress-bar/page.tsx [Client Component SSR]
    ./app/progress-bar/page.tsx [Server Component] @ http://localhost:4200/_next/static/chunks/0aus_next_dist_00tg.dm._.js:1945
[   22733ms] [ERROR] ./app/progress-bar/page.tsx:20:1
Export designsPrompt doesn't exist in target module
  18 | } from "@/components/progress-inspector";
  19 | import { copyText } from "@/lib/utils";
> 20 | import { designsPrompt, INSTALL_CMD, usageSnippet } from "./snippet";
     | ^^^^^^^^^^^^^^^^^^^^^^^^^^^^^^^^^^^^^^^^^^^^^^^^^^^^^^^^^^^^^^^^^^^^^
  21 |
  22 | // Two looks, each with a light and a dark base. The page follows the app theme;
  23 | // the only choice it offers is which look you're editing. Name + value together

The export designsPrompt was not found in module [project]/app/progress-bar/snippet.ts [app-ssr] (ecmascript).
Did you mean to import designPrompt?
All exports of the module are statically known (It doesn't have dynamic exports). So it's known statically that the requested export doesn't exist.

Import traces:
  Client Component Browser:
    ./app/progress-bar/page.tsx [Client Component Browser]
    ./app/progress-bar/page.tsx [Server Component]

  Client Component SSR:
    ./app/progress-bar/page.tsx [Client Component SSR]
    ./app/progress-bar/page.tsx [Server Component] @ http://localhost:4200/_next/static/chunks/0aus_next_dist_00tg.dm._.js:1945
[   22780ms] [ERROR] ./app/progress-bar/page.tsx:20:1
Export designsPrompt doesn't exist in target module
  18 | } from "@/components/progress-inspector";
  19 | import { copyText } from "@/lib/utils";
> 20 | import { designsPrompt, INSTALL_CMD, usageSnippet } from "./snippet";
     | ^^^^^^^^^^^^^^^^^^^^^^^^^^^^^^^^^^^^^^^^^^^^^^^^^^^^^^^^^^^^^^^^^^^^^
  21 |
  22 | // Two looks, each with a light and a dark base. The page follows the app theme;
  23 | // the only choice it offers is which look you're editing. Name + value together

The export designsPrompt was not found in module [project]/app/progress-bar/snippet.ts [app-client] (ecmascript).
Did you mean to import designPrompt?
All exports of the module are statically known (It doesn't have dynamic exports). So it's known statically that the requested export doesn't exist.

Import traces:
  Client Component Browser:
    ./app/progress-bar/page.tsx [Client Component Browser]
    ./app/progress-bar/page.tsx [Server Component]

  Client Component SSR:
    ./app/progress-bar/page.tsx [Client Component SSR]
    ./app/progress-bar/page.tsx [Server Component] @ http://localhost:4200/_next/static/chunks/0aus_next_dist_00tg.dm._.js:1945
[   22780ms] [ERROR] ./app/progress-bar/page.tsx:20:1
Export designsPrompt doesn't exist in target module
  18 | } from "@/components/progress-inspector";
  19 | import { copyText } from "@/lib/utils";
> 20 | import { designsPrompt, INSTALL_CMD, usageSnippet } from "./snippet";
     | ^^^^^^^^^^^^^^^^^^^^^^^^^^^^^^^^^^^^^^^^^^^^^^^^^^^^^^^^^^^^^^^^^^^^^
  21 |
  22 | // Two looks, each with a light and a dark base. The page follows the app theme;
  23 | // the only choice it offers is which look you're editing. Name + value together

The export designsPrompt was not found in module [project]/app/progress-bar/snippet.ts [app-ssr] (ecmascript).
Did you mean to import designPrompt?
All exports of the module are statically known (It doesn't have dynamic exports). So it's known statically that the requested export doesn't exist.

Import traces:
  Client Component Browser:
    ./app/progress-bar/page.tsx [Client Component Browser]
    ./app/progress-bar/page.tsx [Server Component]

  Client Component SSR:
    ./app/progress-bar/page.tsx [Client Component SSR]
    ./app/progress-bar/page.tsx [Server Component] @ http://localhost:4200/_next/static/chunks/0aus_next_dist_00tg.dm._.js:1945
[   22801ms] [ERROR] ./app/progress-bar/page.tsx:20:1
Export designsPrompt doesn't exist in target module
  18 | } from "@/components/progress-inspector";
  19 | import { copyText } from "@/lib/utils";
> 20 | import { designsPrompt, INSTALL_CMD, usageSnippet } from "./snippet";
     | ^^^^^^^^^^^^^^^^^^^^^^^^^^^^^^^^^^^^^^^^^^^^^^^^^^^^^^^^^^^^^^^^^^^^^
  21 |
  22 | // Two looks, each with a light and a dark base. The page follows the app theme;
  23 | // the only choice it offers is which look you're editing. Name + value together

The export designsPrompt was not found in module [project]/app/progress-bar/snippet.ts [app-client] (ecmascript).
Did you mean to import designPrompt?
All exports of the module are statically known (It doesn't have dynamic exports). So it's known statically that the requested export doesn't exist.

Import traces:
  Client Component Browser:
    ./app/progress-bar/page.tsx [Client Component Browser]
    ./app/progress-bar/page.tsx [Server Component]

  Client Component SSR:
    ./app/progress-bar/page.tsx [Client Component SSR]
    ./app/progress-bar/page.tsx [Server Component] @ http://localhost:4200/_next/static/chunks/0aus_next_dist_00tg.dm._.js:1945
[   22801ms] [ERROR] ./app/progress-bar/page.tsx:20:1
Export designsPrompt doesn't exist in target module
  18 | } from "@/components/progress-inspector";
  19 | import { copyText } from "@/lib/utils";
> 20 | import { designsPrompt, INSTALL_CMD, usageSnippet } from "./snippet";
     | ^^^^^^^^^^^^^^^^^^^^^^^^^^^^^^^^^^^^^^^^^^^^^^^^^^^^^^^^^^^^^^^^^^^^^
  21 |
  22 | // Two looks, each with a light and a dark base. The page follows the app theme;
  23 | // the only choice it offers is which look you're editing. Name + value together

The export designsPrompt was not found in module [project]/app/progress-bar/snippet.ts [app-ssr] (ecmascript).
Did you mean to import designPrompt?
All exports of the module are statically known (It doesn't have dynamic exports). So it's known statically that the requested export doesn't exist.

Import traces:
  Client Component Browser:
    ./app/progress-bar/page.tsx [Client Component Browser]
    ./app/progress-bar/page.tsx [Server Component]

  Client Component SSR:
    ./app/progress-bar/page.tsx [Client Component SSR]
    ./app/progress-bar/page.tsx [Server Component] @ http://localhost:4200/_next/static/chunks/0aus_next_dist_00tg.dm._.js:1945
[   22845ms] [ERROR] ./app/progress-bar/page.tsx:20:1
Export designsPrompt doesn't exist in target module
  18 | } from "@/components/progress-inspector";
  19 | import { copyText } from "@/lib/utils";
> 20 | import { designsPrompt, INSTALL_CMD, usageSnippet } from "./snippet";
     | ^^^^^^^^^^^^^^^^^^^^^^^^^^^^^^^^^^^^^^^^^^^^^^^^^^^^^^^^^^^^^^^^^^^^^
  21 |
  22 | // Two looks, each with a light and a dark base. The page follows the app theme;
  23 | // the only choice it offers is which look you're editing. Name + value together

The export designsPrompt was not found in module [project]/app/progress-bar/snippet.ts [app-client] (ecmascript).
Did you mean to import designPrompt?
All exports of the module are statically known (It doesn't have dynamic exports). So it's known statically that the requested export doesn't exist.

Import traces:
  Client Component Browser:
    ./app/progress-bar/page.tsx [Client Component Browser]
    ./app/progress-bar/page.tsx [Server Component]

  Client Component SSR:
    ./app/progress-bar/page.tsx [Client Component SSR]
    ./app/progress-bar/page.tsx [Server Component] @ http://localhost:4200/_next/static/chunks/0aus_next_dist_00tg.dm._.js:1945
[   22845ms] [ERROR] ./app/progress-bar/page.tsx:20:1
Export designsPrompt doesn't exist in target module
  18 | } from "@/components/progress-inspector";
  19 | import { copyText } from "@/lib/utils";
> 20 | import { designsPrompt, INSTALL_CMD, usageSnippet } from "./snippet";
     | ^^^^^^^^^^^^^^^^^^^^^^^^^^^^^^^^^^^^^^^^^^^^^^^^^^^^^^^^^^^^^^^^^^^^^
  21 |
  22 | // Two looks, each with a light and a dark base. The page follows the app theme;
  23 | // the only choice it offers is which look you're editing. Name + value together

The export designsPrompt was not found in module [project]/app/progress-bar/snippet.ts [app-ssr] (ecmascript).
Did you mean to import designPrompt?
All exports of the module are statically known (It doesn't have dynamic exports). So it's known statically that the requested export doesn't exist.

Import traces:
  Client Component Browser:
    ./app/progress-bar/page.tsx [Client Component Browser]
    ./app/progress-bar/page.tsx [Server Component]

  Client Component SSR:
    ./app/progress-bar/page.tsx [Client Component SSR]
    ./app/progress-bar/page.tsx [Server Component] @ http://localhost:4200/_next/static/chunks/0aus_next_dist_00tg.dm._.js:1945
[   22947ms] [LOG] [Fast Refresh] rebuilding @ http://localhost:4200/_next/static/chunks/0aus_next_dist_00tg.dm._.js:1226
[   23012ms] [ERROR] ./app/progress-bar/page.tsx:20:1
Export designsPrompt doesn't exist in target module
  18 | } from "@/components/progress-inspector";
  19 | import { copyText } from "@/lib/utils";
> 20 | import { designsPrompt, INSTALL_CMD, usageSnippet } from "./snippet";
     | ^^^^^^^^^^^^^^^^^^^^^^^^^^^^^^^^^^^^^^^^^^^^^^^^^^^^^^^^^^^^^^^^^^^^^
  21 |
  22 | // Two looks, each with a light and a dark base. The page follows the app theme;
  23 | // the only choice it offers is which look you're editing. Name + value together

The export designsPrompt was not found in module [project]/app/progress-bar/snippet.ts [app-client] (ecmascript).
Did you mean to import designPrompt?
All exports of the module are statically known (It doesn't have dynamic exports). So it's known statically that the requested export doesn't exist.

Import traces:
  Client Component Browser:
    ./app/progress-bar/page.tsx [Client Component Browser]
    ./app/progress-bar/page.tsx [Server Component]

  Client Component SSR:
    ./app/progress-bar/page.tsx [Client Component SSR]
    ./app/progress-bar/page.tsx [Server Component] @ http://localhost:4200/_next/static/chunks/0aus_next_dist_00tg.dm._.js:1945
[   23013ms] [ERROR] ./app/progress-bar/page.tsx:20:1
Export designsPrompt doesn't exist in target module
  18 | } from "@/components/progress-inspector";
  19 | import { copyText } from "@/lib/utils";
> 20 | import { designsPrompt, INSTALL_CMD, usageSnippet } from "./snippet";
     | ^^^^^^^^^^^^^^^^^^^^^^^^^^^^^^^^^^^^^^^^^^^^^^^^^^^^^^^^^^^^^^^^^^^^^
  21 |
  22 | // Two looks, each with a light and a dark base. The page follows the app theme;
  23 | // the only choice it offers is which look you're editing. Name + value together

The export designsPrompt was not found in module [project]/app/progress-bar/snippet.ts [app-ssr] (ecmascript).
Did you mean to import designPrompt?
All exports of the module are statically known (It doesn't have dynamic exports). So it's known statically that the requested export doesn't exist.

Import traces:
  Client Component Browser:
    ./app/progress-bar/page.tsx [Client Component Browser]
    ./app/progress-bar/page.tsx [Server Component]

  Client Component SSR:
    ./app/progress-bar/page.tsx [Client Component SSR]
    ./app/progress-bar/page.tsx [Server Component] @ http://localhost:4200/_next/static/chunks/0aus_next_dist_00tg.dm._.js:1945
[   23063ms] [ERROR] ./app/progress-bar/page.tsx:20:1
Export designsPrompt doesn't exist in target module
  18 | } from "@/components/progress-inspector";
  19 | import { copyText } from "@/lib/utils";
> 20 | import { designsPrompt, INSTALL_CMD, usageSnippet } from "./snippet";
     | ^^^^^^^^^^^^^^^^^^^^^^^^^^^^^^^^^^^^^^^^^^^^^^^^^^^^^^^^^^^^^^^^^^^^^
  21 |
  22 | // Two looks, each with a light and a dark base. The page follows the app theme;
  23 | // the only choice it offers is which look you're editing. Name + value together

The export designsPrompt was not found in module [project]/app/progress-bar/snippet.ts [app-client] (ecmascript).
Did you mean to import designPrompt?
All exports of the module are statically known (It doesn't have dynamic exports). So it's known statically that the requested export doesn't exist.

Import traces:
  Client Component Browser:
    ./app/progress-bar/page.tsx [Client Component Browser]
    ./app/progress-bar/page.tsx [Server Component]

  Client Component SSR:
    ./app/progress-bar/page.tsx [Client Component SSR]
    ./app/progress-bar/page.tsx [Server Component] @ http://localhost:4200/_next/static/chunks/0aus_next_dist_00tg.dm._.js:1945
[   23063ms] [ERROR] ./app/progress-bar/page.tsx:20:1
Export designsPrompt doesn't exist in target module
  18 | } from "@/components/progress-inspector";
  19 | import { copyText } from "@/lib/utils";
> 20 | import { designsPrompt, INSTALL_CMD, usageSnippet } from "./snippet";
     | ^^^^^^^^^^^^^^^^^^^^^^^^^^^^^^^^^^^^^^^^^^^^^^^^^^^^^^^^^^^^^^^^^^^^^
  21 |
  22 | // Two looks, each with a light and a dark base. The page follows the app theme;
  23 | // the only choice it offers is which look you're editing. Name + value together

The export designsPrompt was not found in module [project]/app/progress-bar/snippet.ts [app-ssr] (ecmascript).
Did you mean to import designPrompt?
All exports of the module are statically known (It doesn't have dynamic exports). So it's known statically that the requested export doesn't exist.

Import traces:
  Client Component Browser:
    ./app/progress-bar/page.tsx [Client Component Browser]
    ./app/progress-bar/page.tsx [Server Component]

  Client Component SSR:
    ./app/progress-bar/page.tsx [Client Component SSR]
    ./app/progress-bar/page.tsx [Server Component] @ http://localhost:4200/_next/static/chunks/0aus_next_dist_00tg.dm._.js:1945
[   23115ms] [LOG] [Fast Refresh] rebuilding @ http://localhost:4200/_next/static/chunks/0aus_next_dist_00tg.dm._.js:1226
[   23270ms] [ERROR] ./app/progress-bar/page.tsx:20:1
Export designsPrompt doesn't exist in target module
  18 | } from "@/components/progress-inspector";
  19 | import { copyText } from "@/lib/utils";
> 20 | import { designsPrompt, INSTALL_CMD, usageSnippet } from "./snippet";
     | ^^^^^^^^^^^^^^^^^^^^^^^^^^^^^^^^^^^^^^^^^^^^^^^^^^^^^^^^^^^^^^^^^^^^^
  21 |
  22 | // Two looks, each with a light and a dark base. The page follows the app theme;
  23 | // the only choice it offers is which look you're editing. Name + value together

The export designsPrompt was not found in module [project]/app/progress-bar/snippet.ts [app-client] (ecmascript).
Did you mean to import designPrompt?
All exports of the module are statically known (It doesn't have dynamic exports). So it's known statically that the requested export doesn't exist.

Import traces:
  Client Component Browser:
    ./app/progress-bar/page.tsx [Client Component Browser]
    ./app/progress-bar/page.tsx [Server Component]

  Client Component SSR:
    ./app/progress-bar/page.tsx [Client Component SSR]
    ./app/progress-bar/page.tsx [Server Component] @ http://localhost:4200/_next/static/chunks/0aus_next_dist_00tg.dm._.js:1945
[   23270ms] [ERROR] ./app/progress-bar/page.tsx:20:1
Export designsPrompt doesn't exist in target module
  18 | } from "@/components/progress-inspector";
  19 | import { copyText } from "@/lib/utils";
> 20 | import { designsPrompt, INSTALL_CMD, usageSnippet } from "./snippet";
     | ^^^^^^^^^^^^^^^^^^^^^^^^^^^^^^^^^^^^^^^^^^^^^^^^^^^^^^^^^^^^^^^^^^^^^
  21 |
  22 | // Two looks, each with a light and a dark base. The page follows the app theme;
  23 | // the only choice it offers is which look you're editing. Name + value together

The export designsPrompt was not found in module [project]/app/progress-bar/snippet.ts [app-ssr] (ecmascript).
Did you mean to import designPrompt?
All exports of the module are statically known (It doesn't have dynamic exports). So it's known statically that the requested export doesn't exist.

Import traces:
  Client Component Browser:
    ./app/progress-bar/page.tsx [Client Component Browser]
    ./app/progress-bar/page.tsx [Server Component]

  Client Component SSR:
    ./app/progress-bar/page.tsx [Client Component SSR]
    ./app/progress-bar/page.tsx [Server Component] @ http://localhost:4200/_next/static/chunks/0aus_next_dist_00tg.dm._.js:1945
[   23294ms] [LOG] [Fast Refresh] rebuilding @ http://localhost:4200/_next/static/chunks/0aus_next_dist_00tg.dm._.js:1226
[   23436ms] [LOG] [Fast Refresh] rebuilding @ http://localhost:4200/_next/static/chunks/0aus_next_dist_00tg.dm._.js:1226
[   23466ms] [ERROR] ./app/progress-bar/page.tsx:20:1
Export designsPrompt doesn't exist in target module
  18 | } from "@/components/progress-inspector";
  19 | import { copyText } from "@/lib/utils";
> 20 | import { designsPrompt, INSTALL_CMD, usageSnippet } from "./snippet";
     | ^^^^^^^^^^^^^^^^^^^^^^^^^^^^^^^^^^^^^^^^^^^^^^^^^^^^^^^^^^^^^^^^^^^^^
  21 |
  22 | // Two looks, each with a light and a dark base. The page follows the app theme;
  23 | // the only choice it offers is which look you're editing. Name + value together

The export designsPrompt was not found in module [project]/app/progress-bar/snippet.ts [app-client] (ecmascript).
Did you mean to import designPrompt?
All exports of the module are statically known (It doesn't have dynamic exports). So it's known statically that the requested export doesn't exist.

Import traces:
  Client Component Browser:
    ./app/progress-bar/page.tsx [Client Component Browser]
    ./app/progress-bar/page.tsx [Server Component]

  Client Component SSR:
    ./app/progress-bar/page.tsx [Client Component SSR]
    ./app/progress-bar/page.tsx [Server Component] @ http://localhost:4200/_next/static/chunks/0aus_next_dist_00tg.dm._.js:1945
[   23466ms] [ERROR] ./app/progress-bar/page.tsx:20:1
Export designsPrompt doesn't exist in target module
  18 | } from "@/components/progress-inspector";
  19 | import { copyText } from "@/lib/utils";
> 20 | import { designsPrompt, INSTALL_CMD, usageSnippet } from "./snippet";
     | ^^^^^^^^^^^^^^^^^^^^^^^^^^^^^^^^^^^^^^^^^^^^^^^^^^^^^^^^^^^^^^^^^^^^^
  21 |
  22 | // Two looks, each with a light and a dark base. The page follows the app theme;
  23 | // the only choice it offers is which look you're editing. Name + value together

The export designsPrompt was not found in module [project]/app/progress-bar/snippet.ts [app-ssr] (ecmascript).
Did you mean to import designPrompt?
All exports of the module are statically known (It doesn't have dynamic exports). So it's known statically that the requested export doesn't exist.

Import traces:
  Client Component Browser:
    ./app/progress-bar/page.tsx [Client Component Browser]
    ./app/progress-bar/page.tsx [Server Component]

  Client Component SSR:
    ./app/progress-bar/page.tsx [Client Component SSR]
    ./app/progress-bar/page.tsx [Server Component] @ http://localhost:4200/_next/static/chunks/0aus_next_dist_00tg.dm._.js:1945
[   23571ms] [ERROR] ./app/progress-bar/page.tsx:20:1
Export designsPrompt doesn't exist in target module
  18 | } from "@/components/progress-inspector";
  19 | import { copyText } from "@/lib/utils";
> 20 | import { designsPrompt, INSTALL_CMD, usageSnippet } from "./snippet";
     | ^^^^^^^^^^^^^^^^^^^^^^^^^^^^^^^^^^^^^^^^^^^^^^^^^^^^^^^^^^^^^^^^^^^^^
  21 |
  22 | // Two looks, each with a light and a dark base. The page follows the app theme;
  23 | // the only choice it offers is which look you're editing. Name + value together

The export designsPrompt was not found in module [project]/app/progress-bar/snippet.ts [app-client] (ecmascript).
Did you mean to import designPrompt?
All exports of the module are statically known (It doesn't have dynamic exports). So it's known statically that the requested export doesn't exist.

Import traces:
  Client Component Browser:
    ./app/progress-bar/page.tsx [Client Component Browser]
    ./app/progress-bar/page.tsx [Server Component]

  Client Component SSR:
    ./app/progress-bar/page.tsx [Client Component SSR]
    ./app/progress-bar/page.tsx [Server Component] @ http://localhost:4200/_next/static/chunks/0aus_next_dist_00tg.dm._.js:1945
[   23571ms] [ERROR] ./app/progress-bar/page.tsx:20:1
Export designsPrompt doesn't exist in target module
  18 | } from "@/components/progress-inspector";
  19 | import { copyText } from "@/lib/utils";
> 20 | import { designsPrompt, INSTALL_CMD, usageSnippet } from "./snippet";
     | ^^^^^^^^^^^^^^^^^^^^^^^^^^^^^^^^^^^^^^^^^^^^^^^^^^^^^^^^^^^^^^^^^^^^^
  21 |
  22 | // Two looks, each with a light and a dark base. The page follows the app theme;
  23 | // the only choice it offers is which look you're editing. Name + value together

The export designsPrompt was not found in module [project]/app/progress-bar/snippet.ts [app-ssr] (ecmascript).
Did you mean to import designPrompt?
All exports of the module are statically known (It doesn't have dynamic exports). So it's known statically that the requested export doesn't exist.

Import traces:
  Client Component Browser:
    ./app/progress-bar/page.tsx [Client Component Browser]
    ./app/progress-bar/page.tsx [Server Component]

  Client Component SSR:
    ./app/progress-bar/page.tsx [Client Component SSR]
    ./app/progress-bar/page.tsx [Server Component] @ http://localhost:4200/_next/static/chunks/0aus_next_dist_00tg.dm._.js:1945
[   23578ms] [ERROR] ./app/progress-bar/page.tsx:20:1
Export designsPrompt doesn't exist in target module
  18 | } from "@/components/progress-inspector";
  19 | import { copyText } from "@/lib/utils";
> 20 | import { designsPrompt, INSTALL_CMD, usageSnippet } from "./snippet";
     | ^^^^^^^^^^^^^^^^^^^^^^^^^^^^^^^^^^^^^^^^^^^^^^^^^^^^^^^^^^^^^^^^^^^^^
  21 |
  22 | // Two looks, each with a light and a dark base. The page follows the app theme;
  23 | // the only choice it offers is which look you're editing. Name + value together

The export designsPrompt was not found in module [project]/app/progress-bar/snippet.ts [app-client] (ecmascript).
Did you mean to import designPrompt?
All exports of the module are statically known (It doesn't have dynamic exports). So it's known statically that the requested export doesn't exist.

Import traces:
  Client Component Browser:
    ./app/progress-bar/page.tsx [Client Component Browser]
    ./app/progress-bar/page.tsx [Server Component]

  Client Component SSR:
    ./app/progress-bar/page.tsx [Client Component SSR]
    ./app/progress-bar/page.tsx [Server Component] @ http://localhost:4200/_next/static/chunks/0aus_next_dist_00tg.dm._.js:1945
[   23578ms] [ERROR] ./app/progress-bar/page.tsx:20:1
Export designsPrompt doesn't exist in target module
  18 | } from "@/components/progress-inspector";
  19 | import { copyText } from "@/lib/utils";
> 20 | import { designsPrompt, INSTALL_CMD, usageSnippet } from "./snippet";
     | ^^^^^^^^^^^^^^^^^^^^^^^^^^^^^^^^^^^^^^^^^^^^^^^^^^^^^^^^^^^^^^^^^^^^^
  21 |
  22 | // Two looks, each with a light and a dark base. The page follows the app theme;
  23 | // the only choice it offers is which look you're editing. Name + value together

The export designsPrompt was not found in module [project]/app/progress-bar/snippet.ts [app-ssr] (ecmascript).
Did you mean to import designPrompt?
All exports of the module are statically known (It doesn't have dynamic exports). So it's known statically that the requested export doesn't exist.

Import traces:
  Client Component Browser:
    ./app/progress-bar/page.tsx [Client Component Browser]
    ./app/progress-bar/page.tsx [Server Component]

  Client Component SSR:
    ./app/progress-bar/page.tsx [Client Component SSR]
    ./app/progress-bar/page.tsx [Server Component] @ http://localhost:4200/_next/static/chunks/0aus_next_dist_00tg.dm._.js:1945
[   23673ms] [LOG] [Fast Refresh] rebuilding @ http://localhost:4200/_next/static/chunks/0aus_next_dist_00tg.dm._.js:1226
[   23814ms] [ERROR] ./app/progress-bar/page.tsx:20:1
Export designsPrompt doesn't exist in target module
  18 | } from "@/components/progress-inspector";
  19 | import { copyText } from "@/lib/utils";
> 20 | import { designsPrompt, INSTALL_CMD, usageSnippet } from "./snippet";
     | ^^^^^^^^^^^^^^^^^^^^^^^^^^^^^^^^^^^^^^^^^^^^^^^^^^^^^^^^^^^^^^^^^^^^^
  21 |
  22 | // Two looks, each with a light and a dark base. The page follows the app theme;
  23 | // the only choice it offers is which look you're editing. Name + value together

The export designsPrompt was not found in module [project]/app/progress-bar/snippet.ts [app-client] (ecmascript).
Did you mean to import designPrompt?
All exports of the module are statically known (It doesn't have dynamic exports). So it's known statically that the requested export doesn't exist.

Import traces:
  Client Component Browser:
    ./app/progress-bar/page.tsx [Client Component Browser]
    ./app/progress-bar/page.tsx [Server Component]

  Client Component SSR:
    ./app/progress-bar/page.tsx [Client Component SSR]
    ./app/progress-bar/page.tsx [Server Component] @ http://localhost:4200/_next/static/chunks/0aus_next_dist_00tg.dm._.js:1945
[   23815ms] [ERROR] ./app/progress-bar/page.tsx:20:1
Export designsPrompt doesn't exist in target module
  18 | } from "@/components/progress-inspector";
  19 | import { copyText } from "@/lib/utils";
> 20 | import { designsPrompt, INSTALL_CMD, usageSnippet } from "./snippet";
     | ^^^^^^^^^^^^^^^^^^^^^^^^^^^^^^^^^^^^^^^^^^^^^^^^^^^^^^^^^^^^^^^^^^^^^
  21 |
  22 | // Two looks, each with a light and a dark base. The page follows the app theme;
  23 | // the only choice it offers is which look you're editing. Name + value together

The export designsPrompt was not found in module [project]/app/progress-bar/snippet.ts [app-ssr] (ecmascript).
Did you mean to import designPrompt?
All exports of the module are statically known (It doesn't have dynamic exports). So it's known statically that the requested export doesn't exist.

Import traces:
  Client Component Browser:
    ./app/progress-bar/page.tsx [Client Component Browser]
    ./app/progress-bar/page.tsx [Server Component]

  Client Component SSR:
    ./app/progress-bar/page.tsx [Client Component SSR]
    ./app/progress-bar/page.tsx [Server Component] @ http://localhost:4200/_next/static/chunks/0aus_next_dist_00tg.dm._.js:1945
[   23887ms] [ERROR] ./app/progress-bar/page.tsx:20:1
Export designsPrompt doesn't exist in target module
  18 | } from "@/components/progress-inspector";
  19 | import { copyText } from "@/lib/utils";
> 20 | import { designsPrompt, INSTALL_CMD, usageSnippet } from "./snippet";
     | ^^^^^^^^^^^^^^^^^^^^^^^^^^^^^^^^^^^^^^^^^^^^^^^^^^^^^^^^^^^^^^^^^^^^^
  21 |
  22 | // Two looks, each with a light and a dark base. The page follows the app theme;
  23 | // the only choice it offers is which look you're editing. Name + value together

The export designsPrompt was not found in module [project]/app/progress-bar/snippet.ts [app-client] (ecmascript).
Did you mean to import designPrompt?
All exports of the module are statically known (It doesn't have dynamic exports). So it's known statically that the requested export doesn't exist.

Import traces:
  Client Component Browser:
    ./app/progress-bar/page.tsx [Client Component Browser]
    ./app/progress-bar/page.tsx [Server Component]

  Client Component SSR:
    ./app/progress-bar/page.tsx [Client Component SSR]
    ./app/progress-bar/page.tsx [Server Component] @ http://localhost:4200/_next/static/chunks/0aus_next_dist_00tg.dm._.js:1945
[   23887ms] [ERROR] ./app/progress-bar/page.tsx:20:1
Export designsPrompt doesn't exist in target module
  18 | } from "@/components/progress-inspector";
  19 | import { copyText } from "@/lib/utils";
> 20 | import { designsPrompt, INSTALL_CMD, usageSnippet } from "./snippet";
     | ^^^^^^^^^^^^^^^^^^^^^^^^^^^^^^^^^^^^^^^^^^^^^^^^^^^^^^^^^^^^^^^^^^^^^
  21 |
  22 | // Two looks, each with a light and a dark base. The page follows the app theme;
  23 | // the only choice it offers is which look you're editing. Name + value together

The export designsPrompt was not found in module [project]/app/progress-bar/snippet.ts [app-ssr] (ecmascript).
Did you mean to import designPrompt?
All exports of the module are statically known (It doesn't have dynamic exports). So it's known statically that the requested export doesn't exist.

Import traces:
  Client Component Browser:
    ./app/progress-bar/page.tsx [Client Component Browser]
    ./app/progress-bar/page.tsx [Server Component]

  Client Component SSR:
    ./app/progress-bar/page.tsx [Client Component SSR]
    ./app/progress-bar/page.tsx [Server Component] @ http://localhost:4200/_next/static/chunks/0aus_next_dist_00tg.dm._.js:1945
[   23960ms] [ERROR] ./app/progress-bar/page.tsx:20:1
Export designsPrompt doesn't exist in target module
  18 | } from "@/components/progress-inspector";
  19 | import { copyText } from "@/lib/utils";
> 20 | import { designsPrompt, INSTALL_CMD, usageSnippet } from "./snippet";
     | ^^^^^^^^^^^^^^^^^^^^^^^^^^^^^^^^^^^^^^^^^^^^^^^^^^^^^^^^^^^^^^^^^^^^^
  21 |
  22 | // Two looks, each with a light and a dark base. The page follows the app theme;
  23 | // the only choice it offers is which look you're editing. Name + value together

The export designsPrompt was not found in module [project]/app/progress-bar/snippet.ts [app-client] (ecmascript).
Did you mean to import designPrompt?
All exports of the module are statically known (It doesn't have dynamic exports). So it's known statically that the requested export doesn't exist.

Import traces:
  Client Component Browser:
    ./app/progress-bar/page.tsx [Client Component Browser]
    ./app/progress-bar/page.tsx [Server Component]

  Client Component SSR:
    ./app/progress-bar/page.tsx [Client Component SSR]
    ./app/progress-bar/page.tsx [Server Component] @ http://localhost:4200/_next/static/chunks/0aus_next_dist_00tg.dm._.js:1945
[   23960ms] [ERROR] ./app/progress-bar/page.tsx:20:1
Export designsPrompt doesn't exist in target module
  18 | } from "@/components/progress-inspector";
  19 | import { copyText } from "@/lib/utils";
> 20 | import { designsPrompt, INSTALL_CMD, usageSnippet } from "./snippet";
     | ^^^^^^^^^^^^^^^^^^^^^^^^^^^^^^^^^^^^^^^^^^^^^^^^^^^^^^^^^^^^^^^^^^^^^
  21 |
  22 | // Two looks, each with a light and a dark base. The page follows the app theme;
  23 | // the only choice it offers is which look you're editing. Name + value together

The export designsPrompt was not found in module [project]/app/progress-bar/snippet.ts [app-ssr] (ecmascript).
Did you mean to import designPrompt?
All exports of the module are statically known (It doesn't have dynamic exports). So it's known statically that the requested export doesn't exist.

Import traces:
  Client Component Browser:
    ./app/progress-bar/page.tsx [Client Component Browser]
    ./app/progress-bar/page.tsx [Server Component]

  Client Component SSR:
    ./app/progress-bar/page.tsx [Client Component SSR]
    ./app/progress-bar/page.tsx [Server Component] @ http://localhost:4200/_next/static/chunks/0aus_next_dist_00tg.dm._.js:1945
[   24031ms] [ERROR] ./app/progress-bar/page.tsx:20:1
Export designsPrompt doesn't exist in target module
  18 | } from "@/components/progress-inspector";
  19 | import { copyText } from "@/lib/utils";
> 20 | import { designsPrompt, INSTALL_CMD, usageSnippet } from "./snippet";
     | ^^^^^^^^^^^^^^^^^^^^^^^^^^^^^^^^^^^^^^^^^^^^^^^^^^^^^^^^^^^^^^^^^^^^^
  21 |
  22 | // Two looks, each with a light and a dark base. The page follows the app theme;
  23 | // the only choice it offers is which look you're editing. Name + value together

The export designsPrompt was not found in module [project]/app/progress-bar/snippet.ts [app-client] (ecmascript).
Did you mean to import designPrompt?
All exports of the module are statically known (It doesn't have dynamic exports). So it's known statically that the requested export doesn't exist.

Import traces:
  Client Component Browser:
    ./app/progress-bar/page.tsx [Client Component Browser]
    ./app/progress-bar/page.tsx [Server Component]

  Client Component SSR:
    ./app/progress-bar/page.tsx [Client Component SSR]
    ./app/progress-bar/page.tsx [Server Component] @ http://localhost:4200/_next/static/chunks/0aus_next_dist_00tg.dm._.js:1945
[   24031ms] [ERROR] ./app/progress-bar/page.tsx:20:1
Export designsPrompt doesn't exist in target module
  18 | } from "@/components/progress-inspector";
  19 | import { copyText } from "@/lib/utils";
> 20 | import { designsPrompt, INSTALL_CMD, usageSnippet } from "./snippet";
     | ^^^^^^^^^^^^^^^^^^^^^^^^^^^^^^^^^^^^^^^^^^^^^^^^^^^^^^^^^^^^^^^^^^^^^
  21 |
  22 | // Two looks, each with a light and a dark base. The page follows the app theme;
  23 | // the only choice it offers is which look you're editing. Name + value together

The export designsPrompt was not found in module [project]/app/progress-bar/snippet.ts [app-ssr] (ecmascript).
Did you mean to import designPrompt?
All exports of the module are statically known (It doesn't have dynamic exports). So it's known statically that the requested export doesn't exist.

Import traces:
  Client Component Browser:
    ./app/progress-bar/page.tsx [Client Component Browser]
    ./app/progress-bar/page.tsx [Server Component]

  Client Component SSR:
    ./app/progress-bar/page.tsx [Client Component SSR]
    ./app/progress-bar/page.tsx [Server Component] @ http://localhost:4200/_next/static/chunks/0aus_next_dist_00tg.dm._.js:1945
[   24105ms] [ERROR] ./app/progress-bar/page.tsx:20:1
Export designsPrompt doesn't exist in target module
  18 | } from "@/components/progress-inspector";
  19 | import { copyText } from "@/lib/utils";
> 20 | import { designsPrompt, INSTALL_CMD, usageSnippet } from "./snippet";
     | ^^^^^^^^^^^^^^^^^^^^^^^^^^^^^^^^^^^^^^^^^^^^^^^^^^^^^^^^^^^^^^^^^^^^^
  21 |
  22 | // Two looks, each with a light and a dark base. The page follows the app theme;
  23 | // the only choice it offers is which look you're editing. Name + value together

The export designsPrompt was not found in module [project]/app/progress-bar/snippet.ts [app-client] (ecmascript).
Did you mean to import designPrompt?
All exports of the module are statically known (It doesn't have dynamic exports). So it's known statically that the requested export doesn't exist.

Import traces:
  Client Component Browser:
    ./app/progress-bar/page.tsx [Client Component Browser]
    ./app/progress-bar/page.tsx [Server Component]

  Client Component SSR:
    ./app/progress-bar/page.tsx [Client Component SSR]
    ./app/progress-bar/page.tsx [Server Component] @ http://localhost:4200/_next/static/chunks/0aus_next_dist_00tg.dm._.js:1945
[   24105ms] [ERROR] ./app/progress-bar/page.tsx:20:1
Export designsPrompt doesn't exist in target module
  18 | } from "@/components/progress-inspector";
  19 | import { copyText } from "@/lib/utils";
> 20 | import { designsPrompt, INSTALL_CMD, usageSnippet } from "./snippet";
     | ^^^^^^^^^^^^^^^^^^^^^^^^^^^^^^^^^^^^^^^^^^^^^^^^^^^^^^^^^^^^^^^^^^^^^
  21 |
  22 | // Two looks, each with a light and a dark base. The page follows the app theme;
  23 | // the only choice it offers is which look you're editing. Name + value together

The export designsPrompt was not found in module [project]/app/progress-bar/snippet.ts [app-ssr] (ecmascript).
Did you mean to import designPrompt?
All exports of the module are statically known (It doesn't have dynamic exports). So it's known statically that the requested export doesn't exist.

Import traces:
  Client Component Browser:
    ./app/progress-bar/page.tsx [Client Component Browser]
    ./app/progress-bar/page.tsx [Server Component]

  Client Component SSR:
    ./app/progress-bar/page.tsx [Client Component SSR]
    ./app/progress-bar/page.tsx [Server Component] @ http://localhost:4200/_next/static/chunks/0aus_next_dist_00tg.dm._.js:1945
[   24176ms] [ERROR] ./app/progress-bar/page.tsx:20:1
Export designsPrompt doesn't exist in target module
  18 | } from "@/components/progress-inspector";
  19 | import { copyText } from "@/lib/utils";
> 20 | import { designsPrompt, INSTALL_CMD, usageSnippet } from "./snippet";
     | ^^^^^^^^^^^^^^^^^^^^^^^^^^^^^^^^^^^^^^^^^^^^^^^^^^^^^^^^^^^^^^^^^^^^^
  21 |
  22 | // Two looks, each with a light and a dark base. The page follows the app theme;
  23 | // the only choice it offers is which look you're editing. Name + value together

The export designsPrompt was not found in module [project]/app/progress-bar/snippet.ts [app-client] (ecmascript).
Did you mean to import designPrompt?
All exports of the module are statically known (It doesn't have dynamic exports). So it's known statically that the requested export doesn't exist.

Import traces:
  Client Component Browser:
    ./app/progress-bar/page.tsx [Client Component Browser]
    ./app/progress-bar/page.tsx [Server Component]

  Client Component SSR:
    ./app/progress-bar/page.tsx [Client Component SSR]
    ./app/progress-bar/page.tsx [Server Component] @ http://localhost:4200/_next/static/chunks/0aus_next_dist_00tg.dm._.js:1945
[   24176ms] [ERROR] ./app/progress-bar/page.tsx:20:1
Export designsPrompt doesn't exist in target module
  18 | } from "@/components/progress-inspector";
  19 | import { copyText } from "@/lib/utils";
> 20 | import { designsPrompt, INSTALL_CMD, usageSnippet } from "./snippet";
     | ^^^^^^^^^^^^^^^^^^^^^^^^^^^^^^^^^^^^^^^^^^^^^^^^^^^^^^^^^^^^^^^^^^^^^
  21 |
  22 | // Two looks, each with a light and a dark base. The page follows the app theme;
  23 | // the only choice it offers is which look you're editing. Name + value together

The export designsPrompt was not found in module [project]/app/progress-bar/snippet.ts [app-ssr] (ecmascript).
Did you mean to import designPrompt?
All exports of the module are statically known (It doesn't have dynamic exports). So it's known statically that the requested export doesn't exist.

Import traces:
  Client Component Browser:
    ./app/progress-bar/page.tsx [Client Component Browser]
    ./app/progress-bar/page.tsx [Server Component]

  Client Component SSR:
    ./app/progress-bar/page.tsx [Client Component SSR]
    ./app/progress-bar/page.tsx [Server Component] @ http://localhost:4200/_next/static/chunks/0aus_next_dist_00tg.dm._.js:1945
[   24246ms] [ERROR] ./app/progress-bar/page.tsx:20:1
Export designsPrompt doesn't exist in target module
  18 | } from "@/components/progress-inspector";
  19 | import { copyText } from "@/lib/utils";
> 20 | import { designsPrompt, INSTALL_CMD, usageSnippet } from "./snippet";
     | ^^^^^^^^^^^^^^^^^^^^^^^^^^^^^^^^^^^^^^^^^^^^^^^^^^^^^^^^^^^^^^^^^^^^^
  21 |
  22 | // Two looks, each with a light and a dark base. The page follows the app theme;
  23 | // the only choice it offers is which look you're editing. Name + value together

The export designsPrompt was not found in module [project]/app/progress-bar/snippet.ts [app-client] (ecmascript).
Did you mean to import designPrompt?
All exports of the module are statically known (It doesn't have dynamic exports). So it's known statically that the requested export doesn't exist.

Import traces:
  Client Component Browser:
    ./app/progress-bar/page.tsx [Client Component Browser]
    ./app/progress-bar/page.tsx [Server Component]

  Client Component SSR:
    ./app/progress-bar/page.tsx [Client Component SSR]
    ./app/progress-bar/page.tsx [Server Component] @ http://localhost:4200/_next/static/chunks/0aus_next_dist_00tg.dm._.js:1945
[   24246ms] [ERROR] ./app/progress-bar/page.tsx:20:1
Export designsPrompt doesn't exist in target module
  18 | } from "@/components/progress-inspector";
  19 | import { copyText } from "@/lib/utils";
> 20 | import { designsPrompt, INSTALL_CMD, usageSnippet } from "./snippet";
     | ^^^^^^^^^^^^^^^^^^^^^^^^^^^^^^^^^^^^^^^^^^^^^^^^^^^^^^^^^^^^^^^^^^^^^
  21 |
  22 | // Two looks, each with a light and a dark base. The page follows the app theme;
  23 | // the only choice it offers is which look you're editing. Name + value together

The export designsPrompt was not found in module [project]/app/progress-bar/snippet.ts [app-ssr] (ecmascript).
Did you mean to import designPrompt?
All exports of the module are statically known (It doesn't have dynamic exports). So it's known statically that the requested export doesn't exist.

Import traces:
  Client Component Browser:
    ./app/progress-bar/page.tsx [Client Component Browser]
    ./app/progress-bar/page.tsx [Server Component]

  Client Component SSR:
    ./app/progress-bar/page.tsx [Client Component SSR]
    ./app/progress-bar/page.tsx [Server Component] @ http://localhost:4200/_next/static/chunks/0aus_next_dist_00tg.dm._.js:1945
[   24318ms] [ERROR] ./app/progress-bar/page.tsx:20:1
Export designsPrompt doesn't exist in target module
  18 | } from "@/components/progress-inspector";
  19 | import { copyText } from "@/lib/utils";
> 20 | import { designsPrompt, INSTALL_CMD, usageSnippet } from "./snippet";
     | ^^^^^^^^^^^^^^^^^^^^^^^^^^^^^^^^^^^^^^^^^^^^^^^^^^^^^^^^^^^^^^^^^^^^^
  21 |
  22 | // Two looks, each with a light and a dark base. The page follows the app theme;
  23 | // the only choice it offers is which look you're editing. Name + value together

The export designsPrompt was not found in module [project]/app/progress-bar/snippet.ts [app-client] (ecmascript).
Did you mean to import designPrompt?
All exports of the module are statically known (It doesn't have dynamic exports). So it's known statically that the requested export doesn't exist.

Import traces:
  Client Component Browser:
    ./app/progress-bar/page.tsx [Client Component Browser]
    ./app/progress-bar/page.tsx [Server Component]

  Client Component SSR:
    ./app/progress-bar/page.tsx [Client Component SSR]
    ./app/progress-bar/page.tsx [Server Component] @ http://localhost:4200/_next/static/chunks/0aus_next_dist_00tg.dm._.js:1945
[   24318ms] [ERROR] ./app/progress-bar/page.tsx:20:1
Export designsPrompt doesn't exist in target module
  18 | } from "@/components/progress-inspector";
  19 | import { copyText } from "@/lib/utils";
> 20 | import { designsPrompt, INSTALL_CMD, usageSnippet } from "./snippet";
     | ^^^^^^^^^^^^^^^^^^^^^^^^^^^^^^^^^^^^^^^^^^^^^^^^^^^^^^^^^^^^^^^^^^^^^
  21 |
  22 | // Two looks, each with a light and a dark base. The page follows the app theme;
  23 | // the only choice it offers is which look you're editing. Name + value together

The export designsPrompt was not found in module [project]/app/progress-bar/snippet.ts [app-ssr] (ecmascript).
Did you mean to import designPrompt?
All exports of the module are statically known (It doesn't have dynamic exports). So it's known statically that the requested export doesn't exist.

Import traces:
  Client Component Browser:
    ./app/progress-bar/page.tsx [Client Component Browser]
    ./app/progress-bar/page.tsx [Server Component]

  Client Component SSR:
    ./app/progress-bar/page.tsx [Client Component SSR]
    ./app/progress-bar/page.tsx [Server Component] @ http://localhost:4200/_next/static/chunks/0aus_next_dist_00tg.dm._.js:1945
[   24390ms] [ERROR] ./app/progress-bar/page.tsx:20:1
Export designsPrompt doesn't exist in target module
  18 | } from "@/components/progress-inspector";
  19 | import { copyText } from "@/lib/utils";
> 20 | import { designsPrompt, INSTALL_CMD, usageSnippet } from "./snippet";
     | ^^^^^^^^^^^^^^^^^^^^^^^^^^^^^^^^^^^^^^^^^^^^^^^^^^^^^^^^^^^^^^^^^^^^^
  21 |
  22 | // Two looks, each with a light and a dark base. The page follows the app theme;
  23 | // the only choice it offers is which look you're editing. Name + value together

The export designsPrompt was not found in module [project]/app/progress-bar/snippet.ts [app-client] (ecmascript).
Did you mean to import designPrompt?
All exports of the module are statically known (It doesn't have dynamic exports). So it's known statically that the requested export doesn't exist.

Import traces:
  Client Component Browser:
    ./app/progress-bar/page.tsx [Client Component Browser]
    ./app/progress-bar/page.tsx [Server Component]

  Client Component SSR:
    ./app/progress-bar/page.tsx [Client Component SSR]
    ./app/progress-bar/page.tsx [Server Component] @ http://localhost:4200/_next/static/chunks/0aus_next_dist_00tg.dm._.js:1945
[   24390ms] [ERROR] ./app/progress-bar/page.tsx:20:1
Export designsPrompt doesn't exist in target module
  18 | } from "@/components/progress-inspector";
  19 | import { copyText } from "@/lib/utils";
> 20 | import { designsPrompt, INSTALL_CMD, usageSnippet } from "./snippet";
     | ^^^^^^^^^^^^^^^^^^^^^^^^^^^^^^^^^^^^^^^^^^^^^^^^^^^^^^^^^^^^^^^^^^^^^
  21 |
  22 | // Two looks, each with a light and a dark base. The page follows the app theme;
  23 | // the only choice it offers is which look you're editing. Name + value together

The export designsPrompt was not found in module [project]/app/progress-bar/snippet.ts [app-ssr] (ecmascript).
Did you mean to import designPrompt?
All exports of the module are statically known (It doesn't have dynamic exports). So it's known statically that the requested export doesn't exist.

Import traces:
  Client Component Browser:
    ./app/progress-bar/page.tsx [Client Component Browser]
    ./app/progress-bar/page.tsx [Server Component]

  Client Component SSR:
    ./app/progress-bar/page.tsx [Client Component SSR]
    ./app/progress-bar/page.tsx [Server Component] @ http://localhost:4200/_next/static/chunks/0aus_next_dist_00tg.dm._.js:1945
[   24461ms] [ERROR] ./app/progress-bar/page.tsx:20:1
Export designsPrompt doesn't exist in target module
  18 | } from "@/components/progress-inspector";
  19 | import { copyText } from "@/lib/utils";
> 20 | import { designsPrompt, INSTALL_CMD, usageSnippet } from "./snippet";
     | ^^^^^^^^^^^^^^^^^^^^^^^^^^^^^^^^^^^^^^^^^^^^^^^^^^^^^^^^^^^^^^^^^^^^^
  21 |
  22 | // Two looks, each with a light and a dark base. The page follows the app theme;
  23 | // the only choice it offers is which look you're editing. Name + value together

The export designsPrompt was not found in module [project]/app/progress-bar/snippet.ts [app-client] (ecmascript).
Did you mean to import designPrompt?
All exports of the module are statically known (It doesn't have dynamic exports). So it's known statically that the requested export doesn't exist.

Import traces:
  Client Component Browser:
    ./app/progress-bar/page.tsx [Client Component Browser]
    ./app/progress-bar/page.tsx [Server Component]

  Client Component SSR:
    ./app/progress-bar/page.tsx [Client Component SSR]
    ./app/progress-bar/page.tsx [Server Component] @ http://localhost:4200/_next/static/chunks/0aus_next_dist_00tg.dm._.js:1945
[   24461ms] [ERROR] ./app/progress-bar/page.tsx:20:1
Export designsPrompt doesn't exist in target module
  18 | } from "@/components/progress-inspector";
  19 | import { copyText } from "@/lib/utils";
> 20 | import { designsPrompt, INSTALL_CMD, usageSnippet } from "./snippet";
     | ^^^^^^^^^^^^^^^^^^^^^^^^^^^^^^^^^^^^^^^^^^^^^^^^^^^^^^^^^^^^^^^^^^^^^
  21 |
  22 | // Two looks, each with a light and a dark base. The page follows the app theme;
  23 | // the only choice it offers is which look you're editing. Name + value together

The export designsPrompt was not found in module [project]/app/progress-bar/snippet.ts [app-ssr] (ecmascript).
Did you mean to import designPrompt?
All exports of the module are statically known (It doesn't have dynamic exports). So it's known statically that the requested export doesn't exist.

Import traces:
  Client Component Browser:
    ./app/progress-bar/page.tsx [Client Component Browser]
    ./app/progress-bar/page.tsx [Server Component]

  Client Component SSR:
    ./app/progress-bar/page.tsx [Client Component SSR]
    ./app/progress-bar/page.tsx [Server Component] @ http://localhost:4200/_next/static/chunks/0aus_next_dist_00tg.dm._.js:1945
[   24531ms] [ERROR] ./app/progress-bar/page.tsx:20:1
Export designsPrompt doesn't exist in target module
  18 | } from "@/components/progress-inspector";
  19 | import { copyText } from "@/lib/utils";
> 20 | import { designsPrompt, INSTALL_CMD, usageSnippet } from "./snippet";
     | ^^^^^^^^^^^^^^^^^^^^^^^^^^^^^^^^^^^^^^^^^^^^^^^^^^^^^^^^^^^^^^^^^^^^^
  21 |
  22 | // Two looks, each with a light and a dark base. The page follows the app theme;
  23 | // the only choice it offers is which look you're editing. Name + value together

The export designsPrompt was not found in module [project]/app/progress-bar/snippet.ts [app-client] (ecmascript).
Did you mean to import designPrompt?
All exports of the module are statically known (It doesn't have dynamic exports). So it's known statically that the requested export doesn't exist.

Import traces:
  Client Component Browser:
    ./app/progress-bar/page.tsx [Client Component Browser]
    ./app/progress-bar/page.tsx [Server Component]

  Client Component SSR:
    ./app/progress-bar/page.tsx [Client Component SSR]
    ./app/progress-bar/page.tsx [Server Component] @ http://localhost:4200/_next/static/chunks/0aus_next_dist_00tg.dm._.js:1945
[   24531ms] [ERROR] ./app/progress-bar/page.tsx:20:1
Export designsPrompt doesn't exist in target module
  18 | } from "@/components/progress-inspector";
  19 | import { copyText } from "@/lib/utils";
> 20 | import { designsPrompt, INSTALL_CMD, usageSnippet } from "./snippet";
     | ^^^^^^^^^^^^^^^^^^^^^^^^^^^^^^^^^^^^^^^^^^^^^^^^^^^^^^^^^^^^^^^^^^^^^
  21 |
  22 | // Two looks, each with a light and a dark base. The page follows the app theme;
  23 | // the only choice it offers is which look you're editing. Name + value together

The export designsPrompt was not found in module [project]/app/progress-bar/snippet.ts [app-ssr] (ecmascript).
Did you mean to import designPrompt?
All exports of the module are statically known (It doesn't have dynamic exports). So it's known statically that the requested export doesn't exist.

Import traces:
  Client Component Browser:
    ./app/progress-bar/page.tsx [Client Component Browser]
    ./app/progress-bar/page.tsx [Server Component]

  Client Component SSR:
    ./app/progress-bar/page.tsx [Client Component SSR]
    ./app/progress-bar/page.tsx [Server Component] @ http://localhost:4200/_next/static/chunks/0aus_next_dist_00tg.dm._.js:1945
[   24599ms] [ERROR] ./app/progress-bar/page.tsx:20:1
Export designsPrompt doesn't exist in target module
  18 | } from "@/components/progress-inspector";
  19 | import { copyText } from "@/lib/utils";
> 20 | import { designsPrompt, INSTALL_CMD, usageSnippet } from "./snippet";
     | ^^^^^^^^^^^^^^^^^^^^^^^^^^^^^^^^^^^^^^^^^^^^^^^^^^^^^^^^^^^^^^^^^^^^^
  21 |
  22 | // Two looks, each with a light and a dark base. The page follows the app theme;
  23 | // the only choice it offers is which look you're editing. Name + value together

The export designsPrompt was not found in module [project]/app/progress-bar/snippet.ts [app-client] (ecmascript).
Did you mean to import designPrompt?
All exports of the module are statically known (It doesn't have dynamic exports). So it's known statically that the requested export doesn't exist.

Import traces:
  Client Component Browser:
    ./app/progress-bar/page.tsx [Client Component Browser]
    ./app/progress-bar/page.tsx [Server Component]

  Client Component SSR:
    ./app/progress-bar/page.tsx [Client Component SSR]
    ./app/progress-bar/page.tsx [Server Component] @ http://localhost:4200/_next/static/chunks/0aus_next_dist_00tg.dm._.js:1945
[   24599ms] [ERROR] ./app/progress-bar/page.tsx:20:1
Export designsPrompt doesn't exist in target module
  18 | } from "@/components/progress-inspector";
  19 | import { copyText } from "@/lib/utils";
> 20 | import { designsPrompt, INSTALL_CMD, usageSnippet } from "./snippet";
     | ^^^^^^^^^^^^^^^^^^^^^^^^^^^^^^^^^^^^^^^^^^^^^^^^^^^^^^^^^^^^^^^^^^^^^
  21 |
  22 | // Two looks, each with a light and a dark base. The page follows the app theme;
  23 | // the only choice it offers is which look you're editing. Name + value together

The export designsPrompt was not found in module [project]/app/progress-bar/snippet.ts [app-ssr] (ecmascript).
Did you mean to import designPrompt?
All exports of the module are statically known (It doesn't have dynamic exports). So it's known statically that the requested export doesn't exist.

Import traces:
  Client Component Browser:
    ./app/progress-bar/page.tsx [Client Component Browser]
    ./app/progress-bar/page.tsx [Server Component]

  Client Component SSR:
    ./app/progress-bar/page.tsx [Client Component SSR]
    ./app/progress-bar/page.tsx [Server Component] @ http://localhost:4200/_next/static/chunks/0aus_next_dist_00tg.dm._.js:1945
[   24688ms] [ERROR] ./app/progress-bar/page.tsx:20:1
Export designsPrompt doesn't exist in target module
  18 | } from "@/components/progress-inspector";
  19 | import { copyText } from "@/lib/utils";
> 20 | import { designsPrompt, INSTALL_CMD, usageSnippet } from "./snippet";
     | ^^^^^^^^^^^^^^^^^^^^^^^^^^^^^^^^^^^^^^^^^^^^^^^^^^^^^^^^^^^^^^^^^^^^^
  21 |
  22 | // Two looks, each with a light and a dark base. The page follows the app theme;
  23 | // the only choice it offers is which look you're editing. Name + value together

The export designsPrompt was not found in module [project]/app/progress-bar/snippet.ts [app-client] (ecmascript).
Did you mean to import designPrompt?
All exports of the module are statically known (It doesn't have dynamic exports). So it's known statically that the requested export doesn't exist.

Import traces:
  Client Component Browser:
    ./app/progress-bar/page.tsx [Client Component Browser]
    ./app/progress-bar/page.tsx [Server Component]

  Client Component SSR:
    ./app/progress-bar/page.tsx [Client Component SSR]
    ./app/progress-bar/page.tsx [Server Component] @ http://localhost:4200/_next/static/chunks/0aus_next_dist_00tg.dm._.js:1945
[   24688ms] [ERROR] ./app/progress-bar/page.tsx:20:1
Export designsPrompt doesn't exist in target module
  18 | } from "@/components/progress-inspector";
  19 | import { copyText } from "@/lib/utils";
> 20 | import { designsPrompt, INSTALL_CMD, usageSnippet } from "./snippet";
     | ^^^^^^^^^^^^^^^^^^^^^^^^^^^^^^^^^^^^^^^^^^^^^^^^^^^^^^^^^^^^^^^^^^^^^
  21 |
  22 | // Two looks, each with a light and a dark base. The page follows the app theme;
  23 | // the only choice it offers is which look you're editing. Name + value together

The export designsPrompt was not found in module [project]/app/progress-bar/snippet.ts [app-ssr] (ecmascript).
Did you mean to import designPrompt?
All exports of the module are statically known (It doesn't have dynamic exports). So it's known statically that the requested export doesn't exist.

Import traces:
  Client Component Browser:
    ./app/progress-bar/page.tsx [Client Component Browser]
    ./app/progress-bar/page.tsx [Server Component]

  Client Component SSR:
    ./app/progress-bar/page.tsx [Client Component SSR]
    ./app/progress-bar/page.tsx [Server Component] @ http://localhost:4200/_next/static/chunks/0aus_next_dist_00tg.dm._.js:1945
[   24730ms] [LOG] [Fast Refresh] rebuilding @ http://localhost:4200/_next/static/chunks/0aus_next_dist_00tg.dm._.js:1226
[   24801ms] [ERROR] ./app/progress-bar/page.tsx:20:1
Export designsPrompt doesn't exist in target module
  18 | } from "@/components/progress-inspector";
  19 | import { copyText } from "@/lib/utils";
> 20 | import { designsPrompt, INSTALL_CMD, usageSnippet } from "./snippet";
     | ^^^^^^^^^^^^^^^^^^^^^^^^^^^^^^^^^^^^^^^^^^^^^^^^^^^^^^^^^^^^^^^^^^^^^
  21 |
  22 | // Two looks, each with a light and a dark base. The page follows the app theme;
  23 | // the only choice it offers is which look you're editing. Name + value together

The export designsPrompt was not found in module [project]/app/progress-bar/snippet.ts [app-client] (ecmascript).
Did you mean to import designPrompt?
All exports of the module are statically known (It doesn't have dynamic exports). So it's known statically that the requested export doesn't exist.

Import traces:
  Client Component Browser:
    ./app/progress-bar/page.tsx [Client Component Browser]
    ./app/progress-bar/page.tsx [Server Component]

  Client Component SSR:
    ./app/progress-bar/page.tsx [Client Component SSR]
    ./app/progress-bar/page.tsx [Server Component] @ http://localhost:4200/_next/static/chunks/0aus_next_dist_00tg.dm._.js:1945
[   24801ms] [ERROR] ./app/progress-bar/page.tsx:20:1
Export designsPrompt doesn't exist in target module
  18 | } from "@/components/progress-inspector";
  19 | import { copyText } from "@/lib/utils";
> 20 | import { designsPrompt, INSTALL_CMD, usageSnippet } from "./snippet";
     | ^^^^^^^^^^^^^^^^^^^^^^^^^^^^^^^^^^^^^^^^^^^^^^^^^^^^^^^^^^^^^^^^^^^^^
  21 |
  22 | // Two looks, each with a light and a dark base. The page follows the app theme;
  23 | // the only choice it offers is which look you're editing. Name + value together

The export designsPrompt was not found in module [project]/app/progress-bar/snippet.ts [app-ssr] (ecmascript).
Did you mean to import designPrompt?
All exports of the module are statically known (It doesn't have dynamic exports). So it's known statically that the requested export doesn't exist.

Import traces:
  Client Component Browser:
    ./app/progress-bar/page.tsx [Client Component Browser]
    ./app/progress-bar/page.tsx [Server Component]

  Client Component SSR:
    ./app/progress-bar/page.tsx [Client Component SSR]
    ./app/progress-bar/page.tsx [Server Component] @ http://localhost:4200/_next/static/chunks/0aus_next_dist_00tg.dm._.js:1945
[   24870ms] [ERROR] ./app/progress-bar/page.tsx:20:1
Export designsPrompt doesn't exist in target module
  18 | } from "@/components/progress-inspector";
  19 | import { copyText } from "@/lib/utils";
> 20 | import { designsPrompt, INSTALL_CMD, usageSnippet } from "./snippet";
     | ^^^^^^^^^^^^^^^^^^^^^^^^^^^^^^^^^^^^^^^^^^^^^^^^^^^^^^^^^^^^^^^^^^^^^
  21 |
  22 | // Two looks, each with a light and a dark base. The page follows the app theme;
  23 | // the only choice it offers is which look you're editing. Name + value together

The export designsPrompt was not found in module [project]/app/progress-bar/snippet.ts [app-client] (ecmascript).
Did you mean to import designPrompt?
All exports of the module are statically known (It doesn't have dynamic exports). So it's known statically that the requested export doesn't exist.

Import traces:
  Client Component Browser:
    ./app/progress-bar/page.tsx [Client Component Browser]
    ./app/progress-bar/page.tsx [Server Component]

  Client Component SSR:
    ./app/progress-bar/page.tsx [Client Component SSR]
    ./app/progress-bar/page.tsx [Server Component] @ http://localhost:4200/_next/static/chunks/0aus_next_dist_00tg.dm._.js:1945
[   24870ms] [ERROR] ./app/progress-bar/page.tsx:20:1
Export designsPrompt doesn't exist in target module
  18 | } from "@/components/progress-inspector";
  19 | import { copyText } from "@/lib/utils";
> 20 | import { designsPrompt, INSTALL_CMD, usageSnippet } from "./snippet";
     | ^^^^^^^^^^^^^^^^^^^^^^^^^^^^^^^^^^^^^^^^^^^^^^^^^^^^^^^^^^^^^^^^^^^^^
  21 |
  22 | // Two looks, each with a light and a dark base. The page follows the app theme;
  23 | // the only choice it offers is which look you're editing. Name + value together

The export designsPrompt was not found in module [project]/app/progress-bar/snippet.ts [app-ssr] (ecmascript).
Did you mean to import designPrompt?
All exports of the module are statically known (It doesn't have dynamic exports). So it's known statically that the requested export doesn't exist.

Import traces:
  Client Component Browser:
    ./app/progress-bar/page.tsx [Client Component Browser]
    ./app/progress-bar/page.tsx [Server Component]

  Client Component SSR:
    ./app/progress-bar/page.tsx [Client Component SSR]
    ./app/progress-bar/page.tsx [Server Component] @ http://localhost:4200/_next/static/chunks/0aus_next_dist_00tg.dm._.js:1945
[   24953ms] [ERROR] ./app/progress-bar/page.tsx:20:1
Export designsPrompt doesn't exist in target module
  18 | } from "@/components/progress-inspector";
  19 | import { copyText } from "@/lib/utils";
> 20 | import { designsPrompt, INSTALL_CMD, usageSnippet } from "./snippet";
     | ^^^^^^^^^^^^^^^^^^^^^^^^^^^^^^^^^^^^^^^^^^^^^^^^^^^^^^^^^^^^^^^^^^^^^
  21 |
  22 | // Two looks, each with a light and a dark base. The page follows the app theme;
  23 | // the only choice it offers is which look you're editing. Name + value together

The export designsPrompt was not found in module [project]/app/progress-bar/snippet.ts [app-client] (ecmascript).
Did you mean to import designPrompt?
All exports of the module are statically known (It doesn't have dynamic exports). So it's known statically that the requested export doesn't exist.

Import traces:
  Client Component Browser:
    ./app/progress-bar/page.tsx [Client Component Browser]
    ./app/progress-bar/page.tsx [Server Component]

  Client Component SSR:
    ./app/progress-bar/page.tsx [Client Component SSR]
    ./app/progress-bar/page.tsx [Server Component] @ http://localhost:4200/_next/static/chunks/0aus_next_dist_00tg.dm._.js:1945
[   24953ms] [ERROR] ./app/progress-bar/page.tsx:20:1
Export designsPrompt doesn't exist in target module
  18 | } from "@/components/progress-inspector";
  19 | import { copyText } from "@/lib/utils";
> 20 | import { designsPrompt, INSTALL_CMD, usageSnippet } from "./snippet";
     | ^^^^^^^^^^^^^^^^^^^^^^^^^^^^^^^^^^^^^^^^^^^^^^^^^^^^^^^^^^^^^^^^^^^^^
  21 |
  22 | // Two looks, each with a light and a dark base. The page follows the app theme;
  23 | // the only choice it offers is which look you're editing. Name + value together

The export designsPrompt was not found in module [project]/app/progress-bar/snippet.ts [app-ssr] (ecmascript).
Did you mean to import designPrompt?
All exports of the module are statically known (It doesn't have dynamic exports). So it's known statically that the requested export doesn't exist.

Import traces:
  Client Component Browser:
    ./app/progress-bar/page.tsx [Client Component Browser]
    ./app/progress-bar/page.tsx [Server Component]

  Client Component SSR:
    ./app/progress-bar/page.tsx [Client Component SSR]
    ./app/progress-bar/page.tsx [Server Component] @ http://localhost:4200/_next/static/chunks/0aus_next_dist_00tg.dm._.js:1945
[   25037ms] [ERROR] ./app/progress-bar/page.tsx:20:1
Export designsPrompt doesn't exist in target module
  18 | } from "@/components/progress-inspector";
  19 | import { copyText } from "@/lib/utils";
> 20 | import { designsPrompt, INSTALL_CMD, usageSnippet } from "./snippet";
     | ^^^^^^^^^^^^^^^^^^^^^^^^^^^^^^^^^^^^^^^^^^^^^^^^^^^^^^^^^^^^^^^^^^^^^
  21 |
  22 | // Two looks, each with a light and a dark base. The page follows the app theme;
  23 | // the only choice it offers is which look you're editing. Name + value together

The export designsPrompt was not found in module [project]/app/progress-bar/snippet.ts [app-client] (ecmascript).
Did you mean to import designPrompt?
All exports of the module are statically known (It doesn't have dynamic exports). So it's known statically that the requested export doesn't exist.

Import traces:
  Client Component Browser:
    ./app/progress-bar/page.tsx [Client Component Browser]
    ./app/progress-bar/page.tsx [Server Component]

  Client Component SSR:
    ./app/progress-bar/page.tsx [Client Component SSR]
    ./app/progress-bar/page.tsx [Server Component] @ http://localhost:4200/_next/static/chunks/0aus_next_dist_00tg.dm._.js:1945
[   25037ms] [ERROR] ./app/progress-bar/page.tsx:20:1
Export designsPrompt doesn't exist in target module
  18 | } from "@/components/progress-inspector";
  19 | import { copyText } from "@/lib/utils";
> 20 | import { designsPrompt, INSTALL_CMD, usageSnippet } from "./snippet";
     | ^^^^^^^^^^^^^^^^^^^^^^^^^^^^^^^^^^^^^^^^^^^^^^^^^^^^^^^^^^^^^^^^^^^^^
  21 |
  22 | // Two looks, each with a light and a dark base. The page follows the app theme;
  23 | // the only choice it offers is which look you're editing. Name + value together

The export designsPrompt was not found in module [project]/app/progress-bar/snippet.ts [app-ssr] (ecmascript).
Did you mean to import designPrompt?
All exports of the module are statically known (It doesn't have dynamic exports). So it's known statically that the requested export doesn't exist.

Import traces:
  Client Component Browser:
    ./app/progress-bar/page.tsx [Client Component Browser]
    ./app/progress-bar/page.tsx [Server Component]

  Client Component SSR:
    ./app/progress-bar/page.tsx [Client Component SSR]
    ./app/progress-bar/page.tsx [Server Component] @ http://localhost:4200/_next/static/chunks/0aus_next_dist_00tg.dm._.js:1945
[   25102ms] [ERROR] ./app/progress-bar/page.tsx:20:1
Export designsPrompt doesn't exist in target module
  18 | } from "@/components/progress-inspector";
  19 | import { copyText } from "@/lib/utils";
> 20 | import { designsPrompt, INSTALL_CMD, usageSnippet } from "./snippet";
     | ^^^^^^^^^^^^^^^^^^^^^^^^^^^^^^^^^^^^^^^^^^^^^^^^^^^^^^^^^^^^^^^^^^^^^
  21 |
  22 | // Two looks, each with a light and a dark base. The page follows the app theme;
  23 | // the only choice it offers is which look you're editing. Name + value together

The export designsPrompt was not found in module [project]/app/progress-bar/snippet.ts [app-client] (ecmascript).
Did you mean to import designPrompt?
All exports of the module are statically known (It doesn't have dynamic exports). So it's known statically that the requested export doesn't exist.

Import traces:
  Client Component Browser:
    ./app/progress-bar/page.tsx [Client Component Browser]
    ./app/progress-bar/page.tsx [Server Component]

  Client Component SSR:
    ./app/progress-bar/page.tsx [Client Component SSR]
    ./app/progress-bar/page.tsx [Server Component] @ http://localhost:4200/_next/static/chunks/0aus_next_dist_00tg.dm._.js:1945
[   25102ms] [ERROR] ./app/progress-bar/page.tsx:20:1
Export designsPrompt doesn't exist in target module
  18 | } from "@/components/progress-inspector";
  19 | import { copyText } from "@/lib/utils";
> 20 | import { designsPrompt, INSTALL_CMD, usageSnippet } from "./snippet";
     | ^^^^^^^^^^^^^^^^^^^^^^^^^^^^^^^^^^^^^^^^^^^^^^^^^^^^^^^^^^^^^^^^^^^^^
  21 |
  22 | // Two looks, each with a light and a dark base. The page follows the app theme;
  23 | // the only choice it offers is which look you're editing. Name + value together

The export designsPrompt was not found in module [project]/app/progress-bar/snippet.ts [app-ssr] (ecmascript).
Did you mean to import designPrompt?
All exports of the module are statically known (It doesn't have dynamic exports). So it's known statically that the requested export doesn't exist.

Import traces:
  Client Component Browser:
    ./app/progress-bar/page.tsx [Client Component Browser]
    ./app/progress-bar/page.tsx [Server Component]

  Client Component SSR:
    ./app/progress-bar/page.tsx [Client Component SSR]
    ./app/progress-bar/page.tsx [Server Component] @ http://localhost:4200/_next/static/chunks/0aus_next_dist_00tg.dm._.js:1945
[   25164ms] [ERROR] ./app/progress-bar/page.tsx:20:1
Export designsPrompt doesn't exist in target module
  18 | } from "@/components/progress-inspector";
  19 | import { copyText } from "@/lib/utils";
> 20 | import { designsPrompt, INSTALL_CMD, usageSnippet } from "./snippet";
     | ^^^^^^^^^^^^^^^^^^^^^^^^^^^^^^^^^^^^^^^^^^^^^^^^^^^^^^^^^^^^^^^^^^^^^
  21 |
  22 | // Two looks, each with a light and a dark base. The page follows the app theme;
  23 | // the only choice it offers is which look you're editing. Name + value together

The export designsPrompt was not found in module [project]/app/progress-bar/snippet.ts [app-client] (ecmascript).
Did you mean to import designPrompt?
All exports of the module are statically known (It doesn't have dynamic exports). So it's known statically that the requested export doesn't exist.

Import traces:
  Client Component Browser:
    ./app/progress-bar/page.tsx [Client Component Browser]
    ./app/progress-bar/page.tsx [Server Component]

  Client Component SSR:
    ./app/progress-bar/page.tsx [Client Component SSR]
    ./app/progress-bar/page.tsx [Server Component] @ http://localhost:4200/_next/static/chunks/0aus_next_dist_00tg.dm._.js:1945
[   25164ms] [ERROR] ./app/progress-bar/page.tsx:20:1
Export designsPrompt doesn't exist in target module
  18 | } from "@/components/progress-inspector";
  19 | import { copyText } from "@/lib/utils";
> 20 | import { designsPrompt, INSTALL_CMD, usageSnippet } from "./snippet";
     | ^^^^^^^^^^^^^^^^^^^^^^^^^^^^^^^^^^^^^^^^^^^^^^^^^^^^^^^^^^^^^^^^^^^^^
  21 |
  22 | // Two looks, each with a light and a dark base. The page follows the app theme;
  23 | // the only choice it offers is which look you're editing. Name + value together

The export designsPrompt was not found in module [project]/app/progress-bar/snippet.ts [app-ssr] (ecmascript).
Did you mean to import designPrompt?
All exports of the module are statically known (It doesn't have dynamic exports). So it's known statically that the requested export doesn't exist.

Import traces:
  Client Component Browser:
    ./app/progress-bar/page.tsx [Client Component Browser]
    ./app/progress-bar/page.tsx [Server Component]

  Client Component SSR:
    ./app/progress-bar/page.tsx [Client Component SSR]
    ./app/progress-bar/page.tsx [Server Component] @ http://localhost:4200/_next/static/chunks/0aus_next_dist_00tg.dm._.js:1945
[   25234ms] [ERROR] ./app/progress-bar/page.tsx:20:1
Export designsPrompt doesn't exist in target module
  18 | } from "@/components/progress-inspector";
  19 | import { copyText } from "@/lib/utils";
> 20 | import { designsPrompt, INSTALL_CMD, usageSnippet } from "./snippet";
     | ^^^^^^^^^^^^^^^^^^^^^^^^^^^^^^^^^^^^^^^^^^^^^^^^^^^^^^^^^^^^^^^^^^^^^
  21 |
  22 | // Two looks, each with a light and a dark base. The page follows the app theme;
  23 | // the only choice it offers is which look you're editing. Name + value together

The export designsPrompt was not found in module [project]/app/progress-bar/snippet.ts [app-client] (ecmascript).
Did you mean to import designPrompt?
All exports of the module are statically known (It doesn't have dynamic exports). So it's known statically that the requested export doesn't exist.

Import traces:
  Client Component Browser:
    ./app/progress-bar/page.tsx [Client Component Browser]
    ./app/progress-bar/page.tsx [Server Component]

  Client Component SSR:
    ./app/progress-bar/page.tsx [Client Component SSR]
    ./app/progress-bar/page.tsx [Server Component] @ http://localhost:4200/_next/static/chunks/0aus_next_dist_00tg.dm._.js:1945
[   25234ms] [ERROR] ./app/progress-bar/page.tsx:20:1
Export designsPrompt doesn't exist in target module
  18 | } from "@/components/progress-inspector";
  19 | import { copyText } from "@/lib/utils";
> 20 | import { designsPrompt, INSTALL_CMD, usageSnippet } from "./snippet";
     | ^^^^^^^^^^^^^^^^^^^^^^^^^^^^^^^^^^^^^^^^^^^^^^^^^^^^^^^^^^^^^^^^^^^^^
  21 |
  22 | // Two looks, each with a light and a dark base. The page follows the app theme;
  23 | // the only choice it offers is which look you're editing. Name + value together

The export designsPrompt was not found in module [project]/app/progress-bar/snippet.ts [app-ssr] (ecmascript).
Did you mean to import designPrompt?
All exports of the module are statically known (It doesn't have dynamic exports). So it's known statically that the requested export doesn't exist.

Import traces:
  Client Component Browser:
    ./app/progress-bar/page.tsx [Client Component Browser]
    ./app/progress-bar/page.tsx [Server Component]

  Client Component SSR:
    ./app/progress-bar/page.tsx [Client Component SSR]
    ./app/progress-bar/page.tsx [Server Component] @ http://localhost:4200/_next/static/chunks/0aus_next_dist_00tg.dm._.js:1945
