[     413ms] [INFO] %cDownload the React DevTools for a better development experience: https://react.dev/link/react-devtools font-weight:bold @ http://localhost:4200/_next/static/chunks/0aus_next_dist_0dxyg_i._.js:2431
[     488ms] [LOG] [HMR] connected @ http://localhost:4200/_next/static/chunks/0aus_next_dist_0dxyg_i._.js:2431
[    2027ms] [LOG] [Fast Refresh] rebuilding @ http://localhost:4200/_next/static/chunks/0aus_next_dist_0dxyg_i._.js:2431
[    3124ms] [LOG] [Fast Refresh] done in 1310ms @ http://localhost:4200/_next/static/chunks/0aus_next_dist_0dxyg_i._.js:2431
[   74749ms] [LOG] [Fast Refresh] rebuilding @ http://localhost:4200/_next/static/chunks/0aus_next_dist_0dxyg_i._.js:2431
[   82256ms] [LOG] [Fast Refresh] done in 7733ms @ http://localhost:4200/_next/static/chunks/0aus_next_dist_0dxyg_i._.js:2431
[   93347ms] [LOG] [Fast Refresh] rebuilding @ http://localhost:4200/_next/static/chunks/0aus_next_dist_0dxyg_i._.js:2431
[   96271ms] [LOG] [Fast Refresh] done in 3153ms @ http://localhost:4200/_next/static/chunks/0aus_next_dist_0dxyg_i._.js:2431
[  328574ms] [ERROR] WebSocket connection to 'ws://localhost:4200/_next/webpack-hmr?id=I9FCpC5tRT3w7LoMR2BL1' failed: Error in connection establishment: net::ERR_CONNECTION_REFUSED @ http://localhost:4200/_next/static/chunks/0aus_next_dist_client_02k4~6y._.js:13299
[  329868ms] [ERROR] WebSocket connection to 'ws://localhost:4200/_next/webpack-hmr?id=I9FCpC5tRT3w7LoMR2BL1' failed: Error in connection establishment: net::ERR_CONNECTION_REFUSED @ http://localhost:4200/_next/static/chunks/0aus_next_dist_client_02k4~6y._.js:13299
[  331211ms] [ERROR] WebSocket connection to 'ws://localhost:4200/_next/webpack-hmr?id=I9FCpC5tRT3w7LoMR2BL1' failed: Error in connection establishment: net::ERR_CONNECTION_REFUSED @ http://localhost:4200/_next/static/chunks/0aus_next_dist_client_02k4~6y._.js:13299
[  332553ms] [ERROR] WebSocket connection to 'ws://localhost:4200/_next/webpack-hmr?id=I9FCpC5tRT3w7LoMR2BL1' failed: Error in connection establishment: net::ERR_CONNECTION_REFUSED @ http://localhost:4200/_next/static/chunks/0aus_next_dist_client_02k4~6y._.js:13299
[  333834ms] [ERROR] WebSocket connection to 'ws://localhost:4200/_next/webpack-hmr?id=I9FCpC5tRT3w7LoMR2BL1' failed: Error in connection establishment: net::ERR_CONNECTION_REFUSED @ http://localhost:4200/_next/static/chunks/0aus_next_dist_client_02k4~6y._.js:13299
[  339087ms] [ERROR] WebSocket connection to 'ws://localhost:4200/_next/webpack-hmr?id=I9FCpC5tRT3w7LoMR2BL1' failed: Error in connection establishment: net::ERR_CONNECTION_REFUSED @ http://localhost:4200/_next/static/chunks/0aus_next_dist_client_02k4~6y._.js:13299
[  344399ms] [ERROR] WebSocket connection to 'ws://localhost:4200/_next/webpack-hmr?id=I9FCpC5tRT3w7LoMR2BL1' failed: Error in connection establishment: net::ERR_CONNECTION_REFUSED @ http://localhost:4200/_next/static/chunks/0aus_next_dist_client_02k4~6y._.js:13299
[  349764ms] [ERROR] WebSocket connection to 'ws://localhost:4200/_next/webpack-hmr?id=I9FCpC5tRT3w7LoMR2BL1' failed: Error in connection establishment: net::ERR_CONNECTION_REFUSED @ http://localhost:4200/_next/static/chunks/0aus_next_dist_client_02k4~6y._.js:13299
[  359461ms] [LOG] [HMR] connected @ http://localhost:4200/_next/static/chunks/0aus_next_dist_0dxyg_i._.js:2431
[  361566ms] [INFO] %cDownload the React DevTools for a better development experience: https://react.dev/link/react-devtools font-weight:bold @ http://localhost:4200/_next/static/chunks/0aus_next_dist_0dxyg_i._.js:2431
[  361597ms] [LOG] [HMR] connected @ http://localhost:4200/_next/static/chunks/0aus_next_dist_0dxyg_i._.js:2431
[  498223ms] [LOG] [Fast Refresh] rebuilding @ http://localhost:4200/_next/static/chunks/0aus_next_dist_0dxyg_i._.js:2431
[  509693ms] [LOG] [Fast Refresh] done in 11562ms @ http://localhost:4200/_next/static/chunks/0aus_next_dist_0dxyg_i._.js:2431
[  510133ms] [LOG] [Fast Refresh] rebuilding @ http://localhost:4200/_next/static/chunks/0aus_next_dist_0dxyg_i._.js:2431
[  510157ms] [LOG] [Fast Refresh] done in 218ms @ http://localhost:4200/_next/static/chunks/0aus_next_dist_0dxyg_i._.js:2431
[  518916ms] [ERROR] WebSocket connection to 'ws://localhost:4200/_next/webpack-hmr?id=sT0xbTZEkgxXx0t_RN6Pj' failed: Error in connection establishment: net::ERR_CONNECTION_REFUSED @ http://localhost:4200/_next/static/chunks/0aus_next_dist_client_02k4~6y._.js:13299
[  520282ms] [ERROR] WebSocket connection to 'ws://localhost:4200/_next/webpack-hmr?id=sT0xbTZEkgxXx0t_RN6Pj' failed: Error in connection establishment: net::ERR_CONNECTION_REFUSED @ http://localhost:4200/_next/static/chunks/0aus_next_dist_client_02k4~6y._.js:13299
[  521613ms] [ERROR] WebSocket connection to 'ws://localhost:4200/_next/webpack-hmr?id=sT0xbTZEkgxXx0t_RN6Pj' failed: Error in connection establishment: net::ERR_CONNECTION_REFUSED @ http://localhost:4200/_next/static/chunks/0aus_next_dist_client_02k4~6y._.js:13299
[  522975ms] [ERROR] WebSocket connection to 'ws://localhost:4200/_next/webpack-hmr?id=sT0xbTZEkgxXx0t_RN6Pj' failed: Error in connection establishment: net::ERR_CONNECTION_REFUSED @ http://localhost:4200/_next/static/chunks/0aus_next_dist_client_02k4~6y._.js:13299
[  524346ms] [ERROR] WebSocket connection to 'ws://localhost:4200/_next/webpack-hmr?id=sT0xbTZEkgxXx0t_RN6Pj' failed: Error in connection establishment: net::ERR_CONNECTION_REFUSED @ http://localhost:4200/_next/static/chunks/0aus_next_dist_client_02k4~6y._.js:13299
[  529632ms] [ERROR] WebSocket connection to 'ws://localhost:4200/_next/webpack-hmr?id=sT0xbTZEkgxXx0t_RN6Pj' failed: Error in connection establishment: net::ERR_CONNECTION_REFUSED @ http://localhost:4200/_next/static/chunks/0aus_next_dist_client_02k4~6y._.js:13299
[  534958ms] [ERROR] WebSocket connection to 'ws://localhost:4200/_next/webpack-hmr?id=sT0xbTZEkgxXx0t_RN6Pj' failed: Error in connection establishment: net::ERR_CONNECTION_REFUSED @ http://localhost:4200/_next/static/chunks/0aus_next_dist_client_02k4~6y._.js:13299
[  540315ms] [ERROR] WebSocket connection to 'ws://localhost:4200/_next/webpack-hmr?id=sT0xbTZEkgxXx0t_RN6Pj' failed: Error in connection establishment: net::ERR_CONNECTION_REFUSED @ http://localhost:4200/_next/static/chunks/0aus_next_dist_client_02k4~6y._.js:13299
[  545719ms] [ERROR] WebSocket connection to 'ws://localhost:4200/_next/webpack-hmr?id=sT0xbTZEkgxXx0t_RN6Pj' failed: Error in connection establishment: net::ERR_CONNECTION_REFUSED @ http://localhost:4200/_next/static/chunks/0aus_next_dist_client_02k4~6y._.js:13299
[  551024ms] [ERROR] WebSocket connection to 'ws://localhost:4200/_next/webpack-hmr?id=sT0xbTZEkgxXx0t_RN6Pj' failed: Error in connection establishment: net::ERR_CONNECTION_REFUSED @ http://localhost:4200/_next/static/chunks/0aus_next_dist_client_02k4~6y._.js:13299
[  556451ms] [ERROR] WebSocket connection to 'ws://localhost:4200/_next/webpack-hmr?id=sT0xbTZEkgxXx0t_RN6Pj' failed: Error in connection establishment: net::ERR_CONNECTION_REFUSED @ http://localhost:4200/_next/static/chunks/0aus_next_dist_client_02k4~6y._.js:13299
[  561787ms] [ERROR] WebSocket connection to 'ws://localhost:4200/_next/webpack-hmr?id=sT0xbTZEkgxXx0t_RN6Pj' failed: Error in connection establishment: net::ERR_CONNECTION_REFUSED @ http://localhost:4200/_next/static/chunks/0aus_next_dist_client_02k4~6y._.js:13299
